###############################################################################
#                                                                             #
# IAR ELF Linker V6.50.3.4676/W32 for ARM               01/Aug/2014  10:46:10 #
# Copyright 2007-2013 IAR Systems AB.                                         #
#                                                                             #
#    Output file  =  C:\git\blfw\blfw_fork_EB\app\Debug\Exe\c.out             #
#    Map file     =  C:\git\blfw\blfw_fork_EB\app\Debug\List\c.map            #
#    Command line =  C:\git\blfw\blfw_fork_EB\app\Debug\Obj\IV.o              #
#                    C:\git\blfw\blfw_fork_EB\app\Debug\Obj\adc12.o           #
#                    C:\git\blfw\blfw_fork_EB\app\Debug\Obj\dac.o             #
#                    C:\git\blfw\blfw_fork_EB\app\Debug\Obj\ff.o              #
#                    C:\git\blfw\blfw_fork_EB\app\Debug\Obj\fifo.o            #
#                    C:\git\blfw\blfw_fork_EB\app\Debug\Obj\fsm.o             #
#                    C:\git\blfw\blfw_fork_EB\app\Debug\Obj\heap_2.o          #
#                    C:\git\blfw\blfw_fork_EB\app\Debug\Obj\ihm.o             #
#                    C:\git\blfw\blfw_fork_EB\app\Debug\Obj\list.o            #
#                    C:\git\blfw\blfw_fork_EB\app\Debug\Obj\main.o            #
#                    C:\git\blfw\blfw_fork_EB\app\Debug\Obj\misc.o            #
#                    C:\git\blfw\blfw_fork_EB\app\Debug\Obj\port.o            #
#                    C:\git\blfw\blfw_fork_EB\app\Debug\Obj\portasm.o         #
#                    C:\git\blfw\blfw_fork_EB\app\Debug\Obj\queue.o           #
#                    C:\git\blfw\blfw_fork_EB\app\Debug\Obj\sdio-stm32f2.o    #
#                    C:\git\blfw\blfw_fork_EB\app\Debug\Obj\startup_stm32f2xx #
#                    .o C:\git\blfw\blfw_fork_EB\app\Debug\Obj\stm322xg_eval. #
#                    o C:\git\blfw\blfw_fork_EB\app\Debug\Obj\stm322xg_eval_s #
#                    dio_sd.o C:\git\blfw\blfw_fork_EB\app\Debug\Obj\stm32f2x #
#                    x_adc.o C:\git\blfw\blfw_fork_EB\app\Debug\Obj\stm32f2xx #
#                    _can.o C:\git\blfw\blfw_fork_EB\app\Debug\Obj\stm32f2xx_ #
#                    crc.o C:\git\blfw\blfw_fork_EB\app\Debug\Obj\stm32f2xx_c #
#                    ryp.o C:\git\blfw\blfw_fork_EB\app\Debug\Obj\stm32f2xx_c #
#                    ryp_aes.o C:\git\blfw\blfw_fork_EB\app\Debug\Obj\stm32f2 #
#                    xx_cryp_des.o C:\git\blfw\blfw_fork_EB\app\Debug\Obj\stm #
#                    32f2xx_cryp_tdes.o C:\git\blfw\blfw_fork_EB\app\Debug\Ob #
#                    j\stm32f2xx_dac.o C:\git\blfw\blfw_fork_EB\app\Debug\Obj #
#                    \stm32f2xx_dbgmcu.o C:\git\blfw\blfw_fork_EB\app\Debug\O #
#                    bj\stm32f2xx_dcmi.o C:\git\blfw\blfw_fork_EB\app\Debug\O #
#                    bj\stm32f2xx_dma.o C:\git\blfw\blfw_fork_EB\app\Debug\Ob #
#                    j\stm32f2xx_exti.o C:\git\blfw\blfw_fork_EB\app\Debug\Ob #
#                    j\stm32f2xx_flash.o C:\git\blfw\blfw_fork_EB\app\Debug\O #
#                    bj\stm32f2xx_fsmc.o C:\git\blfw\blfw_fork_EB\app\Debug\O #
#                    bj\stm32f2xx_gpio.o C:\git\blfw\blfw_fork_EB\app\Debug\O #
#                    bj\stm32f2xx_hash.o C:\git\blfw\blfw_fork_EB\app\Debug\O #
#                    bj\stm32f2xx_hash_md5.o C:\git\blfw\blfw_fork_EB\app\Deb #
#                    ug\Obj\stm32f2xx_hash_sha1.o                             #
#                    C:\git\blfw\blfw_fork_EB\app\Debug\Obj\stm32f2xx_i2c.o   #
#                    C:\git\blfw\blfw_fork_EB\app\Debug\Obj\stm32f2xx_it.o    #
#                    C:\git\blfw\blfw_fork_EB\app\Debug\Obj\stm32f2xx_iwdg.o  #
#                    C:\git\blfw\blfw_fork_EB\app\Debug\Obj\stm32f2xx_pwr.o   #
#                    C:\git\blfw\blfw_fork_EB\app\Debug\Obj\stm32f2xx_rcc.o   #
#                    C:\git\blfw\blfw_fork_EB\app\Debug\Obj\stm32f2xx_rng.o   #
#                    C:\git\blfw\blfw_fork_EB\app\Debug\Obj\stm32f2xx_rtc.o   #
#                    C:\git\blfw\blfw_fork_EB\app\Debug\Obj\stm32f2xx_sdio.o  #
#                    C:\git\blfw\blfw_fork_EB\app\Debug\Obj\stm32f2xx_spi.o   #
#                    C:\git\blfw\blfw_fork_EB\app\Debug\Obj\stm32f2xx_syscfg. #
#                    o C:\git\blfw\blfw_fork_EB\app\Debug\Obj\stm32f2xx_tim.o #
#                     C:\git\blfw\blfw_fork_EB\app\Debug\Obj\stm32f2xx_usart. #
#                    o C:\git\blfw\blfw_fork_EB\app\Debug\Obj\stm32f2xx_wwdg. #
#                    o C:\git\blfw\blfw_fork_EB\app\Debug\Obj\system_stm32f2x #
#                    x.o C:\git\blfw\blfw_fork_EB\app\Debug\Obj\systick.o     #
#                    C:\git\blfw\blfw_fork_EB\app\Debug\Obj\tasks.o           #
#                    C:\git\blfw\blfw_fork_EB\app\Debug\Obj\timer.o           #
#                    C:\git\blfw\blfw_fork_EB\app\Debug\Obj\usb_bsp.o         #
#                    C:\git\blfw\blfw_fork_EB\app\Debug\Obj\usb_core.o        #
#                    C:\git\blfw\blfw_fork_EB\app\Debug\Obj\usb_dcd.o         #
#                    C:\git\blfw\blfw_fork_EB\app\Debug\Obj\usb_dcd_int.o     #
#                    C:\git\blfw\blfw_fork_EB\app\Debug\Obj\usbd_cdc_core.o   #
#                    C:\git\blfw\blfw_fork_EB\app\Debug\Obj\usbd_cdc_vcp.o    #
#                    C:\git\blfw\blfw_fork_EB\app\Debug\Obj\usbd_core.o       #
#                    C:\git\blfw\blfw_fork_EB\app\Debug\Obj\usbd_desc.o       #
#                    C:\git\blfw\blfw_fork_EB\app\Debug\Obj\usbd_ioreq.o      #
#                    C:\git\blfw\blfw_fork_EB\app\Debug\Obj\usbd_req.o        #
#                    C:\git\blfw\blfw_fork_EB\app\Debug\Obj\usbd_usr.o        #
#                    C:\git\blfw\blfw_fork_EB\app\Debug\Obj\utils.o -o        #
#                    C:\git\blfw\blfw_fork_EB\app\Debug\Exe\c.out --redirect  #
#                    _Printf=_PrintfFull --redirect _Scanf=_ScanfFull --map   #
#                    C:\git\blfw\blfw_fork_EB\app\Debug\List\c.map --config   #
#                    "C:\Program Files (x86)\IAR Systems\Embedded Workbench   #
#                    6.5\arm\config\linker\ST\stm32f207xE.icf" --semihosting  #
#                    --entry __iar_program_start --vfe                        #
#                                                                             #
#                                                                             #
###############################################################################

*******************************************************************************
*** RUNTIME MODEL ATTRIBUTES
***

CppFlavor                     = *
__Heap_Handler                = Basic
__SystemLibrary               = DLib
__dlib_dynamic_initialization = normal


*******************************************************************************
*** PLACEMENT SUMMARY
***

"A1":  place at 0x08000000 { ro section .intvec };
"P1":  place in [from 0x08000000 to 0x0807ffff] { ro };
"P2":  place in [from 0x20000000 to 0x2001ffff] { rw, block CSTACK, block HEAP };

  Section             Kind        Address    Size  Object
  -------             ----        -------    ----  ------
"A1":                                       0x184
  .intvec             ro code  0x08000000   0x184  startup_stm32f2xx.o [1]
                             - 0x08000184   0x184

"P1":                                      0xb018
  .text               ro code  0x08000184  0x16da  ff.o [1]
  .text               ro code  0x0800185e    0x22  zero_init3.o [5]
  .text               ro code  0x08001880   0x1c0  sdio-stm32f2.o [1]
  .text               ro code  0x08001a40  0x1684  stm322xg_eval_sdio_sd.o [1]
  .text               ro code  0x080030c4    0x16  sdio-stm32f2.o [1]
  .text               ro code  0x080030da     0xe  usbd_usr.o [1]
  .text               ro code  0x080030e8   0x210  stm322xg_eval.o [1]
  .text               ro code  0x080032f8   0x17c  stm32f2xx_sdio.o [1]
  .text               ro code  0x08003474   0x11e  stm32f2xx_gpio.o [1]
  .text               ro code  0x08003592     0xa  xsprout.o [3]
  .text               ro code  0x0800359c   0x328  stm32f2xx_dma.o [1]
  .text               ro code  0x080038c4    0xc4  misc.o [1]
  .text               ro code  0x08003988    0x76  ABImemcpy.o [5]
  .rodata             const    0x080039fe     0x2  heap_2.o [1]
  .text               ro code  0x08003a00    0xac  stm32f2xx_rcc.o [1]
  .text               ro code  0x08003aac  0x10c6  xprintffull.o [3]
  .text               ro code  0x08004b72    0x20  xmbtowc.o [3]
  .text               ro code  0x08004b94    0x16  strchr.o [5]
  .text               ro code  0x08004bac    0x36  strlen.o [5]
  .text               ro code  0x08004be4    0x58  memchr.o [5]
  .text               ro code  0x08004c3c     0xa  xmbcurmax.o [3]
  .text               ro code  0x08004c48    0xb0  xxmemxmalloc.o [3]
  .text               ro code  0x08004cf8    0x1a  xwctomb.o [3]
  .text               ro code  0x08004d14    0x80  xxmemxfree.o [3]
  .text               ro code  0x08004d94    0xee  I64DivMod.o [5]
  .text               ro code  0x08004e84   0x1a2  DblMul.o [4]
  .text               ro code  0x08005026    0x42  xdnorm.o [4]
  .text               ro code  0x08005068    0x2e  DblCmpLe.o [4]
  .text               ro code  0x08005098    0x2e  DblCmpGe.o [4]
  .text               ro code  0x080050c8   0x10c  xdscale.o [4]
  .text               ro code  0x080051d4    0x58  DblToI32.o [4]
  .text               ro code  0x0800522c    0x30  I32ToDbl.o [4]
  .text               ro code  0x0800525c   0x180  DblSub.o [4]
  .text               ro code  0x080053dc   0x246  DblDiv.o [4]
  .text               ro code  0x08005624    0x6c  localeconv.o [3]
  .text               ro code  0x08005690     0xe  div.o [3]
  .text               ro code  0x080056a0    0x14  setlocale.o [3]
  .text               ro code  0x080056b4    0x60  xencoding_sb.o [3]
  .text               ro code  0x08005714    0x2c  xgetmemchunk.o [3]
  .text               ro code  0x08005740     0x2  I64DivZer.o [5]
  .text               ro code  0x08005744    0xd4  DblAdd.o [4]
  .text               ro code  0x08005818     0x2  xtls.o [3]
  .text               ro code  0x0800581c   0xb56  usb_core.o [1]
  .text               ro code  0x08006374   0x110  usb_bsp.o [1]
  .text               ro code  0x08006484   0x8d0  tasks.o [1]
  .text               ro code  0x08006d54    0xe0  port.o [1]
  .text               ro code  0x08006e34    0x9e  list.o [1]
  CODE                ro code  0x08006ed4    0x90  portasm.o [1]
  .text               ro code  0x08006f64   0x14c  heap_2.o [1]
  .text               ro code  0x080070b0   0x6e2  usb_dcd_int.o [1]
  .text               ro code  0x08007794   0x6be  usbd_req.o [1]
  .text               ro code  0x08007e52    0xe4  usbd_ioreq.o [1]
  .text               ro code  0x08007f36   0x2e6  usb_dcd.o [1]
  .text               ro code  0x0800821c   0x338  usbd_core.o [1]
  .text               ro code  0x08008554   0x47c  queue.o [1]
  .text               ro code  0x080089d0   0x3f6  stm32f2xx_tim.o [1]
  .text               ro code  0x08008dc8   0x39c  IV.o [1]
  .text               ro code  0x08009164    0x90  fifo.o [1]
  .text               ro code  0x080091f4   0x2e4  ihm.o [1]
  .text               ro code  0x080094d8   0x230  adc12.o [1]
  .text               ro code  0x08009708    0x1e  I32ToFlt.o [4]
  .text               ro code  0x08009728    0xd8  FltMul.o [4]
  .text               ro code  0x08009800    0x44  FltToS32.o [4]
  .text               ro code  0x08009844    0xfc  FltDiv.o [4]
  .text               ro code  0x08009940   0x106  dac.o [1]
  .text               ro code  0x08009a48    0x50  fsm.o [1]
  .text               ro code  0x08009a98    0x16  IV.o [1]
  .text               ro code  0x08009ab0    0x44  strcpy.o [5]
  .text               ro code  0x08009af4    0x34  sprintf.o [3]
  .text               ro code  0x08009b28    0x54  stm32f2xx_syscfg.o [1]
  .text               ro code  0x08009b7c    0xcc  stm32f2xx_exti.o [1]
  .text               ro code  0x08009c48   0x20c  stm32f2xx_adc.o [1]
  .text               ro code  0x08009e54   0x2a0  timer.o [1]
  .text               ro code  0x0800a0f4    0x84  FltAdd.o [4]
  .text               ro code  0x0800a178    0xac  stm32f2xx_dac.o [1]
  .text               ro code  0x0800a224    0x66  ABImemset.o [5]
  .text               ro code  0x0800a28c    0xd6  FltSub.o [4]
  .text               ro code  0x0800a364   0x340  usbd_cdc_core.o [1]
  .text               ro code  0x0800a6a4   0x214  stm32f2xx_it.o [1]
  .text               ro code  0x0800a8b8   0x124  system_stm32f2xx.o [1]
  .text               ro code  0x0800a9dc   0x12e  usbd_cdc_vcp.o [1]
  .text               ro code  0x0800ab0c    0xe8  usbd_desc.o [1]
  .text               ro code  0x0800abf4    0xbc  main.o [1]
  .text               ro code  0x0800acb0    0xb0  packbits_init.o [5]
  .text               ro code  0x0800ad60     0x6  abort.o [3]
  .text               ro code  0x0800ad68    0x14  exit.o [6]
  .text               ro code  0x0800ad7c    0x28  data_init.o [5]
  .rodata             const    0x0800ada4    0x24  usbd_desc.o [1]
  .rodata             const    0x0800adc8    0x24  usbd_desc.o [1]
  .iar.init_table     const    0x0800adec    0x2c  - Linker created -
  .rodata             const    0x0800ae18    0x1c  IV.o [1]
  .text               ro code  0x0800ae34    0x16  cmain.o [5]
  .text               ro code  0x0800ae4a     0x4  low_level_init.o [3]
  .text               ro code  0x0800ae4e     0x4  exit.o [3]
  .text               ro code  0x0800ae54     0xa  cexit.o [5]
  .rodata             const    0x0800ae60    0x14  usbd_desc.o [1]
  .rodata             const    0x0800ae74    0x10  IV.o [1]
  .rodata             const    0x0800ae84    0x10  ff.o [1]
  .rodata             const    0x0800ae94    0x10  usbd_desc.o [1]
  .rodata             const    0x0800aea4    0x10  usbd_desc.o [1]
  .rodata             const    0x0800aeb4    0x10  usbd_desc.o [1]
  .text               ro code  0x0800aec4    0x10  startup_stm32f2xx.o [1]
  .rodata             const    0x0800aed4     0xc  IV.o [1]
  .rodata             const    0x0800aee0     0xc  usbd_desc.o [1]
  .text               ro code  0x0800aeec     0xc  cstartup_M.o [5]
  .rodata             const    0x0800aef8     0x8  main.o [1]
  .rodata             const    0x0800af00     0x8  tasks.o [1]
  .text               ro code  0x0800af08     0x4  startup_stm32f2xx.o [1]
  .text               ro code  0x0800af0c     0x4  startup_stm32f2xx.o [1]
  .text               ro code  0x0800af10     0x4  startup_stm32f2xx.o [1]
  .text               ro code  0x0800af14     0x4  startup_stm32f2xx.o [1]
  .text               ro code  0x0800af18     0x4  startup_stm32f2xx.o [1]
  .text               ro code  0x0800af1c     0x4  startup_stm32f2xx.o [1]
  .text               ro code  0x0800af20     0x4  startup_stm32f2xx.o [1]
  .text               ro code  0x0800af24     0x4  startup_stm32f2xx.o [1]
  .text               ro code  0x0800af28     0x4  startup_stm32f2xx.o [1]
  .text               ro code  0x0800af2c     0x4  startup_stm32f2xx.o [1]
  .text               ro code  0x0800af30     0x4  startup_stm32f2xx.o [1]
  .text               ro code  0x0800af34     0x4  startup_stm32f2xx.o [1]
  .text               ro code  0x0800af38     0x4  startup_stm32f2xx.o [1]
  .text               ro code  0x0800af3c     0x4  startup_stm32f2xx.o [1]
  .text               ro code  0x0800af40     0x4  startup_stm32f2xx.o [1]
  .text               ro code  0x0800af44     0x4  startup_stm32f2xx.o [1]
  .text               ro code  0x0800af48     0x4  startup_stm32f2xx.o [1]
  .text               ro code  0x0800af4c     0x4  startup_stm32f2xx.o [1]
  .text               ro code  0x0800af50     0x4  startup_stm32f2xx.o [1]
  .text               ro code  0x0800af54     0x4  startup_stm32f2xx.o [1]
  .text               ro code  0x0800af58     0x4  startup_stm32f2xx.o [1]
  .text               ro code  0x0800af5c     0x4  startup_stm32f2xx.o [1]
  .text               ro code  0x0800af60     0x4  startup_stm32f2xx.o [1]
  .text               ro code  0x0800af64     0x4  startup_stm32f2xx.o [1]
  .text               ro code  0x0800af68     0x4  startup_stm32f2xx.o [1]
  .text               ro code  0x0800af6c     0x4  startup_stm32f2xx.o [1]
  .text               ro code  0x0800af70     0x4  startup_stm32f2xx.o [1]
  .text               ro code  0x0800af74     0x4  startup_stm32f2xx.o [1]
  .text               ro code  0x0800af78     0x4  startup_stm32f2xx.o [1]
  .text               ro code  0x0800af7c     0x4  startup_stm32f2xx.o [1]
  .text               ro code  0x0800af80     0x4  startup_stm32f2xx.o [1]
  .text               ro code  0x0800af84     0x4  startup_stm32f2xx.o [1]
  .text               ro code  0x0800af88     0x4  startup_stm32f2xx.o [1]
  .text               ro code  0x0800af8c     0x4  startup_stm32f2xx.o [1]
  .text               ro code  0x0800af90     0x4  startup_stm32f2xx.o [1]
  .text               ro code  0x0800af94     0x4  startup_stm32f2xx.o [1]
  .text               ro code  0x0800af98     0x4  startup_stm32f2xx.o [1]
  .text               ro code  0x0800af9c     0x4  startup_stm32f2xx.o [1]
  .text               ro code  0x0800afa0     0x4  startup_stm32f2xx.o [1]
  .text               ro code  0x0800afa4     0x4  startup_stm32f2xx.o [1]
  .text               ro code  0x0800afa8     0x4  startup_stm32f2xx.o [1]
  .text               ro code  0x0800afac     0x4  startup_stm32f2xx.o [1]
  .text               ro code  0x0800afb0     0x4  startup_stm32f2xx.o [1]
  .text               ro code  0x0800afb4     0x4  startup_stm32f2xx.o [1]
  .text               ro code  0x0800afb8     0x4  startup_stm32f2xx.o [1]
  .text               ro code  0x0800afbc     0x4  startup_stm32f2xx.o [1]
  .text               ro code  0x0800afc0     0x4  startup_stm32f2xx.o [1]
  .text               ro code  0x0800afc4     0x4  startup_stm32f2xx.o [1]
  .text               ro code  0x0800afc8     0x4  startup_stm32f2xx.o [1]
  .text               ro code  0x0800afcc     0x4  startup_stm32f2xx.o [1]
  .text               ro code  0x0800afd0     0x4  startup_stm32f2xx.o [1]
  .text               ro code  0x0800afd4     0x4  startup_stm32f2xx.o [1]
  .text               ro code  0x0800afd8     0x4  startup_stm32f2xx.o [1]
  .text               ro code  0x0800afdc     0x4  startup_stm32f2xx.o [1]
  .text               ro code  0x0800afe0     0x4  startup_stm32f2xx.o [1]
  .text               ro code  0x0800afe4     0x4  startup_stm32f2xx.o [1]
  .text               ro code  0x0800afe8     0x4  startup_stm32f2xx.o [1]
  .text               ro code  0x0800afec     0x4  startup_stm32f2xx.o [1]
  .text               ro code  0x0800aff0     0x4  startup_stm32f2xx.o [1]
  .text               ro code  0x0800aff4     0x4  startup_stm32f2xx.o [1]
  .text               ro code  0x0800aff8     0x4  startup_stm32f2xx.o [1]
  .text               ro code  0x0800affc     0x4  startup_stm32f2xx.o [1]
  .text               ro code  0x0800b000     0x4  startup_stm32f2xx.o [1]
  .text               ro code  0x0800b004     0x4  startup_stm32f2xx.o [1]
  .text               ro code  0x0800b008     0x4  startup_stm32f2xx.o [1]
  .text               ro code  0x0800b00c     0x4  startup_stm32f2xx.o [1]
  .text               ro code  0x0800b010     0x4  startup_stm32f2xx.o [1]
  .text               ro code  0x0800b014     0x4  startup_stm32f2xx.o [1]
  .text               ro code  0x0800b018     0x4  startup_stm32f2xx.o [1]
  .text               ro code  0x0800b01c     0x4  startup_stm32f2xx.o [1]
  .text               ro code  0x0800b020     0x4  startup_stm32f2xx.o [1]
  .text               ro code  0x0800b024     0x4  startup_stm32f2xx.o [1]
  .text               ro code  0x0800b028     0x4  startup_stm32f2xx.o [1]
  .text               ro code  0x0800b02c     0x4  startup_stm32f2xx.o [1]
  .text               ro code  0x0800b030     0x4  startup_stm32f2xx.o [1]
  .text               ro code  0x0800b034     0x4  startup_stm32f2xx.o [1]
  .text               ro code  0x0800b038     0x4  startup_stm32f2xx.o [1]
  .text               ro code  0x0800b03c     0x4  startup_stm32f2xx.o [1]
  .text               ro code  0x0800b040     0x4  startup_stm32f2xx.o [1]
  .text               ro code  0x0800b044     0x4  startup_stm32f2xx.o [1]
  .text               ro code  0x0800b048     0x4  startup_stm32f2xx.o [1]
  .text               ro code  0x0800b04c     0x4  startup_stm32f2xx.o [1]
  .text               ro code  0x0800b050     0x4  startup_stm32f2xx.o [1]
  .text               ro code  0x0800b054     0x4  startup_stm32f2xx.o [1]
  .text               ro code  0x0800b058     0x4  startup_stm32f2xx.o [1]
  .text               ro code  0x0800b05c     0x4  startup_stm32f2xx.o [1]
  .text               ro code  0x0800b060     0x4  startup_stm32f2xx.o [1]
  .text               ro code  0x0800b064     0x4  startup_stm32f2xx.o [1]
  .text               ro code  0x0800b068     0x4  startup_stm32f2xx.o [1]
  .text               ro code  0x0800b06c     0x4  startup_stm32f2xx.o [1]
  .rodata             const    0x0800b070     0x0  zero_init3.o [5]
  .rodata             const    0x0800b070     0x0  packbits_init.o [5]
  Initializer bytes   ro data  0x0800b070   0x12a  <for P2 s0>
                             - 0x0800b19a  0xb016

"P2", part 1 of 3:                          0x224
  P2 s0                        0x20000000   0x222  <Init block>
    __DLIB_PERTHREAD  inited   0x20000000    0x88  localeconv.o [3]
    __DLIB_PERTHREAD  inited   0x20000088    0x74  setlocale.o [3]
    .data             inited   0x200000fc    0x44  usbd_cdc_core.o [1]
    .data             inited   0x20000140    0x2c  usbd_cdc_core.o [1]
    .data             inited   0x2000016c    0x2c  usbd_core.o [1]
    .data             inited   0x20000198    0x1c  usbd_desc.o [1]
    .data             inited   0x200001b4    0x1c  usbd_usr.o [1]
    .data             inited   0x200001d0    0x14  usbd_cdc_vcp.o [1]
    .data             inited   0x200001e4    0x14  usbd_desc.o [1]
    .data             inited   0x200001f8     0x8  usbd_cdc_vcp.o [1]
    .data             inited   0x20000200     0x4  fsm.o [1]
    .data             inited   0x20000204     0x4  heap_2.o [1]
    .data             inited   0x20000208     0x4  port.o [1]
    .data             inited   0x2000020c     0x4  system_stm32f2xx.o [1]
    .data             inited   0x20000210     0x4  tasks.o [1]
    .data             inited   0x20000214     0x4  usbd_cdc_core.o [1]
    .data             inited   0x20000218     0x4  usbd_core.o [1]
    .data             inited   0x2000021c     0x4  usbd_desc.o [1]
    .data             inited   0x20000220     0x2  adc12.o [1]
                             - 0x20000222   0x222

"P2", part 2 of 3:                         0x631c
  .bss                zero     0x20000224  0x4400  heap_2.o [1]
  .bss                zero     0x20004624   0xca0  IV.o [1]
  .bss                zero     0x200052c4   0x800  usbd_cdc_core.o [1]
  .bss                zero     0x20005ac4   0x5f4  main.o [1]
  .bss                zero     0x200060b8   0x100  usbd_req.o [1]
  .bss                zero     0x200061b8    0xd0  timer.o [1]
  .bss                zero     0x20006288    0x64  tasks.o [1]
  .bss                zero     0x200062f0    0x58  stm322xg_eval_sdio_sd.o [1]
  .bss                zero     0x20006348    0x40  usbd_cdc_core.o [1]
  .bss                zero     0x20006388    0x18  stm322xg_eval_sdio_sd.o [1]
  .bss                zero     0x200063a0    0x18  stm322xg_eval_sdio_sd.o [1]
  .bss                zero     0x200063b8    0x14  ihm.o [1]
  .bss                zero     0x200063cc    0x14  stm322xg_eval_sdio_sd.o [1]
  .bss                zero     0x200063e0    0x14  tasks.o [1]
  .bss                zero     0x200063f4    0x14  tasks.o [1]
  .bss                zero     0x20006408    0x14  tasks.o [1]
  .bss                zero     0x2000641c    0x14  tasks.o [1]
  .bss                zero     0x20006430    0x14  tasks.o [1]
  .bss                zero     0x20006444    0x14  timer.o [1]
  .bss                zero     0x20006458    0x10  stm322xg_eval_sdio_sd.o [1]
  .bss                zero     0x20006468    0x10  stm322xg_eval_sdio_sd.o [1]
  .bss                zero     0x20006478     0xc  adc12.o [1]
  .bss                zero     0x20006484     0xc  adc12.o [1]
  .bss                zero     0x20006490     0x8  heap_2.o [1]
  .bss                zero     0x20006498     0x8  heap_2.o [1]
  .bss                zero     0x200064a0     0x8  usbd_cdc_core.o [1]
  .bss                zero     0x200064a8     0x8  xxmemxmalloc.o [3]
  .bss                zero     0x200064b0     0x4  ff.o [1]
  .bss                zero     0x200064b4     0x4  heap_2.o [1]
  .bss                zero     0x200064b8     0x4  stm322xg_eval_sdio_sd.o [1]
  .bss                zero     0x200064bc     0x4  stm322xg_eval_sdio_sd.o [1]
  .bss                zero     0x200064c0     0x4  stm322xg_eval_sdio_sd.o [1]
  .bss                zero     0x200064c4     0x4  stm322xg_eval_sdio_sd.o [1]
  .bss                zero     0x200064c8     0x4  stm322xg_eval_sdio_sd.o [1]
  .bss                zero     0x200064cc     0x4  stm32f2xx_it.o [1]
  .bss                zero     0x200064d0     0x4  tasks.o [1]
  .bss                zero     0x200064d4     0x4  tasks.o [1]
  .bss                zero     0x200064d8     0x4  tasks.o [1]
  .bss                zero     0x200064dc     0x4  tasks.o [1]
  .bss                zero     0x200064e0     0x4  tasks.o [1]
  .bss                zero     0x200064e4     0x4  tasks.o [1]
  .bss                zero     0x200064e8     0x4  tasks.o [1]
  .bss                zero     0x200064ec     0x4  tasks.o [1]
  .bss                zero     0x200064f0     0x4  tasks.o [1]
  .bss                zero     0x200064f4     0x4  tasks.o [1]
  .bss                zero     0x200064f8     0x4  tasks.o [1]
  .bss                zero     0x200064fc     0x4  tasks.o [1]
  .bss                zero     0x20006500     0x4  tasks.o [1]
  .bss                zero     0x20006504     0x4  timer.o [1]
  .bss                zero     0x20006508     0x4  usbd_cdc_core.o [1]
  .bss                zero     0x2000650c     0x4  usbd_cdc_core.o [1]
  .bss                zero     0x20006510     0x4  usbd_cdc_core.o [1]
  .bss                zero     0x20006514     0x4  usbd_cdc_core.o [1]
  .bss                zero     0x20006518     0x4  usbd_cdc_core.o [1]
  .bss                zero     0x2000651c     0x4  usbd_cdc_core.o [1]
  .bss                zero     0x20006520     0x4  usbd_core.o [1]
  .bss                zero     0x20006524     0x4  usbd_req.o [1]
  .bss                zero     0x20006528     0x4  usbd_req.o [1]
  .bss                zero     0x2000652c     0x4  usbd_req.o [1]
  .bss                zero     0x20006530     0x4  xgetmemchunk.o [3]
  .bss                zero     0x20006534     0x2  ff.o [1]
  .bss                zero     0x20006536     0x1  ff.o [1]
  .bss                zero     0x20006537     0x1  stm322xg_eval_sdio_sd.o [1]
  .bss                zero     0x20006538     0x1  usbd_cdc_core.o [1]
  .bss                zero     0x20006539     0x1  usbd_req.o [1]
                             - 0x2000653a  0x6316

"P2", part 3 of 3:                         0x4000
  CSTACK                       0x20006540  0x2000  <Block>
    CSTACK            uninit   0x20006540  0x2000  <Block tail>
  HEAP                         0x20008540  0x2000  <Block>
    HEAP              uninit   0x20008540  0x2000  <Block tail>
                             - 0x2000a540  0x4000


*******************************************************************************
*** INIT TABLE
***

          Address     Size
          -------     ----
Zero (__iar_zero_init3)
    1 destination range, total size 0x6316:
          0x20000224  0x6316

Copy/packbits (__iar_packbits_init3)
    1 source range, total size 0x12a (54% of destination):
          0x0800b070   0x12a
    1 destination range, total size 0x222:
          0x20000000   0x222



*******************************************************************************
*** MODULE SUMMARY
***

    Module                   ro code  ro data  rw data
    ------                   -------  -------  -------
C:\git\blfw\blfw_fork_EB\app\Debug\Obj: [1]
    IV.o                         946       56    3 232
    adc12.o                      560        2       26
    dac.o                        262
    ff.o                       5 850       16        7
    fifo.o                       144
    fsm.o                         80        2        4
    heap_2.o                     332        4   17 432
    ihm.o                        740                20
    list.o                       158
    main.o                       188        8    1 524
    misc.o                       196
    port.o                       224        2        4
    portasm.o                    144
    queue.o                    1 148
    sdio-stm32f2.o               470
    startup_stm32f2xx.o          764
    stm322xg_eval.o              528
    stm322xg_eval_sdio_sd.o    5 764               209
    stm32f2xx_adc.o              524
    stm32f2xx_dac.o              172
    stm32f2xx_dma.o              808
    stm32f2xx_exti.o             204
    stm32f2xx_gpio.o             286
    stm32f2xx_it.o               532                 4
    stm32f2xx_rcc.o              172
    stm32f2xx_sdio.o             380
    stm32f2xx_syscfg.o            84
    stm32f2xx_tim.o            1 014
    system_stm32f2xx.o           292        3        4
    tasks.o                    2 256       10      256
    timer.o                      672               232
    usb_bsp.o                    272
    usb_core.o                 2 902
    usb_dcd.o                    742
    usb_dcd_int.o              1 762
    usbd_cdc_core.o              832       63    2 261
    usbd_cdc_vcp.o               302       15       28
    usbd_core.o                  824       26       52
    usbd_desc.o                  232      180       52
    usbd_ioreq.o                 228
    usbd_req.o                 1 726               269
    usbd_usr.o                    14       16       28
    --------------------------------------------------
    Total:                    35 730      403   25 644

command line: [2]
    --------------------------------------------------
    Total:

dl7M_tlf.a: [3]
    abort.o                        6
    div.o                         14
    exit.o                         4
    localeconv.o                 108       74      136
    low_level_init.o               4
    setlocale.o                   20       63      116
    sprintf.o                     52
    xencoding_sb.o                96
    xgetmemchunk.o                44                 4
    xmbcurmax.o                   10
    xmbtowc.o                     32
    xprintffull.o              4 294
    xsprout.o                     10
    xtls.o                         2
    xwctomb.o                     26
    xxmemxfree.o                 128
    xxmemxmalloc.o               176                 8
    --------------------------------------------------
    Total:                     5 026      137      264

m7M_tl.a: [4]
    DblAdd.o                     212
    DblCmpGe.o                    46
    DblCmpLe.o                    46
    DblDiv.o                     582
    DblMul.o                     418
    DblSub.o                     384
    DblToI32.o                    88
    FltAdd.o                     132
    FltDiv.o                     252
    FltMul.o                     216
    FltSub.o                     214
    FltToS32.o                    68
    I32ToDbl.o                    48
    I32ToFlt.o                    30
    xdnorm.o                      66
    xdscale.o                    268
    --------------------------------------------------
    Total:                     3 070

rt7M_tl.a: [5]
    ABImemcpy.o                  118
    ABImemset.o                  102
    I64DivMod.o                  238
    I64DivZer.o                    2
    cexit.o                       10
    cmain.o                       22
    cstartup_M.o                  12
    data_init.o                   40
    memchr.o                      88
    packbits_init.o              176
    strchr.o                      22
    strcpy.o                      68
    strlen.o                      54
    zero_init3.o                  34
    --------------------------------------------------
    Total:                       986

shb_l.a: [6]
    exit.o                        20
    --------------------------------------------------
    Total:                        20

    Gaps                          48        2        4
    Linker created                         44   16 384
------------------------------------------------------
    Grand Total:              44 880      586   42 296


*******************************************************************************
*** ENTRY LIST
***

Entry                      Address    Size  Type      Object
-----                      -------    ----  ----      ------
?main                   0x0800ae35          Code  Gb  cmain.o [5]
ADC12_CalibrateVref     0x080094e5    0x14  Code  Gb  adc12.o [1]
ADC12_FilterDMASamples  0x080096b9    0x24  Code  Gb  adc12.o [1]
ADC12_GetOutputBufferSample
                        0x080094f9    0x20  Code  Gb  adc12.o [1]
ADC12_GetVref           0x080094df     0x6  Code  Gb  adc12.o [1]
ADC12_IIRFilterSamples  0x08009687    0x32  Code  Gb  adc12.o [1]
ADC12_Init              0x08009519   0x16e  Code  Gb  adc12.o [1]
ADC12_SetVref           0x080094d9     0x6  Code  Gb  adc12.o [1]
ADC_Cmd                 0x08009cbb    0x1a  Code  Gb  stm32f2xx_adc.o [1]
ADC_CommonInit          0x08009c99    0x22  Code  Gb  stm32f2xx_adc.o [1]
ADC_DMACmd              0x08009e11    0x1a  Code  Gb  stm32f2xx_adc.o [1]
ADC_DMARequestAfterLastTransferCmd
                        0x08009e2b    0x1a  Code  Gb  stm32f2xx_adc.o [1]
ADC_IRQHandler          0x0800af75          Code  Wk  startup_stm32f2xx.o [1]
ADC_Init                0x08009c49    0x50  Code  Gb  stm32f2xx_adc.o [1]
ADC_RegularChannelConfig
                        0x08009d19    0xee  Code  Gb  stm32f2xx_adc.o [1]
ADC_SoftwareStartConv   0x08009e07     0xa  Code  Gb  stm32f2xx_adc.o [1]
ADC_TempSensorVrefintCmd
                        0x08009cd5    0x22  Code  Gb  stm32f2xx_adc.o [1]
ADC_VBATCmd             0x08009cf7    0x22  Code  Gb  stm32f2xx_adc.o [1]
APP_Rx_Buffer           0x200052c4   0x800  Data  Gb  usbd_cdc_core.o [1]
APP_Rx_length           0x20006514     0x4  Data  Gb  usbd_cdc_core.o [1]
APP_Rx_ptr_in           0x2000650c     0x4  Data  Gb  usbd_cdc_core.o [1]
APP_Rx_ptr_out          0x20006510     0x4  Data  Gb  usbd_cdc_core.o [1]
BusFault_Handler        0x0800a6ab     0x2  Code  Gb  stm32f2xx_it.o [1]
CAN1_RX0_IRQHandler     0x0800af7d          Code  Wk  startup_stm32f2xx.o [1]
CAN1_RX1_IRQHandler     0x0800af81          Code  Wk  startup_stm32f2xx.o [1]
CAN1_SCE_IRQHandler     0x0800af85          Code  Wk  startup_stm32f2xx.o [1]
CAN1_TX_IRQHandler      0x0800af79          Code  Wk  startup_stm32f2xx.o [1]
CAN2_RX0_IRQHandler     0x0800b02d          Code  Wk  startup_stm32f2xx.o [1]
CAN2_RX1_IRQHandler     0x0800b031          Code  Wk  startup_stm32f2xx.o [1]
CAN2_SCE_IRQHandler     0x0800b035          Code  Wk  startup_stm32f2xx.o [1]
CAN2_TX_IRQHandler      0x0800b029          Code  Wk  startup_stm32f2xx.o [1]
CID_Tab                 0x20006468    0x10  Data  Lc  stm322xg_eval_sdio_sd.o [1]
CRYP_IRQHandler         0x0800b069          Code  Wk  startup_stm32f2xx.o [1]
CSD_Tab                 0x20006458    0x10  Data  Lc  stm322xg_eval_sdio_sd.o [1]
CSTACK$$Base            0x20006540           --   Gb  - Linker created -
CSTACK$$Limit           0x20008540           --   Gb  - Linker created -
CardType                0x200064b8     0x4  Data  Lc  stm322xg_eval_sdio_sd.o [1]
CmdBuff                 0x200064a0     0x8  Data  Gb  usbd_cdc_core.o [1]
CmdError                0x08002a09    0x38  Code  Lc  stm322xg_eval_sdio_sd.o [1]
CmdResp1Error           0x08002aad   0x112  Code  Lc  stm322xg_eval_sdio_sd.o [1]
CmdResp2Error           0x08002bfd    0x52  Code  Lc  stm322xg_eval_sdio_sd.o [1]
CmdResp3Error           0x08002bbf    0x3e  Code  Lc  stm322xg_eval_sdio_sd.o [1]
CmdResp6Error           0x08002c4f    0xa6  Code  Lc  stm322xg_eval_sdio_sd.o [1]
CmdResp7Error           0x08002a41    0x58  Code  Lc  stm322xg_eval_sdio_sd.o [1]
CurrVol                 0x20006536     0x1  Data  Lc  ff.o [1]
DAC_Cmd                 0x0800a1ab    0x26  Code  Gb  stm32f2xx_dac.o [1]
DAC_HwInit              0x08009941    0x66  Code  Gb  dac.o [1]
DAC_Init                0x0800a179    0x32  Code  Gb  stm32f2xx_dac.o [1]
DAC_MilivoltsToDacVal   0x080099ad    0x2c  Code  Gb  dac.o [1]
DAC_SetBothDacsInMilivolts
                        0x08009a03    0x44  Code  Gb  dac.o [1]
DAC_SetChannel1Data     0x0800a1d1    0x1e  Code  Gb  stm32f2xx_dac.o [1]
DAC_SetDAC1ValInMilivolts
                        0x080099d9    0x2a  Code  Gb  dac.o [1]
DAC_SetDualChannelData  0x0800a1ef    0x30  Code  Gb  stm32f2xx_dac.o [1]
DCD_EP_Close            0x08008055    0x4a  Code  Gb  usb_dcd.o [1]
DCD_EP_ClrStall         0x080081b3    0x50  Code  Gb  usb_dcd.o [1]
DCD_EP_Open             0x08007fd9    0x7c  Code  Gb  usb_dcd.o [1]
DCD_EP_PrepareRx        0x0800809f    0x66  Code  Gb  usb_dcd.o [1]
DCD_EP_SetAddress       0x08008203    0x1a  Code  Gb  usb_dcd.o [1]
DCD_EP_Stall            0x08008163    0x50  Code  Gb  usb_dcd.o [1]
DCD_EP_Tx               0x08008105    0x5e  Code  Gb  usb_dcd.o [1]
DCD_HandleEnumDone_ISR  0x080076d3    0x4e  Code  Lc  usb_dcd_int.o [1]
DCD_HandleInEP_ISR      0x080072d7   0x102  Code  Lc  usb_dcd_int.o [1]
DCD_HandleOutEP_ISR     0x080073d9    0xd8  Code  Lc  usb_dcd_int.o [1]
DCD_HandleResume_ISR    0x08007205    0x4c  Code  Lc  usb_dcd_int.o [1]
DCD_HandleRxStatusQueueLevel_ISR
                        0x080074cf    0x9e  Code  Lc  usb_dcd_int.o [1]
DCD_HandleSof_ISR       0x080074b1    0x1e  Code  Lc  usb_dcd_int.o [1]
DCD_HandleUSBSuspend_ISR
                        0x08007251    0x86  Code  Lc  usb_dcd_int.o [1]
DCD_HandleUsbReset_ISR  0x0800760d    0xc6  Code  Lc  usb_dcd_int.o [1]
DCD_Init                0x08007f37    0xa2  Code  Gb  usb_dcd.o [1]
DCD_IsoINIncomplete_ISR
                        0x08007721    0x1e  Code  Lc  usb_dcd_int.o [1]
DCD_IsoOUTIncomplete_ISR
                        0x0800773f    0x1e  Code  Lc  usb_dcd_int.o [1]
DCD_OTG_ISR             0x080071df    0x26  Code  Lc  usb_dcd_int.o [1]
DCD_ReadDevInEP         0x08007765    0x2e  Code  Lc  usb_dcd_int.o [1]
DCD_SessionRequest_ISR  0x080071bf    0x20  Code  Lc  usb_dcd_int.o [1]
DCD_WriteEmptyTxFifo    0x0800756d    0xa0  Code  Lc  usb_dcd_int.o [1]
DCMI_IRQHandler         0x0800b065          Code  Wk  startup_stm32f2xx.o [1]
DMA1_Stream0_IRQHandler
                        0x0800af59          Code  Wk  startup_stm32f2xx.o [1]
DMA1_Stream1_IRQHandler
                        0x0800af5d          Code  Wk  startup_stm32f2xx.o [1]
DMA1_Stream2_IRQHandler
                        0x0800af61          Code  Wk  startup_stm32f2xx.o [1]
DMA1_Stream3_IRQHandler
                        0x0800af65          Code  Wk  startup_stm32f2xx.o [1]
DMA1_Stream4_IRQHandler
                        0x0800af69          Code  Wk  startup_stm32f2xx.o [1]
DMA1_Stream5_IRQHandler
                        0x0800af6d          Code  Wk  startup_stm32f2xx.o [1]
DMA1_Stream6_IRQHandler
                        0x0800af71          Code  Wk  startup_stm32f2xx.o [1]
DMA1_Stream7_IRQHandler
                        0x0800afe9          Code  Wk  startup_stm32f2xx.o [1]
DMA2_Stream0_IRQHandler
                        0x0800a835    0x1c  Code  Gb  stm32f2xx_it.o [1]
DMA2_Stream1_IRQHandler
                        0x0800b011          Code  Wk  startup_stm32f2xx.o [1]
DMA2_Stream2_IRQHandler
                        0x0800b015          Code  Wk  startup_stm32f2xx.o [1]
DMA2_Stream3_IRQHandler
                        0x0800a859     0x8  Code  Gb  stm32f2xx_it.o [1]
DMA2_Stream4_IRQHandler
                        0x0800b01d          Code  Wk  startup_stm32f2xx.o [1]
DMA2_Stream5_IRQHandler
                        0x0800b03d          Code  Wk  startup_stm32f2xx.o [1]
DMA2_Stream6_IRQHandler
                        0x0800b041          Code  Wk  startup_stm32f2xx.o [1]
DMA2_Stream7_IRQHandler
                        0x0800b045          Code  Wk  startup_stm32f2xx.o [1]
DMAEndOfTransfer        0x200064c8     0x4  Data  Gb  stm322xg_eval_sdio_sd.o [1]
DMA_ClearFlag           0x08003769    0x24  Code  Gb  stm32f2xx_dma.o [1]
DMA_ClearITPendingBit   0x08003831    0x24  Code  Gb  stm32f2xx_dma.o [1]
DMA_Cmd                 0x08003737    0x1a  Code  Gb  stm32f2xx_dma.o [1]
DMA_DeInit              0x0800359d   0x142  Code  Gb  stm32f2xx_dma.o [1]
DMA_FlowControllerConfig
                        0x08003751    0x18  Code  Gb  stm32f2xx_dma.o [1]
DMA_GetITStatus         0x080037cf    0x62  Code  Gb  stm32f2xx_dma.o [1]
DMA_ITConfig            0x0800378d    0x42  Code  Gb  stm32f2xx_dma.o [1]
DMA_Init                0x080036df    0x58  Code  Gb  stm32f2xx_dma.o [1]
DebugMon_Handler        0x0800a6af     0x2  Code  Gb  stm32f2xx_it.o [1]
ETH_IRQHandler          0x0800b021          Code  Wk  startup_stm32f2xx.o [1]
ETH_WKUP_IRQHandler     0x0800b025          Code  Wk  startup_stm32f2xx.o [1]
EXTI0_IRQHandler        0x0800af45          Code  Wk  startup_stm32f2xx.o [1]
EXTI15_10_IRQHandler    0x0800afcd          Code  Wk  startup_stm32f2xx.o [1]
EXTI1_IRQHandler        0x0800af49          Code  Wk  startup_stm32f2xx.o [1]
EXTI2_IRQHandler        0x0800af4d          Code  Wk  startup_stm32f2xx.o [1]
EXTI3_IRQHandler        0x0800af51          Code  Wk  startup_stm32f2xx.o [1]
EXTI4_IRQHandler        0x0800af55          Code  Wk  startup_stm32f2xx.o [1]
EXTI9_5_IRQHandler      0x0800a7bf    0x76  Code  Gb  stm32f2xx_it.o [1]
EXTI_ClearITPendingBit  0x08009c2d     0x6  Code  Gb  stm32f2xx_exti.o [1]
EXTI_GetITStatus        0x08009c05    0x28  Code  Gb  stm32f2xx_exti.o [1]
EXTI_Init               0x08009b7d    0x88  Code  Gb  stm32f2xx_exti.o [1]
FIFO_Get                0x080091b3    0x42  Code  Gb  fifo.o [1]
FIFO_Init               0x08009165     0xc  Code  Gb  fifo.o [1]
FIFO_Post               0x08009171    0x42  Code  Gb  fifo.o [1]
FLASH_IRQHandler        0x0800af3d          Code  Wk  startup_stm32f2xx.o [1]
FSMC_IRQHandler         0x0800afed          Code  Wk  startup_stm32f2xx.o [1]
FSM_Dispatch            0x08009a5f    0x2c  Code  Gb  fsm.o [1]
FSM_Init                0x08009a49    0x16  Code  Gb  fsm.o [1]
FSM_ReservedEvts        0x20000200     0x4  Data  Lc  fsm.o [1]
FatFs                   0x200064b0     0x4  Data  Lc  ff.o [1]
FindSCR                 0x08002e99   0x1d4  Code  Lc  stm322xg_eval_sdio_sd.o [1]
Fsid                    0x20006534     0x2  Data  Lc  ff.o [1]
GPIO_Init               0x08003475    0xaa  Code  Gb  stm32f2xx_gpio.o [1]
GPIO_PinAFConfig        0x08003539    0x5a  Code  Gb  stm32f2xx_gpio.o [1]
GPIO_ReadInputDataBit   0x0800351f    0x1a  Code  Gb  stm32f2xx_gpio.o [1]
HASH_RNG_IRQHandler     0x0800b06d          Code  Wk  startup_stm32f2xx.o [1]
HEAP$$Base              0x20008540           --   Gb  - Linker created -
HEAP$$Limit             0x2000a540           --   Gb  - Linker created -
Handle_USBAsynchXfer    0x0800a59f    0xba  Code  Lc  usbd_cdc_core.o [1]
HardFault_Handler       0x0800a6a7     0x2  Code  Gb  stm32f2xx_it.o [1]
I2C1_ER_IRQHandler      0x0800afad          Code  Wk  startup_stm32f2xx.o [1]
I2C1_EV_IRQHandler      0x0800afa9          Code  Wk  startup_stm32f2xx.o [1]
I2C2_ER_IRQHandler      0x0800afb5          Code  Wk  startup_stm32f2xx.o [1]
I2C2_EV_IRQHandler      0x0800afb1          Code  Wk  startup_stm32f2xx.o [1]
I2C3_ER_IRQHandler      0x0800b051          Code  Wk  startup_stm32f2xx.o [1]
I2C3_EV_IRQHandler      0x0800b04d          Code  Wk  startup_stm32f2xx.o [1]
IHM_GetPBQueuePointer   0x08009409     0x4  Code  Gb  ihm.o [1]
IHM_GetPBSemPointer     0x0800940d     0x4  Code  Gb  ihm.o [1]
IHM_Init                0x080091f5   0x122  Code  Gb  ihm.o [1]
IHM_SetLed              0x08009317    0xf2  Code  Gb  ihm.o [1]
IHM_TaskCreate          0x08009411    0x28  Code  Gb  ihm.o [1]
IV_Curve2File           0x08009027   0x112  Code  Gb  IV.o [1]
IV_Get_Panel_Current    0x08008f2f    0x1a  Code  Gb  IV.o [1]
IV_Get_Panel_Voltage    0x08008ef9    0x36  Code  Gb  IV.o [1]
IV_HAND_IDLE            0x08008dc9    0x4a  Code  Gb  IV.o [1]
IV_HAND_OPER            0x08008e15    0xa6  Code  Gb  IV.o [1]
IV_Init                 0x08008f91    0x28  Code  Gb  IV.o [1]
IV_Perform_Curve        0x08008ecd    0x2c  Code  Gb  IV.o [1]
IV_Post_Event           0x08008f7f    0x12  Code  Gb  IV.o [1]
IV_Process              0x08008fb9    0x18  Code  Gb  IV.o [1]
IV_Request_Point        0x08008ebb    0x12  Code  Gb  IV.o [1]
IV_SetCurrent           0x08008f49    0x36  Code  Gb  IV.o [1]
IV_TaskCreate           0x08008fd1    0x28  Code  Gb  IV.o [1]
InStream_Read           0x0800acb1    0x22  Code  Lc  packbits_init.o [5]
MemManage_Handler       0x0800a6a9     0x2  Code  Gb  stm32f2xx_it.o [1]
NMI_Handler             0x0800a6a5     0x2  Code  Gb  stm32f2xx_it.o [1]
NVIC_Init               0x080038cf    0x6a  Code  Gb  misc.o [1]
NVIC_PriorityGroupConfig
                        0x080038c5     0xa  Code  Gb  misc.o [1]
NVIC_SetVectorTable     0x08003939     0xc  Code  Gb  misc.o [1]
OTG_FS_IRQHandler       0x0800a88b     0xa  Code  Gb  stm32f2xx_it.o [1]
OTG_FS_WKUP_IRQHandler  0x0800a861    0x2a  Code  Gb  stm32f2xx_it.o [1]
OTG_HS_EP1_IN_IRQHandler
                        0x0800b059          Code  Wk  startup_stm32f2xx.o [1]
OTG_HS_EP1_OUT_IRQHandler
                        0x0800b055          Code  Wk  startup_stm32f2xx.o [1]
OTG_HS_IRQHandler       0x0800b061          Code  Wk  startup_stm32f2xx.o [1]
OTG_HS_WKUP_IRQHandler  0x0800b05d          Code  Wk  startup_stm32f2xx.o [1]
PVD_IRQHandler          0x0800af31          Code  Wk  startup_stm32f2xx.o [1]
RCA                     0x200064bc     0x4  Data  Lc  stm322xg_eval_sdio_sd.o [1]
RCC_AHB1PeriphClockCmd  0x08003a01    0x1e  Code  Gb  stm32f2xx_rcc.o [1]
RCC_AHB2PeriphClockCmd  0x08003a1f    0x1e  Code  Gb  stm32f2xx_rcc.o [1]
RCC_APB1PeriphClockCmd  0x08003a3d    0x1e  Code  Gb  stm32f2xx_rcc.o [1]
RCC_APB2PeriphClockCmd  0x08003a5b    0x1e  Code  Gb  stm32f2xx_rcc.o [1]
RCC_APB2PeriphResetCmd  0x08003a79    0x1e  Code  Gb  stm32f2xx_rcc.o [1]
RCC_IRQHandler          0x0800af41          Code  Wk  startup_stm32f2xx.o [1]
RTC_Alarm_IRQHandler    0x0800afd1          Code  Wk  startup_stm32f2xx.o [1]
RTC_WKUP_IRQHandler     0x0800af39          Code  Wk  startup_stm32f2xx.o [1]
Region$$Table$$Base     0x0800adec           --   Gb  - Linker created -
Region$$Table$$Limit    0x0800ae18           --   Gb  - Linker created -
Reset_Handler           0x0800aec5          Code  Wk  startup_stm32f2xx.o [1]
SDCardInfo              0x200062f0    0x58  Data  Gb  stm322xg_eval_sdio_sd.o [1]
SDEnWideBus             0x08002d01   0x198  Code  Lc  stm322xg_eval_sdio_sd.o [1]
SDIO_ClearFlag          0x0800340d     0x6  Code  Gb  stm32f2xx_sdio.o [1]
SDIO_ClearITPendingBit  0x0800342d     0x6  Code  Gb  stm32f2xx_sdio.o [1]
SDIO_ClockCmd           0x0800333b     0x8  Code  Gb  stm32f2xx_sdio.o [1]
SDIO_CmdInitStructure   0x200063cc    0x14  Data  Gb  stm322xg_eval_sdio_sd.o [1]
SDIO_DMACmd             0x080033cd     0x8  Code  Gb  stm32f2xx_sdio.o [1]
SDIO_DataConfig         0x08003399    0x2e  Code  Gb  stm32f2xx_sdio.o [1]
SDIO_DataInitStructure  0x200063a0    0x18  Data  Gb  stm322xg_eval_sdio_sd.o [1]
SDIO_DeInit             0x080032f9    0x18  Code  Gb  stm32f2xx_sdio.o [1]
SDIO_GetCommandResponse
                        0x0800337b     0x8  Code  Gb  stm32f2xx_sdio.o [1]
SDIO_GetFlagStatus      0x080033f3    0x1a  Code  Gb  stm32f2xx_sdio.o [1]
SDIO_GetITStatus        0x08003413    0x1a  Code  Gb  stm32f2xx_sdio.o [1]
SDIO_GetPowerState      0x08003349     0xa  Code  Gb  stm32f2xx_sdio.o [1]
SDIO_GetResponse        0x08003383    0x16  Code  Gb  stm32f2xx_sdio.o [1]
SDIO_IRQHandler         0x0800a851     0x8  Code  Gb  stm32f2xx_it.o [1]
SDIO_ITConfig           0x080033d5    0x1e  Code  Gb  stm32f2xx_sdio.o [1]
SDIO_Init               0x08003311    0x2a  Code  Gb  stm32f2xx_sdio.o [1]
SDIO_InitStructure      0x20006388    0x18  Data  Gb  stm322xg_eval_sdio_sd.o [1]
SDIO_ReadData           0x080033c7     0x6  Code  Gb  stm32f2xx_sdio.o [1]
SDIO_SendCommand        0x08003353    0x28  Code  Gb  stm32f2xx_sdio.o [1]
SDIO_SetPowerState      0x08003343     0x6  Code  Gb  stm32f2xx_sdio.o [1]
SD_Detect               0x08001b41    0x24  Code  Gb  stm322xg_eval_sdio_sd.o [1]
SD_EnableWideBusOperation
                        0x08002323    0xc8  Code  Gb  stm322xg_eval_sdio_sd.o [1]
SD_GetCardInfo          0x08001f53   0x3d0  Code  Gb  stm322xg_eval_sdio_sd.o [1]
SD_GetState             0x08001b17    0x2a  Code  Gb  stm322xg_eval_sdio_sd.o [1]
SD_GetStatus            0x08001af5    0x22  Code  Gb  stm322xg_eval_sdio_sd.o [1]
SD_Init                 0x08001a41    0xb4  Code  Gb  stm322xg_eval_sdio_sd.o [1]
SD_InitializeCards      0x08001db1   0x1a2  Code  Gb  stm322xg_eval_sdio_sd.o [1]
SD_InterruptEnable      0x08003089    0x3c  Code  Gb  stm322xg_eval_sdio_sd.o [1]
SD_LowLevel_DMA_RxConfig
                        0x08003255    0x8e  Code  Gb  stm322xg_eval.o [1]
SD_LowLevel_DMA_TxConfig
                        0x080031bb    0x9a  Code  Gb  stm322xg_eval.o [1]
SD_LowLevel_Init        0x080030e9    0xd2  Code  Gb  stm322xg_eval.o [1]
SD_PowerON              0x08001b65   0x24c  Code  Gb  stm322xg_eval_sdio_sd.o [1]
SD_ProcessDMAIRQ        0x080029e5    0x22  Code  Gb  stm322xg_eval_sdio_sd.o [1]
SD_ProcessIRQSrc        0x08002937    0xae  Code  Gb  stm322xg_eval_sdio_sd.o [1]
SD_ReadMultiBlocks      0x08002423   0x138  Code  Gb  stm322xg_eval_sdio_sd.o [1]
SD_SelectDeselect       0x080023eb    0x38  Code  Gb  stm322xg_eval_sdio_sd.o [1]
SD_SendStatus           0x080028c9    0x6e  Code  Gb  stm322xg_eval_sdio_sd.o [1]
SD_StopTransfer         0x08002881    0x44  Code  Gb  stm322xg_eval_sdio_sd.o [1]
SD_WaitReadOperation    0x08002561    0x96  Code  Gb  stm322xg_eval_sdio_sd.o [1]
SD_WaitWriteOperation   0x080027e5    0x96  Code  Gb  stm322xg_eval_sdio_sd.o [1]
SD_WriteMultiBlocks     0x0800260d   0x1ce  Code  Gb  stm322xg_eval_sdio_sd.o [1]
SET_TEST_MODE           0x20006520     0x4  Data  Gb  usbd_core.o [1]
SPI1_IRQHandler         0x0800afb9          Code  Wk  startup_stm32f2xx.o [1]
SPI2_IRQHandler         0x0800afbd          Code  Wk  startup_stm32f2xx.o [1]
SPI3_IRQHandler         0x0800aff9          Code  Wk  startup_stm32f2xx.o [1]
SYSCFG_EXTILineConfig   0x08009b29    0x50  Code  Gb  stm32f2xx_syscfg.o [1]
SetSysClock             0x0800a8ff    0xb6  Code  Lc  system_stm32f2xx.o [1]
StopCondition           0x200064c0     0x4  Data  Gb  stm322xg_eval_sdio_sd.o [1]
SysTick_CLKSourceConfig
                        0x08003945    0x20  Code  Gb  misc.o [1]
SystemCoreClock         0x2000020c     0x4  Data  Gb  system_stm32f2xx.o [1]
SystemInit              0x0800a8b9    0x46  Code  Gb  system_stm32f2xx.o [1]
TAMP_STAMP_IRQHandler   0x0800af35          Code  Wk  startup_stm32f2xx.o [1]
TI1_Config              0x08008ccb    0x38  Code  Lc  stm32f2xx_tim.o [1]
TI2_Config              0x08008d03    0x42  Code  Lc  stm32f2xx_tim.o [1]
TI3_Config              0x08008d45    0x40  Code  Lc  stm32f2xx_tim.o [1]
TI4_Config              0x08008d85    0x42  Code  Lc  stm32f2xx_tim.o [1]
TIM1_BRK_TIM9_IRQHandler
                        0x0800af8d          Code  Wk  startup_stm32f2xx.o [1]
TIM1_CC_IRQHandler      0x0800a6b1    0xde  Code  Gb  stm32f2xx_it.o [1]
TIM1_TRG_COM_TIM11_IRQHandler
                        0x0800af95          Code  Wk  startup_stm32f2xx.o [1]
TIM1_UP_TIM10_IRQHandler
                        0x0800af91          Code  Wk  startup_stm32f2xx.o [1]
TIM2_IRQHandler         0x0800af9d          Code  Wk  startup_stm32f2xx.o [1]
TIM3_IRQHandler         0x0800afa1          Code  Wk  startup_stm32f2xx.o [1]
TIM4_IRQHandler         0x0800afa5          Code  Wk  startup_stm32f2xx.o [1]
TIM5_IRQHandler         0x0800aff5          Code  Wk  startup_stm32f2xx.o [1]
TIM6_DAC_IRQHandler     0x0800b005          Code  Wk  startup_stm32f2xx.o [1]
TIM7_IRQHandler         0x0800b009          Code  Wk  startup_stm32f2xx.o [1]
TIM8_BRK_TIM12_IRQHandler
                        0x0800afd9          Code  Wk  startup_stm32f2xx.o [1]
TIM8_CC_IRQHandler      0x0800a78f    0x30  Code  Gb  stm32f2xx_it.o [1]
TIM8_TRG_COM_TIM14_IRQHandler
                        0x0800afe1          Code  Wk  startup_stm32f2xx.o [1]
TIM8_UP_TIM13_IRQHandler
                        0x0800afdd          Code  Wk  startup_stm32f2xx.o [1]
TIM8_delay_ms           0x0800a0a7    0x14  Code  Gb  timer.o [1]
TIM8_tick               0x0800a0bb    0x14  Code  Gb  timer.o [1]
TIMER8_OutputcompareCh2Init
                        0x0800a011    0x96  Code  Gb  timer.o [1]
TIMER_CaptureStructInit
                        0x08009e87    0x1a  Code  Gb  timer.o [1]
TIMER_DemoIrGenStructInit
                        0x08009e55    0x2a  Code  Gb  timer.o [1]
TIMER_GetCaptureCh2Struct
                        0x08009e83     0x4  Code  Gb  timer.o [1]
TIMER_GetIrGenStruct    0x08009e7f     0x4  Code  Gb  timer.o [1]
TIMER_InputCaptureCh2Init
                        0x08009ea1    0xa2  Code  Gb  timer.o [1]
TIMER_OutputCompareCh3Init
                        0x08009f43    0xce  Code  Gb  timer.o [1]
TIM_ClearITPendingBit   0x08008cc3     0x8  Code  Gb  stm32f2xx_tim.o [1]
TIM_Cmd                 0x08008a3b    0x1c  Code  Gb  stm32f2xx_tim.o [1]
TIM_GetCapture2         0x08008c27     0x4  Code  Gb  stm32f2xx_tim.o [1]
TIM_GetCapture3         0x08008c2b     0x4  Code  Gb  stm32f2xx_tim.o [1]
TIM_GetITStatus         0x08008c91    0x32  Code  Gb  stm32f2xx_tim.o [1]
TIM_ICInit              0x08008bb7    0x70  Code  Gb  stm32f2xx_tim.o [1]
TIM_ITConfig            0x08008c7b    0x16  Code  Gb  stm32f2xx_tim.o [1]
TIM_OC2Init             0x08008a57    0x8c  Code  Gb  stm32f2xx_tim.o [1]
TIM_OC2PreloadConfig    0x08008b91    0x14  Code  Gb  stm32f2xx_tim.o [1]
TIM_OC3Init             0x08008ae3    0x8a  Code  Gb  stm32f2xx_tim.o [1]
TIM_OC3PreloadConfig    0x08008ba5    0x12  Code  Gb  stm32f2xx_tim.o [1]
TIM_SetCompare2         0x08008b89     0x4  Code  Gb  stm32f2xx_tim.o [1]
TIM_SetCompare3         0x08008b8d     0x4  Code  Gb  stm32f2xx_tim.o [1]
TIM_SetIC1Prescaler     0x08008c2f    0x12  Code  Gb  stm32f2xx_tim.o [1]
TIM_SetIC2Prescaler     0x08008c41    0x14  Code  Gb  stm32f2xx_tim.o [1]
TIM_SetIC3Prescaler     0x08008c55    0x12  Code  Gb  stm32f2xx_tim.o [1]
TIM_SetIC4Prescaler     0x08008c67    0x14  Code  Gb  stm32f2xx_tim.o [1]
TIM_TimeBaseInit        0x080089d1    0x6a  Code  Gb  stm32f2xx_tim.o [1]
TransferEnd             0x200064c4     0x4  Data  Gb  stm322xg_eval_sdio_sd.o [1]
TransferError           0x20006537     0x1  Data  Gb  stm322xg_eval_sdio_sd.o [1]
UART4_IRQHandler        0x0800affd          Code  Wk  startup_stm32f2xx.o [1]
UART5_IRQHandler        0x0800b001          Code  Wk  startup_stm32f2xx.o [1]
USART1_IRQHandler       0x0800afc1          Code  Wk  startup_stm32f2xx.o [1]
USART2_IRQHandler       0x0800afc5          Code  Wk  startup_stm32f2xx.o [1]
USART3_IRQHandler       0x0800ab09     0x2  Code  Gb  usbd_cdc_vcp.o [1]
USART6_IRQHandler       0x0800b049          Code  Wk  startup_stm32f2xx.o [1]
USBD_CDC_cb             0x20000140    0x2c  Data  Gb  usbd_cdc_core.o [1]
USBD_ClrCfg             0x080084e1    0x18  Code  Gb  usbd_core.o [1]
USBD_ClrFeature         0x08007d5d    0x3a  Code  Lc  usbd_req.o [1]
USBD_CtlContinueRx      0x08007ed1    0x1e  Code  Gb  usbd_ioreq.o [1]
USBD_CtlContinueSendData
                        0x08007e83    0x1e  Code  Gb  usbd_ioreq.o [1]
USBD_CtlError           0x08007ddb    0x1e  Code  Gb  usbd_req.o [1]
USBD_CtlPrepareRx       0x08007ea1    0x30  Code  Gb  usbd_ioreq.o [1]
USBD_CtlReceiveStatus   0x08007f13    0x24  Code  Gb  usbd_ioreq.o [1]
USBD_CtlSendData        0x08007e53    0x30  Code  Gb  usbd_ioreq.o [1]
USBD_CtlSendStatus      0x08007eef    0x24  Code  Gb  usbd_ioreq.o [1]
USBD_DCD_INT_cb         0x2000016c    0x2c  Data  Gb  usbd_core.o [1]
USBD_DCD_INT_fops       0x20000218     0x4  Data  Gb  usbd_core.o [1]
USBD_DataInStage        0x08008353    0xd2  Code  Lc  usbd_core.o [1]
USBD_DataOutStage       0x080082b9    0x9a  Code  Lc  usbd_core.o [1]
USBD_DeInit             0x08008261     0x6  Code  Gb  usbd_core.o [1]
USBD_DevConnected       0x0800851d    0x16  Code  Lc  usbd_core.o [1]
USBD_DevDisconnected    0x08008533    0x22  Code  Lc  usbd_core.o [1]
USBD_DeviceDesc         0x200001e4    0x14  Data  Gb  usbd_desc.o [1]
USBD_GetConfig          0x08007c2f    0x48  Code  Lc  usbd_req.o [1]
USBD_GetDescriptor      0x080079d3   0x136  Code  Lc  usbd_req.o [1]
USBD_GetLen             0x08007e3f    0x14  Code  Lc  usbd_req.o [1]
USBD_GetStatus          0x08007c77    0x40  Code  Lc  usbd_req.o [1]
USBD_GetString          0x08007df9    0x46  Code  Gb  usbd_req.o [1]
USBD_Init               0x0800821d    0x44  Code  Gb  usbd_core.o [1]
USBD_IsoINIncomplete    0x080084f9    0x12  Code  Lc  usbd_core.o [1]
USBD_IsoOUTIncomplete   0x0800850b    0x12  Code  Lc  usbd_core.o [1]
USBD_LangIDDesc         0x2000021c     0x4  Data  Gb  usbd_desc.o [1]
USBD_OTG_ISR_Handler    0x080070b1   0x10e  Code  Gb  usb_dcd_int.o [1]
USBD_ParseSetupRequest  0x08007d97    0x44  Code  Gb  usbd_req.o [1]
USBD_Reset              0x08008439    0x30  Code  Lc  usbd_core.o [1]
USBD_Resume             0x08008469    0x1e  Code  Lc  usbd_core.o [1]
USBD_RunTestMode        0x08008425     0xe  Code  Lc  usbd_core.o [1]
USBD_SOF                0x080084a5    0x1c  Code  Lc  usbd_core.o [1]
USBD_SetAddress         0x08007b09    0x60  Code  Lc  usbd_req.o [1]
USBD_SetCfg             0x080084c1    0x20  Code  Gb  usbd_core.o [1]
USBD_SetConfig          0x08007b69    0xc6  Code  Lc  usbd_req.o [1]
USBD_SetFeature         0x08007cb7    0x90  Code  Lc  usbd_req.o [1]
USBD_SetupStage         0x08008267    0x52  Code  Lc  usbd_core.o [1]
USBD_StdDevReq          0x08007795    0x7c  Code  Gb  usbd_req.o [1]
USBD_StdEPReq           0x0800785f   0x174  Code  Gb  usbd_req.o [1]
USBD_StdItfReq          0x08007811    0x4e  Code  Gb  usbd_req.o [1]
USBD_StrDesc            0x200060b8   0x100  Data  Gb  usbd_req.o [1]
USBD_Suspend            0x08008487    0x1e  Code  Lc  usbd_core.o [1]
USBD_USR_ConfigStrDescriptor
                        0x0800ab81    0x26  Code  Gb  usbd_desc.o [1]
USBD_USR_DeviceConfigured
                        0x080030df     0x2  Code  Gb  usbd_usr.o [1]
USBD_USR_DeviceConnected
                        0x080030e5     0x2  Code  Gb  usbd_usr.o [1]
USBD_USR_DeviceDescriptor
                        0x0800ab0d     0xa  Code  Gb  usbd_desc.o [1]
USBD_USR_DeviceDisconnected
                        0x080030e7     0x2  Code  Gb  usbd_usr.o [1]
USBD_USR_DeviceReset    0x080030dd     0x2  Code  Gb  usbd_usr.o [1]
USBD_USR_DeviceResumed  0x080030e3     0x2  Code  Gb  usbd_usr.o [1]
USBD_USR_DeviceSuspended
                        0x080030e1     0x2  Code  Gb  usbd_usr.o [1]
USBD_USR_Init           0x080030db     0x2  Code  Gb  usbd_usr.o [1]
USBD_USR_InterfaceStrDescriptor
                        0x0800aba7    0x26  Code  Gb  usbd_desc.o [1]
USBD_USR_LangIDStrDescriptor
                        0x0800ab17     0xa  Code  Gb  usbd_desc.o [1]
USBD_USR_ManufacturerStrDescriptor
                        0x0800ab47    0x14  Code  Gb  usbd_desc.o [1]
USBD_USR_ProductStrDescriptor
                        0x0800ab21    0x26  Code  Gb  usbd_desc.o [1]
USBD_USR_SerialStrDescriptor
                        0x0800ab5b    0x26  Code  Gb  usbd_desc.o [1]
USBD_cdc_GetCfgDesc     0x0800a659     0xa  Code  Lc  usbd_cdc_core.o [1]
USBD_cfg_status         0x2000652c     0x4  Data  Gb  usbd_req.o [1]
USBD_default_cfg        0x20006528     0x4  Data  Gb  usbd_req.o [1]
USBD_ep_status          0x20006524     0x4  Data  Gb  usbd_req.o [1]
USB_OTG_BSP_EnableInterrupt
                        0x0800642d    0x2e  Code  Gb  usb_bsp.o [1]
USB_OTG_BSP_Init        0x08006375    0xb4  Code  Gb  usb_bsp.o [1]
USB_OTG_BSP_mDelay      0x08006473    0x12  Code  Gb  usb_bsp.o [1]
USB_OTG_BSP_uDelay      0x0800645b    0x18  Code  Gb  usb_bsp.o [1]
USB_OTG_CoreInit        0x080059f5    0xca  Code  Gb  usb_core.o [1]
USB_OTG_CoreInitDev     0x08005c0f   0x1b2  Code  Gb  usb_core.o [1]
USB_OTG_CoreReset       0x0800583f    0x60  Code  Lc  usb_core.o [1]
USB_OTG_DisableGlobalInt
                        0x08005add    0x1e  Code  Gb  usb_core.o [1]
USB_OTG_EP0Activate     0x08005e57    0x50  Code  Gb  usb_core.o [1]
USB_OTG_EP0StartXfer    0x08006105   0x12c  Code  Gb  usb_core.o [1]
USB_OTG_EP0_OutStart    0x080062fb    0x52  Code  Gb  usb_core.o [1]
USB_OTG_EPActivate      0x08005ea7    0x7a  Code  Gb  usb_core.o [1]
USB_OTG_EPClearStall    0x0800627b    0x46  Code  Gb  usb_core.o [1]
USB_OTG_EPDeactivate    0x08005f21    0x58  Code  Gb  usb_core.o [1]
USB_OTG_EPSetStall      0x08006231    0x4a  Code  Gb  usb_core.o [1]
USB_OTG_EPStartXfer     0x08005f79   0x18c  Code  Gb  usb_core.o [1]
USB_OTG_EnableCommonInt
                        0x0800581d    0x22  Code  Lc  usb_core.o [1]
USB_OTG_EnableDevInt    0x08005dc1    0x62  Code  Gb  usb_core.o [1]
USB_OTG_EnableGlobalInt
                        0x08005abf    0x1e  Code  Gb  usb_core.o [1]
USB_OTG_FlushRxFifo     0x08005b43    0x40  Code  Gb  usb_core.o [1]
USB_OTG_FlushTxFifo     0x08005afb    0x48  Code  Gb  usb_core.o [1]
USB_OTG_GetDeviceSpeed  0x08005e23    0x34  Code  Gb  usb_core.o [1]
USB_OTG_GetMode         0x08005bc9     0xa  Code  Gb  usb_core.o [1]
USB_OTG_InitDevSpeed    0x08005bfd    0x12  Code  Gb  usb_core.o [1]
USB_OTG_IsDeviceMode    0x08005bd3    0x18  Code  Gb  usb_core.o [1]
USB_OTG_ReadCoreItr     0x08005beb    0x12  Code  Gb  usb_core.o [1]
USB_OTG_ReadDevAllInEPItr
                        0x080062e9    0x12  Code  Gb  usb_core.o [1]
USB_OTG_ReadDevAllOutEp_itr
                        0x080062c1    0x12  Code  Gb  usb_core.o [1]
USB_OTG_ReadDevOutEP_itr
                        0x080062d3    0x16  Code  Gb  usb_core.o [1]
USB_OTG_ReadPacket      0x080058e7    0x2c  Code  Gb  usb_core.o [1]
USB_OTG_SelectCore      0x08005913    0xe2  Code  Gb  usb_core.o [1]
USB_OTG_SetCurrentMode  0x08005b8d    0x3c  Code  Gb  usb_core.o [1]
USB_OTG_UngateClock     0x0800634d    0x26  Code  Gb  usb_core.o [1]
USB_OTG_WritePacket     0x0800589f    0x48  Code  Gb  usb_core.o [1]
USB_OTG_dev             0x20005ac4   0x5f4  Data  Gb  main.o [1]
USB_Rx_Buffer           0x20006348    0x40  Data  Gb  usbd_cdc_core.o [1]
USB_Tx_State            0x20006538     0x1  Data  Gb  usbd_cdc_core.o [1]
USR_cb                  0x200001b4    0x1c  Data  Gb  usbd_usr.o [1]
USR_desc                0x20000198    0x1c  Data  Gb  usbd_desc.o [1]
UsageFault_Handler      0x0800a6ad     0x2  Code  Gb  stm32f2xx_it.o [1]
VCP_COMConfig           0x0800ab03     0x6  Code  Lc  usbd_cdc_vcp.o [1]
VCP_Ctrl                0x0800a9e5    0xa6  Code  Lc  usbd_cdc_vcp.o [1]
VCP_DataRx              0x0800aaf1    0x12  Code  Lc  usbd_cdc_vcp.o [1]
VCP_DataTx              0x0800aa8b    0x5a  Code  Lc  usbd_cdc_vcp.o [1]
VCP_DeInit              0x0800a9e1     0x4  Code  Lc  usbd_cdc_vcp.o [1]
VCP_Init                0x0800a9dd     0x4  Code  Lc  usbd_cdc_vcp.o [1]
VCP_fops                0x200001d0    0x14  Data  Gb  usbd_cdc_vcp.o [1]
WWDG_IRQHandler         0x0800af2d          Code  Wk  startup_stm32f2xx.o [1]
_EncodingSb_Mbtowc      0x080056cf    0x30  Code  Gb  xencoding_sb.o [3]
_EncodingSb_Wctomb      0x080056b5    0x1a  Code  Gb  xencoding_sb.o [3]
_GenldFull              0x080048e1   0x248  Code  Lc  xprintffull.o [3]
_IsdstStr               0x2000008c     0x4  Data  Gb  setlocale.o [3]
_LdtobFull              0x08004519   0x3c2  Code  Lc  xprintffull.o [3]
_LitobFull              0x080043bb   0x10c  Code  Lc  xprintffull.o [3]
_LocaleEncoding         0x080056a1     0xe  Code  Gb  setlocale.o [3]
_LocaleReturnString     0x200000ac    0x50  Data  Lc  setlocale.o [3]
_Locale_Profile         0x20000090    0x1c  Data  Gb  setlocale.o [3]
_Locale_aeabi_lconv     0x20000050    0x38  Data  Gb  localeconv.o [3]
_Locale_lconv           0x20000000    0x50  Data  Gb  localeconv.o [3]
_Mbtowc                 0x08004b73    0x20  Code  Gb  xmbtowc.o [3]
_PrintfFull             0x08003aad   0x5b6  Code  Gb  xprintffull.o [3]
_PutcharsFull           0x08004b29    0x2e  Code  Lc  xprintffull.o [3]
_PutstrFull             0x08004079   0x33c  Code  Lc  xprintffull.o [3]
_SProut                 0x08003593     0xa  Code  Gb  xsprout.o [3]
_TzoneStr               0x20000088     0x4  Data  Gb  setlocale.o [3]
_Wctomb                 0x08004cf9    0x1a  Code  Gb  xwctomb.o [3]
__aeabi_cdcmple         0x08005069          Code  Gb  DblCmpLe.o [4]
__aeabi_cdrcmple        0x08005099          Code  Gb  DblCmpGe.o [4]
__aeabi_d2iz            0x080051d5          Code  Gb  DblToI32.o [4]
__aeabi_d2uiz           0x08005201          Code  Gb  DblToI32.o [4]
__aeabi_ddiv            0x080053dd          Code  Gb  DblDiv.o [4]
__aeabi_dmul            0x08004e85          Code  Gb  DblMul.o [4]
__aeabi_dsub            0x0800525d          Code  Gb  DblSub.o [4]
__aeabi_f2iz            0x08009801          Code  Gb  FltToS32.o [4]
__aeabi_fadd            0x0800a0f5          Code  Gb  FltAdd.o [4]
__aeabi_fdiv            0x08009845          Code  Gb  FltDiv.o [4]
__aeabi_fmul            0x08009729          Code  Gb  FltMul.o [4]
__aeabi_i2d             0x0800522d          Code  Gb  I32ToDbl.o [4]
__aeabi_ldiv0           0x08005741          Code  Gb  I64DivZer.o [5]
__aeabi_memcpy          0x08003989          Code  Gb  ABImemcpy.o [5]
__aeabi_memcpy4         0x080039a9          Code  Gb  ABImemcpy.o [5]
__aeabi_memcpy8         0x080039a9          Code  Gb  ABImemcpy.o [5]
__aeabi_memset          0x0800a225          Code  Gb  ABImemset.o [5]
__aeabi_ui2d            0x08005241          Code  Gb  I32ToDbl.o [4]
__aeabi_ui2f            0x08009709          Code  Gb  I32ToFlt.o [4]
__aeabi_uldivmod        0x08004d95          Code  Gb  I64DivMod.o [5]
__cmain                 0x0800ae35          Code  Gb  cmain.o [5]
__data_Aldata           0x200064a8     0x8  Data  Gb  xxmemxmalloc.o [3]
__data_GetMemChunk      0x08005715    0x2c  Code  Gb  xgetmemchunk.o [3]
__exit                  0x0800ad69    0x14  Code  Gb  exit.o [6]
__iar_Dnorm             0x08005027    0x42  Code  Gb  xdnorm.o [4]
__iar_Dscale            0x080050c9   0x10c  Code  Gb  xdscale.o [4]
__iar_Locale_lconv_init
                        0x08005625    0x3a  Code  Gb  localeconv.o [3]
__iar_Mbcurmax          0x08004c3d     0xa  Code  Gb  xmbcurmax.o [3]
__iar_Memchr            0x08004be5          Code  Gb  memchr.o [5]
__iar_Memset            0x0800a225          Code  Gb  ABImemset.o [5]
__iar_Memset_word       0x0800a22d          Code  Gb  ABImemset.o [5]
__iar_Strchr            0x08004b95          Code  Gb  strchr.o [5]
__iar_d2uiz             0x0800520d          Code  Gb  DblToI32.o [4]
__iar_dadd              0x08005745          Code  Gb  DblAdd.o [4]
__iar_data_init3        0x0800ad7d    0x28  Code  Gb  data_init.o [5]
__iar_dlib_perthread_access
                        0x08005819     0x2  Code  Gb  xtls.o [3]
__iar_dsub              0x08005271          Code  Gb  DblSub.o [4]
__iar_dsubStart         0x08005283          Code  Gb  DblSub.o [4]
__iar_fadd              0x0800a105          Code  Gb  FltAdd.o [4]
__iar_fsub              0x0800a28d          Code  Gb  FltSub.o [4]
__iar_fsubStart         0x0800a29d          Code  Gb  FltSub.o [4]
__iar_packbits_init3    0x0800acd3    0x8e  Code  Gb  packbits_init.o [5]
__iar_program_start     0x0800aeed          Code  Gb  cstartup_M.o [5]
__iar_ui2d              0x08005245          Code  Gb  I32ToDbl.o [4]
__iar_ui2f              0x0800970d          Code  Gb  I32ToFlt.o [4]
__iar_zero_init3        0x0800185f    0x22  Code  Gb  zero_init3.o [5]
__low_level_init        0x0800ae4b     0x4  Code  Gb  low_level_init.o [3]
__vector_table          0x08000000          Data  Gb  startup_stm32f2xx.o [1]
_call_main              0x0800ae41          Code  Gb  cmain.o [5]
_exit                   0x0800ae55          Code  Gb  cexit.o [5]
_main                   0x0800ae47          Code  Gb  cmain.o [5]
abort                   0x0800ad61     0x6  Code  Gb  abort.o [3]
adc12_dma_buffer        0x20006478     0xc  Data  Lc  adc12.o [1]
adc12_output_buffer     0x20006484     0xc  Data  Lc  adc12.o [1]
adc12_vref              0x20000220     0x2  Data  Lc  adc12.o [1]
capture                 0x200064cc     0x4  Data  Gb  stm32f2xx_it.o [1]
capture_ch2             0x20006444    0x14  Data  Gb  timer.o [1]
cdcCmd                  0x20000214     0x4  Data  Lc  usbd_cdc_core.o [1]
cdcLen                  0x20006518     0x4  Data  Lc  usbd_cdc_core.o [1]
check_fs                0x08000c7d    0x7a  Code  Lc  ff.o [1]
chk_chr                 0x080001db    0x14  Code  Lc  ff.o [1]
chk_mounted             0x08000cf7   0x444  Code  Lc  ff.o [1]
clust2sect              0x0800033f    0x1a  Code  Gb  ff.o [1]
create_chain            0x0800062d    0xdc  Code  Lc  ff.o [1]
create_name             0x080009e9   0x1d6  Code  Lc  ff.o [1]
dir_find                0x080008ff    0x68  Code  Lc  ff.o [1]
dir_next                0x080007bf   0x140  Code  Lc  ff.o [1]
dir_register            0x08000967    0x82  Code  Lc  ff.o [1]
dir_sdi                 0x08000709    0xb6  Code  Lc  ff.o [1]
disk_initialize         0x08001881    0x22  Code  Gb  sdio-stm32f2.o [1]
disk_ioctl              0x08001a2f     0x6  Code  Gb  sdio-stm32f2.o [1]
disk_read               0x080018bb    0xba  Code  Gb  sdio-stm32f2.o [1]
disk_status             0x080018a3    0x18  Code  Gb  sdio-stm32f2.o [1]
disk_write              0x08001975    0xba  Code  Gb  sdio-stm32f2.o [1]
div                     0x08005691     0xe  Code  Gb  div.o [3]
exit                    0x0800ae4f     0x4  Code  Gb  exit.o [3]
f_close                 0x08001651    0x1c  Code  Gb  ff.o [1]
f_lseek                 0x08001685   0x1da  Code  Gb  ff.o [1]
f_mount                 0x08001169    0x36  Code  Gb  ff.o [1]
f_open                  0x080011a5   0x1a6  Code  Gb  ff.o [1]
f_sync                  0x0800158d    0xc4  Code  Gb  ff.o [1]
f_write                 0x0800134b   0x242  Code  Gb  ff.o [1]
follow_path             0x08000bbf    0xbe  Code  Lc  ff.o [1]
free                    0x08004d15    0x7a  Code  Gb  xxmemxfree.o [3]
get_fat                 0x08000359    0xfe  Code  Gb  ff.o [1]
get_fattime             0x08001a35     0x4  Code  Gb  sdio-stm32f2.o [1]
heapSTRUCT_SIZE         0x080039fe     0x2  Data  Lc  heap_2.o [1]
ihm                     0x200063b8    0x14  Data  Gb  ihm.o [1]
ir_gen                  0x200061b8    0xd0  Data  Gb  timer.o [1]
iv_tracer               0x20004624   0xca0  Data  Lc  IV.o [1]
linecoding              0x200001f8     0x8  Data  Gb  usbd_cdc_vcp.o [1]
localeconv              0x0800565f    0x16  Code  Gb  localeconv.o [3]
main                    0x0800abf5    0x70  Code  Gb  main.o [1]
malloc                  0x08004c49    0xac  Code  Gb  xxmemxmalloc.o [3]
mem_cmp                 0x080001b7    0x24  Code  Lc  ff.o [1]
mem_cpy                 0x08000185    0x1c  Code  Lc  ff.o [1]
mem_set                 0x080001a1    0x16  Code  Lc  ff.o [1]
memchr                  0x08004be5          Code  Gb  memchr.o [5]
memcpy                  0x080030c5    0x16  Code  Gb  sdio-stm32f2.o [1]
memset                  0x08009a99    0x16  Code  Gb  IV.o [1]
move_window             0x080001ef    0x78  Code  Lc  ff.o [1]
prvAddCurrentTaskToDelayedList
                        0x08006c51    0x3e  Code  Lc  tasks.o [1]
prvAllocateTCBAndStack  0x08006c95    0x38  Code  Lc  tasks.o [1]
prvCheckTasksWaitingTermination
                        0x08006bf5    0x5c  Code  Lc  tasks.o [1]
prvCopyDataFromQueue    0x080088f9    0x2c  Code  Lc  queue.o [1]
prvCopyDataToQueue      0x08008889    0x70  Code  Lc  queue.o [1]
prvDeleteTCB            0x08006ccd    0x12  Code  Lc  tasks.o [1]
prvHeapInit             0x0800706b    0x2e  Code  Lc  heap_2.o [1]
prvIdleTask             0x08006b3d    0x16  Code  Lc  tasks.o [1]
prvInitialiseTCBVariables
                        0x08006b53    0x5c  Code  Lc  tasks.o [1]
prvInitialiseTaskLists  0x08006baf    0x46  Code  Lc  tasks.o [1]
prvIsQueueEmpty         0x0800898f    0x20  Code  Lc  queue.o [1]
prvIsQueueFull          0x080089af    0x22  Code  Lc  queue.o [1]
prvResetNextTaskUnblockTime
                        0x08006cdf    0x26  Code  Lc  tasks.o [1]
prvTaskExitError        0x08006d71     0x8  Code  Lc  port.o [1]
prvTaskIsTaskSuspended  0x080066a5    0x2a  Code  Lc  tasks.o [1]
prvUnlockQueue          0x08008925    0x6a  Code  Lc  queue.o [1]
put_fat                 0x08000457   0x164  Code  Gb  ff.o [1]
pvPortMalloc            0x08006f65    0xc2  Code  Gb  heap_2.o [1]
pxCurrentTCB            0x200064d0     0x4  Data  Gb  tasks.o [1]
pxDelayedTaskList       0x200064d4     0x4  Data  Lc  tasks.o [1]
pxOverflowDelayedTaskList
                        0x200064d8     0x4  Data  Lc  tasks.o [1]
pxPortInitialiseStack   0x08006d55    0x1c  Code  Gb  port.o [1]
pxReadyTasksLists       0x20006288    0x64  Data  Lc  tasks.o [1]
remove_chain            0x080005bb    0x72  Code  Lc  ff.o [1]
scale                   0x080044cd    0x46  Code  Lc  xprintffull.o [3]
sprintf                 0x08009af5    0x34  Code  Gb  sprintf.o [3]
strchr                  0x08004b95          Code  Gb  strchr.o [5]
strcpy                  0x08009ab1          Code  Gb  strcpy.o [5]
strlen                  0x08004bad          Code  Gb  strlen.o [5]
sync                    0x08000267    0xd8  Code  Lc  ff.o [1]
tim8_tick               0x20006504     0x4  Data  Lc  timer.o [1]
ucHeap                  0x20000224  0x4400  Data  Lc  heap_2.o [1]
ulPortSetInterruptMask  0x08006f13          Code  Gb  portasm.o [1]
usbd_cdc_AltSet         0x20006508     0x4  Data  Lc  usbd_cdc_core.o [1]
usbd_cdc_CfgDesc        0x200000fc    0x44  Data  Gb  usbd_cdc_core.o [1]
usbd_cdc_DataIn         0x0800a4d1    0x7c  Code  Lc  usbd_cdc_core.o [1]
usbd_cdc_DataOut        0x0800a54d    0x30  Code  Lc  usbd_cdc_core.o [1]
usbd_cdc_DeInit         0x0800a3b1    0x28  Code  Lc  usbd_cdc_core.o [1]
usbd_cdc_EP0_RxReady    0x0800a4ab    0x26  Code  Lc  usbd_cdc_core.o [1]
usbd_cdc_Init           0x0800a365    0x4c  Code  Lc  usbd_cdc_core.o [1]
usbd_cdc_SOF            0x0800a57d    0x22  Code  Lc  usbd_cdc_core.o [1]
usbd_cdc_Setup          0x0800a3d9    0xd2  Code  Lc  usbd_cdc_core.o [1]
uxCriticalNesting       0x20000208     0x4  Data  Lc  port.o [1]
uxCurrentNumberOfTasks  0x200064e0     0x4  Data  Lc  tasks.o [1]
uxListRemove            0x08006eab    0x28  Code  Gb  list.o [1]
uxPendedTicks           0x200064f0     0x4  Data  Lc  tasks.o [1]
uxSchedulerSuspended    0x20006500     0x4  Data  Lc  tasks.o [1]
uxTaskNumber            0x200064fc     0x4  Data  Lc  tasks.o [1]
uxTasksDeleted          0x200064dc     0x4  Data  Lc  tasks.o [1]
uxTopReadyPriority      0x200064e8     0x4  Data  Lc  tasks.o [1]
vIHMTask                0x08009439    0x84  Code  Lc  ihm.o [1]
vIVTask                 0x08008ff9    0x2e  Code  Lc  IV.o [1]
vListInitialise         0x08006e35    0x1e  Code  Gb  list.o [1]
vListInitialiseItem     0x08006e53     0x6  Code  Gb  list.o [1]
vListInsert             0x08006e71    0x3a  Code  Gb  list.o [1]
vListInsertEnd          0x08006e59    0x18  Code  Gb  list.o [1]
vPortClearInterruptMask
                        0x08006f21          Code  Gb  portasm.o [1]
vPortEnterCritical      0x08006db7    0x1a  Code  Gb  port.o [1]
vPortExitCritical       0x08006dd1    0x1c  Code  Gb  port.o [1]
vPortFree               0x08007027    0x44  Code  Gb  heap_2.o [1]
vPortSVCHandler         0x08006f27          Code  Gb  portasm.o [1]
vPortSetupTimerInterrupt
                        0x08006e0d     0xe  Code  Wk  port.o [1]
vPortStartFirstTask     0x08006f47          Code  Gb  portasm.o [1]
vPortYield              0x08006da5    0x12  Code  Gb  port.o [1]
vTaskDelayUntil         0x080065ab    0x70  Code  Gb  tasks.o [1]
vTaskMissedYield        0x08006b35     0x8  Code  Gb  tasks.o [1]
vTaskPlaceOnEventList   0x08006a0f    0x4c  Code  Gb  tasks.o [1]
vTaskResume             0x080066cf    0x66  Code  Gb  tasks.o [1]
vTaskSetTimeOutState    0x08006ac9     0xe  Code  Gb  tasks.o [1]
vTaskStartScheduler     0x08006735    0x42  Code  Gb  tasks.o [1]
vTaskSuspend            0x0800661b    0x8a  Code  Gb  tasks.o [1]
vTaskSuspendAll         0x08006777    0x10  Code  Gb  tasks.o [1]
vTaskSwitchContext      0x08006999    0x76  Code  Gb  tasks.o [1]
vTestTask               0x0800ac79    0x38  Code  Lc  main.o [1]
validate                0x0800113b    0x2e  Code  Lc  ff.o [1]
xDelayedTaskList1       0x200063e0    0x14  Data  Lc  tasks.o [1]
xDelayedTaskList2       0x200063f4    0x14  Data  Lc  tasks.o [1]
xEnd                    0x20006498     0x8  Data  Lc  heap_2.o [1]
xFreeBytesRemaining     0x20000204     0x4  Data  Lc  heap_2.o [1]
xNextTaskUnblockTime    0x20000210     0x4  Data  Lc  tasks.o [1]
xNumOfOverflows         0x200064f8     0x4  Data  Lc  tasks.o [1]
xPendingReadyList       0x20006408    0x14  Data  Lc  tasks.o [1]
xPortPendSVHandler      0x08006ed5          Code  Gb  portasm.o [1]
xPortStartScheduler     0x08006d79    0x2c  Code  Gb  port.o [1]
xPortSysTickHandler     0x08006ded    0x20  Code  Gb  port.o [1]
xQueueGenericCreate     0x080085c3    0x50  Code  Gb  queue.o [1]
xQueueGenericReceive    0x08008777   0x112  Code  Gb  queue.o [1]
xQueueGenericReset      0x08008555    0x6e  Code  Gb  queue.o [1]
xQueueGenericSend       0x08008613    0xee  Code  Gb  queue.o [1]
xQueueGenericSendFromISR
                        0x08008701    0x76  Code  Gb  queue.o [1]
xSchedulerRunning       0x200064ec     0x4  Data  Lc  tasks.o [1]
xStart                  0x20006490     0x8  Data  Lc  heap_2.o [1]
xSuspendedTaskList      0x20006430    0x14  Data  Lc  tasks.o [1]
xTaskCheckForTimeOut    0x08006ad7    0x5e  Code  Gb  tasks.o [1]
xTaskGenericCreate      0x08006485   0x126  Code  Gb  tasks.o [1]
xTaskGetTickCount       0x08006861    0x16  Code  Gb  tasks.o [1]
xTaskIncrementTick      0x08006877   0x122  Code  Gb  tasks.o [1]
xTaskRemoveFromEventList
                        0x08006a5b    0x6e  Code  Gb  tasks.o [1]
xTaskResumeAll          0x08006787    0xda  Code  Gb  tasks.o [1]
xTasksWaitingTermination
                        0x2000641c    0x14  Data  Lc  tasks.o [1]
xTickCount              0x200064e4     0x4  Data  Lc  tasks.o [1]
xYieldPending           0x200064f4     0x4  Data  Lc  tasks.o [1]


[1] = C:\git\blfw\blfw_fork_EB\app\Debug\Obj
[2] = command line
[3] = dl7M_tlf.a
[4] = m7M_tl.a
[5] = rt7M_tl.a
[6] = shb_l.a

  44 880 bytes of readonly  code memory
     586 bytes of readonly  data memory
  42 296 bytes of readwrite data memory

Errors: none
Warnings: none
