###############################################################################
#                                                                             #
# IAR ELF Linker V6.50.3.4676/W32 for ARM               31/Jul/2014  03:49:11 #
# Copyright 2007-2013 IAR Systems AB.                                         #
#                                                                             #
#    Output file  =  C:\git\blfw\blfw_fork_EB\app\Debug\Exe\c.out             #
#    Map file     =  C:\git\blfw\blfw_fork_EB\app\Debug\List\c.map            #
#    Command line =  C:\git\blfw\blfw_fork_EB\app\Debug\Obj\IV.o              #
#                    C:\git\blfw\blfw_fork_EB\app\Debug\Obj\adc12.o           #
#                    C:\git\blfw\blfw_fork_EB\app\Debug\Obj\dac.o             #
#                    C:\git\blfw\blfw_fork_EB\app\Debug\Obj\ff.o              #
#                    C:\git\blfw\blfw_fork_EB\app\Debug\Obj\fifo.o            #
#                    C:\git\blfw\blfw_fork_EB\app\Debug\Obj\fsm.o             #
#                    C:\git\blfw\blfw_fork_EB\app\Debug\Obj\heap_2.o          #
#                    C:\git\blfw\blfw_fork_EB\app\Debug\Obj\list.o            #
#                    C:\git\blfw\blfw_fork_EB\app\Debug\Obj\main.o            #
#                    C:\git\blfw\blfw_fork_EB\app\Debug\Obj\misc.o            #
#                    C:\git\blfw\blfw_fork_EB\app\Debug\Obj\port.o            #
#                    C:\git\blfw\blfw_fork_EB\app\Debug\Obj\portasm.o         #
#                    C:\git\blfw\blfw_fork_EB\app\Debug\Obj\queue.o           #
#                    C:\git\blfw\blfw_fork_EB\app\Debug\Obj\sdio-stm32f2.o    #
#                    C:\git\blfw\blfw_fork_EB\app\Debug\Obj\startup_stm32f2xx #
#                    .o C:\git\blfw\blfw_fork_EB\app\Debug\Obj\stm322xg_eval. #
#                    o C:\git\blfw\blfw_fork_EB\app\Debug\Obj\stm322xg_eval_s #
#                    dio_sd.o C:\git\blfw\blfw_fork_EB\app\Debug\Obj\stm32f2x #
#                    x_adc.o C:\git\blfw\blfw_fork_EB\app\Debug\Obj\stm32f2xx #
#                    _can.o C:\git\blfw\blfw_fork_EB\app\Debug\Obj\stm32f2xx_ #
#                    crc.o C:\git\blfw\blfw_fork_EB\app\Debug\Obj\stm32f2xx_c #
#                    ryp.o C:\git\blfw\blfw_fork_EB\app\Debug\Obj\stm32f2xx_c #
#                    ryp_aes.o C:\git\blfw\blfw_fork_EB\app\Debug\Obj\stm32f2 #
#                    xx_cryp_des.o C:\git\blfw\blfw_fork_EB\app\Debug\Obj\stm #
#                    32f2xx_cryp_tdes.o C:\git\blfw\blfw_fork_EB\app\Debug\Ob #
#                    j\stm32f2xx_dac.o C:\git\blfw\blfw_fork_EB\app\Debug\Obj #
#                    \stm32f2xx_dbgmcu.o C:\git\blfw\blfw_fork_EB\app\Debug\O #
#                    bj\stm32f2xx_dcmi.o C:\git\blfw\blfw_fork_EB\app\Debug\O #
#                    bj\stm32f2xx_dma.o C:\git\blfw\blfw_fork_EB\app\Debug\Ob #
#                    j\stm32f2xx_exti.o C:\git\blfw\blfw_fork_EB\app\Debug\Ob #
#                    j\stm32f2xx_flash.o C:\git\blfw\blfw_fork_EB\app\Debug\O #
#                    bj\stm32f2xx_fsmc.o C:\git\blfw\blfw_fork_EB\app\Debug\O #
#                    bj\stm32f2xx_gpio.o C:\git\blfw\blfw_fork_EB\app\Debug\O #
#                    bj\stm32f2xx_hash.o C:\git\blfw\blfw_fork_EB\app\Debug\O #
#                    bj\stm32f2xx_hash_md5.o C:\git\blfw\blfw_fork_EB\app\Deb #
#                    ug\Obj\stm32f2xx_hash_sha1.o                             #
#                    C:\git\blfw\blfw_fork_EB\app\Debug\Obj\stm32f2xx_i2c.o   #
#                    C:\git\blfw\blfw_fork_EB\app\Debug\Obj\stm32f2xx_it.o    #
#                    C:\git\blfw\blfw_fork_EB\app\Debug\Obj\stm32f2xx_iwdg.o  #
#                    C:\git\blfw\blfw_fork_EB\app\Debug\Obj\stm32f2xx_pwr.o   #
#                    C:\git\blfw\blfw_fork_EB\app\Debug\Obj\stm32f2xx_rcc.o   #
#                    C:\git\blfw\blfw_fork_EB\app\Debug\Obj\stm32f2xx_rng.o   #
#                    C:\git\blfw\blfw_fork_EB\app\Debug\Obj\stm32f2xx_rtc.o   #
#                    C:\git\blfw\blfw_fork_EB\app\Debug\Obj\stm32f2xx_sdio.o  #
#                    C:\git\blfw\blfw_fork_EB\app\Debug\Obj\stm32f2xx_spi.o   #
#                    C:\git\blfw\blfw_fork_EB\app\Debug\Obj\stm32f2xx_syscfg. #
#                    o C:\git\blfw\blfw_fork_EB\app\Debug\Obj\stm32f2xx_tim.o #
#                     C:\git\blfw\blfw_fork_EB\app\Debug\Obj\stm32f2xx_usart. #
#                    o C:\git\blfw\blfw_fork_EB\app\Debug\Obj\stm32f2xx_wwdg. #
#                    o C:\git\blfw\blfw_fork_EB\app\Debug\Obj\system_stm32f2x #
#                    x.o C:\git\blfw\blfw_fork_EB\app\Debug\Obj\systick.o     #
#                    C:\git\blfw\blfw_fork_EB\app\Debug\Obj\tasks.o           #
#                    C:\git\blfw\blfw_fork_EB\app\Debug\Obj\timer.o           #
#                    C:\git\blfw\blfw_fork_EB\app\Debug\Obj\usb_bsp.o         #
#                    C:\git\blfw\blfw_fork_EB\app\Debug\Obj\usb_core.o        #
#                    C:\git\blfw\blfw_fork_EB\app\Debug\Obj\usb_dcd.o         #
#                    C:\git\blfw\blfw_fork_EB\app\Debug\Obj\usb_dcd_int.o     #
#                    C:\git\blfw\blfw_fork_EB\app\Debug\Obj\usbd_cdc_core.o   #
#                    C:\git\blfw\blfw_fork_EB\app\Debug\Obj\usbd_cdc_vcp.o    #
#                    C:\git\blfw\blfw_fork_EB\app\Debug\Obj\usbd_core.o       #
#                    C:\git\blfw\blfw_fork_EB\app\Debug\Obj\usbd_desc.o       #
#                    C:\git\blfw\blfw_fork_EB\app\Debug\Obj\usbd_ioreq.o      #
#                    C:\git\blfw\blfw_fork_EB\app\Debug\Obj\usbd_req.o        #
#                    C:\git\blfw\blfw_fork_EB\app\Debug\Obj\usbd_usr.o        #
#                    C:\git\blfw\blfw_fork_EB\app\Debug\Obj\utils.o -o        #
#                    C:\git\blfw\blfw_fork_EB\app\Debug\Exe\c.out --redirect  #
#                    _Printf=_PrintfFull --redirect _Scanf=_ScanfFull --map   #
#                    C:\git\blfw\blfw_fork_EB\app\Debug\List\c.map --config   #
#                    "C:\Program Files (x86)\IAR Systems\Embedded Workbench   #
#                    6.5\arm\config\linker\ST\stm32f207xE.icf" --semihosting  #
#                    --entry __iar_program_start --vfe                        #
#                                                                             #
#                                                                             #
###############################################################################

*******************************************************************************
*** RUNTIME MODEL ATTRIBUTES
***

CppFlavor                     = *
__Heap_Handler                = Basic
__SystemLibrary               = DLib
__dlib_dynamic_initialization = normal


*******************************************************************************
*** PLACEMENT SUMMARY
***

"A1":  place at 0x08000000 { ro section .intvec };
"P1":  place in [from 0x08000000 to 0x0807ffff] { ro };
"P2":  place in [from 0x20000000 to 0x2001ffff] { rw, block CSTACK, block HEAP };

  Section             Kind        Address    Size  Object
  -------             ----        -------    ----  ------
"A1":                                       0x184
  .intvec             ro code  0x08000000   0x184  startup_stm32f2xx.o [1]
                             - 0x08000184   0x184

"P1":                                      0xa6f4
  .text               ro code  0x08000184  0x18ea  ff.o [1]
  .text               ro code  0x08001a6e    0x22  zero_init3.o [5]
  .text               ro code  0x08001a90   0x1c0  sdio-stm32f2.o [1]
  .text               ro code  0x08001c50  0x1684  stm322xg_eval_sdio_sd.o [1]
  .text               ro code  0x080032d4    0x16  sdio-stm32f2.o [1]
  .text               ro code  0x080032ea     0xe  usbd_usr.o [1]
  .text               ro code  0x080032f8   0x210  stm322xg_eval.o [1]
  .text               ro code  0x08003508   0x17c  stm32f2xx_sdio.o [1]
  .text               ro code  0x08003684   0x11e  stm32f2xx_gpio.o [1]
  .text               ro code  0x080037a2     0xa  xsprout.o [3]
  .text               ro code  0x080037ac   0x328  stm32f2xx_dma.o [1]
  .text               ro code  0x08003ad4    0xc4  misc.o [1]
  .text               ro code  0x08003b98    0x76  ABImemcpy.o [5]
  .rodata             const    0x08003c0e     0x2  heap_2.o [1]
  .text               ro code  0x08003c10    0xac  stm32f2xx_rcc.o [1]
  .text               ro code  0x08003cbc  0x10c6  xprintffull.o [3]
  .text               ro code  0x08004d82    0x20  xmbtowc.o [3]
  .text               ro code  0x08004da4    0x16  strchr.o [5]
  .text               ro code  0x08004dbc    0x36  strlen.o [5]
  .text               ro code  0x08004df4    0x58  memchr.o [5]
  .text               ro code  0x08004e4c     0xa  xmbcurmax.o [3]
  .text               ro code  0x08004e58    0xb0  xxmemxmalloc.o [3]
  .text               ro code  0x08004f08    0x1a  xwctomb.o [3]
  .text               ro code  0x08004f24    0x80  xxmemxfree.o [3]
  .text               ro code  0x08004fa4    0xee  I64DivMod.o [5]
  .text               ro code  0x08005094   0x1a2  DblMul.o [4]
  .text               ro code  0x08005236    0x42  xdnorm.o [4]
  .text               ro code  0x08005278    0x2e  DblCmpLe.o [4]
  .text               ro code  0x080052a8    0x2e  DblCmpGe.o [4]
  .text               ro code  0x080052d8   0x10c  xdscale.o [4]
  .text               ro code  0x080053e4    0x58  DblToI32.o [4]
  .text               ro code  0x0800543c    0x30  I32ToDbl.o [4]
  .text               ro code  0x0800546c   0x180  DblSub.o [4]
  .text               ro code  0x080055ec   0x246  DblDiv.o [4]
  .text               ro code  0x08005834    0x6c  localeconv.o [3]
  .text               ro code  0x080058a0     0xe  div.o [3]
  .text               ro code  0x080058b0    0x14  setlocale.o [3]
  .text               ro code  0x080058c4    0x60  xencoding_sb.o [3]
  .text               ro code  0x08005924    0x2c  xgetmemchunk.o [3]
  .text               ro code  0x08005950     0x2  I64DivZer.o [5]
  .text               ro code  0x08005954    0xd4  DblAdd.o [4]
  .text               ro code  0x08005a28     0x2  xtls.o [3]
  .text               ro code  0x08005a2c   0xb56  usb_core.o [1]
  .text               ro code  0x08006584   0x110  usb_bsp.o [1]
  .text               ro code  0x08006694   0x6e2  usb_dcd_int.o [1]
  .text               ro code  0x08006d78   0x6be  usbd_req.o [1]
  .text               ro code  0x08007436    0xe4  usbd_ioreq.o [1]
  .text               ro code  0x0800751a   0x2e6  usb_dcd.o [1]
  .text               ro code  0x08007800   0x338  usbd_core.o [1]
  .text               ro code  0x08007b38   0x688  tasks.o [1]
  .text               ro code  0x080081c0    0xe0  port.o [1]
  .text               ro code  0x080082a0    0x9e  list.o [1]
  CODE                ro code  0x08008340    0x90  portasm.o [1]
  .text               ro code  0x080083d0   0x14c  heap_2.o [1]
  .text               ro code  0x0800851c   0x3f6  stm32f2xx_tim.o [1]
  .text               ro code  0x08008914   0x340  usbd_cdc_core.o [1]
  .text               ro code  0x08008c54   0x2b4  IV.o [1]
  .text               ro code  0x08008f08    0x4e  fifo.o [1]
  .text               ro code  0x08008f58   0x230  adc12.o [1]
  .text               ro code  0x08009188    0x1e  I32ToFlt.o [4]
  .text               ro code  0x080091a8    0xd8  FltMul.o [4]
  .text               ro code  0x08009280    0x44  FltToS32.o [4]
  .text               ro code  0x080092c4    0xfc  FltDiv.o [4]
  .text               ro code  0x080093c0   0x106  dac.o [1]
  .text               ro code  0x080094c8    0x20  fsm.o [1]
  .text               ro code  0x080094e8    0x16  main.o [1]
  .text               ro code  0x08009500    0x44  strcpy.o [5]
  .text               ro code  0x08009544    0x34  sprintf.o [3]
  .text               ro code  0x08009578   0x20c  stm32f2xx_adc.o [1]
  .text               ro code  0x08009784   0x2a0  timer.o [1]
  .text               ro code  0x08009a24    0x84  FltAdd.o [4]
  .text               ro code  0x08009aa8    0xac  stm32f2xx_dac.o [1]
  .text               ro code  0x08009b54    0x66  ABImemset.o [5]
  .text               ro code  0x08009bbc    0xd6  FltSub.o [4]
  .text               ro code  0x08009c94   0x1f4  main.o [1]
  .text               ro code  0x08009e88   0x1a0  stm32f2xx_it.o [1]
  .text               ro code  0x0800a028   0x124  system_stm32f2xx.o [1]
  .text               ro code  0x0800a14c     0xc  stm32f2xx_exti.o [1]
  .text               ro code  0x0800a158   0x12e  usbd_cdc_vcp.o [1]
  .text               ro code  0x0800a288    0xe8  usbd_desc.o [1]
  .text               ro code  0x0800a370    0xb0  packbits_init.o [5]
  .text               ro code  0x0800a420     0x6  abort.o [3]
  .text               ro code  0x0800a428    0x14  exit.o [6]
  .text               ro code  0x0800a43c    0x28  data_init.o [5]
  .rodata             const    0x0800a464    0x24  usbd_desc.o [1]
  .rodata             const    0x0800a488    0x24  usbd_desc.o [1]
  .iar.init_table     const    0x0800a4ac    0x2c  - Linker created -
  .rodata             const    0x0800a4d8    0x1c  IV.o [1]
  .text               ro code  0x0800a4f4    0x16  cmain.o [5]
  .text               ro code  0x0800a50a     0x4  low_level_init.o [3]
  .text               ro code  0x0800a50e     0x4  exit.o [3]
  .text               ro code  0x0800a514     0xa  cexit.o [5]
  .rodata             const    0x0800a520    0x14  usbd_desc.o [1]
  .rodata             const    0x0800a534    0x10  IV.o [1]
  .rodata             const    0x0800a544    0x10  ff.o [1]
  .rodata             const    0x0800a554    0x10  main.o [1]
  .rodata             const    0x0800a564    0x10  usbd_desc.o [1]
  .rodata             const    0x0800a574    0x10  usbd_desc.o [1]
  .rodata             const    0x0800a584    0x10  usbd_desc.o [1]
  .text               ro code  0x0800a594    0x10  startup_stm32f2xx.o [1]
  .rodata             const    0x0800a5a4     0xc  IV.o [1]
  .rodata             const    0x0800a5b0     0xc  main.o [1]
  .rodata             const    0x0800a5bc     0xc  usbd_desc.o [1]
  .text               ro code  0x0800a5c8     0xc  cstartup_M.o [5]
  .rodata             const    0x0800a5d4     0x8  main.o [1]
  .rodata             const    0x0800a5dc     0x8  tasks.o [1]
  .text               ro code  0x0800a5e4     0x4  startup_stm32f2xx.o [1]
  .text               ro code  0x0800a5e8     0x4  startup_stm32f2xx.o [1]
  .text               ro code  0x0800a5ec     0x4  startup_stm32f2xx.o [1]
  .text               ro code  0x0800a5f0     0x4  startup_stm32f2xx.o [1]
  .text               ro code  0x0800a5f4     0x4  startup_stm32f2xx.o [1]
  .text               ro code  0x0800a5f8     0x4  startup_stm32f2xx.o [1]
  .text               ro code  0x0800a5fc     0x4  startup_stm32f2xx.o [1]
  .text               ro code  0x0800a600     0x4  startup_stm32f2xx.o [1]
  .text               ro code  0x0800a604     0x4  startup_stm32f2xx.o [1]
  .text               ro code  0x0800a608     0x4  startup_stm32f2xx.o [1]
  .text               ro code  0x0800a60c     0x4  startup_stm32f2xx.o [1]
  .text               ro code  0x0800a610     0x4  startup_stm32f2xx.o [1]
  .text               ro code  0x0800a614     0x4  startup_stm32f2xx.o [1]
  .text               ro code  0x0800a618     0x4  startup_stm32f2xx.o [1]
  .text               ro code  0x0800a61c     0x4  startup_stm32f2xx.o [1]
  .text               ro code  0x0800a620     0x4  startup_stm32f2xx.o [1]
  .text               ro code  0x0800a624     0x4  startup_stm32f2xx.o [1]
  .text               ro code  0x0800a628     0x4  startup_stm32f2xx.o [1]
  .text               ro code  0x0800a62c     0x4  startup_stm32f2xx.o [1]
  .text               ro code  0x0800a630     0x4  startup_stm32f2xx.o [1]
  .text               ro code  0x0800a634     0x4  startup_stm32f2xx.o [1]
  .text               ro code  0x0800a638     0x4  startup_stm32f2xx.o [1]
  .text               ro code  0x0800a63c     0x4  startup_stm32f2xx.o [1]
  .text               ro code  0x0800a640     0x4  startup_stm32f2xx.o [1]
  .text               ro code  0x0800a644     0x4  startup_stm32f2xx.o [1]
  .text               ro code  0x0800a648     0x4  startup_stm32f2xx.o [1]
  .text               ro code  0x0800a64c     0x4  startup_stm32f2xx.o [1]
  .text               ro code  0x0800a650     0x4  startup_stm32f2xx.o [1]
  .text               ro code  0x0800a654     0x4  startup_stm32f2xx.o [1]
  .text               ro code  0x0800a658     0x4  startup_stm32f2xx.o [1]
  .text               ro code  0x0800a65c     0x4  startup_stm32f2xx.o [1]
  .text               ro code  0x0800a660     0x4  startup_stm32f2xx.o [1]
  .text               ro code  0x0800a664     0x4  startup_stm32f2xx.o [1]
  .text               ro code  0x0800a668     0x4  startup_stm32f2xx.o [1]
  .text               ro code  0x0800a66c     0x4  startup_stm32f2xx.o [1]
  .text               ro code  0x0800a670     0x4  startup_stm32f2xx.o [1]
  .text               ro code  0x0800a674     0x4  startup_stm32f2xx.o [1]
  .text               ro code  0x0800a678     0x4  startup_stm32f2xx.o [1]
  .text               ro code  0x0800a67c     0x4  startup_stm32f2xx.o [1]
  .text               ro code  0x0800a680     0x4  startup_stm32f2xx.o [1]
  .text               ro code  0x0800a684     0x4  startup_stm32f2xx.o [1]
  .text               ro code  0x0800a688     0x4  startup_stm32f2xx.o [1]
  .text               ro code  0x0800a68c     0x4  startup_stm32f2xx.o [1]
  .text               ro code  0x0800a690     0x4  startup_stm32f2xx.o [1]
  .text               ro code  0x0800a694     0x4  startup_stm32f2xx.o [1]
  .text               ro code  0x0800a698     0x4  startup_stm32f2xx.o [1]
  .text               ro code  0x0800a69c     0x4  startup_stm32f2xx.o [1]
  .text               ro code  0x0800a6a0     0x4  startup_stm32f2xx.o [1]
  .text               ro code  0x0800a6a4     0x4  startup_stm32f2xx.o [1]
  .text               ro code  0x0800a6a8     0x4  startup_stm32f2xx.o [1]
  .text               ro code  0x0800a6ac     0x4  startup_stm32f2xx.o [1]
  .text               ro code  0x0800a6b0     0x4  startup_stm32f2xx.o [1]
  .text               ro code  0x0800a6b4     0x4  startup_stm32f2xx.o [1]
  .text               ro code  0x0800a6b8     0x4  startup_stm32f2xx.o [1]
  .text               ro code  0x0800a6bc     0x4  startup_stm32f2xx.o [1]
  .text               ro code  0x0800a6c0     0x4  startup_stm32f2xx.o [1]
  .text               ro code  0x0800a6c4     0x4  startup_stm32f2xx.o [1]
  .text               ro code  0x0800a6c8     0x4  startup_stm32f2xx.o [1]
  .text               ro code  0x0800a6cc     0x4  startup_stm32f2xx.o [1]
  .text               ro code  0x0800a6d0     0x4  startup_stm32f2xx.o [1]
  .text               ro code  0x0800a6d4     0x4  startup_stm32f2xx.o [1]
  .text               ro code  0x0800a6d8     0x4  startup_stm32f2xx.o [1]
  .text               ro code  0x0800a6dc     0x4  startup_stm32f2xx.o [1]
  .text               ro code  0x0800a6e0     0x4  startup_stm32f2xx.o [1]
  .text               ro code  0x0800a6e4     0x4  startup_stm32f2xx.o [1]
  .text               ro code  0x0800a6e8     0x4  startup_stm32f2xx.o [1]
  .text               ro code  0x0800a6ec     0x4  startup_stm32f2xx.o [1]
  .text               ro code  0x0800a6f0     0x4  startup_stm32f2xx.o [1]
  .text               ro code  0x0800a6f4     0x4  startup_stm32f2xx.o [1]
  .text               ro code  0x0800a6f8     0x4  startup_stm32f2xx.o [1]
  .text               ro code  0x0800a6fc     0x4  startup_stm32f2xx.o [1]
  .text               ro code  0x0800a700     0x4  startup_stm32f2xx.o [1]
  .text               ro code  0x0800a704     0x4  startup_stm32f2xx.o [1]
  .text               ro code  0x0800a708     0x4  startup_stm32f2xx.o [1]
  .text               ro code  0x0800a70c     0x4  startup_stm32f2xx.o [1]
  .text               ro code  0x0800a710     0x4  startup_stm32f2xx.o [1]
  .text               ro code  0x0800a714     0x4  startup_stm32f2xx.o [1]
  .text               ro code  0x0800a718     0x4  startup_stm32f2xx.o [1]
  .text               ro code  0x0800a71c     0x4  startup_stm32f2xx.o [1]
  .text               ro code  0x0800a720     0x4  startup_stm32f2xx.o [1]
  .text               ro code  0x0800a724     0x4  startup_stm32f2xx.o [1]
  .text               ro code  0x0800a728     0x4  startup_stm32f2xx.o [1]
  .text               ro code  0x0800a72c     0x4  startup_stm32f2xx.o [1]
  .text               ro code  0x0800a730     0x4  startup_stm32f2xx.o [1]
  .text               ro code  0x0800a734     0x4  startup_stm32f2xx.o [1]
  .text               ro code  0x0800a738     0x4  startup_stm32f2xx.o [1]
  .text               ro code  0x0800a73c     0x4  startup_stm32f2xx.o [1]
  .text               ro code  0x0800a740     0x4  startup_stm32f2xx.o [1]
  .text               ro code  0x0800a744     0x4  startup_stm32f2xx.o [1]
  .text               ro code  0x0800a748     0x4  startup_stm32f2xx.o [1]
  .rodata             const    0x0800a74c     0x0  zero_init3.o [5]
  .rodata             const    0x0800a74c     0x0  packbits_init.o [5]
  Initializer bytes   ro data  0x0800a74c   0x12a  <for P2 s0>
                             - 0x0800a876  0xa6f2

"P2", part 1 of 3:                          0x224
  P2 s0                        0x20000000   0x222  <Init block>
    __DLIB_PERTHREAD  inited   0x20000000    0x88  localeconv.o [3]
    __DLIB_PERTHREAD  inited   0x20000088    0x74  setlocale.o [3]
    .data             inited   0x200000fc    0x44  usbd_cdc_core.o [1]
    .data             inited   0x20000140    0x2c  usbd_cdc_core.o [1]
    .data             inited   0x2000016c    0x2c  usbd_core.o [1]
    .data             inited   0x20000198    0x1c  usbd_desc.o [1]
    .data             inited   0x200001b4    0x1c  usbd_usr.o [1]
    .data             inited   0x200001d0    0x14  usbd_cdc_vcp.o [1]
    .data             inited   0x200001e4    0x14  usbd_desc.o [1]
    .data             inited   0x200001f8     0x8  usbd_cdc_vcp.o [1]
    .data             inited   0x20000200     0x4  fsm.o [1]
    .data             inited   0x20000204     0x4  heap_2.o [1]
    .data             inited   0x20000208     0x4  port.o [1]
    .data             inited   0x2000020c     0x4  system_stm32f2xx.o [1]
    .data             inited   0x20000210     0x4  tasks.o [1]
    .data             inited   0x20000214     0x4  usbd_cdc_core.o [1]
    .data             inited   0x20000218     0x4  usbd_core.o [1]
    .data             inited   0x2000021c     0x4  usbd_desc.o [1]
    .data             inited   0x20000220     0x2  adc12.o [1]
                             - 0x20000222   0x222

"P2", part 2 of 3:                         0x695c
  .bss                zero     0x20000224  0x4400  heap_2.o [1]
  .bss                zero     0x20004624   0xc94  IV.o [1]
  .bss                zero     0x200052b8   0x800  usbd_cdc_core.o [1]
  .bss                zero     0x20005ab8   0x5f4  main.o [1]
  .bss                zero     0x200060ac   0x234  main.o [1]
  .bss                zero     0x200062e0   0x224  main.o [1]
  .bss                zero     0x20006504   0x200  main.o [1]
  .bss                zero     0x20006704   0x100  usbd_req.o [1]
  .bss                zero     0x20006804    0xd0  timer.o [1]
  .bss                zero     0x200068d4    0x64  tasks.o [1]
  .bss                zero     0x20006938    0x14  stm322xg_eval_sdio_sd.o [1]
  .bss                zero     0x20006950    0x58  stm322xg_eval_sdio_sd.o [1]
  .bss                zero     0x200069a8    0x40  usbd_cdc_core.o [1]
  .bss                zero     0x200069e8    0x18  stm322xg_eval_sdio_sd.o [1]
  .bss                zero     0x20006a00    0x18  stm322xg_eval_sdio_sd.o [1]
  .bss                zero     0x20006a18    0x14  tasks.o [1]
  .bss                zero     0x20006a2c    0x14  tasks.o [1]
  .bss                zero     0x20006a40    0x14  tasks.o [1]
  .bss                zero     0x20006a54    0x14  tasks.o [1]
  .bss                zero     0x20006a68    0x14  tasks.o [1]
  .bss                zero     0x20006a7c    0x14  timer.o [1]
  .bss                zero     0x20006a90    0x10  stm322xg_eval_sdio_sd.o [1]
  .bss                zero     0x20006aa0    0x10  stm322xg_eval_sdio_sd.o [1]
  .bss                zero     0x20006ab0     0xc  adc12.o [1]
  .bss                zero     0x20006abc     0xc  adc12.o [1]
  .bss                zero     0x20006ac8     0x8  heap_2.o [1]
  .bss                zero     0x20006ad0     0x8  heap_2.o [1]
  .bss                zero     0x20006ad8     0x8  usbd_cdc_core.o [1]
  .bss                zero     0x20006ae0     0x8  xxmemxmalloc.o [3]
  .bss                zero     0x20006ae8     0x4  ff.o [1]
  .bss                zero     0x20006aec     0x4  heap_2.o [1]
  .bss                zero     0x20006af0     0x4  main.o [1]
  .bss                zero     0x20006af4     0x4  main.o [1]
  .bss                zero     0x20006af8     0x4  stm322xg_eval_sdio_sd.o [1]
  .bss                zero     0x20006afc     0x4  stm322xg_eval_sdio_sd.o [1]
  .bss                zero     0x20006b00     0x4  stm322xg_eval_sdio_sd.o [1]
  .bss                zero     0x20006b04     0x4  stm322xg_eval_sdio_sd.o [1]
  .bss                zero     0x20006b08     0x4  stm322xg_eval_sdio_sd.o [1]
  .bss                zero     0x20006b0c     0x4  stm32f2xx_it.o [1]
  .bss                zero     0x20006b10     0x4  tasks.o [1]
  .bss                zero     0x20006b14     0x4  tasks.o [1]
  .bss                zero     0x20006b18     0x4  tasks.o [1]
  .bss                zero     0x20006b1c     0x4  tasks.o [1]
  .bss                zero     0x20006b20     0x4  tasks.o [1]
  .bss                zero     0x20006b24     0x4  tasks.o [1]
  .bss                zero     0x20006b28     0x4  tasks.o [1]
  .bss                zero     0x20006b2c     0x4  tasks.o [1]
  .bss                zero     0x20006b30     0x4  tasks.o [1]
  .bss                zero     0x20006b34     0x4  tasks.o [1]
  .bss                zero     0x20006b38     0x4  tasks.o [1]
  .bss                zero     0x20006b3c     0x4  tasks.o [1]
  .bss                zero     0x20006b40     0x4  tasks.o [1]
  .bss                zero     0x20006b44     0x4  timer.o [1]
  .bss                zero     0x20006b48     0x4  usbd_cdc_core.o [1]
  .bss                zero     0x20006b4c     0x4  usbd_cdc_core.o [1]
  .bss                zero     0x20006b50     0x4  usbd_cdc_core.o [1]
  .bss                zero     0x20006b54     0x4  usbd_cdc_core.o [1]
  .bss                zero     0x20006b58     0x4  usbd_cdc_core.o [1]
  .bss                zero     0x20006b5c     0x4  usbd_cdc_core.o [1]
  .bss                zero     0x20006b60     0x4  usbd_core.o [1]
  .bss                zero     0x20006b64     0x4  usbd_req.o [1]
  .bss                zero     0x20006b68     0x4  usbd_req.o [1]
  .bss                zero     0x20006b6c     0x4  usbd_req.o [1]
  .bss                zero     0x20006b70     0x4  xgetmemchunk.o [3]
  .bss                zero     0x20006b74     0x2  ff.o [1]
  .bss                zero     0x20006b76     0x1  ff.o [1]
  .bss                zero     0x20006b77     0x1  main.o [1]
  .bss                zero     0x20006b78     0x1  stm322xg_eval_sdio_sd.o [1]
  .bss                zero     0x20006b79     0x1  usbd_cdc_core.o [1]
  .bss                zero     0x20006b7a     0x1  usbd_req.o [1]
                             - 0x20006b7b  0x6957

"P2", part 3 of 3:                         0x4000
  CSTACK                       0x20006b80  0x2000  <Block>
    CSTACK            uninit   0x20006b80  0x2000  <Block tail>
  HEAP                         0x20008b80  0x2000  <Block>
    HEAP              uninit   0x20008b80  0x2000  <Block tail>
                             - 0x2000ab80  0x4000


*******************************************************************************
*** INIT TABLE
***

          Address     Size
          -------     ----
Zero (__iar_zero_init3)
    1 destination range, total size 0x6957:
          0x20000224  0x6957

Copy/packbits (__iar_packbits_init3)
    1 source range, total size 0x12a (54% of destination):
          0x0800a74c   0x12a
    1 destination range, total size 0x222:
          0x20000000   0x222



*******************************************************************************
*** MODULE SUMMARY
***

    Module                   ro code  ro data  rw data
    ------                   -------  -------  -------
C:\git\blfw\blfw_fork_EB\app\Debug\Obj: [1]
    IV.o                         692       56    3 220
    adc12.o                      560        2       26
    dac.o                        262
    ff.o                       6 378       16        7
    fifo.o                        78
    fsm.o                         32        2        4
    heap_2.o                     332        4   17 432
    list.o                       158
    main.o                       522       36    3 157
    misc.o                       196
    port.o                       224        2        4
    portasm.o                    144
    sdio-stm32f2.o               470
    startup_stm32f2xx.o          764
    stm322xg_eval.o              528
    stm322xg_eval_sdio_sd.o    5 764               209
    stm32f2xx_adc.o              524
    stm32f2xx_dac.o              172
    stm32f2xx_dma.o              808
    stm32f2xx_exti.o              12
    stm32f2xx_gpio.o             286
    stm32f2xx_it.o               416                 4
    stm32f2xx_rcc.o              172
    stm32f2xx_sdio.o             380
    stm32f2xx_tim.o            1 014
    system_stm32f2xx.o           292        3        4
    tasks.o                    1 672       10      256
    timer.o                      672               232
    usb_bsp.o                    272
    usb_core.o                 2 902
    usb_dcd.o                    742
    usb_dcd_int.o              1 762
    usbd_cdc_core.o              832       63    2 261
    usbd_cdc_vcp.o               302       15       28
    usbd_core.o                  824       26       52
    usbd_desc.o                  232      180       52
    usbd_ioreq.o                 228
    usbd_req.o                 1 726               269
    usbd_usr.o                    14       16       28
    --------------------------------------------------
    Total:                    33 360      431   27 245

command line: [2]
    --------------------------------------------------
    Total:

dl7M_tlf.a: [3]
    abort.o                        6
    div.o                         14
    exit.o                         4
    localeconv.o                 108       74      136
    low_level_init.o               4
    setlocale.o                   20       63      116
    sprintf.o                     52
    xencoding_sb.o                96
    xgetmemchunk.o                44                 4
    xmbcurmax.o                   10
    xmbtowc.o                     32
    xprintffull.o              4 294
    xsprout.o                     10
    xtls.o                         2
    xwctomb.o                     26
    xxmemxfree.o                 128
    xxmemxmalloc.o               176                 8
    --------------------------------------------------
    Total:                     5 026      137      264

m7M_tl.a: [4]
    DblAdd.o                     212
    DblCmpGe.o                    46
    DblCmpLe.o                    46
    DblDiv.o                     582
    DblMul.o                     418
    DblSub.o                     384
    DblToI32.o                    88
    FltAdd.o                     132
    FltDiv.o                     252
    FltMul.o                     216
    FltSub.o                     214
    FltToS32.o                    68
    I32ToDbl.o                    48
    I32ToFlt.o                    30
    xdnorm.o                      66
    xdscale.o                    268
    --------------------------------------------------
    Total:                     3 070

rt7M_tl.a: [5]
    ABImemcpy.o                  118
    ABImemset.o                  102
    I64DivMod.o                  238
    I64DivZer.o                    2
    cexit.o                       10
    cmain.o                       22
    cstartup_M.o                  12
    data_init.o                   40
    memchr.o                      88
    packbits_init.o              176
    strchr.o                      22
    strcpy.o                      68
    strlen.o                      54
    zero_init3.o                  34
    --------------------------------------------------
    Total:                       986

shb_l.a: [6]
    exit.o                        20
    --------------------------------------------------
    Total:                        20

    Gaps                          50        2        4
    Linker created                         44   16 384
------------------------------------------------------
    Grand Total:              42 512      614   43 897


*******************************************************************************
*** ENTRY LIST
***

Entry                      Address    Size  Type      Object
-----                      -------    ----  ----      ------
?main                   0x0800a4f5          Code  Gb  cmain.o [5]
ADC12_CalibrateVref     0x08008f65    0x14  Code  Gb  adc12.o [1]
ADC12_FilterDMASamples  0x08009139    0x24  Code  Gb  adc12.o [1]
ADC12_GetOutputBufferSample
                        0x08008f79    0x20  Code  Gb  adc12.o [1]
ADC12_GetVref           0x08008f5f     0x6  Code  Gb  adc12.o [1]
ADC12_IIRFilterSamples  0x08009107    0x32  Code  Gb  adc12.o [1]
ADC12_Init              0x08008f99   0x16e  Code  Gb  adc12.o [1]
ADC12_SetVref           0x08008f59     0x6  Code  Gb  adc12.o [1]
ADC_Cmd                 0x080095eb    0x1a  Code  Gb  stm32f2xx_adc.o [1]
ADC_CommonInit          0x080095c9    0x22  Code  Gb  stm32f2xx_adc.o [1]
ADC_DMACmd              0x08009741    0x1a  Code  Gb  stm32f2xx_adc.o [1]
ADC_DMARequestAfterLastTransferCmd
                        0x0800975b    0x1a  Code  Gb  stm32f2xx_adc.o [1]
ADC_IRQHandler          0x0800a651          Code  Wk  startup_stm32f2xx.o [1]
ADC_Init                0x08009579    0x50  Code  Gb  stm32f2xx_adc.o [1]
ADC_RegularChannelConfig
                        0x08009649    0xee  Code  Gb  stm32f2xx_adc.o [1]
ADC_SoftwareStartConv   0x08009737     0xa  Code  Gb  stm32f2xx_adc.o [1]
ADC_TempSensorVrefintCmd
                        0x08009605    0x22  Code  Gb  stm32f2xx_adc.o [1]
ADC_VBATCmd             0x08009627    0x22  Code  Gb  stm32f2xx_adc.o [1]
APP_Rx_Buffer           0x200052b8   0x800  Data  Gb  usbd_cdc_core.o [1]
APP_Rx_length           0x20006b54     0x4  Data  Gb  usbd_cdc_core.o [1]
APP_Rx_ptr_in           0x20006b4c     0x4  Data  Gb  usbd_cdc_core.o [1]
APP_Rx_ptr_out          0x20006b50     0x4  Data  Gb  usbd_cdc_core.o [1]
Buffer                  0x20006504   0x200  Data  Gb  main.o [1]
BusFault_Handler        0x08009e8f     0x2  Code  Gb  stm32f2xx_it.o [1]
BytesRead               0x20006af0     0x4  Data  Gb  main.o [1]
BytesWritten            0x20006af4     0x4  Data  Gb  main.o [1]
CAN1_RX0_IRQHandler     0x0800a659          Code  Wk  startup_stm32f2xx.o [1]
CAN1_RX1_IRQHandler     0x0800a65d          Code  Wk  startup_stm32f2xx.o [1]
CAN1_SCE_IRQHandler     0x0800a661          Code  Wk  startup_stm32f2xx.o [1]
CAN1_TX_IRQHandler      0x0800a655          Code  Wk  startup_stm32f2xx.o [1]
CAN2_RX0_IRQHandler     0x0800a709          Code  Wk  startup_stm32f2xx.o [1]
CAN2_RX1_IRQHandler     0x0800a70d          Code  Wk  startup_stm32f2xx.o [1]
CAN2_SCE_IRQHandler     0x0800a711          Code  Wk  startup_stm32f2xx.o [1]
CAN2_TX_IRQHandler      0x0800a705          Code  Wk  startup_stm32f2xx.o [1]
CID_Tab                 0x20006aa0    0x10  Data  Lc  stm322xg_eval_sdio_sd.o [1]
CRYP_IRQHandler         0x0800a745          Code  Wk  startup_stm32f2xx.o [1]
CSD_Tab                 0x20006a90    0x10  Data  Lc  stm322xg_eval_sdio_sd.o [1]
CSTACK$$Base            0x20006b80           --   Gb  - Linker created -
CSTACK$$Limit           0x20008b80           --   Gb  - Linker created -
CardType                0x20006af8     0x4  Data  Lc  stm322xg_eval_sdio_sd.o [1]
CmdBuff                 0x20006ad8     0x8  Data  Gb  usbd_cdc_core.o [1]
CmdError                0x08002c19    0x38  Code  Lc  stm322xg_eval_sdio_sd.o [1]
CmdResp1Error           0x08002cbd   0x112  Code  Lc  stm322xg_eval_sdio_sd.o [1]
CmdResp2Error           0x08002e0d    0x52  Code  Lc  stm322xg_eval_sdio_sd.o [1]
CmdResp3Error           0x08002dcf    0x3e  Code  Lc  stm322xg_eval_sdio_sd.o [1]
CmdResp6Error           0x08002e5f    0xa6  Code  Lc  stm322xg_eval_sdio_sd.o [1]
CmdResp7Error           0x08002c51    0x58  Code  Lc  stm322xg_eval_sdio_sd.o [1]
CurrVol                 0x20006b76     0x1  Data  Lc  ff.o [1]
DAC_Cmd                 0x08009adb    0x26  Code  Gb  stm32f2xx_dac.o [1]
DAC_HwInit              0x080093c1    0x66  Code  Gb  dac.o [1]
DAC_Init                0x08009aa9    0x32  Code  Gb  stm32f2xx_dac.o [1]
DAC_MilivoltsToDacVal   0x0800942d    0x2c  Code  Gb  dac.o [1]
DAC_SetBothDacsInMilivolts
                        0x08009483    0x44  Code  Gb  dac.o [1]
DAC_SetChannel1Data     0x08009b01    0x1e  Code  Gb  stm32f2xx_dac.o [1]
DAC_SetDAC1ValInMilivolts
                        0x08009459    0x2a  Code  Gb  dac.o [1]
DAC_SetDualChannelData  0x08009b1f    0x30  Code  Gb  stm32f2xx_dac.o [1]
DCD_EP_Close            0x08007639    0x4a  Code  Gb  usb_dcd.o [1]
DCD_EP_ClrStall         0x08007797    0x50  Code  Gb  usb_dcd.o [1]
DCD_EP_Open             0x080075bd    0x7c  Code  Gb  usb_dcd.o [1]
DCD_EP_PrepareRx        0x08007683    0x66  Code  Gb  usb_dcd.o [1]
DCD_EP_SetAddress       0x080077e7    0x1a  Code  Gb  usb_dcd.o [1]
DCD_EP_Stall            0x08007747    0x50  Code  Gb  usb_dcd.o [1]
DCD_EP_Tx               0x080076e9    0x5e  Code  Gb  usb_dcd.o [1]
DCD_HandleEnumDone_ISR  0x08006cb7    0x4e  Code  Lc  usb_dcd_int.o [1]
DCD_HandleInEP_ISR      0x080068bb   0x102  Code  Lc  usb_dcd_int.o [1]
DCD_HandleOutEP_ISR     0x080069bd    0xd8  Code  Lc  usb_dcd_int.o [1]
DCD_HandleResume_ISR    0x080067e9    0x4c  Code  Lc  usb_dcd_int.o [1]
DCD_HandleRxStatusQueueLevel_ISR
                        0x08006ab3    0x9e  Code  Lc  usb_dcd_int.o [1]
DCD_HandleSof_ISR       0x08006a95    0x1e  Code  Lc  usb_dcd_int.o [1]
DCD_HandleUSBSuspend_ISR
                        0x08006835    0x86  Code  Lc  usb_dcd_int.o [1]
DCD_HandleUsbReset_ISR  0x08006bf1    0xc6  Code  Lc  usb_dcd_int.o [1]
DCD_Init                0x0800751b    0xa2  Code  Gb  usb_dcd.o [1]
DCD_IsoINIncomplete_ISR
                        0x08006d05    0x1e  Code  Lc  usb_dcd_int.o [1]
DCD_IsoOUTIncomplete_ISR
                        0x08006d23    0x1e  Code  Lc  usb_dcd_int.o [1]
DCD_OTG_ISR             0x080067c3    0x26  Code  Lc  usb_dcd_int.o [1]
DCD_ReadDevInEP         0x08006d49    0x2e  Code  Lc  usb_dcd_int.o [1]
DCD_SessionRequest_ISR  0x080067a3    0x20  Code  Lc  usb_dcd_int.o [1]
DCD_WriteEmptyTxFifo    0x08006b51    0xa0  Code  Lc  usb_dcd_int.o [1]
DCMI_IRQHandler         0x0800a741          Code  Wk  startup_stm32f2xx.o [1]
DMA1_Stream0_IRQHandler
                        0x0800a635          Code  Wk  startup_stm32f2xx.o [1]
DMA1_Stream1_IRQHandler
                        0x0800a639          Code  Wk  startup_stm32f2xx.o [1]
DMA1_Stream2_IRQHandler
                        0x0800a63d          Code  Wk  startup_stm32f2xx.o [1]
DMA1_Stream3_IRQHandler
                        0x0800a641          Code  Wk  startup_stm32f2xx.o [1]
DMA1_Stream4_IRQHandler
                        0x0800a645          Code  Wk  startup_stm32f2xx.o [1]
DMA1_Stream5_IRQHandler
                        0x0800a649          Code  Wk  startup_stm32f2xx.o [1]
DMA1_Stream6_IRQHandler
                        0x0800a64d          Code  Wk  startup_stm32f2xx.o [1]
DMA1_Stream7_IRQHandler
                        0x0800a6c5          Code  Wk  startup_stm32f2xx.o [1]
DMA2_Stream0_IRQHandler
                        0x08009fa3    0x1c  Code  Gb  stm32f2xx_it.o [1]
DMA2_Stream1_IRQHandler
                        0x0800a6ed          Code  Wk  startup_stm32f2xx.o [1]
DMA2_Stream2_IRQHandler
                        0x0800a6f1          Code  Wk  startup_stm32f2xx.o [1]
DMA2_Stream3_IRQHandler
                        0x08009fc7     0x8  Code  Gb  stm32f2xx_it.o [1]
DMA2_Stream4_IRQHandler
                        0x0800a6f9          Code  Wk  startup_stm32f2xx.o [1]
DMA2_Stream5_IRQHandler
                        0x0800a719          Code  Wk  startup_stm32f2xx.o [1]
DMA2_Stream6_IRQHandler
                        0x0800a71d          Code  Wk  startup_stm32f2xx.o [1]
DMA2_Stream7_IRQHandler
                        0x0800a721          Code  Wk  startup_stm32f2xx.o [1]
DMAEndOfTransfer        0x20006b08     0x4  Data  Gb  stm322xg_eval_sdio_sd.o [1]
DMA_ClearFlag           0x08003979    0x24  Code  Gb  stm32f2xx_dma.o [1]
DMA_ClearITPendingBit   0x08003a41    0x24  Code  Gb  stm32f2xx_dma.o [1]
DMA_Cmd                 0x08003947    0x1a  Code  Gb  stm32f2xx_dma.o [1]
DMA_DeInit              0x080037ad   0x142  Code  Gb  stm32f2xx_dma.o [1]
DMA_FlowControllerConfig
                        0x08003961    0x18  Code  Gb  stm32f2xx_dma.o [1]
DMA_GetITStatus         0x080039df    0x62  Code  Gb  stm32f2xx_dma.o [1]
DMA_ITConfig            0x0800399d    0x42  Code  Gb  stm32f2xx_dma.o [1]
DMA_Init                0x080038ef    0x58  Code  Gb  stm32f2xx_dma.o [1]
DebugMon_Handler        0x08009e93     0x2  Code  Gb  stm32f2xx_it.o [1]
ETH_IRQHandler          0x0800a6fd          Code  Wk  startup_stm32f2xx.o [1]
ETH_WKUP_IRQHandler     0x0800a701          Code  Wk  startup_stm32f2xx.o [1]
EXTI0_IRQHandler        0x0800a621          Code  Wk  startup_stm32f2xx.o [1]
EXTI15_10_IRQHandler    0x0800a6a9          Code  Wk  startup_stm32f2xx.o [1]
EXTI1_IRQHandler        0x0800a625          Code  Wk  startup_stm32f2xx.o [1]
EXTI2_IRQHandler        0x0800a629          Code  Wk  startup_stm32f2xx.o [1]
EXTI3_IRQHandler        0x0800a62d          Code  Wk  startup_stm32f2xx.o [1]
EXTI4_IRQHandler        0x0800a631          Code  Wk  startup_stm32f2xx.o [1]
EXTI9_5_IRQHandler      0x0800a665          Code  Wk  startup_stm32f2xx.o [1]
EXTI_ClearITPendingBit  0x0800a14d     0x6  Code  Gb  stm32f2xx_exti.o [1]
FIFO_Init               0x08008f09     0xc  Code  Gb  fifo.o [1]
FIFO_Post               0x08008f15    0x42  Code  Gb  fifo.o [1]
FLASH_IRQHandler        0x0800a619          Code  Wk  startup_stm32f2xx.o [1]
FSMC_IRQHandler         0x0800a6c9          Code  Wk  startup_stm32f2xx.o [1]
FSM_Init                0x080094c9    0x16  Code  Gb  fsm.o [1]
FSM_ReservedEvts        0x20000200     0x4  Data  Lc  fsm.o [1]
FatFs                   0x20006ae8     0x4  Data  Lc  ff.o [1]
FindSCR                 0x080030a9   0x1d4  Code  Lc  stm322xg_eval_sdio_sd.o [1]
Fsid                    0x20006b74     0x2  Data  Lc  ff.o [1]
GPIO_Init               0x08003685    0xaa  Code  Gb  stm32f2xx_gpio.o [1]
GPIO_PinAFConfig        0x08003749    0x5a  Code  Gb  stm32f2xx_gpio.o [1]
GPIO_ReadInputDataBit   0x0800372f    0x1a  Code  Gb  stm32f2xx_gpio.o [1]
HASH_RNG_IRQHandler     0x0800a749          Code  Wk  startup_stm32f2xx.o [1]
HEAP$$Base              0x20008b80           --   Gb  - Linker created -
HEAP$$Limit             0x2000ab80           --   Gb  - Linker created -
Handle_USBAsynchXfer    0x08008b4f    0xba  Code  Lc  usbd_cdc_core.o [1]
HardFault_Handler       0x08009e8b     0x2  Code  Gb  stm32f2xx_it.o [1]
I2C1_ER_IRQHandler      0x0800a689          Code  Wk  startup_stm32f2xx.o [1]
I2C1_EV_IRQHandler      0x0800a685          Code  Wk  startup_stm32f2xx.o [1]
I2C2_ER_IRQHandler      0x0800a691          Code  Wk  startup_stm32f2xx.o [1]
I2C2_EV_IRQHandler      0x0800a68d          Code  Wk  startup_stm32f2xx.o [1]
I2C3_ER_IRQHandler      0x0800a72d          Code  Wk  startup_stm32f2xx.o [1]
I2C3_EV_IRQHandler      0x0800a729          Code  Wk  startup_stm32f2xx.o [1]
IV_Curve2File           0x08008ded    0xf0  Code  Gb  IV.o [1]
IV_Get_Panel_Current    0x08008d67    0x1a  Code  Gb  IV.o [1]
IV_Get_Panel_Voltage    0x08008d31    0x36  Code  Gb  IV.o [1]
IV_HAND_IDLE            0x08008c79    0x28  Code  Gb  IV.o [1]
IV_HAND_INITIAL         0x08008c55    0x22  Code  Gb  IV.o [1]
IV_HAND_OPER            0x08008ca1    0x90  Code  Gb  IV.o [1]
IV_Init                 0x08008dc9    0x24  Code  Gb  IV.o [1]
IV_Post_Event           0x08008db7    0x12  Code  Gb  IV.o [1]
IV_SetCurrent           0x08008d81    0x36  Code  Gb  IV.o [1]
InStream_Read           0x0800a371    0x22  Code  Lc  packbits_init.o [5]
MemManage_Handler       0x08009e8d     0x2  Code  Gb  stm32f2xx_it.o [1]
NMI_Handler             0x08009e89     0x2  Code  Gb  stm32f2xx_it.o [1]
NVIC_Init               0x08003adf    0x6a  Code  Gb  misc.o [1]
NVIC_PriorityGroupConfig
                        0x08003ad5     0xa  Code  Gb  misc.o [1]
NVIC_SetVectorTable     0x08003b49     0xc  Code  Gb  misc.o [1]
OTG_FS_IRQHandler       0x08009ff9     0xa  Code  Gb  stm32f2xx_it.o [1]
OTG_FS_WKUP_IRQHandler  0x08009fcf    0x2a  Code  Gb  stm32f2xx_it.o [1]
OTG_HS_EP1_IN_IRQHandler
                        0x0800a735          Code  Wk  startup_stm32f2xx.o [1]
OTG_HS_EP1_OUT_IRQHandler
                        0x0800a731          Code  Wk  startup_stm32f2xx.o [1]
OTG_HS_IRQHandler       0x0800a73d          Code  Wk  startup_stm32f2xx.o [1]
OTG_HS_WKUP_IRQHandler  0x0800a739          Code  Wk  startup_stm32f2xx.o [1]
PVD_IRQHandler          0x0800a60d          Code  Wk  startup_stm32f2xx.o [1]
RCA                     0x20006afc     0x4  Data  Lc  stm322xg_eval_sdio_sd.o [1]
RCC_AHB1PeriphClockCmd  0x08003c11    0x1e  Code  Gb  stm32f2xx_rcc.o [1]
RCC_AHB2PeriphClockCmd  0x08003c2f    0x1e  Code  Gb  stm32f2xx_rcc.o [1]
RCC_APB1PeriphClockCmd  0x08003c4d    0x1e  Code  Gb  stm32f2xx_rcc.o [1]
RCC_APB2PeriphClockCmd  0x08003c6b    0x1e  Code  Gb  stm32f2xx_rcc.o [1]
RCC_APB2PeriphResetCmd  0x08003c89    0x1e  Code  Gb  stm32f2xx_rcc.o [1]
RCC_IRQHandler          0x0800a61d          Code  Wk  startup_stm32f2xx.o [1]
RTC_Alarm_IRQHandler    0x0800a6ad          Code  Wk  startup_stm32f2xx.o [1]
RTC_WKUP_IRQHandler     0x0800a615          Code  Wk  startup_stm32f2xx.o [1]
Region$$Table$$Base     0x0800a4ac           --   Gb  - Linker created -
Region$$Table$$Limit    0x0800a4d8           --   Gb  - Linker created -
Reset_Handler           0x0800a595          Code  Wk  startup_stm32f2xx.o [1]
SDCardInfo              0x20006950    0x58  Data  Gb  stm322xg_eval_sdio_sd.o [1]
SDEnWideBus             0x08002f11   0x198  Code  Lc  stm322xg_eval_sdio_sd.o [1]
SDIO_ClearFlag          0x0800361d     0x6  Code  Gb  stm32f2xx_sdio.o [1]
SDIO_ClearITPendingBit  0x0800363d     0x6  Code  Gb  stm32f2xx_sdio.o [1]
SDIO_ClockCmd           0x0800354b     0x8  Code  Gb  stm32f2xx_sdio.o [1]
SDIO_CmdInitStructure   0x20006938    0x14  Data  Gb  stm322xg_eval_sdio_sd.o [1]
SDIO_DMACmd             0x080035dd     0x8  Code  Gb  stm32f2xx_sdio.o [1]
SDIO_DataConfig         0x080035a9    0x2e  Code  Gb  stm32f2xx_sdio.o [1]
SDIO_DataInitStructure  0x20006a00    0x18  Data  Gb  stm322xg_eval_sdio_sd.o [1]
SDIO_DeInit             0x08003509    0x18  Code  Gb  stm32f2xx_sdio.o [1]
SDIO_GetCommandResponse
                        0x0800358b     0x8  Code  Gb  stm32f2xx_sdio.o [1]
SDIO_GetFlagStatus      0x08003603    0x1a  Code  Gb  stm32f2xx_sdio.o [1]
SDIO_GetITStatus        0x08003623    0x1a  Code  Gb  stm32f2xx_sdio.o [1]
SDIO_GetPowerState      0x08003559     0xa  Code  Gb  stm32f2xx_sdio.o [1]
SDIO_GetResponse        0x08003593    0x16  Code  Gb  stm32f2xx_sdio.o [1]
SDIO_IRQHandler         0x08009fbf     0x8  Code  Gb  stm32f2xx_it.o [1]
SDIO_ITConfig           0x080035e5    0x1e  Code  Gb  stm32f2xx_sdio.o [1]
SDIO_Init               0x08003521    0x2a  Code  Gb  stm32f2xx_sdio.o [1]
SDIO_InitStructure      0x200069e8    0x18  Data  Gb  stm322xg_eval_sdio_sd.o [1]
SDIO_ReadData           0x080035d7     0x6  Code  Gb  stm32f2xx_sdio.o [1]
SDIO_SendCommand        0x08003563    0x28  Code  Gb  stm32f2xx_sdio.o [1]
SDIO_SetPowerState      0x08003553     0x6  Code  Gb  stm32f2xx_sdio.o [1]
SD_Detect               0x08001d51    0x24  Code  Gb  stm322xg_eval_sdio_sd.o [1]
SD_EnableWideBusOperation
                        0x08002533    0xc8  Code  Gb  stm322xg_eval_sdio_sd.o [1]
SD_GetCardInfo          0x08002163   0x3d0  Code  Gb  stm322xg_eval_sdio_sd.o [1]
SD_GetState             0x08001d27    0x2a  Code  Gb  stm322xg_eval_sdio_sd.o [1]
SD_GetStatus            0x08001d05    0x22  Code  Gb  stm322xg_eval_sdio_sd.o [1]
SD_Init                 0x08001c51    0xb4  Code  Gb  stm322xg_eval_sdio_sd.o [1]
SD_InitializeCards      0x08001fc1   0x1a2  Code  Gb  stm322xg_eval_sdio_sd.o [1]
SD_InterruptEnable      0x08003299    0x3c  Code  Gb  stm322xg_eval_sdio_sd.o [1]
SD_LowLevel_DMA_RxConfig
                        0x08003465    0x8e  Code  Gb  stm322xg_eval.o [1]
SD_LowLevel_DMA_TxConfig
                        0x080033cb    0x9a  Code  Gb  stm322xg_eval.o [1]
SD_LowLevel_Init        0x080032f9    0xd2  Code  Gb  stm322xg_eval.o [1]
SD_PowerON              0x08001d75   0x24c  Code  Gb  stm322xg_eval_sdio_sd.o [1]
SD_ProcessDMAIRQ        0x08002bf5    0x22  Code  Gb  stm322xg_eval_sdio_sd.o [1]
SD_ProcessIRQSrc        0x08002b47    0xae  Code  Gb  stm322xg_eval_sdio_sd.o [1]
SD_ReadMultiBlocks      0x08002633   0x138  Code  Gb  stm322xg_eval_sdio_sd.o [1]
SD_SelectDeselect       0x080025fb    0x38  Code  Gb  stm322xg_eval_sdio_sd.o [1]
SD_SendStatus           0x08002ad9    0x6e  Code  Gb  stm322xg_eval_sdio_sd.o [1]
SD_StopTransfer         0x08002a91    0x44  Code  Gb  stm322xg_eval_sdio_sd.o [1]
SD_WaitReadOperation    0x08002771    0x96  Code  Gb  stm322xg_eval_sdio_sd.o [1]
SD_WaitWriteOperation   0x080029f5    0x96  Code  Gb  stm322xg_eval_sdio_sd.o [1]
SD_WriteMultiBlocks     0x0800281d   0x1ce  Code  Gb  stm322xg_eval_sdio_sd.o [1]
SET_TEST_MODE           0x20006b60     0x4  Data  Gb  usbd_core.o [1]
SPI1_IRQHandler         0x0800a695          Code  Wk  startup_stm32f2xx.o [1]
SPI2_IRQHandler         0x0800a699          Code  Wk  startup_stm32f2xx.o [1]
SPI3_IRQHandler         0x0800a6d5          Code  Wk  startup_stm32f2xx.o [1]
SetSysClock             0x0800a06f    0xb6  Code  Lc  system_stm32f2xx.o [1]
StopCondition           0x20006b00     0x4  Data  Gb  stm322xg_eval_sdio_sd.o [1]
SysTick_CLKSourceConfig
                        0x08003b55    0x20  Code  Gb  misc.o [1]
SystemCoreClock         0x2000020c     0x4  Data  Gb  system_stm32f2xx.o [1]
SystemInit              0x0800a029    0x46  Code  Gb  system_stm32f2xx.o [1]
TAMP_STAMP_IRQHandler   0x0800a611          Code  Wk  startup_stm32f2xx.o [1]
TI1_Config              0x08008817    0x38  Code  Lc  stm32f2xx_tim.o [1]
TI2_Config              0x0800884f    0x42  Code  Lc  stm32f2xx_tim.o [1]
TI3_Config              0x08008891    0x40  Code  Lc  stm32f2xx_tim.o [1]
TI4_Config              0x080088d1    0x42  Code  Lc  stm32f2xx_tim.o [1]
TIM1_BRK_TIM9_IRQHandler
                        0x0800a669          Code  Wk  startup_stm32f2xx.o [1]
TIM1_CC_IRQHandler      0x08009e95    0xde  Code  Gb  stm32f2xx_it.o [1]
TIM1_TRG_COM_TIM11_IRQHandler
                        0x0800a671          Code  Wk  startup_stm32f2xx.o [1]
TIM1_UP_TIM10_IRQHandler
                        0x0800a66d          Code  Wk  startup_stm32f2xx.o [1]
TIM2_IRQHandler         0x0800a679          Code  Wk  startup_stm32f2xx.o [1]
TIM3_IRQHandler         0x0800a67d          Code  Wk  startup_stm32f2xx.o [1]
TIM4_IRQHandler         0x0800a681          Code  Wk  startup_stm32f2xx.o [1]
TIM5_IRQHandler         0x0800a6d1          Code  Wk  startup_stm32f2xx.o [1]
TIM6_DAC_IRQHandler     0x0800a6e1          Code  Wk  startup_stm32f2xx.o [1]
TIM7_IRQHandler         0x0800a6e5          Code  Wk  startup_stm32f2xx.o [1]
TIM8_BRK_TIM12_IRQHandler
                        0x0800a6b5          Code  Wk  startup_stm32f2xx.o [1]
TIM8_CC_IRQHandler      0x08009f73    0x30  Code  Gb  stm32f2xx_it.o [1]
TIM8_TRG_COM_TIM14_IRQHandler
                        0x0800a6bd          Code  Wk  startup_stm32f2xx.o [1]
TIM8_UP_TIM13_IRQHandler
                        0x0800a6b9          Code  Wk  startup_stm32f2xx.o [1]
TIM8_delay_ms           0x080099d7    0x14  Code  Gb  timer.o [1]
TIM8_tick               0x080099eb    0x14  Code  Gb  timer.o [1]
TIMER8_OutputcompareCh2Init
                        0x08009941    0x96  Code  Gb  timer.o [1]
TIMER_CaptureStructInit
                        0x080097b7    0x1a  Code  Gb  timer.o [1]
TIMER_DemoIrGenStructInit
                        0x08009785    0x2a  Code  Gb  timer.o [1]
TIMER_GetCaptureCh2Struct
                        0x080097b3     0x4  Code  Gb  timer.o [1]
TIMER_GetIrGenStruct    0x080097af     0x4  Code  Gb  timer.o [1]
TIMER_InputCaptureCh2Init
                        0x080097d1    0xa2  Code  Gb  timer.o [1]
TIMER_OutputCompareCh3Init
                        0x08009873    0xce  Code  Gb  timer.o [1]
TIM_ClearITPendingBit   0x0800880f     0x8  Code  Gb  stm32f2xx_tim.o [1]
TIM_Cmd                 0x08008587    0x1c  Code  Gb  stm32f2xx_tim.o [1]
TIM_GetCapture2         0x08008773     0x4  Code  Gb  stm32f2xx_tim.o [1]
TIM_GetCapture3         0x08008777     0x4  Code  Gb  stm32f2xx_tim.o [1]
TIM_GetITStatus         0x080087dd    0x32  Code  Gb  stm32f2xx_tim.o [1]
TIM_ICInit              0x08008703    0x70  Code  Gb  stm32f2xx_tim.o [1]
TIM_ITConfig            0x080087c7    0x16  Code  Gb  stm32f2xx_tim.o [1]
TIM_OC2Init             0x080085a3    0x8c  Code  Gb  stm32f2xx_tim.o [1]
TIM_OC2PreloadConfig    0x080086dd    0x14  Code  Gb  stm32f2xx_tim.o [1]
TIM_OC3Init             0x0800862f    0x8a  Code  Gb  stm32f2xx_tim.o [1]
TIM_OC3PreloadConfig    0x080086f1    0x12  Code  Gb  stm32f2xx_tim.o [1]
TIM_SetCompare2         0x080086d5     0x4  Code  Gb  stm32f2xx_tim.o [1]
TIM_SetCompare3         0x080086d9     0x4  Code  Gb  stm32f2xx_tim.o [1]
TIM_SetIC1Prescaler     0x0800877b    0x12  Code  Gb  stm32f2xx_tim.o [1]
TIM_SetIC2Prescaler     0x0800878d    0x14  Code  Gb  stm32f2xx_tim.o [1]
TIM_SetIC3Prescaler     0x080087a1    0x12  Code  Gb  stm32f2xx_tim.o [1]
TIM_SetIC4Prescaler     0x080087b3    0x14  Code  Gb  stm32f2xx_tim.o [1]
TIM_TimeBaseInit        0x0800851d    0x6a  Code  Gb  stm32f2xx_tim.o [1]
TransferEnd             0x20006b04     0x4  Data  Gb  stm322xg_eval_sdio_sd.o [1]
TransferError           0x20006b78     0x1  Data  Gb  stm322xg_eval_sdio_sd.o [1]
UART4_IRQHandler        0x0800a6d9          Code  Wk  startup_stm32f2xx.o [1]
UART5_IRQHandler        0x0800a6dd          Code  Wk  startup_stm32f2xx.o [1]
USART1_IRQHandler       0x0800a69d          Code  Wk  startup_stm32f2xx.o [1]
USART2_IRQHandler       0x0800a6a1          Code  Wk  startup_stm32f2xx.o [1]
USART3_IRQHandler       0x0800a285     0x2  Code  Gb  usbd_cdc_vcp.o [1]
USART6_IRQHandler       0x0800a725          Code  Wk  startup_stm32f2xx.o [1]
USBD_CDC_cb             0x20000140    0x2c  Data  Gb  usbd_cdc_core.o [1]
USBD_ClrCfg             0x08007ac5    0x18  Code  Gb  usbd_core.o [1]
USBD_ClrFeature         0x08007341    0x3a  Code  Lc  usbd_req.o [1]
USBD_CtlContinueRx      0x080074b5    0x1e  Code  Gb  usbd_ioreq.o [1]
USBD_CtlContinueSendData
                        0x08007467    0x1e  Code  Gb  usbd_ioreq.o [1]
USBD_CtlError           0x080073bf    0x1e  Code  Gb  usbd_req.o [1]
USBD_CtlPrepareRx       0x08007485    0x30  Code  Gb  usbd_ioreq.o [1]
USBD_CtlReceiveStatus   0x080074f7    0x24  Code  Gb  usbd_ioreq.o [1]
USBD_CtlSendData        0x08007437    0x30  Code  Gb  usbd_ioreq.o [1]
USBD_CtlSendStatus      0x080074d3    0x24  Code  Gb  usbd_ioreq.o [1]
USBD_DCD_INT_cb         0x2000016c    0x2c  Data  Gb  usbd_core.o [1]
USBD_DCD_INT_fops       0x20000218     0x4  Data  Gb  usbd_core.o [1]
USBD_DataInStage        0x08007937    0xd2  Code  Lc  usbd_core.o [1]
USBD_DataOutStage       0x0800789d    0x9a  Code  Lc  usbd_core.o [1]
USBD_DeInit             0x08007845     0x6  Code  Gb  usbd_core.o [1]
USBD_DevConnected       0x08007b01    0x16  Code  Lc  usbd_core.o [1]
USBD_DevDisconnected    0x08007b17    0x22  Code  Lc  usbd_core.o [1]
USBD_DeviceDesc         0x200001e4    0x14  Data  Gb  usbd_desc.o [1]
USBD_GetConfig          0x08007213    0x48  Code  Lc  usbd_req.o [1]
USBD_GetDescriptor      0x08006fb7   0x136  Code  Lc  usbd_req.o [1]
USBD_GetLen             0x08007423    0x14  Code  Lc  usbd_req.o [1]
USBD_GetStatus          0x0800725b    0x40  Code  Lc  usbd_req.o [1]
USBD_GetString          0x080073dd    0x46  Code  Gb  usbd_req.o [1]
USBD_Init               0x08007801    0x44  Code  Gb  usbd_core.o [1]
USBD_IsoINIncomplete    0x08007add    0x12  Code  Lc  usbd_core.o [1]
USBD_IsoOUTIncomplete   0x08007aef    0x12  Code  Lc  usbd_core.o [1]
USBD_LangIDDesc         0x2000021c     0x4  Data  Gb  usbd_desc.o [1]
USBD_OTG_ISR_Handler    0x08006695   0x10e  Code  Gb  usb_dcd_int.o [1]
USBD_ParseSetupRequest  0x0800737b    0x44  Code  Gb  usbd_req.o [1]
USBD_Reset              0x08007a1d    0x30  Code  Lc  usbd_core.o [1]
USBD_Resume             0x08007a4d    0x1e  Code  Lc  usbd_core.o [1]
USBD_RunTestMode        0x08007a09     0xe  Code  Lc  usbd_core.o [1]
USBD_SOF                0x08007a89    0x1c  Code  Lc  usbd_core.o [1]
USBD_SetAddress         0x080070ed    0x60  Code  Lc  usbd_req.o [1]
USBD_SetCfg             0x08007aa5    0x20  Code  Gb  usbd_core.o [1]
USBD_SetConfig          0x0800714d    0xc6  Code  Lc  usbd_req.o [1]
USBD_SetFeature         0x0800729b    0x90  Code  Lc  usbd_req.o [1]
USBD_SetupStage         0x0800784b    0x52  Code  Lc  usbd_core.o [1]
USBD_StdDevReq          0x08006d79    0x7c  Code  Gb  usbd_req.o [1]
USBD_StdEPReq           0x08006e43   0x174  Code  Gb  usbd_req.o [1]
USBD_StdItfReq          0x08006df5    0x4e  Code  Gb  usbd_req.o [1]
USBD_StrDesc            0x20006704   0x100  Data  Gb  usbd_req.o [1]
USBD_Suspend            0x08007a6b    0x1e  Code  Lc  usbd_core.o [1]
USBD_USR_ConfigStrDescriptor
                        0x0800a2fd    0x26  Code  Gb  usbd_desc.o [1]
USBD_USR_DeviceConfigured
                        0x080032ef     0x2  Code  Gb  usbd_usr.o [1]
USBD_USR_DeviceConnected
                        0x080032f5     0x2  Code  Gb  usbd_usr.o [1]
USBD_USR_DeviceDescriptor
                        0x0800a289     0xa  Code  Gb  usbd_desc.o [1]
USBD_USR_DeviceDisconnected
                        0x080032f7     0x2  Code  Gb  usbd_usr.o [1]
USBD_USR_DeviceReset    0x080032ed     0x2  Code  Gb  usbd_usr.o [1]
USBD_USR_DeviceResumed  0x080032f3     0x2  Code  Gb  usbd_usr.o [1]
USBD_USR_DeviceSuspended
                        0x080032f1     0x2  Code  Gb  usbd_usr.o [1]
USBD_USR_Init           0x080032eb     0x2  Code  Gb  usbd_usr.o [1]
USBD_USR_InterfaceStrDescriptor
                        0x0800a323    0x26  Code  Gb  usbd_desc.o [1]
USBD_USR_LangIDStrDescriptor
                        0x0800a293     0xa  Code  Gb  usbd_desc.o [1]
USBD_USR_ManufacturerStrDescriptor
                        0x0800a2c3    0x14  Code  Gb  usbd_desc.o [1]
USBD_USR_ProductStrDescriptor
                        0x0800a29d    0x26  Code  Gb  usbd_desc.o [1]
USBD_USR_SerialStrDescriptor
                        0x0800a2d7    0x26  Code  Gb  usbd_desc.o [1]
USBD_cdc_GetCfgDesc     0x08008c09     0xa  Code  Lc  usbd_cdc_core.o [1]
USBD_cfg_status         0x20006b6c     0x4  Data  Gb  usbd_req.o [1]
USBD_default_cfg        0x20006b68     0x4  Data  Gb  usbd_req.o [1]
USBD_ep_status          0x20006b64     0x4  Data  Gb  usbd_req.o [1]
USB_OTG_BSP_EnableInterrupt
                        0x0800663d    0x2e  Code  Gb  usb_bsp.o [1]
USB_OTG_BSP_Init        0x08006585    0xb4  Code  Gb  usb_bsp.o [1]
USB_OTG_BSP_mDelay      0x08006683    0x12  Code  Gb  usb_bsp.o [1]
USB_OTG_BSP_uDelay      0x0800666b    0x18  Code  Gb  usb_bsp.o [1]
USB_OTG_CoreInit        0x08005c05    0xca  Code  Gb  usb_core.o [1]
USB_OTG_CoreInitDev     0x08005e1f   0x1b2  Code  Gb  usb_core.o [1]
USB_OTG_CoreReset       0x08005a4f    0x60  Code  Lc  usb_core.o [1]
USB_OTG_DisableGlobalInt
                        0x08005ced    0x1e  Code  Gb  usb_core.o [1]
USB_OTG_EP0Activate     0x08006067    0x50  Code  Gb  usb_core.o [1]
USB_OTG_EP0StartXfer    0x08006315   0x12c  Code  Gb  usb_core.o [1]
USB_OTG_EP0_OutStart    0x0800650b    0x52  Code  Gb  usb_core.o [1]
USB_OTG_EPActivate      0x080060b7    0x7a  Code  Gb  usb_core.o [1]
USB_OTG_EPClearStall    0x0800648b    0x46  Code  Gb  usb_core.o [1]
USB_OTG_EPDeactivate    0x08006131    0x58  Code  Gb  usb_core.o [1]
USB_OTG_EPSetStall      0x08006441    0x4a  Code  Gb  usb_core.o [1]
USB_OTG_EPStartXfer     0x08006189   0x18c  Code  Gb  usb_core.o [1]
USB_OTG_EnableCommonInt
                        0x08005a2d    0x22  Code  Lc  usb_core.o [1]
USB_OTG_EnableDevInt    0x08005fd1    0x62  Code  Gb  usb_core.o [1]
USB_OTG_EnableGlobalInt
                        0x08005ccf    0x1e  Code  Gb  usb_core.o [1]
USB_OTG_FlushRxFifo     0x08005d53    0x40  Code  Gb  usb_core.o [1]
USB_OTG_FlushTxFifo     0x08005d0b    0x48  Code  Gb  usb_core.o [1]
USB_OTG_GetDeviceSpeed  0x08006033    0x34  Code  Gb  usb_core.o [1]
USB_OTG_GetMode         0x08005dd9     0xa  Code  Gb  usb_core.o [1]
USB_OTG_InitDevSpeed    0x08005e0d    0x12  Code  Gb  usb_core.o [1]
USB_OTG_IsDeviceMode    0x08005de3    0x18  Code  Gb  usb_core.o [1]
USB_OTG_ReadCoreItr     0x08005dfb    0x12  Code  Gb  usb_core.o [1]
USB_OTG_ReadDevAllInEPItr
                        0x080064f9    0x12  Code  Gb  usb_core.o [1]
USB_OTG_ReadDevAllOutEp_itr
                        0x080064d1    0x12  Code  Gb  usb_core.o [1]
USB_OTG_ReadDevOutEP_itr
                        0x080064e3    0x16  Code  Gb  usb_core.o [1]
USB_OTG_ReadPacket      0x08005af7    0x2c  Code  Gb  usb_core.o [1]
USB_OTG_SelectCore      0x08005b23    0xe2  Code  Gb  usb_core.o [1]
USB_OTG_SetCurrentMode  0x08005d9d    0x3c  Code  Gb  usb_core.o [1]
USB_OTG_UngateClock     0x0800655d    0x26  Code  Gb  usb_core.o [1]
USB_OTG_WritePacket     0x08005aaf    0x48  Code  Gb  usb_core.o [1]
USB_OTG_dev             0x20005ab8   0x5f4  Data  Gb  main.o [1]
USB_Rx_Buffer           0x200069a8    0x40  Data  Gb  usbd_cdc_core.o [1]
USB_Tx_State            0x20006b79     0x1  Data  Gb  usbd_cdc_core.o [1]
USR_cb                  0x200001b4    0x1c  Data  Gb  usbd_usr.o [1]
USR_desc                0x20000198    0x1c  Data  Gb  usbd_desc.o [1]
UsageFault_Handler      0x08009e91     0x2  Code  Gb  stm32f2xx_it.o [1]
VCP_COMConfig           0x0800a27f     0x6  Code  Lc  usbd_cdc_vcp.o [1]
VCP_Ctrl                0x0800a161    0xa6  Code  Lc  usbd_cdc_vcp.o [1]
VCP_DataRx              0x0800a26d    0x12  Code  Lc  usbd_cdc_vcp.o [1]
VCP_DataTx              0x0800a207    0x5a  Code  Lc  usbd_cdc_vcp.o [1]
VCP_DeInit              0x0800a15d     0x4  Code  Lc  usbd_cdc_vcp.o [1]
VCP_Init                0x0800a159     0x4  Code  Lc  usbd_cdc_vcp.o [1]
VCP_fops                0x200001d0    0x14  Data  Gb  usbd_cdc_vcp.o [1]
WWDG_IRQHandler         0x0800a609          Code  Wk  startup_stm32f2xx.o [1]
_EncodingSb_Mbtowc      0x080058df    0x30  Code  Gb  xencoding_sb.o [3]
_EncodingSb_Wctomb      0x080058c5    0x1a  Code  Gb  xencoding_sb.o [3]
_GenldFull              0x08004af1   0x248  Code  Lc  xprintffull.o [3]
_IsdstStr               0x2000008c     0x4  Data  Gb  setlocale.o [3]
_LdtobFull              0x08004729   0x3c2  Code  Lc  xprintffull.o [3]
_LitobFull              0x080045cb   0x10c  Code  Lc  xprintffull.o [3]
_LocaleEncoding         0x080058b1     0xe  Code  Gb  setlocale.o [3]
_LocaleReturnString     0x200000ac    0x50  Data  Lc  setlocale.o [3]
_Locale_Profile         0x20000090    0x1c  Data  Gb  setlocale.o [3]
_Locale_aeabi_lconv     0x20000050    0x38  Data  Gb  localeconv.o [3]
_Locale_lconv           0x20000000    0x50  Data  Gb  localeconv.o [3]
_Mbtowc                 0x08004d83    0x20  Code  Gb  xmbtowc.o [3]
_PrintfFull             0x08003cbd   0x5b6  Code  Gb  xprintffull.o [3]
_PutcharsFull           0x08004d39    0x2e  Code  Lc  xprintffull.o [3]
_PutstrFull             0x08004289   0x33c  Code  Lc  xprintffull.o [3]
_SProut                 0x080037a3     0xa  Code  Gb  xsprout.o [3]
_TzoneStr               0x20000088     0x4  Data  Gb  setlocale.o [3]
_Wctomb                 0x08004f09    0x1a  Code  Gb  xwctomb.o [3]
__aeabi_cdcmple         0x08005279          Code  Gb  DblCmpLe.o [4]
__aeabi_cdrcmple        0x080052a9          Code  Gb  DblCmpGe.o [4]
__aeabi_d2iz            0x080053e5          Code  Gb  DblToI32.o [4]
__aeabi_d2uiz           0x08005411          Code  Gb  DblToI32.o [4]
__aeabi_ddiv            0x080055ed          Code  Gb  DblDiv.o [4]
__aeabi_dmul            0x08005095          Code  Gb  DblMul.o [4]
__aeabi_dsub            0x0800546d          Code  Gb  DblSub.o [4]
__aeabi_f2iz            0x08009281          Code  Gb  FltToS32.o [4]
__aeabi_fadd            0x08009a25          Code  Gb  FltAdd.o [4]
__aeabi_fdiv            0x080092c5          Code  Gb  FltDiv.o [4]
__aeabi_fmul            0x080091a9          Code  Gb  FltMul.o [4]
__aeabi_i2d             0x0800543d          Code  Gb  I32ToDbl.o [4]
__aeabi_ldiv0           0x08005951          Code  Gb  I64DivZer.o [5]
__aeabi_memcpy          0x08003b99          Code  Gb  ABImemcpy.o [5]
__aeabi_memcpy4         0x08003bb9          Code  Gb  ABImemcpy.o [5]
__aeabi_memcpy8         0x08003bb9          Code  Gb  ABImemcpy.o [5]
__aeabi_memset          0x08009b55          Code  Gb  ABImemset.o [5]
__aeabi_ui2d            0x08005451          Code  Gb  I32ToDbl.o [4]
__aeabi_ui2f            0x08009189          Code  Gb  I32ToFlt.o [4]
__aeabi_uldivmod        0x08004fa5          Code  Gb  I64DivMod.o [5]
__cmain                 0x0800a4f5          Code  Gb  cmain.o [5]
__data_Aldata           0x20006ae0     0x8  Data  Gb  xxmemxmalloc.o [3]
__data_GetMemChunk      0x08005925    0x2c  Code  Gb  xgetmemchunk.o [3]
__exit                  0x0800a429    0x14  Code  Gb  exit.o [6]
__iar_Dnorm             0x08005237    0x42  Code  Gb  xdnorm.o [4]
__iar_Dscale            0x080052d9   0x10c  Code  Gb  xdscale.o [4]
__iar_Locale_lconv_init
                        0x08005835    0x3a  Code  Gb  localeconv.o [3]
__iar_Mbcurmax          0x08004e4d     0xa  Code  Gb  xmbcurmax.o [3]
__iar_Memchr            0x08004df5          Code  Gb  memchr.o [5]
__iar_Memset            0x08009b55          Code  Gb  ABImemset.o [5]
__iar_Memset_word       0x08009b5d          Code  Gb  ABImemset.o [5]
__iar_Strchr            0x08004da5          Code  Gb  strchr.o [5]
__iar_d2uiz             0x0800541d          Code  Gb  DblToI32.o [4]
__iar_dadd              0x08005955          Code  Gb  DblAdd.o [4]
__iar_data_init3        0x0800a43d    0x28  Code  Gb  data_init.o [5]
__iar_dlib_perthread_access
                        0x08005a29     0x2  Code  Gb  xtls.o [3]
__iar_dsub              0x08005481          Code  Gb  DblSub.o [4]
__iar_dsubStart         0x08005493          Code  Gb  DblSub.o [4]
__iar_fadd              0x08009a35          Code  Gb  FltAdd.o [4]
__iar_fsub              0x08009bbd          Code  Gb  FltSub.o [4]
__iar_fsubStart         0x08009bcd          Code  Gb  FltSub.o [4]
__iar_packbits_init3    0x0800a393    0x8e  Code  Gb  packbits_init.o [5]
__iar_program_start     0x0800a5c9          Code  Gb  cstartup_M.o [5]
__iar_ui2d              0x08005455          Code  Gb  I32ToDbl.o [4]
__iar_ui2f              0x0800918d          Code  Gb  I32ToFlt.o [4]
__iar_zero_init3        0x08001a6f    0x22  Code  Gb  zero_init3.o [5]
__low_level_init        0x0800a50b     0x4  Code  Gb  low_level_init.o [3]
__vector_table          0x08000000          Data  Gb  startup_stm32f2xx.o [1]
_call_main              0x0800a501          Code  Gb  cmain.o [5]
_exit                   0x0800a515          Code  Gb  cexit.o [5]
_main                   0x0800a507          Code  Gb  cmain.o [5]
abort                   0x0800a421     0x6  Code  Gb  abort.o [3]
adc12_dma_buffer        0x20006ab0     0xc  Data  Lc  adc12.o [1]
adc12_output_buffer     0x20006abc     0xc  Data  Lc  adc12.o [1]
adc12_vref              0x20000220     0x2  Data  Lc  adc12.o [1]
capture                 0x20006b0c     0x4  Data  Gb  stm32f2xx_it.o [1]
capture_ch2             0x20006a7c    0x14  Data  Gb  timer.o [1]
cdcCmd                  0x20000214     0x4  Data  Lc  usbd_cdc_core.o [1]
cdcLen                  0x20006b58     0x4  Data  Lc  usbd_cdc_core.o [1]
check_fs                0x08000c7d    0x7a  Code  Lc  ff.o [1]
chk_chr                 0x080001db    0x14  Code  Lc  ff.o [1]
chk_mounted             0x08000cf7   0x444  Code  Lc  ff.o [1]
clust2sect              0x0800033f    0x1a  Code  Gb  ff.o [1]
create_chain            0x0800062d    0xdc  Code  Lc  ff.o [1]
create_name             0x080009e9   0x1d6  Code  Lc  ff.o [1]
dir_find                0x080008ff    0x68  Code  Lc  ff.o [1]
dir_next                0x080007bf   0x140  Code  Lc  ff.o [1]
dir_register            0x08000967    0x82  Code  Lc  ff.o [1]
dir_sdi                 0x08000709    0xb6  Code  Lc  ff.o [1]
disk_initialize         0x08001a91    0x22  Code  Gb  sdio-stm32f2.o [1]
disk_ioctl              0x08001c3f     0x6  Code  Gb  sdio-stm32f2.o [1]
disk_read               0x08001acb    0xba  Code  Gb  sdio-stm32f2.o [1]
disk_status             0x08001ab3    0x18  Code  Gb  sdio-stm32f2.o [1]
disk_write              0x08001b85    0xba  Code  Gb  sdio-stm32f2.o [1]
div                     0x080058a1     0xe  Code  Gb  div.o [3]
exit                    0x0800a50f     0x4  Code  Gb  exit.o [3]
f_close                 0x0800185f    0x1c  Code  Gb  ff.o [1]
f_lseek                 0x08001895   0x1da  Code  Gb  ff.o [1]
f_mount                 0x08001169    0x36  Code  Gb  ff.o [1]
f_open                  0x080011a5   0x1a6  Code  Gb  ff.o [1]
f_read                  0x0800134b   0x20e  Code  Gb  ff.o [1]
f_sync                  0x0800179b    0xc4  Code  Gb  ff.o [1]
f_write                 0x08001559   0x242  Code  Gb  ff.o [1]
fil                     0x200062e0   0x224  Data  Gb  main.o [1]
follow_path             0x08000bbf    0xbe  Code  Lc  ff.o [1]
free                    0x08004f25    0x7a  Code  Gb  xxmemxfree.o [3]
fs32                    0x200060ac   0x234  Data  Gb  main.o [1]
get_fat                 0x08000359    0xfe  Code  Gb  ff.o [1]
get_fattime             0x08001c45     0x4  Code  Gb  sdio-stm32f2.o [1]
heapSTRUCT_SIZE         0x08003c0e     0x2  Data  Lc  heap_2.o [1]
ir_gen                  0x20006804    0xd0  Data  Gb  timer.o [1]
iv_tracer               0x20004624   0xc94  Data  Lc  IV.o [1]
linecoding              0x200001f8     0x8  Data  Gb  usbd_cdc_vcp.o [1]
localeconv              0x0800586f    0x16  Code  Gb  localeconv.o [3]
main                    0x08009c95   0x12a  Code  Gb  main.o [1]
malloc                  0x08004e59    0xac  Code  Gb  xxmemxmalloc.o [3]
mem_cmp                 0x080001b7    0x24  Code  Lc  ff.o [1]
mem_cpy                 0x08000185    0x1c  Code  Lc  ff.o [1]
mem_set                 0x080001a1    0x16  Code  Lc  ff.o [1]
memchr                  0x08004df5          Code  Gb  memchr.o [5]
memcpy                  0x080032d5    0x16  Code  Gb  sdio-stm32f2.o [1]
memset                  0x080094e9    0x16  Code  Gb  main.o [1]
move_window             0x080001ef    0x78  Code  Lc  ff.o [1]
prvAddCurrentTaskToDelayedList
                        0x080080bd    0x3e  Code  Lc  tasks.o [1]
prvAllocateTCBAndStack  0x08008101    0x38  Code  Lc  tasks.o [1]
prvCheckTasksWaitingTermination
                        0x08008061    0x5c  Code  Lc  tasks.o [1]
prvDeleteTCB            0x08008139    0x12  Code  Lc  tasks.o [1]
prvHeapInit             0x080084d7    0x2e  Code  Lc  heap_2.o [1]
prvIdleTask             0x08007fa9    0x16  Code  Lc  tasks.o [1]
prvInitialiseTCBVariables
                        0x08007fbf    0x5c  Code  Lc  tasks.o [1]
prvInitialiseTaskLists  0x0800801b    0x46  Code  Lc  tasks.o [1]
prvResetNextTaskUnblockTime
                        0x0800814b    0x26  Code  Lc  tasks.o [1]
prvTaskExitError        0x080081dd     0x8  Code  Lc  port.o [1]
put_fat                 0x08000457   0x164  Code  Gb  ff.o [1]
pvPortMalloc            0x080083d1    0xc2  Code  Gb  heap_2.o [1]
pxCurrentTCB            0x20006b10     0x4  Data  Gb  tasks.o [1]
pxDelayedTaskList       0x20006b14     0x4  Data  Lc  tasks.o [1]
pxOverflowDelayedTaskList
                        0x20006b18     0x4  Data  Lc  tasks.o [1]
pxPortInitialiseStack   0x080081c1    0x1c  Code  Gb  port.o [1]
pxReadyTasksLists       0x200068d4    0x64  Data  Lc  tasks.o [1]
remove_chain            0x080005bb    0x72  Code  Lc  ff.o [1]
res                     0x20006b77     0x1  Data  Gb  main.o [1]
scale                   0x080046dd    0x46  Code  Lc  xprintffull.o [3]
sprintf                 0x08009545    0x34  Code  Gb  sprintf.o [3]
strchr                  0x08004da5          Code  Gb  strchr.o [5]
strcpy                  0x08009501          Code  Gb  strcpy.o [5]
strlen                  0x08004dbd          Code  Gb  strlen.o [5]
sync                    0x08000267    0xd8  Code  Lc  ff.o [1]
tim8_tick               0x20006b44     0x4  Data  Lc  timer.o [1]
ucHeap                  0x20000224  0x4400  Data  Lc  heap_2.o [1]
ulPortSetInterruptMask  0x0800837f          Code  Gb  portasm.o [1]
usbd_cdc_AltSet         0x20006b48     0x4  Data  Lc  usbd_cdc_core.o [1]
usbd_cdc_CfgDesc        0x200000fc    0x44  Data  Gb  usbd_cdc_core.o [1]
usbd_cdc_DataIn         0x08008a81    0x7c  Code  Lc  usbd_cdc_core.o [1]
usbd_cdc_DataOut        0x08008afd    0x30  Code  Lc  usbd_cdc_core.o [1]
usbd_cdc_DeInit         0x08008961    0x28  Code  Lc  usbd_cdc_core.o [1]
usbd_cdc_EP0_RxReady    0x08008a5b    0x26  Code  Lc  usbd_cdc_core.o [1]
usbd_cdc_Init           0x08008915    0x4c  Code  Lc  usbd_cdc_core.o [1]
usbd_cdc_SOF            0x08008b2d    0x22  Code  Lc  usbd_cdc_core.o [1]
usbd_cdc_Setup          0x08008989    0xd2  Code  Lc  usbd_cdc_core.o [1]
uxCriticalNesting       0x20000208     0x4  Data  Lc  port.o [1]
uxCurrentNumberOfTasks  0x20006b20     0x4  Data  Lc  tasks.o [1]
uxListRemove            0x08008317    0x28  Code  Gb  list.o [1]
uxPendedTicks           0x20006b30     0x4  Data  Lc  tasks.o [1]
uxSchedulerSuspended    0x20006b40     0x4  Data  Lc  tasks.o [1]
uxTaskNumber            0x20006b3c     0x4  Data  Lc  tasks.o [1]
uxTasksDeleted          0x20006b1c     0x4  Data  Lc  tasks.o [1]
uxTopReadyPriority      0x20006b28     0x4  Data  Lc  tasks.o [1]
vListInitialise         0x080082a1    0x1e  Code  Gb  list.o [1]
vListInitialiseItem     0x080082bf     0x6  Code  Gb  list.o [1]
vListInsert             0x080082dd    0x3a  Code  Gb  list.o [1]
vListInsertEnd          0x080082c5    0x18  Code  Gb  list.o [1]
vPortClearInterruptMask
                        0x0800838d          Code  Gb  portasm.o [1]
vPortEnterCritical      0x08008223    0x1a  Code  Gb  port.o [1]
vPortExitCritical       0x0800823d    0x1c  Code  Gb  port.o [1]
vPortFree               0x08008493    0x44  Code  Gb  heap_2.o [1]
vPortSVCHandler         0x08008393          Code  Gb  portasm.o [1]
vPortSetupTimerInterrupt
                        0x08008279     0xe  Code  Wk  port.o [1]
vPortStartFirstTask     0x080083b3          Code  Gb  portasm.o [1]
vPortYield              0x08008211    0x12  Code  Gb  port.o [1]
vTaskDelayUntil         0x08007c5f    0x70  Code  Gb  tasks.o [1]
vTaskStartScheduler     0x08007ccf    0x42  Code  Gb  tasks.o [1]
vTaskSuspendAll         0x08007d11    0x10  Code  Gb  tasks.o [1]
vTaskSwitchContext      0x08007f33    0x76  Code  Gb  tasks.o [1]
vTestTask               0x08009dc1    0x8a  Code  Lc  main.o [1]
validate                0x0800113b    0x2e  Code  Lc  ff.o [1]
xDelayedTaskList1       0x20006a18    0x14  Data  Lc  tasks.o [1]
xDelayedTaskList2       0x20006a2c    0x14  Data  Lc  tasks.o [1]
xEnd                    0x20006ad0     0x8  Data  Lc  heap_2.o [1]
xFreeBytesRemaining     0x20000204     0x4  Data  Lc  heap_2.o [1]
xNextTaskUnblockTime    0x20000210     0x4  Data  Lc  tasks.o [1]
xNumOfOverflows         0x20006b38     0x4  Data  Lc  tasks.o [1]
xPendingReadyList       0x20006a40    0x14  Data  Lc  tasks.o [1]
xPortPendSVHandler      0x08008341          Code  Gb  portasm.o [1]
xPortStartScheduler     0x080081e5    0x2c  Code  Gb  port.o [1]
xPortSysTickHandler     0x08008259    0x20  Code  Gb  port.o [1]
xSchedulerRunning       0x20006b2c     0x4  Data  Lc  tasks.o [1]
xStart                  0x20006ac8     0x8  Data  Lc  heap_2.o [1]
xSuspendedTaskList      0x20006a68    0x14  Data  Lc  tasks.o [1]
xTaskGenericCreate      0x08007b39   0x126  Code  Gb  tasks.o [1]
xTaskGetTickCount       0x08007dfb    0x16  Code  Gb  tasks.o [1]
xTaskIncrementTick      0x08007e11   0x122  Code  Gb  tasks.o [1]
xTaskResumeAll          0x08007d21    0xda  Code  Gb  tasks.o [1]
xTasksWaitingTermination
                        0x20006a54    0x14  Data  Lc  tasks.o [1]
xTickCount              0x20006b24     0x4  Data  Lc  tasks.o [1]
xYieldPending           0x20006b34     0x4  Data  Lc  tasks.o [1]


[1] = C:\git\blfw\blfw_fork_EB\app\Debug\Obj
[2] = command line
[3] = dl7M_tlf.a
[4] = m7M_tl.a
[5] = rt7M_tl.a
[6] = shb_l.a

  42 512 bytes of readonly  code memory
     614 bytes of readonly  data memory
  43 897 bytes of readwrite data memory

Errors: none
Warnings: none
