###############################################################################
#                                                                             #
# IAR ELF Linker V6.50.3.4676/W32 for ARM               29/Jul/2014  03:02:32 #
# Copyright 2007-2013 IAR Systems AB.                                         #
#                                                                             #
#    Output file  =  C:\git\blfw\blfw_fork_EB\app\Debug\Exe\c.out             #
#    Map file     =  C:\git\blfw\blfw_fork_EB\app\Debug\List\c.map            #
#    Command line =  C:\git\blfw\blfw_fork_EB\app\Debug\Obj\IV.o              #
#                    C:\git\blfw\blfw_fork_EB\app\Debug\Obj\adc12.o           #
#                    C:\git\blfw\blfw_fork_EB\app\Debug\Obj\dac.o             #
#                    C:\git\blfw\blfw_fork_EB\app\Debug\Obj\ff.o              #
#                    C:\git\blfw\blfw_fork_EB\app\Debug\Obj\fifo.o            #
#                    C:\git\blfw\blfw_fork_EB\app\Debug\Obj\fsm.o             #
#                    C:\git\blfw\blfw_fork_EB\app\Debug\Obj\main.o            #
#                    C:\git\blfw\blfw_fork_EB\app\Debug\Obj\misc.o            #
#                    C:\git\blfw\blfw_fork_EB\app\Debug\Obj\sdio-stm32f2.o    #
#                    C:\git\blfw\blfw_fork_EB\app\Debug\Obj\startup_stm32f2xx #
#                    .o C:\git\blfw\blfw_fork_EB\app\Debug\Obj\stm322xg_eval. #
#                    o C:\git\blfw\blfw_fork_EB\app\Debug\Obj\stm322xg_eval_s #
#                    dio_sd.o C:\git\blfw\blfw_fork_EB\app\Debug\Obj\stm32f2x #
#                    x_adc.o C:\git\blfw\blfw_fork_EB\app\Debug\Obj\stm32f2xx #
#                    _can.o C:\git\blfw\blfw_fork_EB\app\Debug\Obj\stm32f2xx_ #
#                    crc.o C:\git\blfw\blfw_fork_EB\app\Debug\Obj\stm32f2xx_c #
#                    ryp.o C:\git\blfw\blfw_fork_EB\app\Debug\Obj\stm32f2xx_c #
#                    ryp_aes.o C:\git\blfw\blfw_fork_EB\app\Debug\Obj\stm32f2 #
#                    xx_cryp_des.o C:\git\blfw\blfw_fork_EB\app\Debug\Obj\stm #
#                    32f2xx_cryp_tdes.o C:\git\blfw\blfw_fork_EB\app\Debug\Ob #
#                    j\stm32f2xx_dac.o C:\git\blfw\blfw_fork_EB\app\Debug\Obj #
#                    \stm32f2xx_dbgmcu.o C:\git\blfw\blfw_fork_EB\app\Debug\O #
#                    bj\stm32f2xx_dcmi.o C:\git\blfw\blfw_fork_EB\app\Debug\O #
#                    bj\stm32f2xx_dma.o C:\git\blfw\blfw_fork_EB\app\Debug\Ob #
#                    j\stm32f2xx_exti.o C:\git\blfw\blfw_fork_EB\app\Debug\Ob #
#                    j\stm32f2xx_flash.o C:\git\blfw\blfw_fork_EB\app\Debug\O #
#                    bj\stm32f2xx_fsmc.o C:\git\blfw\blfw_fork_EB\app\Debug\O #
#                    bj\stm32f2xx_gpio.o C:\git\blfw\blfw_fork_EB\app\Debug\O #
#                    bj\stm32f2xx_hash.o C:\git\blfw\blfw_fork_EB\app\Debug\O #
#                    bj\stm32f2xx_hash_md5.o C:\git\blfw\blfw_fork_EB\app\Deb #
#                    ug\Obj\stm32f2xx_hash_sha1.o                             #
#                    C:\git\blfw\blfw_fork_EB\app\Debug\Obj\stm32f2xx_i2c.o   #
#                    C:\git\blfw\blfw_fork_EB\app\Debug\Obj\stm32f2xx_it.o    #
#                    C:\git\blfw\blfw_fork_EB\app\Debug\Obj\stm32f2xx_iwdg.o  #
#                    C:\git\blfw\blfw_fork_EB\app\Debug\Obj\stm32f2xx_pwr.o   #
#                    C:\git\blfw\blfw_fork_EB\app\Debug\Obj\stm32f2xx_rcc.o   #
#                    C:\git\blfw\blfw_fork_EB\app\Debug\Obj\stm32f2xx_rng.o   #
#                    C:\git\blfw\blfw_fork_EB\app\Debug\Obj\stm32f2xx_rtc.o   #
#                    C:\git\blfw\blfw_fork_EB\app\Debug\Obj\stm32f2xx_sdio.o  #
#                    C:\git\blfw\blfw_fork_EB\app\Debug\Obj\stm32f2xx_spi.o   #
#                    C:\git\blfw\blfw_fork_EB\app\Debug\Obj\stm32f2xx_syscfg. #
#                    o C:\git\blfw\blfw_fork_EB\app\Debug\Obj\stm32f2xx_tim.o #
#                     C:\git\blfw\blfw_fork_EB\app\Debug\Obj\stm32f2xx_usart. #
#                    o C:\git\blfw\blfw_fork_EB\app\Debug\Obj\stm32f2xx_wwdg. #
#                    o C:\git\blfw\blfw_fork_EB\app\Debug\Obj\system_stm32f2x #
#                    x.o C:\git\blfw\blfw_fork_EB\app\Debug\Obj\systick.o     #
#                    C:\git\blfw\blfw_fork_EB\app\Debug\Obj\timer.o           #
#                    C:\git\blfw\blfw_fork_EB\app\Debug\Obj\usb_bsp.o         #
#                    C:\git\blfw\blfw_fork_EB\app\Debug\Obj\usb_core.o        #
#                    C:\git\blfw\blfw_fork_EB\app\Debug\Obj\usb_dcd.o         #
#                    C:\git\blfw\blfw_fork_EB\app\Debug\Obj\usb_dcd_int.o     #
#                    C:\git\blfw\blfw_fork_EB\app\Debug\Obj\usbd_cdc_core.o   #
#                    C:\git\blfw\blfw_fork_EB\app\Debug\Obj\usbd_cdc_vcp.o    #
#                    C:\git\blfw\blfw_fork_EB\app\Debug\Obj\usbd_core.o       #
#                    C:\git\blfw\blfw_fork_EB\app\Debug\Obj\usbd_desc.o       #
#                    C:\git\blfw\blfw_fork_EB\app\Debug\Obj\usbd_ioreq.o      #
#                    C:\git\blfw\blfw_fork_EB\app\Debug\Obj\usbd_req.o        #
#                    C:\git\blfw\blfw_fork_EB\app\Debug\Obj\usbd_usr.o        #
#                    C:\git\blfw\blfw_fork_EB\app\Debug\Obj\utils.o -o        #
#                    C:\git\blfw\blfw_fork_EB\app\Debug\Exe\c.out --redirect  #
#                    _Printf=_PrintfFull --redirect _Scanf=_ScanfFull --map   #
#                    C:\git\blfw\blfw_fork_EB\app\Debug\List\c.map --config   #
#                    "C:\Program Files (x86)\IAR Systems\Embedded Workbench   #
#                    6.5\arm\config\linker\ST\stm32f207xE.icf" --semihosting  #
#                    --entry __iar_program_start --vfe                        #
#                                                                             #
#                                                                             #
###############################################################################

*******************************************************************************
*** RUNTIME MODEL ATTRIBUTES
***

CppFlavor                     = *
__Heap_Handler                = Basic
__SystemLibrary               = DLib
__dlib_dynamic_initialization = normal


*******************************************************************************
*** PLACEMENT SUMMARY
***

"A1":  place at 0x08000000 { ro section .intvec };
"P1":  place in [from 0x08000000 to 0x0807ffff] { ro };
"P2":  place in [from 0x20000000 to 0x2001ffff] { rw, block CSTACK, block HEAP };

  Section             Kind        Address    Size  Object
  -------             ----        -------    ----  ------
"A1":                                       0x184
  .intvec             ro code  0x08000000   0x184  startup_stm32f2xx.o [1]
                             - 0x08000184   0x184

"P1":                                      0x9d04
  .text               ro code  0x08000184  0x18ea  ff.o [1]
  .text               ro code  0x08001a6e    0x22  zero_init3.o [5]
  .text               ro code  0x08001a90   0x1c0  sdio-stm32f2.o [1]
  .text               ro code  0x08001c50  0x1684  stm322xg_eval_sdio_sd.o [1]
  .text               ro code  0x080032d4    0x16  sdio-stm32f2.o [1]
  .text               ro code  0x080032ea     0xe  usbd_usr.o [1]
  .text               ro code  0x080032f8   0x210  stm322xg_eval.o [1]
  .text               ro code  0x08003508   0x17c  stm32f2xx_sdio.o [1]
  .text               ro code  0x08003684   0x11e  stm32f2xx_gpio.o [1]
  .text               ro code  0x080037a2     0xa  xsprout.o [3]
  .text               ro code  0x080037ac   0x328  stm32f2xx_dma.o [1]
  .text               ro code  0x08003ad4    0x88  misc.o [1]
  .text               ro code  0x08003b5c    0x76  ABImemcpy.o [5]
  .text               ro code  0x08003bd4   0x1c0  stm32f2xx_rcc.o [1]
  .text               ro code  0x08003d94  0x10c6  xprintffull.o [3]
  .text               ro code  0x08004e5a    0x20  xmbtowc.o [3]
  .text               ro code  0x08004e7c    0x16  strchr.o [5]
  .text               ro code  0x08004e94    0x36  strlen.o [5]
  .text               ro code  0x08004ecc    0x58  memchr.o [5]
  .text               ro code  0x08004f24     0xa  xmbcurmax.o [3]
  .text               ro code  0x08004f30    0xb0  xxmemxmalloc.o [3]
  .text               ro code  0x08004fe0    0x1a  xwctomb.o [3]
  .text               ro code  0x08004ffc    0x80  xxmemxfree.o [3]
  .text               ro code  0x0800507c    0xee  I64DivMod.o [5]
  .text               ro code  0x0800516c   0x1a2  DblMul.o [4]
  .text               ro code  0x0800530e    0x42  xdnorm.o [4]
  .text               ro code  0x08005350    0x2e  DblCmpLe.o [4]
  .text               ro code  0x08005380    0x2e  DblCmpGe.o [4]
  .text               ro code  0x080053b0   0x10c  xdscale.o [4]
  .text               ro code  0x080054bc    0x58  DblToI32.o [4]
  .text               ro code  0x08005514    0x30  I32ToDbl.o [4]
  .text               ro code  0x08005544   0x180  DblSub.o [4]
  .text               ro code  0x080056c4   0x246  DblDiv.o [4]
  .text               ro code  0x0800590c    0x6c  localeconv.o [3]
  .text               ro code  0x08005978     0xe  div.o [3]
  .text               ro code  0x08005988    0x14  setlocale.o [3]
  .text               ro code  0x0800599c    0x60  xencoding_sb.o [3]
  .text               ro code  0x080059fc    0x2c  xgetmemchunk.o [3]
  .text               ro code  0x08005a28     0x2  I64DivZer.o [5]
  .text               ro code  0x08005a2c    0xd4  DblAdd.o [4]
  .text               ro code  0x08005b00     0x2  xtls.o [3]
  .text               ro code  0x08005b04   0xb56  usb_core.o [1]
  .text               ro code  0x0800665c   0x110  usb_bsp.o [1]
  .text               ro code  0x0800676c   0x6e2  usb_dcd_int.o [1]
  .text               ro code  0x08006e50   0x6be  usbd_req.o [1]
  .text               ro code  0x0800750e    0xe4  usbd_ioreq.o [1]
  .text               ro code  0x080075f2   0x2e6  usb_dcd.o [1]
  .text               ro code  0x080078d8   0x338  usbd_core.o [1]
  .text               ro code  0x08007c10   0x352  stm32f2xx_tim.o [1]
  .text               ro code  0x08007f64   0x340  usbd_cdc_core.o [1]
  .text               ro code  0x080082a4   0x310  IV.o [1]
  .text               ro code  0x080085b4    0x90  fifo.o [1]
  .text               ro code  0x08008644   0x230  adc12.o [1]
  .text               ro code  0x08008874    0x1e  I32ToFlt.o [4]
  .text               ro code  0x08008894    0xd8  FltMul.o [4]
  .text               ro code  0x0800896c    0x44  FltToS32.o [4]
  .text               ro code  0x080089b0    0xfc  FltDiv.o [4]
  .text               ro code  0x08008aac   0x106  dac.o [1]
  .text               ro code  0x08008bb4    0x50  fsm.o [1]
  .text               ro code  0x08008c04    0x16  main.o [1]
  .text               ro code  0x08008c1c    0x44  strcpy.o [5]
  .text               ro code  0x08008c60    0x34  sprintf.o [3]
  .text               ro code  0x08008c94   0x20c  stm32f2xx_adc.o [1]
  .text               ro code  0x08008ea0    0xb0  systick.o [1]
  .text               ro code  0x08008f50    0x84  FltAdd.o [4]
  .text               ro code  0x08008fd4    0xac  stm32f2xx_dac.o [1]
  .text               ro code  0x08009080    0x66  ABImemset.o [5]
  .text               ro code  0x080090e8    0xd6  FltSub.o [4]
  .text               ro code  0x080091c0   0x1d8  timer.o [1]
  .text               ro code  0x08009398   0x17c  stm32f2xx_it.o [1]
  .text               ro code  0x08009514   0x124  system_stm32f2xx.o [1]
  .text               ro code  0x08009638     0xc  stm32f2xx_exti.o [1]
  .text               ro code  0x08009644   0x130  main.o [1]
  .text               ro code  0x08009774   0x12e  usbd_cdc_vcp.o [1]
  .text               ro code  0x080098a4    0xe8  usbd_desc.o [1]
  .text               ro code  0x0800998c    0xb0  packbits_init.o [5]
  .text               ro code  0x08009a3c     0x6  abort.o [3]
  .text               ro code  0x08009a44    0x14  exit.o [6]
  .text               ro code  0x08009a58    0x28  data_init.o [5]
  .rodata             const    0x08009a80    0x24  usbd_desc.o [1]
  .rodata             const    0x08009aa4    0x24  usbd_desc.o [1]
  .iar.init_table     const    0x08009ac8    0x2c  - Linker created -
  .rodata             const    0x08009af4    0x1c  IV.o [1]
  .text               ro code  0x08009b10    0x16  cmain.o [5]
  .text               ro code  0x08009b26     0x4  low_level_init.o [3]
  .text               ro code  0x08009b2a     0x4  exit.o [3]
  .text               ro code  0x08009b30     0xa  cexit.o [5]
  .rodata             const    0x08009b3c    0x14  usbd_desc.o [1]
  .rodata             const    0x08009b50    0x10  IV.o [1]
  .rodata             const    0x08009b60    0x10  ff.o [1]
  .rodata             const    0x08009b70    0x10  main.o [1]
  .rodata             const    0x08009b80    0x10  usbd_desc.o [1]
  .rodata             const    0x08009b90    0x10  usbd_desc.o [1]
  .rodata             const    0x08009ba0    0x10  usbd_desc.o [1]
  .text               ro code  0x08009bb0    0x10  startup_stm32f2xx.o [1]
  .rodata             const    0x08009bc0     0xc  IV.o [1]
  .rodata             const    0x08009bcc     0xc  main.o [1]
  .rodata             const    0x08009bd8     0xc  usbd_desc.o [1]
  .text               ro code  0x08009be4     0xc  cstartup_M.o [5]
  .text               ro code  0x08009bf0     0x4  startup_stm32f2xx.o [1]
  .text               ro code  0x08009bf4     0x4  startup_stm32f2xx.o [1]
  .text               ro code  0x08009bf8     0x4  startup_stm32f2xx.o [1]
  .text               ro code  0x08009bfc     0x4  startup_stm32f2xx.o [1]
  .text               ro code  0x08009c00     0x4  startup_stm32f2xx.o [1]
  .text               ro code  0x08009c04     0x4  startup_stm32f2xx.o [1]
  .text               ro code  0x08009c08     0x4  startup_stm32f2xx.o [1]
  .text               ro code  0x08009c0c     0x4  startup_stm32f2xx.o [1]
  .text               ro code  0x08009c10     0x4  startup_stm32f2xx.o [1]
  .text               ro code  0x08009c14     0x4  startup_stm32f2xx.o [1]
  .text               ro code  0x08009c18     0x4  startup_stm32f2xx.o [1]
  .text               ro code  0x08009c1c     0x4  startup_stm32f2xx.o [1]
  .text               ro code  0x08009c20     0x4  startup_stm32f2xx.o [1]
  .text               ro code  0x08009c24     0x4  startup_stm32f2xx.o [1]
  .text               ro code  0x08009c28     0x4  startup_stm32f2xx.o [1]
  .text               ro code  0x08009c2c     0x4  startup_stm32f2xx.o [1]
  .text               ro code  0x08009c30     0x4  startup_stm32f2xx.o [1]
  .text               ro code  0x08009c34     0x4  startup_stm32f2xx.o [1]
  .text               ro code  0x08009c38     0x4  startup_stm32f2xx.o [1]
  .text               ro code  0x08009c3c     0x4  startup_stm32f2xx.o [1]
  .text               ro code  0x08009c40     0x4  startup_stm32f2xx.o [1]
  .text               ro code  0x08009c44     0x4  startup_stm32f2xx.o [1]
  .text               ro code  0x08009c48     0x4  startup_stm32f2xx.o [1]
  .text               ro code  0x08009c4c     0x4  startup_stm32f2xx.o [1]
  .text               ro code  0x08009c50     0x4  startup_stm32f2xx.o [1]
  .text               ro code  0x08009c54     0x4  startup_stm32f2xx.o [1]
  .text               ro code  0x08009c58     0x4  startup_stm32f2xx.o [1]
  .text               ro code  0x08009c5c     0x4  startup_stm32f2xx.o [1]
  .text               ro code  0x08009c60     0x4  startup_stm32f2xx.o [1]
  .text               ro code  0x08009c64     0x4  startup_stm32f2xx.o [1]
  .text               ro code  0x08009c68     0x4  startup_stm32f2xx.o [1]
  .text               ro code  0x08009c6c     0x4  startup_stm32f2xx.o [1]
  .text               ro code  0x08009c70     0x4  startup_stm32f2xx.o [1]
  .text               ro code  0x08009c74     0x4  startup_stm32f2xx.o [1]
  .text               ro code  0x08009c78     0x4  startup_stm32f2xx.o [1]
  .text               ro code  0x08009c7c     0x4  startup_stm32f2xx.o [1]
  .text               ro code  0x08009c80     0x4  startup_stm32f2xx.o [1]
  .text               ro code  0x08009c84     0x4  startup_stm32f2xx.o [1]
  .text               ro code  0x08009c88     0x4  startup_stm32f2xx.o [1]
  .text               ro code  0x08009c8c     0x4  startup_stm32f2xx.o [1]
  .text               ro code  0x08009c90     0x4  startup_stm32f2xx.o [1]
  .text               ro code  0x08009c94     0x4  startup_stm32f2xx.o [1]
  .text               ro code  0x08009c98     0x4  startup_stm32f2xx.o [1]
  .text               ro code  0x08009c9c     0x4  startup_stm32f2xx.o [1]
  .text               ro code  0x08009ca0     0x4  startup_stm32f2xx.o [1]
  .text               ro code  0x08009ca4     0x4  startup_stm32f2xx.o [1]
  .text               ro code  0x08009ca8     0x4  startup_stm32f2xx.o [1]
  .text               ro code  0x08009cac     0x4  startup_stm32f2xx.o [1]
  .text               ro code  0x08009cb0     0x4  startup_stm32f2xx.o [1]
  .text               ro code  0x08009cb4     0x4  startup_stm32f2xx.o [1]
  .text               ro code  0x08009cb8     0x4  startup_stm32f2xx.o [1]
  .text               ro code  0x08009cbc     0x4  startup_stm32f2xx.o [1]
  .text               ro code  0x08009cc0     0x4  startup_stm32f2xx.o [1]
  .text               ro code  0x08009cc4     0x4  startup_stm32f2xx.o [1]
  .text               ro code  0x08009cc8     0x4  startup_stm32f2xx.o [1]
  .text               ro code  0x08009ccc     0x4  startup_stm32f2xx.o [1]
  .text               ro code  0x08009cd0     0x4  startup_stm32f2xx.o [1]
  .text               ro code  0x08009cd4     0x4  startup_stm32f2xx.o [1]
  .text               ro code  0x08009cd8     0x4  startup_stm32f2xx.o [1]
  .text               ro code  0x08009cdc     0x4  startup_stm32f2xx.o [1]
  .text               ro code  0x08009ce0     0x4  startup_stm32f2xx.o [1]
  .text               ro code  0x08009ce4     0x4  startup_stm32f2xx.o [1]
  .text               ro code  0x08009ce8     0x4  startup_stm32f2xx.o [1]
  .text               ro code  0x08009cec     0x4  startup_stm32f2xx.o [1]
  .text               ro code  0x08009cf0     0x4  startup_stm32f2xx.o [1]
  .text               ro code  0x08009cf4     0x4  startup_stm32f2xx.o [1]
  .text               ro code  0x08009cf8     0x4  startup_stm32f2xx.o [1]
  .text               ro code  0x08009cfc     0x4  startup_stm32f2xx.o [1]
  .text               ro code  0x08009d00     0x4  startup_stm32f2xx.o [1]
  .text               ro code  0x08009d04     0x4  startup_stm32f2xx.o [1]
  .text               ro code  0x08009d08     0x4  startup_stm32f2xx.o [1]
  .text               ro code  0x08009d0c     0x4  startup_stm32f2xx.o [1]
  .text               ro code  0x08009d10     0x4  startup_stm32f2xx.o [1]
  .text               ro code  0x08009d14     0x4  startup_stm32f2xx.o [1]
  .text               ro code  0x08009d18     0x4  startup_stm32f2xx.o [1]
  .text               ro code  0x08009d1c     0x4  startup_stm32f2xx.o [1]
  .text               ro code  0x08009d20     0x4  startup_stm32f2xx.o [1]
  .text               ro code  0x08009d24     0x4  startup_stm32f2xx.o [1]
  .text               ro code  0x08009d28     0x4  startup_stm32f2xx.o [1]
  .text               ro code  0x08009d2c     0x4  startup_stm32f2xx.o [1]
  .text               ro code  0x08009d30     0x4  startup_stm32f2xx.o [1]
  .text               ro code  0x08009d34     0x4  startup_stm32f2xx.o [1]
  .text               ro code  0x08009d38     0x4  startup_stm32f2xx.o [1]
  .text               ro code  0x08009d3c     0x4  startup_stm32f2xx.o [1]
  .text               ro code  0x08009d40     0x4  startup_stm32f2xx.o [1]
  .text               ro code  0x08009d44     0x4  startup_stm32f2xx.o [1]
  .text               ro code  0x08009d48     0x4  startup_stm32f2xx.o [1]
  .text               ro code  0x08009d4c     0x4  startup_stm32f2xx.o [1]
  .text               ro code  0x08009d50     0x4  startup_stm32f2xx.o [1]
  .text               ro code  0x08009d54     0x4  startup_stm32f2xx.o [1]
  .rodata             const    0x08009d58     0x0  zero_init3.o [5]
  .rodata             const    0x08009d58     0x0  packbits_init.o [5]
  Initializer bytes   ro data  0x08009d58   0x12f  <for P2 s0>
                             - 0x08009e87  0x9d03

"P2", part 1 of 3:                          0x228
  P2 s0                        0x20000000   0x226  <Init block>
    __DLIB_PERTHREAD  inited   0x20000000    0x88  localeconv.o [3]
    __DLIB_PERTHREAD  inited   0x20000088    0x74  setlocale.o [3]
    .data             inited   0x200000fc    0x44  usbd_cdc_core.o [1]
    .data             inited   0x20000140    0x2c  usbd_cdc_core.o [1]
    .data             inited   0x2000016c    0x2c  usbd_core.o [1]
    .data             inited   0x20000198    0x1c  usbd_desc.o [1]
    .data             inited   0x200001b4    0x1c  usbd_usr.o [1]
    .data             inited   0x200001d0    0x14  usbd_cdc_vcp.o [1]
    .data             inited   0x200001e4    0x14  usbd_desc.o [1]
    .data             inited   0x200001f8    0x10  stm32f2xx_rcc.o [1]
    .data             inited   0x20000208     0x8  usbd_cdc_vcp.o [1]
    .data             inited   0x20000210     0x4  fsm.o [1]
    .data             inited   0x20000214     0x4  system_stm32f2xx.o [1]
    .data             inited   0x20000218     0x4  usbd_cdc_core.o [1]
    .data             inited   0x2000021c     0x4  usbd_core.o [1]
    .data             inited   0x20000220     0x4  usbd_desc.o [1]
    .data             inited   0x20000224     0x2  adc12.o [1]
                             - 0x20000226   0x226

"P2", part 2 of 3:                         0x2448
  .bss                zero     0x20000228   0xc94  IV.o [1]
  .bss                zero     0x20000ebc   0x800  usbd_cdc_core.o [1]
  .bss                zero     0x200016bc   0x5f4  main.o [1]
  .bss                zero     0x20001cb0   0x234  main.o [1]
  .bss                zero     0x20001ee4   0x224  main.o [1]
  .bss                zero     0x20002108   0x200  main.o [1]
  .bss                zero     0x20002308   0x100  usbd_req.o [1]
  .bss                zero     0x20002408    0xd0  timer.o [1]
  .bss                zero     0x200024d8    0x58  stm322xg_eval_sdio_sd.o [1]
  .bss                zero     0x20002530    0x40  usbd_cdc_core.o [1]
  .bss                zero     0x20002570    0x18  stm322xg_eval_sdio_sd.o [1]
  .bss                zero     0x20002588    0x18  stm322xg_eval_sdio_sd.o [1]
  .bss                zero     0x200025a0    0x14  stm322xg_eval_sdio_sd.o [1]
  .bss                zero     0x200025b4    0x14  timer.o [1]
  .bss                zero     0x200025c8    0x10  stm322xg_eval_sdio_sd.o [1]
  .bss                zero     0x200025d8    0x10  stm322xg_eval_sdio_sd.o [1]
  .bss                zero     0x200025e8     0xc  adc12.o [1]
  .bss                zero     0x200025f4     0xc  adc12.o [1]
  .bss                zero     0x20002600     0x8  usbd_cdc_core.o [1]
  .bss                zero     0x20002608     0x8  xxmemxmalloc.o [3]
  .bss                zero     0x20002610     0x4  ff.o [1]
  .bss                zero     0x20002614     0x4  main.o [1]
  .bss                zero     0x20002618     0x4  main.o [1]
  .bss                zero     0x2000261c     0x4  stm322xg_eval_sdio_sd.o [1]
  .bss                zero     0x20002620     0x4  stm322xg_eval_sdio_sd.o [1]
  .bss                zero     0x20002624     0x4  stm322xg_eval_sdio_sd.o [1]
  .bss                zero     0x20002628     0x4  stm322xg_eval_sdio_sd.o [1]
  .bss                zero     0x2000262c     0x4  stm322xg_eval_sdio_sd.o [1]
  .bss                zero     0x20002630     0x4  stm32f2xx_it.o [1]
  .bss                zero     0x20002634     0x4  systick.o [1]
  .bss                zero     0x20002638     0x4  usbd_cdc_core.o [1]
  .bss                zero     0x2000263c     0x4  usbd_cdc_core.o [1]
  .bss                zero     0x20002640     0x4  usbd_cdc_core.o [1]
  .bss                zero     0x20002644     0x4  usbd_cdc_core.o [1]
  .bss                zero     0x20002648     0x4  usbd_cdc_core.o [1]
  .bss                zero     0x2000264c     0x4  usbd_cdc_core.o [1]
  .bss                zero     0x20002650     0x4  usbd_core.o [1]
  .bss                zero     0x20002654     0x4  usbd_req.o [1]
  .bss                zero     0x20002658     0x4  usbd_req.o [1]
  .bss                zero     0x2000265c     0x4  usbd_req.o [1]
  .bss                zero     0x20002660     0x4  xgetmemchunk.o [3]
  .bss                zero     0x20002664     0x2  ff.o [1]
  .bss                zero     0x20002666     0x1  ff.o [1]
  .bss                zero     0x20002667     0x1  main.o [1]
  .bss                zero     0x20002668     0x1  stm322xg_eval_sdio_sd.o [1]
  .bss                zero     0x20002669     0x1  usbd_cdc_core.o [1]
  .bss                zero     0x2000266a     0x1  usbd_req.o [1]
                             - 0x2000266b  0x2443

"P2", part 3 of 3:                         0x4000
  CSTACK                       0x20002670  0x2000  <Block>
    CSTACK            uninit   0x20002670  0x2000  <Block tail>
  HEAP                         0x20004670  0x2000  <Block>
    HEAP              uninit   0x20004670  0x2000  <Block tail>
                             - 0x20006670  0x4000


*******************************************************************************
*** INIT TABLE
***

          Address     Size
          -------     ----
Zero (__iar_zero_init3)
    1 destination range, total size 0x2443:
          0x20000228  0x2443

Copy/packbits (__iar_packbits_init3)
    1 source range, total size 0x12f (55% of destination):
          0x08009d58   0x12f
    1 destination range, total size 0x226:
          0x20000000   0x226



*******************************************************************************
*** MODULE SUMMARY
***

    Module                   ro code  ro data  rw data
    ------                   -------  -------  -------
C:\git\blfw\blfw_fork_EB\app\Debug\Obj: [1]
    IV.o                         784       56    3 220
    adc12.o                      560        2       26
    dac.o                        262
    ff.o                       6 378       16        7
    fifo.o                       144
    fsm.o                         80        3        4
    main.o                       326       28    3 157
    misc.o                       136
    sdio-stm32f2.o               470
    startup_stm32f2xx.o          764
    stm322xg_eval.o              528
    stm322xg_eval_sdio_sd.o    5 764               209
    stm32f2xx_adc.o              524
    stm32f2xx_dac.o              172
    stm32f2xx_dma.o              808
    stm32f2xx_exti.o              12
    stm32f2xx_gpio.o             286
    stm32f2xx_it.o               380                 4
    stm32f2xx_rcc.o              448        9       16
    stm32f2xx_sdio.o             380
    stm32f2xx_tim.o              850
    system_stm32f2xx.o           292        2        4
    systick.o                    176                 4
    timer.o                      472               228
    usb_bsp.o                    272
    usb_core.o                 2 902
    usb_dcd.o                    742
    usb_dcd_int.o              1 762
    usbd_cdc_core.o              832       64    2 261
    usbd_cdc_vcp.o               302       15       28
    usbd_core.o                  824       26       52
    usbd_desc.o                  232      181       52
    usbd_ioreq.o                 228
    usbd_req.o                 1 726               269
    usbd_usr.o                    14       15       28
    --------------------------------------------------
    Total:                    30 832      417    9 569

command line: [2]
    --------------------------------------------------
    Total:

dl7M_tlf.a: [3]
    abort.o                        6
    div.o                         14
    exit.o                         4
    localeconv.o                 108       74      136
    low_level_init.o               4
    setlocale.o                   20       64      116
    sprintf.o                     52
    xencoding_sb.o                96
    xgetmemchunk.o                44                 4
    xmbcurmax.o                   10
    xmbtowc.o                     32
    xprintffull.o              4 294
    xsprout.o                     10
    xtls.o                         2
    xwctomb.o                     26
    xxmemxfree.o                 128
    xxmemxmalloc.o               176                 8
    --------------------------------------------------
    Total:                     5 026      138      264

m7M_tl.a: [4]
    DblAdd.o                     212
    DblCmpGe.o                    46
    DblCmpLe.o                    46
    DblDiv.o                     582
    DblMul.o                     418
    DblSub.o                     384
    DblToI32.o                    88
    FltAdd.o                     132
    FltDiv.o                     252
    FltMul.o                     216
    FltSub.o                     214
    FltToS32.o                    68
    I32ToDbl.o                    48
    I32ToFlt.o                    30
    xdnorm.o                      66
    xdscale.o                    268
    --------------------------------------------------
    Total:                     3 070

rt7M_tl.a: [5]
    ABImemcpy.o                  118
    ABImemset.o                  102
    I64DivMod.o                  238
    I64DivZer.o                    2
    cexit.o                       10
    cmain.o                       22
    cstartup_M.o                  12
    data_init.o                   40
    memchr.o                      88
    packbits_init.o              176
    strchr.o                      22
    strcpy.o                      68
    strlen.o                      54
    zero_init3.o                  34
    --------------------------------------------------
    Total:                       986

shb_l.a: [6]
    exit.o                        20
    --------------------------------------------------
    Total:                        20

    Gaps                          48        2
    Linker created                         44   16 384
------------------------------------------------------
    Grand Total:              39 982      601   26 217


*******************************************************************************
*** ENTRY LIST
***

Entry                      Address   Size  Type      Object
-----                      -------   ----  ----      ------
?main                   0x08009b11         Code  Gb  cmain.o [5]
ADC12_CalibrateVref     0x08008651   0x14  Code  Gb  adc12.o [1]
ADC12_FilterDMASamples  0x08008825   0x24  Code  Gb  adc12.o [1]
ADC12_GetOutputBufferSample
                        0x08008665   0x20  Code  Gb  adc12.o [1]
ADC12_GetVref           0x0800864b    0x6  Code  Gb  adc12.o [1]
ADC12_IIRFilterSamples  0x080087f3   0x32  Code  Gb  adc12.o [1]
ADC12_Init              0x08008685  0x16e  Code  Gb  adc12.o [1]
ADC12_SetVref           0x08008645    0x6  Code  Gb  adc12.o [1]
ADC_Cmd                 0x08008d07   0x1a  Code  Gb  stm32f2xx_adc.o [1]
ADC_CommonInit          0x08008ce5   0x22  Code  Gb  stm32f2xx_adc.o [1]
ADC_DMACmd              0x08008e5d   0x1a  Code  Gb  stm32f2xx_adc.o [1]
ADC_DMARequestAfterLastTransferCmd
                        0x08008e77   0x1a  Code  Gb  stm32f2xx_adc.o [1]
ADC_IRQHandler          0x08009c5d         Code  Wk  startup_stm32f2xx.o [1]
ADC_Init                0x08008c95   0x50  Code  Gb  stm32f2xx_adc.o [1]
ADC_RegularChannelConfig
                        0x08008d65   0xee  Code  Gb  stm32f2xx_adc.o [1]
ADC_SoftwareStartConv   0x08008e53    0xa  Code  Gb  stm32f2xx_adc.o [1]
ADC_TempSensorVrefintCmd
                        0x08008d21   0x22  Code  Gb  stm32f2xx_adc.o [1]
ADC_VBATCmd             0x08008d43   0x22  Code  Gb  stm32f2xx_adc.o [1]
APBAHBPrescTable        0x200001f8   0x10  Data  Lc  stm32f2xx_rcc.o [1]
APP_Rx_Buffer           0x20000ebc  0x800  Data  Gb  usbd_cdc_core.o [1]
APP_Rx_length           0x20002644    0x4  Data  Gb  usbd_cdc_core.o [1]
APP_Rx_ptr_in           0x2000263c    0x4  Data  Gb  usbd_cdc_core.o [1]
APP_Rx_ptr_out          0x20002640    0x4  Data  Gb  usbd_cdc_core.o [1]
Buffer                  0x20002108  0x200  Data  Gb  main.o [1]
BusFault_Handler        0x0800939f    0x2  Code  Gb  stm32f2xx_it.o [1]
BytesRead               0x20002614    0x4  Data  Gb  main.o [1]
BytesWritten            0x20002618    0x4  Data  Gb  main.o [1]
CAN1_RX0_IRQHandler     0x08009c65         Code  Wk  startup_stm32f2xx.o [1]
CAN1_RX1_IRQHandler     0x08009c69         Code  Wk  startup_stm32f2xx.o [1]
CAN1_SCE_IRQHandler     0x08009c6d         Code  Wk  startup_stm32f2xx.o [1]
CAN1_TX_IRQHandler      0x08009c61         Code  Wk  startup_stm32f2xx.o [1]
CAN2_RX0_IRQHandler     0x08009d15         Code  Wk  startup_stm32f2xx.o [1]
CAN2_RX1_IRQHandler     0x08009d19         Code  Wk  startup_stm32f2xx.o [1]
CAN2_SCE_IRQHandler     0x08009d1d         Code  Wk  startup_stm32f2xx.o [1]
CAN2_TX_IRQHandler      0x08009d11         Code  Wk  startup_stm32f2xx.o [1]
CID_Tab                 0x200025d8   0x10  Data  Lc  stm322xg_eval_sdio_sd.o [1]
CRYP_IRQHandler         0x08009d51         Code  Wk  startup_stm32f2xx.o [1]
CSD_Tab                 0x200025c8   0x10  Data  Lc  stm322xg_eval_sdio_sd.o [1]
CSTACK$$Base            0x20002670          --   Gb  - Linker created -
CSTACK$$Limit           0x20004670          --   Gb  - Linker created -
CardType                0x2000261c    0x4  Data  Lc  stm322xg_eval_sdio_sd.o [1]
CmdBuff                 0x20002600    0x8  Data  Gb  usbd_cdc_core.o [1]
CmdError                0x08002c19   0x38  Code  Lc  stm322xg_eval_sdio_sd.o [1]
CmdResp1Error           0x08002cbd  0x112  Code  Lc  stm322xg_eval_sdio_sd.o [1]
CmdResp2Error           0x08002e0d   0x52  Code  Lc  stm322xg_eval_sdio_sd.o [1]
CmdResp3Error           0x08002dcf   0x3e  Code  Lc  stm322xg_eval_sdio_sd.o [1]
CmdResp6Error           0x08002e5f   0xa6  Code  Lc  stm322xg_eval_sdio_sd.o [1]
CmdResp7Error           0x08002c51   0x58  Code  Lc  stm322xg_eval_sdio_sd.o [1]
CurrVol                 0x20002666    0x1  Data  Lc  ff.o [1]
DAC_Cmd                 0x08009007   0x26  Code  Gb  stm32f2xx_dac.o [1]
DAC_HwInit              0x08008aad   0x66  Code  Gb  dac.o [1]
DAC_Init                0x08008fd5   0x32  Code  Gb  stm32f2xx_dac.o [1]
DAC_MilivoltsToDacVal   0x08008b19   0x2c  Code  Gb  dac.o [1]
DAC_SetBothDacsInMilivolts
                        0x08008b6f   0x44  Code  Gb  dac.o [1]
DAC_SetChannel1Data     0x0800902d   0x1e  Code  Gb  stm32f2xx_dac.o [1]
DAC_SetDAC1ValInMilivolts
                        0x08008b45   0x2a  Code  Gb  dac.o [1]
DAC_SetDualChannelData  0x0800904b   0x30  Code  Gb  stm32f2xx_dac.o [1]
DCD_EP_Close            0x08007711   0x4a  Code  Gb  usb_dcd.o [1]
DCD_EP_ClrStall         0x0800786f   0x50  Code  Gb  usb_dcd.o [1]
DCD_EP_Open             0x08007695   0x7c  Code  Gb  usb_dcd.o [1]
DCD_EP_PrepareRx        0x0800775b   0x66  Code  Gb  usb_dcd.o [1]
DCD_EP_SetAddress       0x080078bf   0x1a  Code  Gb  usb_dcd.o [1]
DCD_EP_Stall            0x0800781f   0x50  Code  Gb  usb_dcd.o [1]
DCD_EP_Tx               0x080077c1   0x5e  Code  Gb  usb_dcd.o [1]
DCD_HandleEnumDone_ISR  0x08006d8f   0x4e  Code  Lc  usb_dcd_int.o [1]
DCD_HandleInEP_ISR      0x08006993  0x102  Code  Lc  usb_dcd_int.o [1]
DCD_HandleOutEP_ISR     0x08006a95   0xd8  Code  Lc  usb_dcd_int.o [1]
DCD_HandleResume_ISR    0x080068c1   0x4c  Code  Lc  usb_dcd_int.o [1]
DCD_HandleRxStatusQueueLevel_ISR
                        0x08006b8b   0x9e  Code  Lc  usb_dcd_int.o [1]
DCD_HandleSof_ISR       0x08006b6d   0x1e  Code  Lc  usb_dcd_int.o [1]
DCD_HandleUSBSuspend_ISR
                        0x0800690d   0x86  Code  Lc  usb_dcd_int.o [1]
DCD_HandleUsbReset_ISR  0x08006cc9   0xc6  Code  Lc  usb_dcd_int.o [1]
DCD_Init                0x080075f3   0xa2  Code  Gb  usb_dcd.o [1]
DCD_IsoINIncomplete_ISR
                        0x08006ddd   0x1e  Code  Lc  usb_dcd_int.o [1]
DCD_IsoOUTIncomplete_ISR
                        0x08006dfb   0x1e  Code  Lc  usb_dcd_int.o [1]
DCD_OTG_ISR             0x0800689b   0x26  Code  Lc  usb_dcd_int.o [1]
DCD_ReadDevInEP         0x08006e21   0x2e  Code  Lc  usb_dcd_int.o [1]
DCD_SessionRequest_ISR  0x0800687b   0x20  Code  Lc  usb_dcd_int.o [1]
DCD_WriteEmptyTxFifo    0x08006c29   0xa0  Code  Lc  usb_dcd_int.o [1]
DCMI_IRQHandler         0x08009d4d         Code  Wk  startup_stm32f2xx.o [1]
DMA1_Stream0_IRQHandler
                        0x08009c41         Code  Wk  startup_stm32f2xx.o [1]
DMA1_Stream1_IRQHandler
                        0x08009c45         Code  Wk  startup_stm32f2xx.o [1]
DMA1_Stream2_IRQHandler
                        0x08009c49         Code  Wk  startup_stm32f2xx.o [1]
DMA1_Stream3_IRQHandler
                        0x08009c4d         Code  Wk  startup_stm32f2xx.o [1]
DMA1_Stream4_IRQHandler
                        0x08009c51         Code  Wk  startup_stm32f2xx.o [1]
DMA1_Stream5_IRQHandler
                        0x08009c55         Code  Wk  startup_stm32f2xx.o [1]
DMA1_Stream6_IRQHandler
                        0x08009c59         Code  Wk  startup_stm32f2xx.o [1]
DMA1_Stream7_IRQHandler
                        0x08009cd1         Code  Wk  startup_stm32f2xx.o [1]
DMA2_Stream0_IRQHandler
                        0x08009493   0x1c  Code  Gb  stm32f2xx_it.o [1]
DMA2_Stream1_IRQHandler
                        0x08009cf9         Code  Wk  startup_stm32f2xx.o [1]
DMA2_Stream2_IRQHandler
                        0x08009cfd         Code  Wk  startup_stm32f2xx.o [1]
DMA2_Stream3_IRQHandler
                        0x080094b7    0x8  Code  Gb  stm32f2xx_it.o [1]
DMA2_Stream4_IRQHandler
                        0x08009d05         Code  Wk  startup_stm32f2xx.o [1]
DMA2_Stream5_IRQHandler
                        0x08009d25         Code  Wk  startup_stm32f2xx.o [1]
DMA2_Stream6_IRQHandler
                        0x08009d29         Code  Wk  startup_stm32f2xx.o [1]
DMA2_Stream7_IRQHandler
                        0x08009d2d         Code  Wk  startup_stm32f2xx.o [1]
DMAEndOfTransfer        0x2000262c    0x4  Data  Gb  stm322xg_eval_sdio_sd.o [1]
DMA_ClearFlag           0x08003979   0x24  Code  Gb  stm32f2xx_dma.o [1]
DMA_ClearITPendingBit   0x08003a41   0x24  Code  Gb  stm32f2xx_dma.o [1]
DMA_Cmd                 0x08003947   0x1a  Code  Gb  stm32f2xx_dma.o [1]
DMA_DeInit              0x080037ad  0x142  Code  Gb  stm32f2xx_dma.o [1]
DMA_FlowControllerConfig
                        0x08003961   0x18  Code  Gb  stm32f2xx_dma.o [1]
DMA_GetITStatus         0x080039df   0x62  Code  Gb  stm32f2xx_dma.o [1]
DMA_ITConfig            0x0800399d   0x42  Code  Gb  stm32f2xx_dma.o [1]
DMA_Init                0x080038ef   0x58  Code  Gb  stm32f2xx_dma.o [1]
DebugMon_Handler        0x080093a5    0x2  Code  Gb  stm32f2xx_it.o [1]
ETH_IRQHandler          0x08009d09         Code  Wk  startup_stm32f2xx.o [1]
ETH_WKUP_IRQHandler     0x08009d0d         Code  Wk  startup_stm32f2xx.o [1]
EXTI0_IRQHandler        0x08009c2d         Code  Wk  startup_stm32f2xx.o [1]
EXTI15_10_IRQHandler    0x08009cb5         Code  Wk  startup_stm32f2xx.o [1]
EXTI1_IRQHandler        0x08009c31         Code  Wk  startup_stm32f2xx.o [1]
EXTI2_IRQHandler        0x08009c35         Code  Wk  startup_stm32f2xx.o [1]
EXTI3_IRQHandler        0x08009c39         Code  Wk  startup_stm32f2xx.o [1]
EXTI4_IRQHandler        0x08009c3d         Code  Wk  startup_stm32f2xx.o [1]
EXTI9_5_IRQHandler      0x08009c71         Code  Wk  startup_stm32f2xx.o [1]
EXTI_ClearITPendingBit  0x08009639    0x6  Code  Gb  stm32f2xx_exti.o [1]
FIFO_Get                0x08008603   0x42  Code  Gb  fifo.o [1]
FIFO_Init               0x080085b5    0xc  Code  Gb  fifo.o [1]
FIFO_Post               0x080085c1   0x42  Code  Gb  fifo.o [1]
FLASH_IRQHandler        0x08009c25         Code  Wk  startup_stm32f2xx.o [1]
FSMC_IRQHandler         0x08009cd5         Code  Wk  startup_stm32f2xx.o [1]
FSM_Dispatch            0x08008bcb   0x2c  Code  Gb  fsm.o [1]
FSM_Init                0x08008bb5   0x16  Code  Gb  fsm.o [1]
FSM_ReservedEvts        0x20000210    0x4  Data  Lc  fsm.o [1]
FatFs                   0x20002610    0x4  Data  Lc  ff.o [1]
FindSCR                 0x080030a9  0x1d4  Code  Lc  stm322xg_eval_sdio_sd.o [1]
Fsid                    0x20002664    0x2  Data  Lc  ff.o [1]
GPIO_Init               0x08003685   0xaa  Code  Gb  stm32f2xx_gpio.o [1]
GPIO_PinAFConfig        0x08003749   0x5a  Code  Gb  stm32f2xx_gpio.o [1]
GPIO_ReadInputDataBit   0x0800372f   0x1a  Code  Gb  stm32f2xx_gpio.o [1]
HASH_RNG_IRQHandler     0x08009d55         Code  Wk  startup_stm32f2xx.o [1]
HEAP$$Base              0x20004670          --   Gb  - Linker created -
HEAP$$Limit             0x20006670          --   Gb  - Linker created -
Handle_USBAsynchXfer    0x0800819f   0xba  Code  Lc  usbd_cdc_core.o [1]
HardFault_Handler       0x0800939b    0x2  Code  Gb  stm32f2xx_it.o [1]
I2C1_ER_IRQHandler      0x08009c95         Code  Wk  startup_stm32f2xx.o [1]
I2C1_EV_IRQHandler      0x08009c91         Code  Wk  startup_stm32f2xx.o [1]
I2C2_ER_IRQHandler      0x08009c9d         Code  Wk  startup_stm32f2xx.o [1]
I2C2_EV_IRQHandler      0x08009c99         Code  Wk  startup_stm32f2xx.o [1]
I2C3_ER_IRQHandler      0x08009d39         Code  Wk  startup_stm32f2xx.o [1]
I2C3_EV_IRQHandler      0x08009d35         Code  Wk  startup_stm32f2xx.o [1]
IV_Curve2File           0x0800849b   0xf0  Code  Gb  IV.o [1]
IV_Get_Panel_Current    0x080083c9   0x1a  Code  Gb  IV.o [1]
IV_Get_Panel_Voltage    0x08008393   0x36  Code  Gb  IV.o [1]
IV_HAND_IDLE            0x080082c9   0x28  Code  Gb  IV.o [1]
IV_HAND_INITIAL         0x080082a5   0x22  Code  Gb  IV.o [1]
IV_HAND_OPER            0x080082f1   0x90  Code  Gb  IV.o [1]
IV_Init                 0x0800842b   0x24  Code  Gb  IV.o [1]
IV_Perform_Curve        0x08008381   0x12  Code  Gb  IV.o [1]
IV_Post_Event           0x08008419   0x12  Code  Gb  IV.o [1]
IV_Process              0x0800844f   0x18  Code  Gb  IV.o [1]
IV_SetCurrent           0x080083e3   0x36  Code  Gb  IV.o [1]
IV_Timertick            0x08008467   0x34  Code  Gb  IV.o [1]
InStream_Read           0x0800998d   0x22  Code  Lc  packbits_init.o [5]
MemManage_Handler       0x0800939d    0x2  Code  Gb  stm32f2xx_it.o [1]
NMI_Handler             0x08009399    0x2  Code  Gb  stm32f2xx_it.o [1]
NVIC_Init               0x08003adf   0x6a  Code  Gb  misc.o [1]
NVIC_PriorityGroupConfig
                        0x08003ad5    0xa  Code  Gb  misc.o [1]
NVIC_SetPriority        0x08008ea1   0x22  Code  Lc  systick.o [1]
OTG_FS_IRQHandler       0x080094e9    0xa  Code  Gb  stm32f2xx_it.o [1]
OTG_FS_WKUP_IRQHandler  0x080094bf   0x2a  Code  Gb  stm32f2xx_it.o [1]
OTG_HS_EP1_IN_IRQHandler
                        0x08009d41         Code  Wk  startup_stm32f2xx.o [1]
OTG_HS_EP1_OUT_IRQHandler
                        0x08009d3d         Code  Wk  startup_stm32f2xx.o [1]
OTG_HS_IRQHandler       0x08009d49         Code  Wk  startup_stm32f2xx.o [1]
OTG_HS_WKUP_IRQHandler  0x08009d45         Code  Wk  startup_stm32f2xx.o [1]
PVD_IRQHandler          0x08009c19         Code  Wk  startup_stm32f2xx.o [1]
PendSV_Handler          0x080093a7    0x2  Code  Gb  stm32f2xx_it.o [1]
RCA                     0x20002620    0x4  Data  Lc  stm322xg_eval_sdio_sd.o [1]
RCC_AHB1PeriphClockCmd  0x08003cd5   0x1e  Code  Gb  stm32f2xx_rcc.o [1]
RCC_AHB2PeriphClockCmd  0x08003cf3   0x1e  Code  Gb  stm32f2xx_rcc.o [1]
RCC_APB1PeriphClockCmd  0x08003d11   0x1e  Code  Gb  stm32f2xx_rcc.o [1]
RCC_APB2PeriphClockCmd  0x08003d2f   0x1e  Code  Gb  stm32f2xx_rcc.o [1]
RCC_APB2PeriphResetCmd  0x08003d4d   0x1e  Code  Gb  stm32f2xx_rcc.o [1]
RCC_GetClocksFreq       0x08003bd5  0x100  Code  Gb  stm32f2xx_rcc.o [1]
RCC_IRQHandler          0x08009c29         Code  Wk  startup_stm32f2xx.o [1]
RTC_Alarm_IRQHandler    0x08009cb9         Code  Wk  startup_stm32f2xx.o [1]
RTC_WKUP_IRQHandler     0x08009c21         Code  Wk  startup_stm32f2xx.o [1]
Region$$Table$$Base     0x08009ac8          --   Gb  - Linker created -
Region$$Table$$Limit    0x08009af4          --   Gb  - Linker created -
Reset_Handler           0x08009bb1         Code  Wk  startup_stm32f2xx.o [1]
SDCardInfo              0x200024d8   0x58  Data  Gb  stm322xg_eval_sdio_sd.o [1]
SDEnWideBus             0x08002f11  0x198  Code  Lc  stm322xg_eval_sdio_sd.o [1]
SDIO_ClearFlag          0x0800361d    0x6  Code  Gb  stm32f2xx_sdio.o [1]
SDIO_ClearITPendingBit  0x0800363d    0x6  Code  Gb  stm32f2xx_sdio.o [1]
SDIO_ClockCmd           0x0800354b    0x8  Code  Gb  stm32f2xx_sdio.o [1]
SDIO_CmdInitStructure   0x200025a0   0x14  Data  Gb  stm322xg_eval_sdio_sd.o [1]
SDIO_DMACmd             0x080035dd    0x8  Code  Gb  stm32f2xx_sdio.o [1]
SDIO_DataConfig         0x080035a9   0x2e  Code  Gb  stm32f2xx_sdio.o [1]
SDIO_DataInitStructure  0x20002588   0x18  Data  Gb  stm322xg_eval_sdio_sd.o [1]
SDIO_DeInit             0x08003509   0x18  Code  Gb  stm32f2xx_sdio.o [1]
SDIO_GetCommandResponse
                        0x0800358b    0x8  Code  Gb  stm32f2xx_sdio.o [1]
SDIO_GetFlagStatus      0x08003603   0x1a  Code  Gb  stm32f2xx_sdio.o [1]
SDIO_GetITStatus        0x08003623   0x1a  Code  Gb  stm32f2xx_sdio.o [1]
SDIO_GetPowerState      0x08003559    0xa  Code  Gb  stm32f2xx_sdio.o [1]
SDIO_GetResponse        0x08003593   0x16  Code  Gb  stm32f2xx_sdio.o [1]
SDIO_IRQHandler         0x080094af    0x8  Code  Gb  stm32f2xx_it.o [1]
SDIO_ITConfig           0x080035e5   0x1e  Code  Gb  stm32f2xx_sdio.o [1]
SDIO_Init               0x08003521   0x2a  Code  Gb  stm32f2xx_sdio.o [1]
SDIO_InitStructure      0x20002570   0x18  Data  Gb  stm322xg_eval_sdio_sd.o [1]
SDIO_ReadData           0x080035d7    0x6  Code  Gb  stm32f2xx_sdio.o [1]
SDIO_SendCommand        0x08003563   0x28  Code  Gb  stm32f2xx_sdio.o [1]
SDIO_SetPowerState      0x08003553    0x6  Code  Gb  stm32f2xx_sdio.o [1]
SD_Detect               0x08001d51   0x24  Code  Gb  stm322xg_eval_sdio_sd.o [1]
SD_EnableWideBusOperation
                        0x08002533   0xc8  Code  Gb  stm322xg_eval_sdio_sd.o [1]
SD_GetCardInfo          0x08002163  0x3d0  Code  Gb  stm322xg_eval_sdio_sd.o [1]
SD_GetState             0x08001d27   0x2a  Code  Gb  stm322xg_eval_sdio_sd.o [1]
SD_GetStatus            0x08001d05   0x22  Code  Gb  stm322xg_eval_sdio_sd.o [1]
SD_Init                 0x08001c51   0xb4  Code  Gb  stm322xg_eval_sdio_sd.o [1]
SD_InitializeCards      0x08001fc1  0x1a2  Code  Gb  stm322xg_eval_sdio_sd.o [1]
SD_InterruptEnable      0x08003299   0x3c  Code  Gb  stm322xg_eval_sdio_sd.o [1]
SD_LowLevel_DMA_RxConfig
                        0x08003465   0x8e  Code  Gb  stm322xg_eval.o [1]
SD_LowLevel_DMA_TxConfig
                        0x080033cb   0x9a  Code  Gb  stm322xg_eval.o [1]
SD_LowLevel_Init        0x080032f9   0xd2  Code  Gb  stm322xg_eval.o [1]
SD_PowerON              0x08001d75  0x24c  Code  Gb  stm322xg_eval_sdio_sd.o [1]
SD_ProcessDMAIRQ        0x08002bf5   0x22  Code  Gb  stm322xg_eval_sdio_sd.o [1]
SD_ProcessIRQSrc        0x08002b47   0xae  Code  Gb  stm322xg_eval_sdio_sd.o [1]
SD_ReadMultiBlocks      0x08002633  0x138  Code  Gb  stm322xg_eval_sdio_sd.o [1]
SD_SelectDeselect       0x080025fb   0x38  Code  Gb  stm322xg_eval_sdio_sd.o [1]
SD_SendStatus           0x08002ad9   0x6e  Code  Gb  stm322xg_eval_sdio_sd.o [1]
SD_StopTransfer         0x08002a91   0x44  Code  Gb  stm322xg_eval_sdio_sd.o [1]
SD_WaitReadOperation    0x08002771   0x96  Code  Gb  stm322xg_eval_sdio_sd.o [1]
SD_WaitWriteOperation   0x080029f5   0x96  Code  Gb  stm322xg_eval_sdio_sd.o [1]
SD_WriteMultiBlocks     0x0800281d  0x1ce  Code  Gb  stm322xg_eval_sdio_sd.o [1]
SET_TEST_MODE           0x20002650    0x4  Data  Gb  usbd_core.o [1]
SPI1_IRQHandler         0x08009ca1         Code  Wk  startup_stm32f2xx.o [1]
SPI2_IRQHandler         0x08009ca5         Code  Wk  startup_stm32f2xx.o [1]
SPI3_IRQHandler         0x08009ce1         Code  Wk  startup_stm32f2xx.o [1]
SVC_Handler             0x080093a3    0x2  Code  Gb  stm32f2xx_it.o [1]
SYSTICK_Init            0x08008f35   0x1c  Code  Gb  systick.o [1]
SYSTICK_delay_ms        0x08008ef5   0x14  Code  Gb  systick.o [1]
SYSTICK_tick            0x08008f09   0x14  Code  Gb  systick.o [1]
SetSysClock             0x0800955b   0xb6  Code  Lc  system_stm32f2xx.o [1]
StopCondition           0x20002624    0x4  Data  Gb  stm322xg_eval_sdio_sd.o [1]
SysTick_Config          0x08008ec3   0x32  Code  Lc  systick.o [1]
SysTick_Handler         0x080093a9    0xc  Code  Gb  stm32f2xx_it.o [1]
SystemCoreClock         0x20000214    0x4  Data  Gb  system_stm32f2xx.o [1]
SystemInit              0x08009515   0x46  Code  Gb  system_stm32f2xx.o [1]
TAMP_STAMP_IRQHandler   0x08009c1d         Code  Wk  startup_stm32f2xx.o [1]
TI1_Config              0x08007e67   0x38  Code  Lc  stm32f2xx_tim.o [1]
TI2_Config              0x08007e9f   0x42  Code  Lc  stm32f2xx_tim.o [1]
TI3_Config              0x08007ee1   0x40  Code  Lc  stm32f2xx_tim.o [1]
TI4_Config              0x08007f21   0x42  Code  Lc  stm32f2xx_tim.o [1]
TIM1_BRK_TIM9_IRQHandler
                        0x08009c75         Code  Wk  startup_stm32f2xx.o [1]
TIM1_CC_IRQHandler      0x080093b5   0xde  Code  Gb  stm32f2xx_it.o [1]
TIM1_TRG_COM_TIM11_IRQHandler
                        0x08009c7d         Code  Wk  startup_stm32f2xx.o [1]
TIM1_UP_TIM10_IRQHandler
                        0x08009c79         Code  Wk  startup_stm32f2xx.o [1]
TIM2_IRQHandler         0x08009c85         Code  Wk  startup_stm32f2xx.o [1]
TIM3_IRQHandler         0x08009c89         Code  Wk  startup_stm32f2xx.o [1]
TIM4_IRQHandler         0x08009c8d         Code  Wk  startup_stm32f2xx.o [1]
TIM5_IRQHandler         0x08009cdd         Code  Wk  startup_stm32f2xx.o [1]
TIM6_DAC_IRQHandler     0x08009ced         Code  Wk  startup_stm32f2xx.o [1]
TIM7_IRQHandler         0x08009cf1         Code  Wk  startup_stm32f2xx.o [1]
TIM8_BRK_TIM12_IRQHandler
                        0x08009cc1         Code  Wk  startup_stm32f2xx.o [1]
TIM8_CC_IRQHandler      0x08009ccd         Code  Wk  startup_stm32f2xx.o [1]
TIM8_TRG_COM_TIM14_IRQHandler
                        0x08009cc9         Code  Wk  startup_stm32f2xx.o [1]
TIM8_UP_TIM13_IRQHandler
                        0x08009cc5         Code  Wk  startup_stm32f2xx.o [1]
TIMER_CaptureStructInit
                        0x080091f3   0x1a  Code  Gb  timer.o [1]
TIMER_DemoIrGenStructInit
                        0x080091c1   0x2a  Code  Gb  timer.o [1]
TIMER_GetCaptureCh2Struct
                        0x080091ef    0x4  Code  Gb  timer.o [1]
TIMER_GetIrGenStruct    0x080091eb    0x4  Code  Gb  timer.o [1]
TIMER_InputCaptureCh2Init
                        0x0800920d   0xa2  Code  Gb  timer.o [1]
TIMER_OutputCompareCh3Init
                        0x080092af   0xce  Code  Gb  timer.o [1]
TIM_ClearITPendingBit   0x08007e5f    0x8  Code  Gb  stm32f2xx_tim.o [1]
TIM_Cmd                 0x08007c7b   0x1c  Code  Gb  stm32f2xx_tim.o [1]
TIM_GetCapture2         0x08007dc3    0x4  Code  Gb  stm32f2xx_tim.o [1]
TIM_GetCapture3         0x08007dc7    0x4  Code  Gb  stm32f2xx_tim.o [1]
TIM_GetITStatus         0x08007e2d   0x32  Code  Gb  stm32f2xx_tim.o [1]
TIM_ICInit              0x08007d53   0x70  Code  Gb  stm32f2xx_tim.o [1]
TIM_ITConfig            0x08007e17   0x16  Code  Gb  stm32f2xx_tim.o [1]
TIM_OC3Init             0x08007c97   0x8a  Code  Gb  stm32f2xx_tim.o [1]
TIM_OC3PreloadConfig    0x08007d41   0x12  Code  Gb  stm32f2xx_tim.o [1]
TIM_SetCompare3         0x08007d3d    0x4  Code  Gb  stm32f2xx_tim.o [1]
TIM_SetIC1Prescaler     0x08007dcb   0x12  Code  Gb  stm32f2xx_tim.o [1]
TIM_SetIC2Prescaler     0x08007ddd   0x14  Code  Gb  stm32f2xx_tim.o [1]
TIM_SetIC3Prescaler     0x08007df1   0x12  Code  Gb  stm32f2xx_tim.o [1]
TIM_SetIC4Prescaler     0x08007e03   0x14  Code  Gb  stm32f2xx_tim.o [1]
TIM_TimeBaseInit        0x08007c11   0x6a  Code  Gb  stm32f2xx_tim.o [1]
TransferEnd             0x20002628    0x4  Data  Gb  stm322xg_eval_sdio_sd.o [1]
TransferError           0x20002668    0x1  Data  Gb  stm322xg_eval_sdio_sd.o [1]
UART4_IRQHandler        0x08009ce5         Code  Wk  startup_stm32f2xx.o [1]
UART5_IRQHandler        0x08009ce9         Code  Wk  startup_stm32f2xx.o [1]
USART1_IRQHandler       0x08009ca9         Code  Wk  startup_stm32f2xx.o [1]
USART2_IRQHandler       0x08009cad         Code  Wk  startup_stm32f2xx.o [1]
USART3_IRQHandler       0x080098a1    0x2  Code  Gb  usbd_cdc_vcp.o [1]
USART6_IRQHandler       0x08009d31         Code  Wk  startup_stm32f2xx.o [1]
USBD_CDC_cb             0x20000140   0x2c  Data  Gb  usbd_cdc_core.o [1]
USBD_ClrCfg             0x08007b9d   0x18  Code  Gb  usbd_core.o [1]
USBD_ClrFeature         0x08007419   0x3a  Code  Lc  usbd_req.o [1]
USBD_CtlContinueRx      0x0800758d   0x1e  Code  Gb  usbd_ioreq.o [1]
USBD_CtlContinueSendData
                        0x0800753f   0x1e  Code  Gb  usbd_ioreq.o [1]
USBD_CtlError           0x08007497   0x1e  Code  Gb  usbd_req.o [1]
USBD_CtlPrepareRx       0x0800755d   0x30  Code  Gb  usbd_ioreq.o [1]
USBD_CtlReceiveStatus   0x080075cf   0x24  Code  Gb  usbd_ioreq.o [1]
USBD_CtlSendData        0x0800750f   0x30  Code  Gb  usbd_ioreq.o [1]
USBD_CtlSendStatus      0x080075ab   0x24  Code  Gb  usbd_ioreq.o [1]
USBD_DCD_INT_cb         0x2000016c   0x2c  Data  Gb  usbd_core.o [1]
USBD_DCD_INT_fops       0x2000021c    0x4  Data  Gb  usbd_core.o [1]
USBD_DataInStage        0x08007a0f   0xd2  Code  Lc  usbd_core.o [1]
USBD_DataOutStage       0x08007975   0x9a  Code  Lc  usbd_core.o [1]
USBD_DeInit             0x0800791d    0x6  Code  Gb  usbd_core.o [1]
USBD_DevConnected       0x08007bd9   0x16  Code  Lc  usbd_core.o [1]
USBD_DevDisconnected    0x08007bef   0x22  Code  Lc  usbd_core.o [1]
USBD_DeviceDesc         0x200001e4   0x14  Data  Gb  usbd_desc.o [1]
USBD_GetConfig          0x080072eb   0x48  Code  Lc  usbd_req.o [1]
USBD_GetDescriptor      0x0800708f  0x136  Code  Lc  usbd_req.o [1]
USBD_GetLen             0x080074fb   0x14  Code  Lc  usbd_req.o [1]
USBD_GetStatus          0x08007333   0x40  Code  Lc  usbd_req.o [1]
USBD_GetString          0x080074b5   0x46  Code  Gb  usbd_req.o [1]
USBD_Init               0x080078d9   0x44  Code  Gb  usbd_core.o [1]
USBD_IsoINIncomplete    0x08007bb5   0x12  Code  Lc  usbd_core.o [1]
USBD_IsoOUTIncomplete   0x08007bc7   0x12  Code  Lc  usbd_core.o [1]
USBD_LangIDDesc         0x20000220    0x4  Data  Gb  usbd_desc.o [1]
USBD_OTG_ISR_Handler    0x0800676d  0x10e  Code  Gb  usb_dcd_int.o [1]
USBD_ParseSetupRequest  0x08007453   0x44  Code  Gb  usbd_req.o [1]
USBD_Reset              0x08007af5   0x30  Code  Lc  usbd_core.o [1]
USBD_Resume             0x08007b25   0x1e  Code  Lc  usbd_core.o [1]
USBD_RunTestMode        0x08007ae1    0xe  Code  Lc  usbd_core.o [1]
USBD_SOF                0x08007b61   0x1c  Code  Lc  usbd_core.o [1]
USBD_SetAddress         0x080071c5   0x60  Code  Lc  usbd_req.o [1]
USBD_SetCfg             0x08007b7d   0x20  Code  Gb  usbd_core.o [1]
USBD_SetConfig          0x08007225   0xc6  Code  Lc  usbd_req.o [1]
USBD_SetFeature         0x08007373   0x90  Code  Lc  usbd_req.o [1]
USBD_SetupStage         0x08007923   0x52  Code  Lc  usbd_core.o [1]
USBD_StdDevReq          0x08006e51   0x7c  Code  Gb  usbd_req.o [1]
USBD_StdEPReq           0x08006f1b  0x174  Code  Gb  usbd_req.o [1]
USBD_StdItfReq          0x08006ecd   0x4e  Code  Gb  usbd_req.o [1]
USBD_StrDesc            0x20002308  0x100  Data  Gb  usbd_req.o [1]
USBD_Suspend            0x08007b43   0x1e  Code  Lc  usbd_core.o [1]
USBD_USR_ConfigStrDescriptor
                        0x08009919   0x26  Code  Gb  usbd_desc.o [1]
USBD_USR_DeviceConfigured
                        0x080032ef    0x2  Code  Gb  usbd_usr.o [1]
USBD_USR_DeviceConnected
                        0x080032f5    0x2  Code  Gb  usbd_usr.o [1]
USBD_USR_DeviceDescriptor
                        0x080098a5    0xa  Code  Gb  usbd_desc.o [1]
USBD_USR_DeviceDisconnected
                        0x080032f7    0x2  Code  Gb  usbd_usr.o [1]
USBD_USR_DeviceReset    0x080032ed    0x2  Code  Gb  usbd_usr.o [1]
USBD_USR_DeviceResumed  0x080032f3    0x2  Code  Gb  usbd_usr.o [1]
USBD_USR_DeviceSuspended
                        0x080032f1    0x2  Code  Gb  usbd_usr.o [1]
USBD_USR_Init           0x080032eb    0x2  Code  Gb  usbd_usr.o [1]
USBD_USR_InterfaceStrDescriptor
                        0x0800993f   0x26  Code  Gb  usbd_desc.o [1]
USBD_USR_LangIDStrDescriptor
                        0x080098af    0xa  Code  Gb  usbd_desc.o [1]
USBD_USR_ManufacturerStrDescriptor
                        0x080098df   0x14  Code  Gb  usbd_desc.o [1]
USBD_USR_ProductStrDescriptor
                        0x080098b9   0x26  Code  Gb  usbd_desc.o [1]
USBD_USR_SerialStrDescriptor
                        0x080098f3   0x26  Code  Gb  usbd_desc.o [1]
USBD_cdc_GetCfgDesc     0x08008259    0xa  Code  Lc  usbd_cdc_core.o [1]
USBD_cfg_status         0x2000265c    0x4  Data  Gb  usbd_req.o [1]
USBD_default_cfg        0x20002658    0x4  Data  Gb  usbd_req.o [1]
USBD_ep_status          0x20002654    0x4  Data  Gb  usbd_req.o [1]
USB_OTG_BSP_EnableInterrupt
                        0x08006715   0x2e  Code  Gb  usb_bsp.o [1]
USB_OTG_BSP_Init        0x0800665d   0xb4  Code  Gb  usb_bsp.o [1]
USB_OTG_BSP_mDelay      0x0800675b   0x12  Code  Gb  usb_bsp.o [1]
USB_OTG_BSP_uDelay      0x08006743   0x18  Code  Gb  usb_bsp.o [1]
USB_OTG_CoreInit        0x08005cdd   0xca  Code  Gb  usb_core.o [1]
USB_OTG_CoreInitDev     0x08005ef7  0x1b2  Code  Gb  usb_core.o [1]
USB_OTG_CoreReset       0x08005b27   0x60  Code  Lc  usb_core.o [1]
USB_OTG_DisableGlobalInt
                        0x08005dc5   0x1e  Code  Gb  usb_core.o [1]
USB_OTG_EP0Activate     0x0800613f   0x50  Code  Gb  usb_core.o [1]
USB_OTG_EP0StartXfer    0x080063ed  0x12c  Code  Gb  usb_core.o [1]
USB_OTG_EP0_OutStart    0x080065e3   0x52  Code  Gb  usb_core.o [1]
USB_OTG_EPActivate      0x0800618f   0x7a  Code  Gb  usb_core.o [1]
USB_OTG_EPClearStall    0x08006563   0x46  Code  Gb  usb_core.o [1]
USB_OTG_EPDeactivate    0x08006209   0x58  Code  Gb  usb_core.o [1]
USB_OTG_EPSetStall      0x08006519   0x4a  Code  Gb  usb_core.o [1]
USB_OTG_EPStartXfer     0x08006261  0x18c  Code  Gb  usb_core.o [1]
USB_OTG_EnableCommonInt
                        0x08005b05   0x22  Code  Lc  usb_core.o [1]
USB_OTG_EnableDevInt    0x080060a9   0x62  Code  Gb  usb_core.o [1]
USB_OTG_EnableGlobalInt
                        0x08005da7   0x1e  Code  Gb  usb_core.o [1]
USB_OTG_FlushRxFifo     0x08005e2b   0x40  Code  Gb  usb_core.o [1]
USB_OTG_FlushTxFifo     0x08005de3   0x48  Code  Gb  usb_core.o [1]
USB_OTG_GetDeviceSpeed  0x0800610b   0x34  Code  Gb  usb_core.o [1]
USB_OTG_GetMode         0x08005eb1    0xa  Code  Gb  usb_core.o [1]
USB_OTG_InitDevSpeed    0x08005ee5   0x12  Code  Gb  usb_core.o [1]
USB_OTG_IsDeviceMode    0x08005ebb   0x18  Code  Gb  usb_core.o [1]
USB_OTG_ReadCoreItr     0x08005ed3   0x12  Code  Gb  usb_core.o [1]
USB_OTG_ReadDevAllInEPItr
                        0x080065d1   0x12  Code  Gb  usb_core.o [1]
USB_OTG_ReadDevAllOutEp_itr
                        0x080065a9   0x12  Code  Gb  usb_core.o [1]
USB_OTG_ReadDevOutEP_itr
                        0x080065bb   0x16  Code  Gb  usb_core.o [1]
USB_OTG_ReadPacket      0x08005bcf   0x2c  Code  Gb  usb_core.o [1]
USB_OTG_SelectCore      0x08005bfb   0xe2  Code  Gb  usb_core.o [1]
USB_OTG_SetCurrentMode  0x08005e75   0x3c  Code  Gb  usb_core.o [1]
USB_OTG_UngateClock     0x08006635   0x26  Code  Gb  usb_core.o [1]
USB_OTG_WritePacket     0x08005b87   0x48  Code  Gb  usb_core.o [1]
USB_OTG_dev             0x200016bc  0x5f4  Data  Gb  main.o [1]
USB_Rx_Buffer           0x20002530   0x40  Data  Gb  usbd_cdc_core.o [1]
USB_Tx_State            0x20002669    0x1  Data  Gb  usbd_cdc_core.o [1]
USR_cb                  0x200001b4   0x1c  Data  Gb  usbd_usr.o [1]
USR_desc                0x20000198   0x1c  Data  Gb  usbd_desc.o [1]
UsageFault_Handler      0x080093a1    0x2  Code  Gb  stm32f2xx_it.o [1]
VCP_COMConfig           0x0800989b    0x6  Code  Lc  usbd_cdc_vcp.o [1]
VCP_Ctrl                0x0800977d   0xa6  Code  Lc  usbd_cdc_vcp.o [1]
VCP_DataRx              0x08009889   0x12  Code  Lc  usbd_cdc_vcp.o [1]
VCP_DataTx              0x08009823   0x5a  Code  Lc  usbd_cdc_vcp.o [1]
VCP_DeInit              0x08009779    0x4  Code  Lc  usbd_cdc_vcp.o [1]
VCP_Init                0x08009775    0x4  Code  Lc  usbd_cdc_vcp.o [1]
VCP_fops                0x200001d0   0x14  Data  Gb  usbd_cdc_vcp.o [1]
WWDG_IRQHandler         0x08009c15         Code  Wk  startup_stm32f2xx.o [1]
_EncodingSb_Mbtowc      0x080059b7   0x30  Code  Gb  xencoding_sb.o [3]
_EncodingSb_Wctomb      0x0800599d   0x1a  Code  Gb  xencoding_sb.o [3]
_GenldFull              0x08004bc9  0x248  Code  Lc  xprintffull.o [3]
_IsdstStr               0x2000008c    0x4  Data  Gb  setlocale.o [3]
_LdtobFull              0x08004801  0x3c2  Code  Lc  xprintffull.o [3]
_LitobFull              0x080046a3  0x10c  Code  Lc  xprintffull.o [3]
_LocaleEncoding         0x08005989    0xe  Code  Gb  setlocale.o [3]
_LocaleReturnString     0x200000ac   0x50  Data  Lc  setlocale.o [3]
_Locale_Profile         0x20000090   0x1c  Data  Gb  setlocale.o [3]
_Locale_aeabi_lconv     0x20000050   0x38  Data  Gb  localeconv.o [3]
_Locale_lconv           0x20000000   0x50  Data  Gb  localeconv.o [3]
_Mbtowc                 0x08004e5b   0x20  Code  Gb  xmbtowc.o [3]
_PrintfFull             0x08003d95  0x5b6  Code  Gb  xprintffull.o [3]
_PutcharsFull           0x08004e11   0x2e  Code  Lc  xprintffull.o [3]
_PutstrFull             0x08004361  0x33c  Code  Lc  xprintffull.o [3]
_SProut                 0x080037a3    0xa  Code  Gb  xsprout.o [3]
_TzoneStr               0x20000088    0x4  Data  Gb  setlocale.o [3]
_Wctomb                 0x08004fe1   0x1a  Code  Gb  xwctomb.o [3]
__aeabi_cdcmple         0x08005351         Code  Gb  DblCmpLe.o [4]
__aeabi_cdrcmple        0x08005381         Code  Gb  DblCmpGe.o [4]
__aeabi_d2iz            0x080054bd         Code  Gb  DblToI32.o [4]
__aeabi_d2uiz           0x080054e9         Code  Gb  DblToI32.o [4]
__aeabi_ddiv            0x080056c5         Code  Gb  DblDiv.o [4]
__aeabi_dmul            0x0800516d         Code  Gb  DblMul.o [4]
__aeabi_dsub            0x08005545         Code  Gb  DblSub.o [4]
__aeabi_f2iz            0x0800896d         Code  Gb  FltToS32.o [4]
__aeabi_fadd            0x08008f51         Code  Gb  FltAdd.o [4]
__aeabi_fdiv            0x080089b1         Code  Gb  FltDiv.o [4]
__aeabi_fmul            0x08008895         Code  Gb  FltMul.o [4]
__aeabi_i2d             0x08005515         Code  Gb  I32ToDbl.o [4]
__aeabi_ldiv0           0x08005a29         Code  Gb  I64DivZer.o [5]
__aeabi_memcpy          0x08003b5d         Code  Gb  ABImemcpy.o [5]
__aeabi_memcpy4         0x08003b7d         Code  Gb  ABImemcpy.o [5]
__aeabi_memcpy8         0x08003b7d         Code  Gb  ABImemcpy.o [5]
__aeabi_memset          0x08009081         Code  Gb  ABImemset.o [5]
__aeabi_ui2d            0x08005529         Code  Gb  I32ToDbl.o [4]
__aeabi_ui2f            0x08008875         Code  Gb  I32ToFlt.o [4]
__aeabi_uldivmod        0x0800507d         Code  Gb  I64DivMod.o [5]
__cmain                 0x08009b11         Code  Gb  cmain.o [5]
__data_Aldata           0x20002608    0x8  Data  Gb  xxmemxmalloc.o [3]
__data_GetMemChunk      0x080059fd   0x2c  Code  Gb  xgetmemchunk.o [3]
__exit                  0x08009a45   0x14  Code  Gb  exit.o [6]
__iar_Dnorm             0x0800530f   0x42  Code  Gb  xdnorm.o [4]
__iar_Dscale            0x080053b1  0x10c  Code  Gb  xdscale.o [4]
__iar_Locale_lconv_init
                        0x0800590d   0x3a  Code  Gb  localeconv.o [3]
__iar_Mbcurmax          0x08004f25    0xa  Code  Gb  xmbcurmax.o [3]
__iar_Memchr            0x08004ecd         Code  Gb  memchr.o [5]
__iar_Memset            0x08009081         Code  Gb  ABImemset.o [5]
__iar_Memset_word       0x08009089         Code  Gb  ABImemset.o [5]
__iar_Strchr            0x08004e7d         Code  Gb  strchr.o [5]
__iar_d2uiz             0x080054f5         Code  Gb  DblToI32.o [4]
__iar_dadd              0x08005a2d         Code  Gb  DblAdd.o [4]
__iar_data_init3        0x08009a59   0x28  Code  Gb  data_init.o [5]
__iar_dlib_perthread_access
                        0x08005b01    0x2  Code  Gb  xtls.o [3]
__iar_dsub              0x08005559         Code  Gb  DblSub.o [4]
__iar_dsubStart         0x0800556b         Code  Gb  DblSub.o [4]
__iar_fadd              0x08008f61         Code  Gb  FltAdd.o [4]
__iar_fsub              0x080090e9         Code  Gb  FltSub.o [4]
__iar_fsubStart         0x080090f9         Code  Gb  FltSub.o [4]
__iar_packbits_init3    0x080099af   0x8e  Code  Gb  packbits_init.o [5]
__iar_program_start     0x08009be5         Code  Gb  cstartup_M.o [5]
__iar_ui2d              0x0800552d         Code  Gb  I32ToDbl.o [4]
__iar_ui2f              0x08008879         Code  Gb  I32ToFlt.o [4]
__iar_zero_init3        0x08001a6f   0x22  Code  Gb  zero_init3.o [5]
__low_level_init        0x08009b27    0x4  Code  Gb  low_level_init.o [3]
__vector_table          0x08000000         Data  Gb  startup_stm32f2xx.o [1]
_call_main              0x08009b1d         Code  Gb  cmain.o [5]
_exit                   0x08009b31         Code  Gb  cexit.o [5]
_main                   0x08009b23         Code  Gb  cmain.o [5]
abort                   0x08009a3d    0x6  Code  Gb  abort.o [3]
adc12_dma_buffer        0x200025e8    0xc  Data  Lc  adc12.o [1]
adc12_output_buffer     0x200025f4    0xc  Data  Lc  adc12.o [1]
adc12_vref              0x20000224    0x2  Data  Lc  adc12.o [1]
capture                 0x20002630    0x4  Data  Gb  stm32f2xx_it.o [1]
capture_ch2             0x200025b4   0x14  Data  Gb  timer.o [1]
cdcCmd                  0x20000218    0x4  Data  Lc  usbd_cdc_core.o [1]
cdcLen                  0x20002648    0x4  Data  Lc  usbd_cdc_core.o [1]
check_fs                0x08000c7d   0x7a  Code  Lc  ff.o [1]
chk_chr                 0x080001db   0x14  Code  Lc  ff.o [1]
chk_mounted             0x08000cf7  0x444  Code  Lc  ff.o [1]
clust2sect              0x0800033f   0x1a  Code  Gb  ff.o [1]
create_chain            0x0800062d   0xdc  Code  Lc  ff.o [1]
create_name             0x080009e9  0x1d6  Code  Lc  ff.o [1]
dir_find                0x080008ff   0x68  Code  Lc  ff.o [1]
dir_next                0x080007bf  0x140  Code  Lc  ff.o [1]
dir_register            0x08000967   0x82  Code  Lc  ff.o [1]
dir_sdi                 0x08000709   0xb6  Code  Lc  ff.o [1]
disk_initialize         0x08001a91   0x22  Code  Gb  sdio-stm32f2.o [1]
disk_ioctl              0x08001c3f    0x6  Code  Gb  sdio-stm32f2.o [1]
disk_read               0x08001acb   0xba  Code  Gb  sdio-stm32f2.o [1]
disk_status             0x08001ab3   0x18  Code  Gb  sdio-stm32f2.o [1]
disk_write              0x08001b85   0xba  Code  Gb  sdio-stm32f2.o [1]
div                     0x08005979    0xe  Code  Gb  div.o [3]
exit                    0x08009b2b    0x4  Code  Gb  exit.o [3]
f_close                 0x0800185f   0x1c  Code  Gb  ff.o [1]
f_lseek                 0x08001895  0x1da  Code  Gb  ff.o [1]
f_mount                 0x08001169   0x36  Code  Gb  ff.o [1]
f_open                  0x080011a5  0x1a6  Code  Gb  ff.o [1]
f_read                  0x0800134b  0x20e  Code  Gb  ff.o [1]
f_sync                  0x0800179b   0xc4  Code  Gb  ff.o [1]
f_write                 0x08001559  0x242  Code  Gb  ff.o [1]
fil                     0x20001ee4  0x224  Data  Gb  main.o [1]
follow_path             0x08000bbf   0xbe  Code  Lc  ff.o [1]
free                    0x08004ffd   0x7a  Code  Gb  xxmemxfree.o [3]
fs32                    0x20001cb0  0x234  Data  Gb  main.o [1]
get_fat                 0x08000359   0xfe  Code  Gb  ff.o [1]
get_fattime             0x08001c45    0x4  Code  Gb  sdio-stm32f2.o [1]
ir_gen                  0x20002408   0xd0  Data  Gb  timer.o [1]
iv_tracer               0x20000228  0xc94  Data  Lc  IV.o [1]
linecoding              0x20000208    0x8  Data  Gb  usbd_cdc_vcp.o [1]
localeconv              0x08005947   0x16  Code  Gb  localeconv.o [3]
main                    0x08009645  0x130  Code  Gb  main.o [1]
malloc                  0x08004f31   0xac  Code  Gb  xxmemxmalloc.o [3]
mem_cmp                 0x080001b7   0x24  Code  Lc  ff.o [1]
mem_cpy                 0x08000185   0x1c  Code  Lc  ff.o [1]
mem_set                 0x080001a1   0x16  Code  Lc  ff.o [1]
memchr                  0x08004ecd         Code  Gb  memchr.o [5]
memcpy                  0x080032d5   0x16  Code  Gb  sdio-stm32f2.o [1]
memset                  0x08008c05   0x16  Code  Gb  main.o [1]
move_window             0x080001ef   0x78  Code  Lc  ff.o [1]
put_fat                 0x08000457  0x164  Code  Gb  ff.o [1]
remove_chain            0x080005bb   0x72  Code  Lc  ff.o [1]
res                     0x20002667    0x1  Data  Gb  main.o [1]
scale                   0x080047b5   0x46  Code  Lc  xprintffull.o [3]
sprintf                 0x08008c61   0x34  Code  Gb  sprintf.o [3]
strchr                  0x08004e7d         Code  Gb  strchr.o [5]
strcpy                  0x08008c1d         Code  Gb  strcpy.o [5]
strlen                  0x08004e95         Code  Gb  strlen.o [5]
sync                    0x08000267   0xd8  Code  Lc  ff.o [1]
timing_delay            0x20002634    0x4  Data  Lc  systick.o [1]
usbd_cdc_AltSet         0x20002638    0x4  Data  Lc  usbd_cdc_core.o [1]
usbd_cdc_CfgDesc        0x200000fc   0x44  Data  Gb  usbd_cdc_core.o [1]
usbd_cdc_DataIn         0x080080d1   0x7c  Code  Lc  usbd_cdc_core.o [1]
usbd_cdc_DataOut        0x0800814d   0x30  Code  Lc  usbd_cdc_core.o [1]
usbd_cdc_DeInit         0x08007fb1   0x28  Code  Lc  usbd_cdc_core.o [1]
usbd_cdc_EP0_RxReady    0x080080ab   0x26  Code  Lc  usbd_cdc_core.o [1]
usbd_cdc_Init           0x08007f65   0x4c  Code  Lc  usbd_cdc_core.o [1]
usbd_cdc_SOF            0x0800817d   0x22  Code  Lc  usbd_cdc_core.o [1]
usbd_cdc_Setup          0x08007fd9   0xd2  Code  Lc  usbd_cdc_core.o [1]
validate                0x0800113b   0x2e  Code  Lc  ff.o [1]


[1] = C:\git\blfw\blfw_fork_EB\app\Debug\Obj
[2] = command line
[3] = dl7M_tlf.a
[4] = m7M_tl.a
[5] = rt7M_tl.a
[6] = shb_l.a

  39 982 bytes of readonly  code memory
     601 bytes of readonly  data memory
  26 217 bytes of readwrite data memory

Errors: none
Warnings: none
