###############################################################################
#                                                                             #
# IAR ELF Linker V6.50.3.4676/W32 for ARM               21/Jun/2014  07:19:00 #
# Copyright 2007-2013 IAR Systems AB.                                         #
#                                                                             #
#    Output file  =  C:\git\blfw\blfw_fork_EB\app\Debug\Exe\c.out             #
#    Map file     =  C:\git\blfw\blfw_fork_EB\app\Debug\List\c.map            #
#    Command line =  C:\git\blfw\blfw_fork_EB\app\Debug\Obj\adc12.o           #
#                    C:\git\blfw\blfw_fork_EB\app\Debug\Obj\dac.o             #
#                    C:\git\blfw\blfw_fork_EB\app\Debug\Obj\ff.o              #
#                    C:\git\blfw\blfw_fork_EB\app\Debug\Obj\main.o            #
#                    C:\git\blfw\blfw_fork_EB\app\Debug\Obj\misc.o            #
#                    C:\git\blfw\blfw_fork_EB\app\Debug\Obj\sdio-stm32f2.o    #
#                    C:\git\blfw\blfw_fork_EB\app\Debug\Obj\startup_stm32f2xx #
#                    .o C:\git\blfw\blfw_fork_EB\app\Debug\Obj\stm322xg_eval. #
#                    o C:\git\blfw\blfw_fork_EB\app\Debug\Obj\stm322xg_eval_s #
#                    dio_sd.o C:\git\blfw\blfw_fork_EB\app\Debug\Obj\stm32f2x #
#                    x_adc.o C:\git\blfw\blfw_fork_EB\app\Debug\Obj\stm32f2xx #
#                    _can.o C:\git\blfw\blfw_fork_EB\app\Debug\Obj\stm32f2xx_ #
#                    crc.o C:\git\blfw\blfw_fork_EB\app\Debug\Obj\stm32f2xx_c #
#                    ryp.o C:\git\blfw\blfw_fork_EB\app\Debug\Obj\stm32f2xx_c #
#                    ryp_aes.o C:\git\blfw\blfw_fork_EB\app\Debug\Obj\stm32f2 #
#                    xx_cryp_des.o C:\git\blfw\blfw_fork_EB\app\Debug\Obj\stm #
#                    32f2xx_cryp_tdes.o C:\git\blfw\blfw_fork_EB\app\Debug\Ob #
#                    j\stm32f2xx_dac.o C:\git\blfw\blfw_fork_EB\app\Debug\Obj #
#                    \stm32f2xx_dbgmcu.o C:\git\blfw\blfw_fork_EB\app\Debug\O #
#                    bj\stm32f2xx_dcmi.o C:\git\blfw\blfw_fork_EB\app\Debug\O #
#                    bj\stm32f2xx_dma.o C:\git\blfw\blfw_fork_EB\app\Debug\Ob #
#                    j\stm32f2xx_exti.o C:\git\blfw\blfw_fork_EB\app\Debug\Ob #
#                    j\stm32f2xx_flash.o C:\git\blfw\blfw_fork_EB\app\Debug\O #
#                    bj\stm32f2xx_fsmc.o C:\git\blfw\blfw_fork_EB\app\Debug\O #
#                    bj\stm32f2xx_gpio.o C:\git\blfw\blfw_fork_EB\app\Debug\O #
#                    bj\stm32f2xx_hash.o C:\git\blfw\blfw_fork_EB\app\Debug\O #
#                    bj\stm32f2xx_hash_md5.o C:\git\blfw\blfw_fork_EB\app\Deb #
#                    ug\Obj\stm32f2xx_hash_sha1.o                             #
#                    C:\git\blfw\blfw_fork_EB\app\Debug\Obj\stm32f2xx_i2c.o   #
#                    C:\git\blfw\blfw_fork_EB\app\Debug\Obj\stm32f2xx_it.o    #
#                    C:\git\blfw\blfw_fork_EB\app\Debug\Obj\stm32f2xx_iwdg.o  #
#                    C:\git\blfw\blfw_fork_EB\app\Debug\Obj\stm32f2xx_pwr.o   #
#                    C:\git\blfw\blfw_fork_EB\app\Debug\Obj\stm32f2xx_rcc.o   #
#                    C:\git\blfw\blfw_fork_EB\app\Debug\Obj\stm32f2xx_rng.o   #
#                    C:\git\blfw\blfw_fork_EB\app\Debug\Obj\stm32f2xx_rtc.o   #
#                    C:\git\blfw\blfw_fork_EB\app\Debug\Obj\stm32f2xx_sdio.o  #
#                    C:\git\blfw\blfw_fork_EB\app\Debug\Obj\stm32f2xx_spi.o   #
#                    C:\git\blfw\blfw_fork_EB\app\Debug\Obj\stm32f2xx_syscfg. #
#                    o C:\git\blfw\blfw_fork_EB\app\Debug\Obj\stm32f2xx_tim.o #
#                     C:\git\blfw\blfw_fork_EB\app\Debug\Obj\stm32f2xx_usart. #
#                    o C:\git\blfw\blfw_fork_EB\app\Debug\Obj\stm32f2xx_wwdg. #
#                    o C:\git\blfw\blfw_fork_EB\app\Debug\Obj\system_stm32f2x #
#                    x.o C:\git\blfw\blfw_fork_EB\app\Debug\Obj\systick.o     #
#                    C:\git\blfw\blfw_fork_EB\app\Debug\Obj\timer.o           #
#                    C:\git\blfw\blfw_fork_EB\app\Debug\Obj\usb_bsp.o         #
#                    C:\git\blfw\blfw_fork_EB\app\Debug\Obj\usb_core.o        #
#                    C:\git\blfw\blfw_fork_EB\app\Debug\Obj\usb_dcd.o         #
#                    C:\git\blfw\blfw_fork_EB\app\Debug\Obj\usb_dcd_int.o     #
#                    C:\git\blfw\blfw_fork_EB\app\Debug\Obj\usbd_cdc_core.o   #
#                    C:\git\blfw\blfw_fork_EB\app\Debug\Obj\usbd_cdc_vcp.o    #
#                    C:\git\blfw\blfw_fork_EB\app\Debug\Obj\usbd_core.o       #
#                    C:\git\blfw\blfw_fork_EB\app\Debug\Obj\usbd_desc.o       #
#                    C:\git\blfw\blfw_fork_EB\app\Debug\Obj\usbd_ioreq.o      #
#                    C:\git\blfw\blfw_fork_EB\app\Debug\Obj\usbd_req.o        #
#                    C:\git\blfw\blfw_fork_EB\app\Debug\Obj\usbd_usr.o -o     #
#                    C:\git\blfw\blfw_fork_EB\app\Debug\Exe\c.out --redirect  #
#                    _Printf=_PrintfFull --redirect _Scanf=_ScanfFull --map   #
#                    C:\git\blfw\blfw_fork_EB\app\Debug\List\c.map --config   #
#                    "C:\Program Files (x86)\IAR Systems\Embedded Workbench   #
#                    6.5\arm\config\linker\ST\stm32f207xE.icf" --semihosting  #
#                    --entry __iar_program_start --vfe                        #
#                                                                             #
#                                                                             #
###############################################################################

*******************************************************************************
*** RUNTIME MODEL ATTRIBUTES
***

CppFlavor       = *
__SystemLibrary = DLib


*******************************************************************************
*** PLACEMENT SUMMARY
***

"A1":  place at 0x08000000 { ro section .intvec };
"P1":  place in [from 0x08000000 to 0x0807ffff] { ro };
"P2":  place in [from 0x20000000 to 0x2001ffff] { rw, block CSTACK, block HEAP };

  Section            Kind        Address    Size  Object
  -------            ----        -------    ----  ------
"A1":                                      0x184
  .intvec            ro code  0x08000000   0x184  startup_stm32f2xx.o [1]
                            - 0x08000184   0x184

"P1":                                     0x6370
  .text              ro code  0x08000184  0x197c  ff.o [1]
  .text              ro code  0x08001b00   0x150  sdio-stm32f2.o [1]
  .text              ro code  0x08001c50     0x6  ABImemclr.o [4]
  .text              ro code  0x08001c56    0x2e  copy_init3.o [4]
  .text              ro code  0x08001c84    0x66  ABImemset.o [4]
  .text              ro code  0x08001cea    0x22  zero_init3.o [4]
  .text              ro code  0x08001d0c  0x109a  stm322xg_eval_sdio_sd.o [1]
  .text              ro code  0x08002da6     0xe  usbd_usr.o [1]
  .text              ro code  0x08002db4    0x76  ABImemcpy.o [4]
  .text              ro code  0x08002e2c   0x1f0  stm322xg_eval.o [1]
  .text              ro code  0x0800301c   0x138  stm32f2xx_sdio.o [1]
  .text              ro code  0x08003154    0xa8  stm32f2xx_gpio.o [1]
  .text              ro code  0x080031fc   0x290  stm32f2xx_dma.o [1]
  .text              ro code  0x0800348c    0x7c  misc.o [1]
  .text              ro code  0x08003508   0x100  stm32f2xx_rcc.o [1]
  .text              ro code  0x08003608   0x92c  usb_core.o [1]
  .text              ro code  0x08003f34   0x110  usb_bsp.o [1]
  .text              ro code  0x08004044   0x518  usbd_req.o [1]
  .text              ro code  0x0800455c   0x27a  usb_dcd.o [1]
  .text              ro code  0x080047d6    0xac  usbd_ioreq.o [1]
  .text              ro code  0x08004884   0x2ca  usbd_core.o [1]
  .text              ro code  0x08004b50   0x4f4  usb_dcd_int.o [1]
  .text              ro code  0x08005044   0x278  stm32f2xx_tim.o [1]
  .text              ro code  0x080052bc   0x250  usbd_cdc_core.o [1]
  .text              ro code  0x0800550c   0x1fe  usbd_cdc_vcp.o [1]
  .text              ro code  0x0800570c   0x1a8  timer.o [1]
  .text              ro code  0x080058b4   0x170  adc12.o [1]
  .text              ro code  0x08005a24   0x154  stm32f2xx_adc.o [1]
  .text              ro code  0x08005b78   0x154  stm32f2xx_it.o [1]
  .text              ro code  0x08005ccc    0x60  systick.o [1]
  .text              ro code  0x08005d2c    0xc8  system_stm32f2xx.o [1]
  .text              ro code  0x08005df4     0xc  stm32f2xx_exti.o [1]
  .text              ro code  0x08005e00   0x13c  main.o [1]
  .text              ro code  0x08005f3c     0x6  ABImemclr4.o [4]
  .text              ro code  0x08005f44    0x36  strlen.o [4]
  .text              ro code  0x08005f7c    0x6c  dac.o [1]
  .text              ro code  0x08005fe8    0x32  ABImemset48.o [4]
  .text              ro code  0x0800601c    0x5c  stm32f2xx_dac.o [1]
  .text              ro code  0x08006078   0x128  usbd_desc.o [1]
  .text              ro code  0x080061a0    0x28  data_init.o [4]
  .iar.init_table    const    0x080061c8    0x24  - Linker created -
  .text              ro code  0x080061ec    0x16  cmain.o [4]
  .text              ro code  0x08006202     0x4  low_level_init.o [3]
  .text              ro code  0x08006206     0x4  exit.o [3]
  .text              ro code  0x0800620c     0xa  cexit.o [4]
  .text              ro code  0x08006218    0x14  exit.o [5]
  .text              ro code  0x0800622c    0x10  startup_stm32f2xx.o [1]
  .text              ro code  0x0800623c     0xc  cstartup_M.o [4]
  .text              ro code  0x08006248     0x4  startup_stm32f2xx.o [1]
  .text              ro code  0x0800624c     0x4  startup_stm32f2xx.o [1]
  .text              ro code  0x08006250     0x4  startup_stm32f2xx.o [1]
  .text              ro code  0x08006254     0x4  startup_stm32f2xx.o [1]
  .text              ro code  0x08006258     0x4  startup_stm32f2xx.o [1]
  .text              ro code  0x0800625c     0x4  startup_stm32f2xx.o [1]
  .text              ro code  0x08006260     0x4  startup_stm32f2xx.o [1]
  .text              ro code  0x08006264     0x4  startup_stm32f2xx.o [1]
  .text              ro code  0x08006268     0x4  startup_stm32f2xx.o [1]
  .text              ro code  0x0800626c     0x4  startup_stm32f2xx.o [1]
  .text              ro code  0x08006270     0x4  startup_stm32f2xx.o [1]
  .text              ro code  0x08006274     0x4  startup_stm32f2xx.o [1]
  .text              ro code  0x08006278     0x4  startup_stm32f2xx.o [1]
  .text              ro code  0x0800627c     0x4  startup_stm32f2xx.o [1]
  .text              ro code  0x08006280     0x4  startup_stm32f2xx.o [1]
  .text              ro code  0x08006284     0x4  startup_stm32f2xx.o [1]
  .text              ro code  0x08006288     0x4  startup_stm32f2xx.o [1]
  .text              ro code  0x0800628c     0x4  startup_stm32f2xx.o [1]
  .text              ro code  0x08006290     0x4  startup_stm32f2xx.o [1]
  .text              ro code  0x08006294     0x4  startup_stm32f2xx.o [1]
  .text              ro code  0x08006298     0x4  startup_stm32f2xx.o [1]
  .text              ro code  0x0800629c     0x4  startup_stm32f2xx.o [1]
  .text              ro code  0x080062a0     0x4  startup_stm32f2xx.o [1]
  .text              ro code  0x080062a4     0x4  startup_stm32f2xx.o [1]
  .text              ro code  0x080062a8     0x4  startup_stm32f2xx.o [1]
  .text              ro code  0x080062ac     0x4  startup_stm32f2xx.o [1]
  .text              ro code  0x080062b0     0x4  startup_stm32f2xx.o [1]
  .text              ro code  0x080062b4     0x4  startup_stm32f2xx.o [1]
  .text              ro code  0x080062b8     0x4  startup_stm32f2xx.o [1]
  .text              ro code  0x080062bc     0x4  startup_stm32f2xx.o [1]
  .text              ro code  0x080062c0     0x4  startup_stm32f2xx.o [1]
  .text              ro code  0x080062c4     0x4  startup_stm32f2xx.o [1]
  .text              ro code  0x080062c8     0x4  startup_stm32f2xx.o [1]
  .text              ro code  0x080062cc     0x4  startup_stm32f2xx.o [1]
  .text              ro code  0x080062d0     0x4  startup_stm32f2xx.o [1]
  .text              ro code  0x080062d4     0x4  startup_stm32f2xx.o [1]
  .text              ro code  0x080062d8     0x4  startup_stm32f2xx.o [1]
  .text              ro code  0x080062dc     0x4  startup_stm32f2xx.o [1]
  .text              ro code  0x080062e0     0x4  startup_stm32f2xx.o [1]
  .text              ro code  0x080062e4     0x4  startup_stm32f2xx.o [1]
  .text              ro code  0x080062e8     0x4  startup_stm32f2xx.o [1]
  .text              ro code  0x080062ec     0x4  startup_stm32f2xx.o [1]
  .text              ro code  0x080062f0     0x4  startup_stm32f2xx.o [1]
  .text              ro code  0x080062f4     0x4  startup_stm32f2xx.o [1]
  .text              ro code  0x080062f8     0x4  startup_stm32f2xx.o [1]
  .text              ro code  0x080062fc     0x4  startup_stm32f2xx.o [1]
  .text              ro code  0x08006300     0x4  startup_stm32f2xx.o [1]
  .text              ro code  0x08006304     0x4  startup_stm32f2xx.o [1]
  .text              ro code  0x08006308     0x4  startup_stm32f2xx.o [1]
  .text              ro code  0x0800630c     0x4  startup_stm32f2xx.o [1]
  .text              ro code  0x08006310     0x4  startup_stm32f2xx.o [1]
  .text              ro code  0x08006314     0x4  startup_stm32f2xx.o [1]
  .text              ro code  0x08006318     0x4  startup_stm32f2xx.o [1]
  .text              ro code  0x0800631c     0x4  startup_stm32f2xx.o [1]
  .text              ro code  0x08006320     0x4  startup_stm32f2xx.o [1]
  .text              ro code  0x08006324     0x4  startup_stm32f2xx.o [1]
  .text              ro code  0x08006328     0x4  startup_stm32f2xx.o [1]
  .text              ro code  0x0800632c     0x4  startup_stm32f2xx.o [1]
  .text              ro code  0x08006330     0x4  startup_stm32f2xx.o [1]
  .text              ro code  0x08006334     0x4  startup_stm32f2xx.o [1]
  .text              ro code  0x08006338     0x4  startup_stm32f2xx.o [1]
  .text              ro code  0x0800633c     0x4  startup_stm32f2xx.o [1]
  .text              ro code  0x08006340     0x4  startup_stm32f2xx.o [1]
  .text              ro code  0x08006344     0x4  startup_stm32f2xx.o [1]
  .text              ro code  0x08006348     0x4  startup_stm32f2xx.o [1]
  .text              ro code  0x0800634c     0x4  startup_stm32f2xx.o [1]
  .text              ro code  0x08006350     0x4  startup_stm32f2xx.o [1]
  .text              ro code  0x08006354     0x4  startup_stm32f2xx.o [1]
  .text              ro code  0x08006358     0x4  startup_stm32f2xx.o [1]
  .text              ro code  0x0800635c     0x4  startup_stm32f2xx.o [1]
  .text              ro code  0x08006360     0x4  startup_stm32f2xx.o [1]
  .text              ro code  0x08006364     0x4  startup_stm32f2xx.o [1]
  .text              ro code  0x08006368     0x4  startup_stm32f2xx.o [1]
  .text              ro code  0x0800636c     0x4  startup_stm32f2xx.o [1]
  .text              ro code  0x08006370     0x4  startup_stm32f2xx.o [1]
  .text              ro code  0x08006374     0x4  startup_stm32f2xx.o [1]
  .text              ro code  0x08006378     0x4  startup_stm32f2xx.o [1]
  .text              ro code  0x0800637c     0x4  startup_stm32f2xx.o [1]
  .text              ro code  0x08006380     0x4  startup_stm32f2xx.o [1]
  .text              ro code  0x08006384     0x4  startup_stm32f2xx.o [1]
  .text              ro code  0x08006388     0x4  startup_stm32f2xx.o [1]
  .text              ro code  0x0800638c     0x4  startup_stm32f2xx.o [1]
  .text              ro code  0x08006390     0x4  startup_stm32f2xx.o [1]
  .text              ro code  0x08006394     0x4  startup_stm32f2xx.o [1]
  .text              ro code  0x08006398     0x4  startup_stm32f2xx.o [1]
  .text              ro code  0x0800639c     0x4  startup_stm32f2xx.o [1]
  .text              ro code  0x080063a0     0x4  startup_stm32f2xx.o [1]
  .text              ro code  0x080063a4     0x4  startup_stm32f2xx.o [1]
  .text              ro code  0x080063a8     0x4  startup_stm32f2xx.o [1]
  .text              ro code  0x080063ac     0x4  startup_stm32f2xx.o [1]
  .rodata            const    0x080063b0     0x0  zero_init3.o [4]
  .rodata            const    0x080063b0     0x0  copy_init3.o [4]
  Initializer bytes  ro data  0x080063b0   0x144  <for P2 s0>
                            - 0x080064f4  0x6370

"P2", part 1 of 3:                         0x144
  P2 s0                       0x20000000   0x144  <Init block>
    .data            inited   0x20000000    0x58  usbd_cdc_core.o [1]
    .data            inited   0x20000058    0x2c  usbd_cdc_core.o [1]
    .data            inited   0x20000084    0x2c  usbd_core.o [1]
    .data            inited   0x200000b0    0x1c  usbd_desc.o [1]
    .data            inited   0x200000cc    0x1c  usbd_usr.o [1]
    .data            inited   0x200000e8    0x14  system_stm32f2xx.o [1]
    .data            inited   0x200000fc    0x14  usbd_cdc_vcp.o [1]
    .data            inited   0x20000110    0x14  usbd_desc.o [1]
    .data            inited   0x20000124    0x10  stm32f2xx_rcc.o [1]
    .data            inited   0x20000134     0x8  usbd_cdc_vcp.o [1]
    .data            inited   0x2000013c     0x4  usbd_core.o [1]
    .data            inited   0x20000140     0x4  usbd_desc.o [1]
                            - 0x20000144   0x144

"P2", part 2 of 3:                        0x179c
  .bss               zero     0x20000144   0xc58  main.o [1]
  .bss               zero     0x20000d9c   0x814  usbd_cdc_core.o [1]
  .bss               zero     0x200015b0   0x100  usbd_req.o [1]
  .bss               zero     0x200016b0    0x14  timer.o [1]
  .bss               zero     0x200016c8    0xd4  stm322xg_eval_sdio_sd.o [1]
  .bss               zero     0x2000179c    0xd0  timer.o [1]
  .bss               zero     0x2000186c    0x40  usbd_cdc_core.o [1]
  .bss               zero     0x200018ac     0xc  adc12.o [1]
  .bss               zero     0x200018b8     0xc  usbd_req.o [1]
  .bss               zero     0x200018c4     0x8  ff.o [1]
  .bss               zero     0x200018cc     0x4  stm32f2xx_it.o [1]
  .bss               zero     0x200018d0     0x4  systick.o [1]
  .bss               zero     0x200018d4     0x4  usbd_core.o [1]
  .bss               zero     0x200018d8     0x4  usbd_req.o [1]
                            - 0x200018dc  0x1798

"P2", part 3 of 3:                        0x2000
  CSTACK                      0x200018e0  0x2000  <Block>
    CSTACK           uninit   0x200018e0  0x2000  <Block tail>
                            - 0x200038e0  0x2000


*******************************************************************************
*** INIT TABLE
***

          Address     Size
          -------     ----
Zero (__iar_zero_init3)
    1 destination range, total size 0x1798:
          0x20000144  0x1798

Copy (__iar_copy_init3)
    1 source range, total size 0x144:
          0x080063b0   0x144
    1 destination range, total size 0x144:
          0x20000000   0x144



*******************************************************************************
*** MODULE SUMMARY
***

    Module                   ro code  ro data  rw data
    ------                   -------  -------  -------
C:\git\blfw\blfw_fork_EB\app\Debug\Obj: [1]
    adc12.o                      368                12
    dac.o                        108
    ff.o                       6 524                 8
    main.o                       316             3 160
    misc.o                       124
    sdio-stm32f2.o               336
    startup_stm32f2xx.o          764
    stm322xg_eval.o              496
    stm322xg_eval_sdio_sd.o    4 250               212
    stm32f2xx_adc.o              340
    stm32f2xx_dac.o               92
    stm32f2xx_dma.o              656
    stm32f2xx_exti.o              12
    stm32f2xx_gpio.o             168
    stm32f2xx_it.o               340                 4
    stm32f2xx_rcc.o              256       16       16
    stm32f2xx_sdio.o             312
    stm32f2xx_tim.o              632
    system_stm32f2xx.o           200       20       20
    systick.o                     96                 4
    timer.o                      424               228
    usb_bsp.o                    272
    usb_core.o                 2 348
    usb_dcd.o                    634
    usb_dcd_int.o              1 268
    usbd_cdc_core.o              592      132    2 264
    usbd_cdc_vcp.o               510       28       28
    usbd_core.o                  714       48       52
    usbd_desc.o                  296       52       52
    usbd_ioreq.o                 172
    usbd_req.o                 1 304               272
    usbd_usr.o                    14       28       28
    --------------------------------------------------
    Total:                    24 938      324    6 360

command line: [2]
    --------------------------------------------------
    Total:

dl7M_tln.a: [3]
    exit.o                         4
    low_level_init.o               4
    --------------------------------------------------
    Total:                         8

rt7M_tl.a: [4]
    ABImemclr.o                    6
    ABImemclr4.o                   6
    ABImemcpy.o                  118
    ABImemset.o                  102
    ABImemset48.o                 50
    cexit.o                       10
    cmain.o                       22
    copy_init3.o                  46
    cstartup_M.o                  12
    data_init.o                   40
    strlen.o                      54
    zero_init3.o                  34
    --------------------------------------------------
    Total:                       500

shb_l.a: [5]
    exit.o                        20
    --------------------------------------------------
    Total:                        20

    Gaps                          18                 4
    Linker created                         36    8 192
------------------------------------------------------
    Grand Total:              25 484      360   14 556


*******************************************************************************
*** ENTRY LIST
***

Entry                      Address   Size  Type      Object
-----                      -------   ----  ----      ------
?main                   0x080061ed         Code  Gb  cmain.o [4]
ADC12_Init              0x080058b5  0x170  Code  Gb  adc12.o [1]
ADC_Cmd                 0x08005a81   0x12  Code  Gb  stm32f2xx_adc.o [1]
ADC_CommonInit          0x08005a65   0x1c  Code  Gb  stm32f2xx_adc.o [1]
ADC_DMACmd              0x08005b43   0x12  Code  Gb  stm32f2xx_adc.o [1]
ADC_DMARequestAfterLastTransferCmd
                        0x08005b55   0x12  Code  Gb  stm32f2xx_adc.o [1]
ADC_IRQHandler          0x080062b5         Code  Wk  startup_stm32f2xx.o [1]
ADC_Init                0x08005a25   0x40  Code  Gb  stm32f2xx_adc.o [1]
ADC_RegularChannelConfig
                        0x08005abb   0x7e  Code  Gb  stm32f2xx_adc.o [1]
ADC_SoftwareStartConv   0x08005b39    0xa  Code  Gb  stm32f2xx_adc.o [1]
ADC_TempSensorVrefintCmd
                        0x08005a93   0x14  Code  Gb  stm32f2xx_adc.o [1]
ADC_VBATCmd             0x08005aa7   0x14  Code  Gb  stm32f2xx_adc.o [1]
AHBPrescTable           0x200000ec   0x10  Data  Gb  system_stm32f2xx.o [1]
APBAHBPrescTable        0x20000124   0x10  Data  Lc  stm32f2xx_rcc.o [1]
APP_Rx_Buffer           0x20000db0  0x800  Data  Gb  usbd_cdc_core.o [1]
APP_Rx_length           0x20000da8    0x4  Data  Gb  usbd_cdc_core.o [1]
APP_Rx_ptr_in           0x20000da0    0x4  Data  Gb  usbd_cdc_core.o [1]
APP_Rx_ptr_out          0x20000da4    0x4  Data  Gb  usbd_cdc_core.o [1]
Buffer                  0x20000b94  0x200  Data  Gb  main.o [1]
BusFault_Handler        0x08005b7f    0x2  Code  Gb  stm32f2xx_it.o [1]
BytesRead               0x20000d94    0x4  Data  Gb  main.o [1]
BytesWritten            0x20000d98    0x4  Data  Gb  main.o [1]
CAN1_RX0_IRQHandler     0x080062bd         Code  Wk  startup_stm32f2xx.o [1]
CAN1_RX1_IRQHandler     0x080062c1         Code  Wk  startup_stm32f2xx.o [1]
CAN1_SCE_IRQHandler     0x080062c5         Code  Wk  startup_stm32f2xx.o [1]
CAN1_TX_IRQHandler      0x080062b9         Code  Wk  startup_stm32f2xx.o [1]
CAN2_RX0_IRQHandler     0x0800636d         Code  Wk  startup_stm32f2xx.o [1]
CAN2_RX1_IRQHandler     0x08006371         Code  Wk  startup_stm32f2xx.o [1]
CAN2_SCE_IRQHandler     0x08006375         Code  Wk  startup_stm32f2xx.o [1]
CAN2_TX_IRQHandler      0x08006369         Code  Wk  startup_stm32f2xx.o [1]
CID_Tab                 0x20001774   0x10  Data  Lc  stm322xg_eval_sdio_sd.o [1]
CRYP_IRQHandler         0x080063a9         Code  Wk  startup_stm32f2xx.o [1]
CSD_Tab                 0x20001764   0x10  Data  Lc  stm322xg_eval_sdio_sd.o [1]
CSTACK$$Base            0x200018e0          --   Gb  - Linker created -
CSTACK$$Limit           0x200038e0          --   Gb  - Linker created -
CardType                0x20001788    0x4  Data  Lc  stm322xg_eval_sdio_sd.o [1]
CmdBuff                 0x2000000c    0x8  Data  Gb  usbd_cdc_core.o [1]
CmdResp1Error           0x080029eb  0x104  Code  Lc  stm322xg_eval_sdio_sd.o [1]
CurrVol                 0x200018c4    0x1  Data  Lc  ff.o [1]
DAC_Cmd                 0x08006045   0x18  Code  Gb  stm32f2xx_dac.o [1]
DAC_HwInit              0x08005f7d   0x6c  Code  Gb  dac.o [1]
DAC_Init                0x0800601d   0x28  Code  Gb  stm32f2xx_dac.o [1]
DAC_SetDualChannelData  0x0800605d   0x12  Code  Gb  stm32f2xx_dac.o [1]
DCD_EP_Close            0x08004689   0x32  Code  Gb  usb_dcd.o [1]
DCD_EP_ClrStall         0x08004787   0x40  Code  Gb  usb_dcd.o [1]
DCD_EP_Open             0x08004643   0x46  Code  Gb  usb_dcd.o [1]
DCD_EP_PrepareRx        0x080046bb   0x48  Code  Gb  usb_dcd.o [1]
DCD_EP_SetAddress       0x080047c7   0x10  Code  Gb  usb_dcd.o [1]
DCD_EP_Stall            0x08004747   0x40  Code  Gb  usb_dcd.o [1]
DCD_EP_Tx               0x08004703   0x44  Code  Gb  usb_dcd.o [1]
DCD_HandleInEP_ISR      0x08004e4b   0xd2  Code  Lc  usb_dcd_int.o [1]
DCD_HandleOutEP_ISR     0x08004f1d   0xaa  Code  Lc  usb_dcd_int.o [1]
DCD_Init                0x0800455d   0xe6  Code  Gb  usb_dcd.o [1]
DCD_WriteEmptyTxFifo    0x08004fd1   0x74  Code  Lc  usb_dcd_int.o [1]
DCMI_IRQHandler         0x080063a5         Code  Wk  startup_stm32f2xx.o [1]
DMA1_Stream0_IRQHandler
                        0x08006299         Code  Wk  startup_stm32f2xx.o [1]
DMA1_Stream1_IRQHandler
                        0x0800629d         Code  Wk  startup_stm32f2xx.o [1]
DMA1_Stream2_IRQHandler
                        0x080062a1         Code  Wk  startup_stm32f2xx.o [1]
DMA1_Stream3_IRQHandler
                        0x080062a5         Code  Wk  startup_stm32f2xx.o [1]
DMA1_Stream4_IRQHandler
                        0x080062a9         Code  Wk  startup_stm32f2xx.o [1]
DMA1_Stream5_IRQHandler
                        0x080062ad         Code  Wk  startup_stm32f2xx.o [1]
DMA1_Stream6_IRQHandler
                        0x080062b1         Code  Wk  startup_stm32f2xx.o [1]
DMA1_Stream7_IRQHandler
                        0x08006329         Code  Wk  startup_stm32f2xx.o [1]
DMA2_Stream0_IRQHandler
                        0x08005c53   0x24  Code  Gb  stm32f2xx_it.o [1]
DMA2_Stream1_IRQHandler
                        0x08006351         Code  Wk  startup_stm32f2xx.o [1]
DMA2_Stream2_IRQHandler
                        0x08006355         Code  Wk  startup_stm32f2xx.o [1]
DMA2_Stream3_IRQHandler
                        0x08005c7b    0x4  Code  Gb  stm32f2xx_it.o [1]
DMA2_Stream4_IRQHandler
                        0x0800635d         Code  Wk  startup_stm32f2xx.o [1]
DMA2_Stream5_IRQHandler
                        0x0800637d         Code  Wk  startup_stm32f2xx.o [1]
DMA2_Stream6_IRQHandler
                        0x08006381         Code  Wk  startup_stm32f2xx.o [1]
DMA2_Stream7_IRQHandler
                        0x08006385         Code  Wk  startup_stm32f2xx.o [1]
DMAEndOfTransfer        0x20001798    0x4  Data  Gb  stm322xg_eval_sdio_sd.o [1]
DMA_ClearFlag           0x0800337f   0x1c  Code  Gb  stm32f2xx_dma.o [1]
DMA_ClearITPendingBit   0x0800340d   0x1c  Code  Gb  stm32f2xx_dma.o [1]
DMA_Cmd                 0x0800335b   0x12  Code  Gb  stm32f2xx_dma.o [1]
DMA_DeInit              0x080031fd  0x10c  Code  Gb  stm32f2xx_dma.o [1]
DMA_FlowControllerConfig
                        0x0800336d   0x12  Code  Gb  stm32f2xx_dma.o [1]
DMA_GetITStatus         0x080033c7   0x46  Code  Gb  stm32f2xx_dma.o [1]
DMA_ITConfig            0x0800339b   0x2c  Code  Gb  stm32f2xx_dma.o [1]
DMA_Init                0x08003309   0x52  Code  Gb  stm32f2xx_dma.o [1]
DebugMon_Handler        0x08005b85    0x2  Code  Gb  stm32f2xx_it.o [1]
ETH_IRQHandler          0x08006361         Code  Wk  startup_stm32f2xx.o [1]
ETH_WKUP_IRQHandler     0x08006365         Code  Wk  startup_stm32f2xx.o [1]
EXTI0_IRQHandler        0x08006285         Code  Wk  startup_stm32f2xx.o [1]
EXTI15_10_IRQHandler    0x0800630d         Code  Wk  startup_stm32f2xx.o [1]
EXTI1_IRQHandler        0x08006289         Code  Wk  startup_stm32f2xx.o [1]
EXTI2_IRQHandler        0x0800628d         Code  Wk  startup_stm32f2xx.o [1]
EXTI3_IRQHandler        0x08006291         Code  Wk  startup_stm32f2xx.o [1]
EXTI4_IRQHandler        0x08006295         Code  Wk  startup_stm32f2xx.o [1]
EXTI9_5_IRQHandler      0x080062c9         Code  Wk  startup_stm32f2xx.o [1]
EXTI_ClearITPendingBit  0x08005df5    0x6  Code  Gb  stm32f2xx_exti.o [1]
FLASH_IRQHandler        0x0800627d         Code  Wk  startup_stm32f2xx.o [1]
FSMC_IRQHandler         0x0800632d         Code  Wk  startup_stm32f2xx.o [1]
FatFs                   0x200018c8    0x4  Data  Lc  ff.o [1]
FindSCR                 0x08002bd1  0x184  Code  Lc  stm322xg_eval_sdio_sd.o [1]
Fsid                    0x200018c6    0x2  Data  Lc  ff.o [1]
GPIO_Init               0x08003155   0x72  Code  Gb  stm32f2xx_gpio.o [1]
GPIO_PinAFConfig        0x080031d5   0x28  Code  Gb  stm32f2xx_gpio.o [1]
GPIO_ReadInputDataBit   0x080031c7    0xe  Code  Gb  stm32f2xx_gpio.o [1]
HASH_RNG_IRQHandler     0x080063ad         Code  Wk  startup_stm32f2xx.o [1]
HardFault_Handler       0x08005b7b    0x2  Code  Gb  stm32f2xx_it.o [1]
I2C1_ER_IRQHandler      0x080062ed         Code  Wk  startup_stm32f2xx.o [1]
I2C1_EV_IRQHandler      0x080062e9         Code  Wk  startup_stm32f2xx.o [1]
I2C2_ER_IRQHandler      0x080062f5         Code  Wk  startup_stm32f2xx.o [1]
I2C2_EV_IRQHandler      0x080062f1         Code  Wk  startup_stm32f2xx.o [1]
I2C3_ER_IRQHandler      0x08006391         Code  Wk  startup_stm32f2xx.o [1]
I2C3_EV_IRQHandler      0x0800638d         Code  Wk  startup_stm32f2xx.o [1]
MemManage_Handler       0x08005b7d    0x2  Code  Gb  stm32f2xx_it.o [1]
NMI_Handler             0x08005b79    0x2  Code  Gb  stm32f2xx_it.o [1]
NVIC_Init               0x08003497   0x5c  Code  Gb  misc.o [1]
NVIC_PriorityGroupConfig
                        0x0800348d    0xa  Code  Gb  misc.o [1]
OTG_FS_IRQHandler       0x08005ca7    0x6  Code  Gb  stm32f2xx_it.o [1]
OTG_FS_WKUP_IRQHandler  0x08005c7f   0x28  Code  Gb  stm32f2xx_it.o [1]
OTG_HS_EP1_IN_IRQHandler
                        0x08006399         Code  Wk  startup_stm32f2xx.o [1]
OTG_HS_EP1_OUT_IRQHandler
                        0x08006395         Code  Wk  startup_stm32f2xx.o [1]
OTG_HS_IRQHandler       0x080063a1         Code  Wk  startup_stm32f2xx.o [1]
OTG_HS_WKUP_IRQHandler  0x0800639d         Code  Wk  startup_stm32f2xx.o [1]
PVD_IRQHandler          0x08006271         Code  Wk  startup_stm32f2xx.o [1]
PendSV_Handler          0x08005b87    0x2  Code  Gb  stm32f2xx_it.o [1]
RCA                     0x2000178c    0x4  Data  Lc  stm322xg_eval_sdio_sd.o [1]
RCC_AHB1PeriphClockCmd  0x0800358b   0x12  Code  Gb  stm32f2xx_rcc.o [1]
RCC_AHB2PeriphClockCmd  0x0800359d   0x12  Code  Gb  stm32f2xx_rcc.o [1]
RCC_APB1PeriphClockCmd  0x080035af   0x12  Code  Gb  stm32f2xx_rcc.o [1]
RCC_APB2PeriphClockCmd  0x080035c1   0x12  Code  Gb  stm32f2xx_rcc.o [1]
RCC_APB2PeriphResetCmd  0x080035d3   0x12  Code  Gb  stm32f2xx_rcc.o [1]
RCC_GetClocksFreq       0x08003509   0x82  Code  Gb  stm32f2xx_rcc.o [1]
RCC_IRQHandler          0x08006281         Code  Wk  startup_stm32f2xx.o [1]
RTC_Alarm_IRQHandler    0x08006311         Code  Wk  startup_stm32f2xx.o [1]
RTC_WKUP_IRQHandler     0x08006279         Code  Wk  startup_stm32f2xx.o [1]
Region$$Table$$Base     0x080061c8          --   Gb  - Linker created -
Region$$Table$$Limit    0x080061ec          --   Gb  - Linker created -
Reset_Handler           0x0800622d         Code  Wk  startup_stm32f2xx.o [1]
SDCardInfo              0x200016c8   0x58  Data  Gb  stm322xg_eval_sdio_sd.o [1]
SDEnWideBus             0x08002aef   0xdc  Code  Lc  stm322xg_eval_sdio_sd.o [1]
SDIO_ClearFlag          0x08003103    0x6  Code  Gb  stm32f2xx_sdio.o [1]
SDIO_ClearITPendingBit  0x08003119    0x6  Code  Gb  stm32f2xx_sdio.o [1]
SDIO_ClockCmd           0x0800305f    0x6  Code  Gb  stm32f2xx_sdio.o [1]
SDIO_CmdInitStructure   0x20001750   0x14  Data  Gb  stm322xg_eval_sdio_sd.o [1]
SDIO_DMACmd             0x080030db    0x6  Code  Gb  stm32f2xx_sdio.o [1]
SDIO_DataConfig         0x080030b1   0x24  Code  Gb  stm32f2xx_sdio.o [1]
SDIO_DataInitStructure  0x20001738   0x18  Data  Gb  stm322xg_eval_sdio_sd.o [1]
SDIO_DeInit             0x0800301d   0x1e  Code  Gb  stm32f2xx_sdio.o [1]
SDIO_GetCommandResponse
                        0x08003095    0x8  Code  Gb  stm32f2xx_sdio.o [1]
SDIO_GetFlagStatus      0x080030f3   0x10  Code  Gb  stm32f2xx_sdio.o [1]
SDIO_GetITStatus        0x08003109   0x10  Code  Gb  stm32f2xx_sdio.o [1]
SDIO_GetPowerState      0x0800306b    0xa  Code  Gb  stm32f2xx_sdio.o [1]
SDIO_GetResponse        0x0800309d   0x14  Code  Gb  stm32f2xx_sdio.o [1]
SDIO_IRQHandler         0x08005c77    0x4  Code  Gb  stm32f2xx_it.o [1]
SDIO_ITConfig           0x080030e1   0x12  Code  Gb  stm32f2xx_sdio.o [1]
SDIO_Init               0x0800303b   0x24  Code  Gb  stm32f2xx_sdio.o [1]
SDIO_InitStructure      0x20001720   0x18  Data  Gb  stm322xg_eval_sdio_sd.o [1]
SDIO_ReadData           0x080030d5    0x6  Code  Gb  stm32f2xx_sdio.o [1]
SDIO_SendCommand        0x08003075   0x20  Code  Gb  stm32f2xx_sdio.o [1]
SDIO_SetPowerState      0x08003065    0x6  Code  Gb  stm32f2xx_sdio.o [1]
SD_Detect               0x08001e43   0x26  Code  Gb  stm322xg_eval_sdio_sd.o [1]
SD_GetCardInfo          0x0800229b  0x2ea  Code  Gb  stm322xg_eval_sdio_sd.o [1]
SD_GetStatus            0x08001df1   0x52  Code  Gb  stm322xg_eval_sdio_sd.o [1]
SD_Init                 0x08001d0d   0xe4  Code  Gb  stm322xg_eval_sdio_sd.o [1]
SD_InitializeCards      0x0800209d  0x1fe  Code  Gb  stm322xg_eval_sdio_sd.o [1]
SD_InterruptEnable      0x08002d69   0x3e  Code  Gb  stm322xg_eval_sdio_sd.o [1]
SD_LowLevel_DMA_RxConfig
                        0x08002f7f   0x8a  Code  Gb  stm322xg_eval.o [1]
SD_LowLevel_DMA_TxConfig
                        0x08002ef3   0x8c  Code  Gb  stm322xg_eval.o [1]
SD_LowLevel_Init        0x08002e2d   0xc6  Code  Gb  stm322xg_eval.o [1]
SD_PowerON              0x08001e69  0x234  Code  Gb  stm322xg_eval_sdio_sd.o [1]
SD_ProcessDMAIRQ        0x080029c7   0x24  Code  Gb  stm322xg_eval_sdio_sd.o [1]
SD_ProcessIRQSrc        0x08002919   0xae  Code  Gb  stm322xg_eval_sdio_sd.o [1]
SD_ReadMultiBlocks      0x08002585   0xd4  Code  Gb  stm322xg_eval_sdio_sd.o [1]
SD_SendStatus           0x080028cd   0x4a  Code  Gb  stm322xg_eval_sdio_sd.o [1]
SD_WaitReadOperation    0x08002659   0x96  Code  Gb  stm322xg_eval_sdio_sd.o [1]
SD_WaitWriteOperation   0x0800282d   0x98  Code  Gb  stm322xg_eval_sdio_sd.o [1]
SD_WriteMultiBlocks     0x080026f9  0x130  Code  Gb  stm322xg_eval_sdio_sd.o [1]
SET_TEST_MODE           0x200018d4    0x4  Data  Gb  usbd_core.o [1]
SPI1_IRQHandler         0x080062f9         Code  Wk  startup_stm32f2xx.o [1]
SPI2_IRQHandler         0x080062fd         Code  Wk  startup_stm32f2xx.o [1]
SPI3_IRQHandler         0x08006339         Code  Wk  startup_stm32f2xx.o [1]
SVC_Handler             0x08005b83    0x2  Code  Gb  stm32f2xx_it.o [1]
SYSTICK_Init            0x08005ced   0x36  Code  Gb  systick.o [1]
SYSTICK_delay_ms        0x08005ccd   0x12  Code  Gb  systick.o [1]
SYSTICK_tick            0x08005cdf    0xe  Code  Gb  systick.o [1]
StopCondition           0x20001790    0x4  Data  Gb  stm322xg_eval_sdio_sd.o [1]
SysTick_Handler         0x08005b89    0x4  Code  Gb  stm32f2xx_it.o [1]
SystemCoreClock         0x200000e8    0x4  Data  Gb  system_stm32f2xx.o [1]
SystemInit              0x08005d2d   0xb2  Code  Gb  system_stm32f2xx.o [1]
TAMP_STAMP_IRQHandler   0x08006275         Code  Wk  startup_stm32f2xx.o [1]
TIM1_BRK_TIM9_IRQHandler
                        0x080062cd         Code  Wk  startup_stm32f2xx.o [1]
TIM1_CC_IRQHandler      0x08005b8d   0xc6  Code  Gb  stm32f2xx_it.o [1]
TIM1_TRG_COM_TIM11_IRQHandler
                        0x080062d5         Code  Wk  startup_stm32f2xx.o [1]
TIM1_UP_TIM10_IRQHandler
                        0x080062d1         Code  Wk  startup_stm32f2xx.o [1]
TIM2_IRQHandler         0x080062dd         Code  Wk  startup_stm32f2xx.o [1]
TIM3_IRQHandler         0x080062e1         Code  Wk  startup_stm32f2xx.o [1]
TIM4_IRQHandler         0x080062e5         Code  Wk  startup_stm32f2xx.o [1]
TIM5_IRQHandler         0x08006335         Code  Wk  startup_stm32f2xx.o [1]
TIM6_DAC_IRQHandler     0x08006345         Code  Wk  startup_stm32f2xx.o [1]
TIM7_IRQHandler         0x08006349         Code  Wk  startup_stm32f2xx.o [1]
TIM8_BRK_TIM12_IRQHandler
                        0x08006319         Code  Wk  startup_stm32f2xx.o [1]
TIM8_CC_IRQHandler      0x08006325         Code  Wk  startup_stm32f2xx.o [1]
TIM8_TRG_COM_TIM14_IRQHandler
                        0x08006321         Code  Wk  startup_stm32f2xx.o [1]
TIM8_UP_TIM13_IRQHandler
                        0x0800631d         Code  Wk  startup_stm32f2xx.o [1]
TIMER_DemoIrGenStructInit
                        0x0800570d   0x22  Code  Gb  timer.o [1]
TIMER_GetCaptureCh2Struct
                        0x08005733    0x4  Code  Gb  timer.o [1]
TIMER_GetIrGenStruct    0x0800572f    0x4  Code  Gb  timer.o [1]
TIMER_InputCaptureCh2Init
                        0x08005737   0xa4  Code  Gb  timer.o [1]
TIMER_OutputCompareCh3Init
                        0x080057db   0xbe  Code  Gb  timer.o [1]
TIM_ClearITPendingBit   0x080052b7    0x6  Code  Gb  stm32f2xx_tim.o [1]
TIM_Cmd                 0x080050bf   0x14  Code  Gb  stm32f2xx_tim.o [1]
TIM_GetCapture2         0x0800528b    0x4  Code  Gb  stm32f2xx_tim.o [1]
TIM_GetCapture3         0x0800528f    0x4  Code  Gb  stm32f2xx_tim.o [1]
TIM_GetITStatus         0x080052a3   0x14  Code  Gb  stm32f2xx_tim.o [1]
TIM_ICInit              0x0800516f  0x11c  Code  Gb  stm32f2xx_tim.o [1]
TIM_ITConfig            0x08005293   0x10  Code  Gb  stm32f2xx_tim.o [1]
TIM_OC3Init             0x080050d3   0x6e  Code  Gb  stm32f2xx_tim.o [1]
TIM_OC3PreloadConfig    0x08005161    0xe  Code  Gb  stm32f2xx_tim.o [1]
TIM_SetCompare3         0x0800515d    0x4  Code  Gb  stm32f2xx_tim.o [1]
TIM_TimeBaseInit        0x08005045   0x7a  Code  Gb  stm32f2xx_tim.o [1]
TransferEnd             0x20001794    0x4  Data  Gb  stm322xg_eval_sdio_sd.o [1]
TransferError           0x20001784    0x1  Data  Gb  stm322xg_eval_sdio_sd.o [1]
UART4_IRQHandler        0x0800633d         Code  Wk  startup_stm32f2xx.o [1]
UART5_IRQHandler        0x08006341         Code  Wk  startup_stm32f2xx.o [1]
USART1_IRQHandler       0x08006301         Code  Wk  startup_stm32f2xx.o [1]
USART2_IRQHandler       0x08006305         Code  Wk  startup_stm32f2xx.o [1]
USART3_IRQHandler       0x08005709    0x2  Code  Gb  usbd_cdc_vcp.o [1]
USART6_IRQHandler       0x08006389         Code  Wk  startup_stm32f2xx.o [1]
USBD_CDC_cb             0x20000058   0x2c  Data  Gb  usbd_cdc_core.o [1]
USBD_ClrCfg             0x08004ae3   0x12  Code  Gb  usbd_core.o [1]
USBD_CtlContinueRx      0x0800482f   0x14  Code  Gb  usbd_ioreq.o [1]
USBD_CtlContinueSendData
                        0x080047f9   0x14  Code  Gb  usbd_ioreq.o [1]
USBD_CtlError           0x0800449b   0x1c  Code  Gb  usbd_req.o [1]
USBD_CtlPrepareRx       0x0800480d   0x22  Code  Gb  usbd_ioreq.o [1]
USBD_CtlReceiveStatus   0x08004863   0x20  Code  Gb  usbd_ioreq.o [1]
USBD_CtlSendData        0x080047d7   0x22  Code  Gb  usbd_ioreq.o [1]
USBD_CtlSendStatus      0x08004843   0x20  Code  Gb  usbd_ioreq.o [1]
USBD_DCD_INT_cb         0x20000084   0x2c  Data  Gb  usbd_core.o [1]
USBD_DCD_INT_fops       0x2000013c    0x4  Data  Gb  usbd_core.o [1]
USBD_DataInStage        0x08004991   0xb2  Code  Lc  usbd_core.o [1]
USBD_DataOutStage       0x08004919   0x78  Code  Lc  usbd_core.o [1]
USBD_DevConnected       0x08004b19   0x16  Code  Lc  usbd_core.o [1]
USBD_DevDisconnected    0x08004b2f   0x20  Code  Lc  usbd_core.o [1]
USBD_DeviceDesc         0x20000110   0x14  Data  Gb  usbd_desc.o [1]
USBD_GetDescriptor      0x08004365   0xf2  Code  Lc  usbd_req.o [1]
USBD_GetString          0x080044b9   0xa4  Code  Gb  usbd_req.o [1]
USBD_Init               0x08004885   0x38  Code  Gb  usbd_core.o [1]
USBD_IsoINIncomplete    0x08004af5   0x12  Code  Lc  usbd_core.o [1]
USBD_IsoOUTIncomplete   0x08004b07   0x12  Code  Lc  usbd_core.o [1]
USBD_LangIDDesc         0x20000140    0x4  Data  Gb  usbd_desc.o [1]
USBD_OTG_ISR_Handler    0x08004b51  0x2fa  Code  Gb  usb_dcd_int.o [1]
USBD_ParseSetupRequest  0x08004457   0x44  Code  Gb  usbd_req.o [1]
USBD_Reset              0x08004a49   0x2e  Code  Lc  usbd_core.o [1]
USBD_Resume             0x08004a77   0x1e  Code  Lc  usbd_core.o [1]
USBD_SOF                0x08004ab5   0x16  Code  Lc  usbd_core.o [1]
USBD_SetCfg             0x08004acb   0x18  Code  Gb  usbd_core.o [1]
USBD_SetupStage         0x080048bd   0x5c  Code  Lc  usbd_core.o [1]
USBD_StdDevReq          0x08004045  0x1bc  Code  Gb  usbd_req.o [1]
USBD_StdEPReq           0x0800424d  0x108  Code  Gb  usbd_req.o [1]
USBD_StdItfReq          0x08004201   0x4c  Code  Gb  usbd_req.o [1]
USBD_StrDesc            0x200015b0  0x100  Data  Gb  usbd_req.o [1]
USBD_Suspend            0x08004a95   0x20  Code  Lc  usbd_core.o [1]
USBD_USR_ConfigStrDescriptor
                        0x080060d5   0x14  Code  Gb  usbd_desc.o [1]
USBD_USR_DeviceConfigured
                        0x08002dab    0x2  Code  Gb  usbd_usr.o [1]
USBD_USR_DeviceConnected
                        0x08002db1    0x2  Code  Gb  usbd_usr.o [1]
USBD_USR_DeviceDescriptor
                        0x08006079    0x8  Code  Gb  usbd_desc.o [1]
USBD_USR_DeviceDisconnected
                        0x08002db3    0x2  Code  Gb  usbd_usr.o [1]
USBD_USR_DeviceReset    0x08002da9    0x2  Code  Gb  usbd_usr.o [1]
USBD_USR_DeviceResumed  0x08002daf    0x2  Code  Gb  usbd_usr.o [1]
USBD_USR_DeviceSuspended
                        0x08002dad    0x2  Code  Gb  usbd_usr.o [1]
USBD_USR_Init           0x08002da7    0x2  Code  Gb  usbd_usr.o [1]
USBD_USR_InterfaceStrDescriptor
                        0x080060e9   0x14  Code  Gb  usbd_desc.o [1]
USBD_USR_LangIDStrDescriptor
                        0x08006081    0x8  Code  Gb  usbd_desc.o [1]
USBD_USR_ManufacturerStrDescriptor
                        0x080060a5   0x14  Code  Gb  usbd_desc.o [1]
USBD_USR_ProductStrDescriptor
                        0x08006089   0x1c  Code  Gb  usbd_desc.o [1]
USBD_USR_SerialStrDescriptor
                        0x080060b9   0x1c  Code  Gb  usbd_desc.o [1]
USBD_cdc_GetCfgDesc     0x080054ed    0x8  Code  Lc  usbd_cdc_core.o [1]
USBD_cfg_status         0x200018bc    0x4  Data  Gb  usbd_req.o [1]
USBD_default_cfg        0x200018c0    0x4  Data  Gb  usbd_req.o [1]
USBD_ep_status          0x200018d8    0x4  Data  Gb  usbd_req.o [1]
USB_OTG_BSP_EnableInterrupt
                        0x08003fe5   0x2e  Code  Gb  usb_bsp.o [1]
USB_OTG_BSP_Init        0x08003f35   0xb0  Code  Gb  usb_bsp.o [1]
USB_OTG_BSP_mDelay      0x08004029   0x14  Code  Gb  usb_bsp.o [1]
USB_OTG_BSP_uDelay      0x08004013   0x16  Code  Gb  usb_bsp.o [1]
USB_OTG_CoreInit        0x08003883   0x76  Code  Gb  usb_core.o [1]
USB_OTG_CoreInitDev     0x08003997  0x16a  Code  Gb  usb_core.o [1]
USB_OTG_CoreReset       0x08003609   0x4c  Code  Lc  usb_core.o [1]
USB_OTG_DisableGlobalInt
                        0x08003907    0xe  Code  Gb  usb_core.o [1]
USB_OTG_EP0Activate     0x08003b2d   0x34  Code  Gb  usb_core.o [1]
USB_OTG_EP0StartXfer    0x08003d65   0xde  Code  Gb  usb_core.o [1]
USB_OTG_EP0_OutStart    0x08003ec3   0x20  Code  Gb  usb_core.o [1]
USB_OTG_EPActivate      0x08003b61   0x66  Code  Gb  usb_core.o [1]
USB_OTG_EPClearStall    0x08003e73   0x28  Code  Gb  usb_core.o [1]
USB_OTG_EPDeactivate    0x08003bc7   0x2c  Code  Gb  usb_core.o [1]
USB_OTG_EPSetStall      0x08003e43   0x30  Code  Gb  usb_core.o [1]
USB_OTG_EPStartXfer     0x08003bf5  0x170  Code  Gb  usb_core.o [1]
USB_OTG_EnableGlobalInt
                        0x080038f9    0xe  Code  Gb  usb_core.o [1]
USB_OTG_FlushTxFifo     0x08003915   0x40  Code  Gb  usb_core.o [1]
USB_OTG_GetDeviceSpeed  0x08003b01   0x2a  Code  Gb  usb_core.o [1]
USB_OTG_IsDeviceMode    0x0800397f    0xe  Code  Gb  usb_core.o [1]
USB_OTG_ReadCoreItr     0x0800398d    0xa  Code  Gb  usb_core.o [1]
USB_OTG_ReadDevAllInEPItr
                        0x08003eb7    0xc  Code  Gb  usb_core.o [1]
USB_OTG_ReadDevAllOutEp_itr
                        0x08003e9b    0xc  Code  Gb  usb_core.o [1]
USB_OTG_ReadDevOutEP_itr
                        0x08003ea7   0x10  Code  Gb  usb_core.o [1]
USB_OTG_ReadPacket      0x080036ad   0x48  Code  Gb  usb_core.o [1]
USB_OTG_SelectCore      0x080036f5  0x18e  Code  Gb  usb_core.o [1]
USB_OTG_SetCurrentMode  0x08003955   0x2a  Code  Gb  usb_core.o [1]
USB_OTG_UngateClock     0x08003ee3   0x1c  Code  Gb  usb_core.o [1]
USB_OTG_WritePacket     0x08003655   0x58  Code  Gb  usb_core.o [1]
USB_OTG_dev             0x20000148  0x5f4  Data  Gb  main.o [1]
USB_Rx_Buffer           0x2000186c   0x40  Data  Gb  usbd_cdc_core.o [1]
USB_Tx_State            0x20000d9c    0x1  Data  Gb  usbd_cdc_core.o [1]
USR_cb                  0x200000cc   0x1c  Data  Gb  usbd_usr.o [1]
USR_desc                0x200000b0   0x1c  Data  Gb  usbd_desc.o [1]
UsageFault_Handler      0x08005b81    0x2  Code  Gb  stm32f2xx_it.o [1]
VCP_Ctrl                0x08005515   0x5c  Code  Lc  usbd_cdc_vcp.o [1]
VCP_DataRx              0x08005637   0xc6  Code  Lc  usbd_cdc_vcp.o [1]
VCP_DataTx              0x08005571   0xc6  Code  Lc  usbd_cdc_vcp.o [1]
VCP_DeInit              0x08005511    0x4  Code  Lc  usbd_cdc_vcp.o [1]
VCP_Init                0x0800550d    0x4  Code  Lc  usbd_cdc_vcp.o [1]
VCP_fops                0x200000fc   0x14  Data  Gb  usbd_cdc_vcp.o [1]
WWDG_IRQHandler         0x0800626d         Code  Wk  startup_stm32f2xx.o [1]
__aeabi_memclr          0x08001c51         Code  Gb  ABImemclr.o [4]
__aeabi_memclr4         0x08005f3d         Code  Gb  ABImemclr4.o [4]
__aeabi_memcpy          0x08002db5         Code  Gb  ABImemcpy.o [4]
__aeabi_memcpy4         0x08002dd5         Code  Gb  ABImemcpy.o [4]
__aeabi_memcpy8         0x08002dd5         Code  Gb  ABImemcpy.o [4]
__aeabi_memset          0x08001c85         Code  Gb  ABImemset.o [4]
__cmain                 0x080061ed         Code  Gb  cmain.o [4]
__exit                  0x08006219   0x14  Code  Gb  exit.o [5]
__iar_Memset            0x08001c85         Code  Gb  ABImemset.o [4]
__iar_Memset4_word      0x08005fe9         Code  Gb  ABImemset48.o [4]
__iar_Memset8_word      0x08005fe9         Code  Gb  ABImemset48.o [4]
__iar_Memset_word       0x08001c8d         Code  Gb  ABImemset.o [4]
__iar_copy_init3        0x08001c57   0x2e  Code  Gb  copy_init3.o [4]
__iar_data_init3        0x080061a1   0x28  Code  Gb  data_init.o [4]
__iar_program_start     0x0800623d         Code  Gb  cstartup_M.o [4]
__iar_zero_init3        0x08001ceb   0x22  Code  Gb  zero_init3.o [4]
__low_level_init        0x08006203    0x4  Code  Gb  low_level_init.o [3]
__vector_table          0x08000000         Data  Gb  startup_stm32f2xx.o [1]
_call_main              0x080061f9         Code  Gb  cmain.o [4]
_exit                   0x0800620d         Code  Gb  cexit.o [4]
_main                   0x080061ff         Code  Gb  cmain.o [4]
adc12buf                0x200018ac    0xc  Data  Gb  adc12.o [1]
capture                 0x200018cc    0x4  Data  Gb  stm32f2xx_it.o [1]
capture_ch2             0x200016b0   0x14  Data  Gb  timer.o [1]
cdcCmd                  0x20000004    0x4  Data  Lc  usbd_cdc_core.o [1]
cdcLen                  0x20000008    0x4  Data  Lc  usbd_cdc_core.o [1]
check_fs                0x0800104d   0x6c  Code  Lc  ff.o [1]
chk_mounted             0x080010b9  0x2da  Code  Lc  ff.o [1]
clust2sect              0x080002fb   0x18  Code  Gb  ff.o [1]
create_chain            0x08000929   0x98  Code  Lc  ff.o [1]
create_name             0x08000d19  0x180  Code  Lc  ff.o [1]
dir_register            0x08000a45  0x2d2  Code  Lc  ff.o [1]
dir_sdi                 0x080009c1   0x84  Code  Lc  ff.o [1]
disk_initialize         0x08001b01   0x12  Code  Gb  sdio-stm32f2.o [1]
disk_ioctl              0x08001c43    0x4  Code  Gb  sdio-stm32f2.o [1]
disk_read               0x08001b25   0x96  Code  Gb  sdio-stm32f2.o [1]
disk_status             0x08001b13   0x12  Code  Gb  sdio-stm32f2.o [1]
disk_write              0x08001bbd   0x86  Code  Gb  sdio-stm32f2.o [1]
exit                    0x08006207    0x4  Code  Gb  exit.o [3]
f_close                 0x08001adf   0x10  Code  Gb  ff.o [1]
f_mount                 0x080013bf   0x1e  Code  Gb  ff.o [1]
f_open                  0x080013dd  0x1d2  Code  Gb  ff.o [1]
f_read                  0x080015b1  0x1b2  Code  Gb  ff.o [1]
f_sync                  0x080019d3  0x10c  Code  Gb  ff.o [1]
f_write                 0x08001765  0x26e  Code  Gb  ff.o [1]
fil                     0x2000073c  0x224  Data  Gb  main.o [1]
follow_path             0x08000ea9  0x1a4  Code  Lc  ff.o [1]
fs32                    0x20000960  0x234  Data  Gb  main.o [1]
get_fat                 0x08000313  0x250  Code  Gb  ff.o [1]
get_fattime             0x08001c47    0x4  Code  Gb  sdio-stm32f2.o [1]
ir_gen                  0x2000179c   0xd0  Data  Gb  timer.o [1]
linecoding              0x20000134    0x8  Data  Gb  usbd_cdc_vcp.o [1]
main                    0x08005e01  0x10c  Code  Gb  main.o [1]
move_window             0x08000185   0x70  Code  Lc  ff.o [1]
put_fat                 0x08000563  0x288  Code  Gb  ff.o [1]
remove_chain            0x080007eb  0x13e  Code  Lc  ff.o [1]
res                     0x20000144    0x1  Data  Gb  main.o [1]
strlen                  0x08005f45         Code  Gb  strlen.o [4]
sync                    0x080001f5  0x106  Code  Lc  ff.o [1]
timing_delay            0x200018d0    0x4  Data  Lc  systick.o [1]
usbd_cdc_AltSet         0x20000000    0x4  Data  Lc  usbd_cdc_core.o [1]
usbd_cdc_CfgDesc        0x20000014   0x44  Data  Gb  usbd_cdc_core.o [1]
usbd_cdc_DataIn         0x08005401   0x4a  Code  Lc  usbd_cdc_core.o [1]
usbd_cdc_DataOut        0x0800544b   0x2e  Code  Lc  usbd_cdc_core.o [1]
usbd_cdc_DeInit         0x08005303   0x24  Code  Lc  usbd_cdc_core.o [1]
usbd_cdc_EP0_RxReady    0x080053e3   0x1e  Code  Lc  usbd_cdc_core.o [1]
usbd_cdc_Init           0x080052bd   0x46  Code  Lc  usbd_cdc_core.o [1]
usbd_cdc_SOF            0x08005479   0x74  Code  Lc  usbd_cdc_core.o [1]
usbd_cdc_Setup          0x08005327   0xbc  Code  Lc  usbd_cdc_core.o [1]
validate                0x08001393   0x2c  Code  Lc  ff.o [1]


[1] = C:\git\blfw\blfw_fork_EB\app\Debug\Obj
[2] = command line
[3] = dl7M_tln.a
[4] = rt7M_tl.a
[5] = shb_l.a

  25 484 bytes of readonly  code memory
     360 bytes of readonly  data memory
  14 556 bytes of readwrite data memory

Errors: none
Warnings: none
