###############################################################################
#                                                                             #
# IAR ELF Linker V6.50.3.4676/W32 for ARM               05/Sep/2014  21:30:41 #
# Copyright 2007-2013 IAR Systems AB.                                         #
#                                                                             #
#    Output file  =  C:\Users\dudu\BLFW\app\Debug\Exe\c.out                   #
#    Map file     =  C:\Users\dudu\BLFW\app\Debug\List\c.map                  #
#    Command line =  C:\Users\dudu\BLFW\app\Debug\Obj\IV.o                    #
#                    C:\Users\dudu\BLFW\app\Debug\Obj\adc12.o                 #
#                    C:\Users\dudu\BLFW\app\Debug\Obj\blrtc.o                 #
#                    C:\Users\dudu\BLFW\app\Debug\Obj\dac.o                   #
#                    C:\Users\dudu\BLFW\app\Debug\Obj\dynload.o               #
#                    C:\Users\dudu\BLFW\app\Debug\Obj\ff.o                    #
#                    C:\Users\dudu\BLFW\app\Debug\Obj\fifo.o                  #
#                    C:\Users\dudu\BLFW\app\Debug\Obj\fsm.o                   #
#                    C:\Users\dudu\BLFW\app\Debug\Obj\heap_2.o                #
#                    C:\Users\dudu\BLFW\app\Debug\Obj\ihm.o                   #
#                    C:\Users\dudu\BLFW\app\Debug\Obj\ivs.o                   #
#                    C:\Users\dudu\BLFW\app\Debug\Obj\list.o                  #
#                    C:\Users\dudu\BLFW\app\Debug\Obj\main.o                  #
#                    C:\Users\dudu\BLFW\app\Debug\Obj\misc.o                  #
#                    C:\Users\dudu\BLFW\app\Debug\Obj\pid.o                   #
#                    C:\Users\dudu\BLFW\app\Debug\Obj\port.o                  #
#                    C:\Users\dudu\BLFW\app\Debug\Obj\portasm.o               #
#                    C:\Users\dudu\BLFW\app\Debug\Obj\queue.o                 #
#                    C:\Users\dudu\BLFW\app\Debug\Obj\sdio-stm32f2.o          #
#                    C:\Users\dudu\BLFW\app\Debug\Obj\startup_stm32f2xx.o     #
#                    C:\Users\dudu\BLFW\app\Debug\Obj\stm322xg_eval.o         #
#                    C:\Users\dudu\BLFW\app\Debug\Obj\stm322xg_eval_sdio_sd.o #
#                     C:\Users\dudu\BLFW\app\Debug\Obj\stm32f2xx_adc.o        #
#                    C:\Users\dudu\BLFW\app\Debug\Obj\stm32f2xx_can.o         #
#                    C:\Users\dudu\BLFW\app\Debug\Obj\stm32f2xx_crc.o         #
#                    C:\Users\dudu\BLFW\app\Debug\Obj\stm32f2xx_cryp.o        #
#                    C:\Users\dudu\BLFW\app\Debug\Obj\stm32f2xx_cryp_aes.o    #
#                    C:\Users\dudu\BLFW\app\Debug\Obj\stm32f2xx_cryp_des.o    #
#                    C:\Users\dudu\BLFW\app\Debug\Obj\stm32f2xx_cryp_tdes.o   #
#                    C:\Users\dudu\BLFW\app\Debug\Obj\stm32f2xx_dac.o         #
#                    C:\Users\dudu\BLFW\app\Debug\Obj\stm32f2xx_dbgmcu.o      #
#                    C:\Users\dudu\BLFW\app\Debug\Obj\stm32f2xx_dcmi.o        #
#                    C:\Users\dudu\BLFW\app\Debug\Obj\stm32f2xx_dma.o         #
#                    C:\Users\dudu\BLFW\app\Debug\Obj\stm32f2xx_exti.o        #
#                    C:\Users\dudu\BLFW\app\Debug\Obj\stm32f2xx_flash.o       #
#                    C:\Users\dudu\BLFW\app\Debug\Obj\stm32f2xx_fsmc.o        #
#                    C:\Users\dudu\BLFW\app\Debug\Obj\stm32f2xx_gpio.o        #
#                    C:\Users\dudu\BLFW\app\Debug\Obj\stm32f2xx_hash.o        #
#                    C:\Users\dudu\BLFW\app\Debug\Obj\stm32f2xx_hash_md5.o    #
#                    C:\Users\dudu\BLFW\app\Debug\Obj\stm32f2xx_hash_sha1.o   #
#                    C:\Users\dudu\BLFW\app\Debug\Obj\stm32f2xx_i2c.o         #
#                    C:\Users\dudu\BLFW\app\Debug\Obj\stm32f2xx_it.o          #
#                    C:\Users\dudu\BLFW\app\Debug\Obj\stm32f2xx_iwdg.o        #
#                    C:\Users\dudu\BLFW\app\Debug\Obj\stm32f2xx_pwr.o         #
#                    C:\Users\dudu\BLFW\app\Debug\Obj\stm32f2xx_rcc.o         #
#                    C:\Users\dudu\BLFW\app\Debug\Obj\stm32f2xx_rng.o         #
#                    C:\Users\dudu\BLFW\app\Debug\Obj\stm32f2xx_rtc.o         #
#                    C:\Users\dudu\BLFW\app\Debug\Obj\stm32f2xx_sdio.o        #
#                    C:\Users\dudu\BLFW\app\Debug\Obj\stm32f2xx_spi.o         #
#                    C:\Users\dudu\BLFW\app\Debug\Obj\stm32f2xx_syscfg.o      #
#                    C:\Users\dudu\BLFW\app\Debug\Obj\stm32f2xx_tim.o         #
#                    C:\Users\dudu\BLFW\app\Debug\Obj\stm32f2xx_usart.o       #
#                    C:\Users\dudu\BLFW\app\Debug\Obj\stm32f2xx_wwdg.o        #
#                    C:\Users\dudu\BLFW\app\Debug\Obj\system_stm32f2xx.o      #
#                    C:\Users\dudu\BLFW\app\Debug\Obj\systick.o               #
#                    C:\Users\dudu\BLFW\app\Debug\Obj\tasks.o                 #
#                    C:\Users\dudu\BLFW\app\Debug\Obj\timer.o                 #
#                    C:\Users\dudu\BLFW\app\Debug\Obj\uart.o                  #
#                    C:\Users\dudu\BLFW\app\Debug\Obj\usb_bsp.o               #
#                    C:\Users\dudu\BLFW\app\Debug\Obj\usb_core.o              #
#                    C:\Users\dudu\BLFW\app\Debug\Obj\usb_dcd.o               #
#                    C:\Users\dudu\BLFW\app\Debug\Obj\usb_dcd_int.o           #
#                    C:\Users\dudu\BLFW\app\Debug\Obj\usbd_cdc_core.o         #
#                    C:\Users\dudu\BLFW\app\Debug\Obj\usbd_cdc_vcp.o          #
#                    C:\Users\dudu\BLFW\app\Debug\Obj\usbd_core.o             #
#                    C:\Users\dudu\BLFW\app\Debug\Obj\usbd_desc.o             #
#                    C:\Users\dudu\BLFW\app\Debug\Obj\usbd_ioreq.o            #
#                    C:\Users\dudu\BLFW\app\Debug\Obj\usbd_req.o              #
#                    C:\Users\dudu\BLFW\app\Debug\Obj\usbd_usr.o              #
#                    C:\Users\dudu\BLFW\app\Debug\Obj\usbp.o                  #
#                    C:\Users\dudu\BLFW\app\Debug\Obj\utils.o -o              #
#                    C:\Users\dudu\BLFW\app\Debug\Exe\c.out --redirect        #
#                    _Printf=_PrintfFull --redirect _Scanf=_ScanfFull --map   #
#                    C:\Users\dudu\BLFW\app\Debug\List\c.map --config         #
#                    "C:\Program Files (x86)\IAR Systems\Embedded Workbench   #
#                    6.5\arm\config\linker\ST\stm32f207xE.icf" --semihosting  #
#                    --entry __iar_program_start --vfe                        #
#                                                                             #
#                                                                             #
###############################################################################

*******************************************************************************
*** RUNTIME MODEL ATTRIBUTES
***

CppFlavor                     = *
__Heap_Handler                = Basic
__SystemLibrary               = DLib
__dlib_dynamic_initialization = normal


*******************************************************************************
*** PLACEMENT SUMMARY
***

"A1":  place at 0x08000000 { ro section .intvec };
"P1":  place in [from 0x08000000 to 0x0807ffff] { ro };
"P2":  place in [from 0x20000000 to 0x2001ffff] { rw, block CSTACK, block HEAP };

  Section             Kind        Address    Size  Object
  -------             ----        -------    ----  ------
"A1":                                       0x184
  .intvec             ro code  0x08000000   0x184  startup_stm32f2xx.o [1]
                             - 0x08000184   0x184

"P1":                                      0xc5d0
  .text               ro code  0x08000184  0x16da  ff.o [1]
  .text               ro code  0x0800185e    0x22  zero_init3.o [5]
  .text               ro code  0x08001880   0x1c0  sdio-stm32f2.o [1]
  .text               ro code  0x08001a40  0x1684  stm322xg_eval_sdio_sd.o [1]
  .text               ro code  0x080030c4    0x16  sdio-stm32f2.o [1]
  .text               ro code  0x080030da     0xe  usbd_usr.o [1]
  .text               ro code  0x080030e8   0x210  stm322xg_eval.o [1]
  .text               ro code  0x080032f8   0x17c  stm32f2xx_sdio.o [1]
  .text               ro code  0x08003474   0x11e  stm32f2xx_gpio.o [1]
  .text               ro code  0x08003592     0xa  xsprout.o [3]
  .text               ro code  0x0800359c   0x328  stm32f2xx_dma.o [1]
  .text               ro code  0x080038c4    0xc4  misc.o [1]
  .text               ro code  0x08003988    0x76  ABImemcpy.o [5]
  .rodata             const    0x080039fe     0x2  heap_2.o [1]
  .text               ro code  0x08003a00   0x290  stm32f2xx_rcc.o [1]
  .text               ro code  0x08003c90  0x10c6  xprintffull.o [3]
  .text               ro code  0x08004d56    0x20  xmbtowc.o [3]
  .text               ro code  0x08004d78    0x16  strchr.o [5]
  .text               ro code  0x08004d90    0x36  strlen.o [5]
  .text               ro code  0x08004dc8    0x58  memchr.o [5]
  .text               ro code  0x08004e20     0xa  xmbcurmax.o [3]
  .text               ro code  0x08004e2c    0xb0  xxmemxmalloc.o [3]
  .text               ro code  0x08004edc    0x1a  xwctomb.o [3]
  .text               ro code  0x08004ef8    0x80  xxmemxfree.o [3]
  .text               ro code  0x08004f78    0xee  I64DivMod.o [5]
  .text               ro code  0x08005068   0x1a2  DblMul.o [4]
  .text               ro code  0x0800520a    0x42  xdnorm.o [4]
  .text               ro code  0x0800524c    0x2e  DblCmpLe.o [4]
  .text               ro code  0x0800527c    0x2e  DblCmpGe.o [4]
  .text               ro code  0x080052ac   0x10c  xdscale.o [4]
  .text               ro code  0x080053b8    0x58  DblToI32.o [4]
  .text               ro code  0x08005410    0x30  I32ToDbl.o [4]
  .text               ro code  0x08005440   0x180  DblSub.o [4]
  .text               ro code  0x080055c0   0x246  DblDiv.o [4]
  .text               ro code  0x08005808    0x6c  localeconv.o [3]
  .text               ro code  0x08005874     0xe  div.o [3]
  .text               ro code  0x08005884    0x14  setlocale.o [3]
  .text               ro code  0x08005898    0x60  xencoding_sb.o [3]
  .text               ro code  0x080058f8    0x2c  xgetmemchunk.o [3]
  .text               ro code  0x08005924     0x2  I64DivZer.o [5]
  .text               ro code  0x08005928    0xd4  DblAdd.o [4]
  .text               ro code  0x080059fc     0x2  xtls.o [3]
  .text               ro code  0x08005a00   0xb56  usb_core.o [1]
  .text               ro code  0x08006558   0x110  usb_bsp.o [1]
  .text               ro code  0x08006668   0xa90  tasks.o [1]
  .text               ro code  0x080070f8    0xe0  port.o [1]
  .text               ro code  0x080071d8    0x9e  list.o [1]
  CODE                ro code  0x08007278    0x90  portasm.o [1]
  .text               ro code  0x08007308   0x14c  heap_2.o [1]
  .text               ro code  0x08007454   0x6e2  usb_dcd_int.o [1]
  .text               ro code  0x08007b38   0x6be  usbd_req.o [1]
  .text               ro code  0x080081f6    0xe4  usbd_ioreq.o [1]
  .text               ro code  0x080082da   0x2e6  usb_dcd.o [1]
  .text               ro code  0x080085c0   0x338  usbd_core.o [1]
  .text               ro code  0x080088f8   0x67c  ivs.o [1]
  .text               ro code  0x08008f74    0x4e  fifo.o [1]
  .text               ro code  0x08008fc4   0x334  ihm.o [1]
  .text               ro code  0x080092f8   0x584  queue.o [1]
  .text               ro code  0x0800987c    0x50  fsm.o [1]
  .text               ro code  0x080098cc   0x174  blrtc.o [1]
  .text               ro code  0x08009a40   0x1c0  adc12.o [1]
  .text               ro code  0x08009c00    0x32  I32ToFlt.o [4]
  .text               ro code  0x08009c34    0xd8  FltMul.o [4]
  .text               ro code  0x08009d0c    0x44  FltToS32.o [4]
  .text               ro code  0x08009d50    0xfc  FltDiv.o [4]
  .text               ro code  0x08009e4c   0x138  dac.o [1]
  .text               ro code  0x08009f84    0x16  ivs.o [1]
  .text               ro code  0x08009f9c    0x34  sprintf.o [3]
  .text               ro code  0x08009fd0    0x54  stm32f2xx_syscfg.o [1]
  .text               ro code  0x0800a024    0xcc  stm32f2xx_exti.o [1]
  .text               ro code  0x0800a0f0   0x2c0  dynload.o [1]
  .text               ro code  0x0800a3b0   0x26c  uart.o [1]
  .text               ro code  0x0800a61c   0x560  stm32f2xx_rtc.o [1]
  .text               ro code  0x0800ab7c     0xc  stm32f2xx_pwr.o [1]
  .text               ro code  0x0800ab88   0x20c  stm32f2xx_adc.o [1]
  .text               ro code  0x0800ad94    0xe8  stm32f2xx_dac.o [1]
  .text               ro code  0x0800ae7c    0x66  ABImemset.o [5]
  .text               ro code  0x0800aee4    0xf4  pid.o [1]
  .text               ro code  0x0800afd8   0x226  stm32f2xx_usart.o [1]
  .text               ro code  0x0800b200    0x84  FltAdd.o [4]
  .text               ro code  0x0800b284    0xd6  FltSub.o [4]
  .text               ro code  0x0800b35c   0x340  usbd_cdc_core.o [1]
  .text               ro code  0x0800b69c   0x294  stm32f2xx_it.o [1]
  .text               ro code  0x0800b930    0xc8  timer.o [1]
  .text               ro code  0x0800b9f8   0x1a4  stm32f2xx_tim.o [1]
  .text               ro code  0x0800bb9c   0x124  system_stm32f2xx.o [1]
  .text               ro code  0x0800bcc0   0x248  usbp.o [1]
  .text               ro code  0x0800bf08   0x148  usbd_cdc_vcp.o [1]
  .text               ro code  0x0800c050    0xe8  usbd_desc.o [1]
  .text               ro code  0x0800c138    0xc0  main.o [1]
  .text               ro code  0x0800c1f8    0xb0  packbits_init.o [5]
  .text               ro code  0x0800c2a8     0x6  abort.o [3]
  .text               ro code  0x0800c2b0    0x14  exit.o [6]
  .rodata             const    0x0800c2c4    0x2c  ivs.o [1]
  .text               ro code  0x0800c2f0    0x28  data_init.o [5]
  .rodata             const    0x0800c318    0x24  usbd_desc.o [1]
  .rodata             const    0x0800c33c    0x24  usbd_desc.o [1]
  .iar.init_table     const    0x0800c360    0x2c  - Linker created -
  .rodata             const    0x0800c38c    0x20  ivs.o [1]
  .rodata             const    0x0800c3ac    0x1c  ivs.o [1]
  .text               ro code  0x0800c3c8    0x16  cmain.o [5]
  .text               ro code  0x0800c3de     0x4  low_level_init.o [3]
  .text               ro code  0x0800c3e2     0x4  exit.o [3]
  .text               ro code  0x0800c3e8     0xa  cexit.o [5]
  .rodata             const    0x0800c3f4    0x14  usbd_desc.o [1]
  .rodata             const    0x0800c408    0x10  ff.o [1]
  .rodata             const    0x0800c418    0x10  usbd_desc.o [1]
  .rodata             const    0x0800c428    0x10  usbd_desc.o [1]
  .rodata             const    0x0800c438    0x10  usbd_desc.o [1]
  .text               ro code  0x0800c448    0x10  startup_stm32f2xx.o [1]
  .rodata             const    0x0800c458     0xc  ivs.o [1]
  .rodata             const    0x0800c464     0xc  ivs.o [1]
  .rodata             const    0x0800c470     0xc  usbd_desc.o [1]
  .text               ro code  0x0800c47c     0xc  cstartup_M.o [5]
  .rodata             const    0x0800c488     0x8  main.o [1]
  .rodata             const    0x0800c490     0x8  tasks.o [1]
  .rodata             const    0x0800c498     0x8  uart.o [1]
  .rodata             const    0x0800c4a0     0x8  usbp.o [1]
  .rodata             const    0x0800c4a8     0x8  usbp.o [1]
  .text               ro code  0x0800c4b0     0x4  startup_stm32f2xx.o [1]
  .text               ro code  0x0800c4b4     0x4  startup_stm32f2xx.o [1]
  .text               ro code  0x0800c4b8     0x4  startup_stm32f2xx.o [1]
  .text               ro code  0x0800c4bc     0x4  startup_stm32f2xx.o [1]
  .text               ro code  0x0800c4c0     0x4  startup_stm32f2xx.o [1]
  .text               ro code  0x0800c4c4     0x4  startup_stm32f2xx.o [1]
  .text               ro code  0x0800c4c8     0x4  startup_stm32f2xx.o [1]
  .text               ro code  0x0800c4cc     0x4  startup_stm32f2xx.o [1]
  .text               ro code  0x0800c4d0     0x4  startup_stm32f2xx.o [1]
  .text               ro code  0x0800c4d4     0x4  startup_stm32f2xx.o [1]
  .text               ro code  0x0800c4d8     0x4  startup_stm32f2xx.o [1]
  .text               ro code  0x0800c4dc     0x4  startup_stm32f2xx.o [1]
  .text               ro code  0x0800c4e0     0x4  startup_stm32f2xx.o [1]
  .text               ro code  0x0800c4e4     0x4  startup_stm32f2xx.o [1]
  .text               ro code  0x0800c4e8     0x4  startup_stm32f2xx.o [1]
  .text               ro code  0x0800c4ec     0x4  startup_stm32f2xx.o [1]
  .text               ro code  0x0800c4f0     0x4  startup_stm32f2xx.o [1]
  .text               ro code  0x0800c4f4     0x4  startup_stm32f2xx.o [1]
  .text               ro code  0x0800c4f8     0x4  startup_stm32f2xx.o [1]
  .text               ro code  0x0800c4fc     0x4  startup_stm32f2xx.o [1]
  .text               ro code  0x0800c500     0x4  startup_stm32f2xx.o [1]
  .text               ro code  0x0800c504     0x4  startup_stm32f2xx.o [1]
  .text               ro code  0x0800c508     0x4  startup_stm32f2xx.o [1]
  .text               ro code  0x0800c50c     0x4  startup_stm32f2xx.o [1]
  .text               ro code  0x0800c510     0x4  startup_stm32f2xx.o [1]
  .text               ro code  0x0800c514     0x4  startup_stm32f2xx.o [1]
  .text               ro code  0x0800c518     0x4  startup_stm32f2xx.o [1]
  .text               ro code  0x0800c51c     0x4  startup_stm32f2xx.o [1]
  .text               ro code  0x0800c520     0x4  startup_stm32f2xx.o [1]
  .text               ro code  0x0800c524     0x4  startup_stm32f2xx.o [1]
  .text               ro code  0x0800c528     0x4  startup_stm32f2xx.o [1]
  .text               ro code  0x0800c52c     0x4  startup_stm32f2xx.o [1]
  .text               ro code  0x0800c530     0x4  startup_stm32f2xx.o [1]
  .text               ro code  0x0800c534     0x4  startup_stm32f2xx.o [1]
  .text               ro code  0x0800c538     0x4  startup_stm32f2xx.o [1]
  .text               ro code  0x0800c53c     0x4  startup_stm32f2xx.o [1]
  .text               ro code  0x0800c540     0x4  startup_stm32f2xx.o [1]
  .text               ro code  0x0800c544     0x4  startup_stm32f2xx.o [1]
  .text               ro code  0x0800c548     0x4  startup_stm32f2xx.o [1]
  .text               ro code  0x0800c54c     0x4  startup_stm32f2xx.o [1]
  .text               ro code  0x0800c550     0x4  startup_stm32f2xx.o [1]
  .text               ro code  0x0800c554     0x4  startup_stm32f2xx.o [1]
  .text               ro code  0x0800c558     0x4  startup_stm32f2xx.o [1]
  .text               ro code  0x0800c55c     0x4  startup_stm32f2xx.o [1]
  .text               ro code  0x0800c560     0x4  startup_stm32f2xx.o [1]
  .text               ro code  0x0800c564     0x4  startup_stm32f2xx.o [1]
  .text               ro code  0x0800c568     0x4  startup_stm32f2xx.o [1]
  .text               ro code  0x0800c56c     0x4  startup_stm32f2xx.o [1]
  .text               ro code  0x0800c570     0x4  startup_stm32f2xx.o [1]
  .text               ro code  0x0800c574     0x4  startup_stm32f2xx.o [1]
  .text               ro code  0x0800c578     0x4  startup_stm32f2xx.o [1]
  .text               ro code  0x0800c57c     0x4  startup_stm32f2xx.o [1]
  .text               ro code  0x0800c580     0x4  startup_stm32f2xx.o [1]
  .text               ro code  0x0800c584     0x4  startup_stm32f2xx.o [1]
  .text               ro code  0x0800c588     0x4  startup_stm32f2xx.o [1]
  .text               ro code  0x0800c58c     0x4  startup_stm32f2xx.o [1]
  .text               ro code  0x0800c590     0x4  startup_stm32f2xx.o [1]
  .text               ro code  0x0800c594     0x4  startup_stm32f2xx.o [1]
  .text               ro code  0x0800c598     0x4  startup_stm32f2xx.o [1]
  .text               ro code  0x0800c59c     0x4  startup_stm32f2xx.o [1]
  .text               ro code  0x0800c5a0     0x4  startup_stm32f2xx.o [1]
  .text               ro code  0x0800c5a4     0x4  startup_stm32f2xx.o [1]
  .text               ro code  0x0800c5a8     0x4  startup_stm32f2xx.o [1]
  .text               ro code  0x0800c5ac     0x4  startup_stm32f2xx.o [1]
  .text               ro code  0x0800c5b0     0x4  startup_stm32f2xx.o [1]
  .text               ro code  0x0800c5b4     0x4  startup_stm32f2xx.o [1]
  .text               ro code  0x0800c5b8     0x4  startup_stm32f2xx.o [1]
  .text               ro code  0x0800c5bc     0x4  startup_stm32f2xx.o [1]
  .text               ro code  0x0800c5c0     0x4  startup_stm32f2xx.o [1]
  .text               ro code  0x0800c5c4     0x4  startup_stm32f2xx.o [1]
  .text               ro code  0x0800c5c8     0x4  startup_stm32f2xx.o [1]
  .text               ro code  0x0800c5cc     0x4  startup_stm32f2xx.o [1]
  .text               ro code  0x0800c5d0     0x4  startup_stm32f2xx.o [1]
  .text               ro code  0x0800c5d4     0x4  startup_stm32f2xx.o [1]
  .text               ro code  0x0800c5d8     0x4  startup_stm32f2xx.o [1]
  .text               ro code  0x0800c5dc     0x4  startup_stm32f2xx.o [1]
  .text               ro code  0x0800c5e0     0x4  startup_stm32f2xx.o [1]
  .text               ro code  0x0800c5e4     0x4  startup_stm32f2xx.o [1]
  .text               ro code  0x0800c5e8     0x4  startup_stm32f2xx.o [1]
  .text               ro code  0x0800c5ec     0x4  startup_stm32f2xx.o [1]
  .text               ro code  0x0800c5f0     0x4  startup_stm32f2xx.o [1]
  .text               ro code  0x0800c5f4     0x4  startup_stm32f2xx.o [1]
  .text               ro code  0x0800c5f8     0x4  startup_stm32f2xx.o [1]
  .text               ro code  0x0800c5fc     0x4  startup_stm32f2xx.o [1]
  .text               ro code  0x0800c600     0x4  startup_stm32f2xx.o [1]
  .text               ro code  0x0800c604     0x4  startup_stm32f2xx.o [1]
  .text               ro code  0x0800c608     0x4  startup_stm32f2xx.o [1]
  .text               ro code  0x0800c60c     0x4  startup_stm32f2xx.o [1]
  .text               ro code  0x0800c610     0x4  startup_stm32f2xx.o [1]
  .text               ro code  0x0800c614     0x4  startup_stm32f2xx.o [1]
  .rodata             const    0x0800c618     0x0  zero_init3.o [5]
  .rodata             const    0x0800c618     0x0  packbits_init.o [5]
  Initializer bytes   ro data  0x0800c618   0x13b  <for P2 s0>
                             - 0x0800c753  0xc5cf

"P2", part 1 of 3:                          0x238
  P2 s0                        0x20000000   0x236  <Init block>
    __DLIB_PERTHREAD  inited   0x20000000    0x88  localeconv.o [3]
    __DLIB_PERTHREAD  inited   0x20000088    0x74  setlocale.o [3]
    .data             inited   0x200000fc    0x44  usbd_cdc_core.o [1]
    .data             inited   0x20000140    0x2c  usbd_cdc_core.o [1]
    .data             inited   0x2000016c    0x2c  usbd_core.o [1]
    .data             inited   0x20000198    0x1c  usbd_desc.o [1]
    .data             inited   0x200001b4    0x1c  usbd_usr.o [1]
    .data             inited   0x200001d0    0x14  usbd_cdc_vcp.o [1]
    .data             inited   0x200001e4    0x14  usbd_desc.o [1]
    .data             inited   0x200001f8    0x10  stm32f2xx_rcc.o [1]
    .data             inited   0x20000208     0x8  usbd_cdc_vcp.o [1]
    .data             inited   0x20000210     0x4  fsm.o [1]
    .data             inited   0x20000214     0x4  heap_2.o [1]
    .data             inited   0x20000218     0x4  port.o [1]
    .data             inited   0x2000021c     0x4  system_stm32f2xx.o [1]
    .data             inited   0x20000220     0x4  tasks.o [1]
    .data             inited   0x20000224     0x4  usbd_cdc_core.o [1]
    .data             inited   0x20000228     0x4  usbd_core.o [1]
    .data             inited   0x2000022c     0x4  usbd_desc.o [1]
    .data             inited   0x20000230     0x4  usbp.o [1]
    .data             inited   0x20000234     0x2  adc12.o [1]
                             - 0x20000236   0x236

"P2", part 2 of 3:                         0x63d0
  .bss                zero     0x20000238  0x4400  heap_2.o [1]
  .bss                zero     0x20004638   0xc9c  ivs.o [1]
  .bss                zero     0x200052d4   0x800  usbd_cdc_core.o [1]
  .bss                zero     0x20005ad4   0x5f4  main.o [1]
  .bss                zero     0x200060c8   0x100  usbd_req.o [1]
  .bss                zero     0x200061c8    0xd0  timer.o [1]
  .bss                zero     0x20006298    0x64  tasks.o [1]
  .bss                zero     0x200062fc    0x44  dynload.o [1]
  .bss                zero     0x20006340    0x58  stm322xg_eval_sdio_sd.o [1]
  .bss                zero     0x20006398    0x50  usbp.o [1]
  .bss                zero     0x200063e8    0x40  usbd_cdc_core.o [1]
  .bss                zero     0x20006428    0x1c  uart.o [1]
  .bss                zero     0x20006444    0x18  ihm.o [1]
  .bss                zero     0x2000645c    0x18  stm322xg_eval_sdio_sd.o [1]
  .bss                zero     0x20006474    0x18  stm322xg_eval_sdio_sd.o [1]
  .bss                zero     0x2000648c    0x14  stm322xg_eval_sdio_sd.o [1]
  .bss                zero     0x200064a0    0x14  tasks.o [1]
  .bss                zero     0x200064b4    0x14  tasks.o [1]
  .bss                zero     0x200064c8    0x14  tasks.o [1]
  .bss                zero     0x200064dc    0x14  tasks.o [1]
  .bss                zero     0x200064f0    0x14  tasks.o [1]
  .bss                zero     0x20006504    0x14  timer.o [1]
  .bss                zero     0x20006518    0x10  stm322xg_eval_sdio_sd.o [1]
  .bss                zero     0x20006528    0x10  stm322xg_eval_sdio_sd.o [1]
  .bss                zero     0x20006538     0xc  adc12.o [1]
  .bss                zero     0x20006544     0xc  blrtc.o [1]
  .bss                zero     0x20006550     0x8  heap_2.o [1]
  .bss                zero     0x20006558     0x8  heap_2.o [1]
  .bss                zero     0x20006560     0x8  usbd_cdc_core.o [1]
  .bss                zero     0x20006568     0x8  xxmemxmalloc.o [3]
  .bss                zero     0x20006570     0x4  blrtc.o [1]
  .bss                zero     0x20006574     0x4  blrtc.o [1]
  .bss                zero     0x20006578     0x4  ff.o [1]
  .bss                zero     0x2000657c     0x4  heap_2.o [1]
  .bss                zero     0x20006580     0x4  stm322xg_eval_sdio_sd.o [1]
  .bss                zero     0x20006584     0x4  stm322xg_eval_sdio_sd.o [1]
  .bss                zero     0x20006588     0x4  stm322xg_eval_sdio_sd.o [1]
  .bss                zero     0x2000658c     0x4  stm322xg_eval_sdio_sd.o [1]
  .bss                zero     0x20006590     0x4  stm322xg_eval_sdio_sd.o [1]
  .bss                zero     0x20006594     0x4  stm32f2xx_it.o [1]
  .bss                zero     0x20006598     0x4  tasks.o [1]
  .bss                zero     0x2000659c     0x4  tasks.o [1]
  .bss                zero     0x200065a0     0x4  tasks.o [1]
  .bss                zero     0x200065a4     0x4  tasks.o [1]
  .bss                zero     0x200065a8     0x4  tasks.o [1]
  .bss                zero     0x200065ac     0x4  tasks.o [1]
  .bss                zero     0x200065b0     0x4  tasks.o [1]
  .bss                zero     0x200065b4     0x4  tasks.o [1]
  .bss                zero     0x200065b8     0x4  tasks.o [1]
  .bss                zero     0x200065bc     0x4  tasks.o [1]
  .bss                zero     0x200065c0     0x4  tasks.o [1]
  .bss                zero     0x200065c4     0x4  tasks.o [1]
  .bss                zero     0x200065c8     0x4  tasks.o [1]
  .bss                zero     0x200065cc     0x4  timer.o [1]
  .bss                zero     0x200065d0     0x4  usbd_cdc_core.o [1]
  .bss                zero     0x200065d4     0x4  usbd_cdc_core.o [1]
  .bss                zero     0x200065d8     0x4  usbd_cdc_core.o [1]
  .bss                zero     0x200065dc     0x4  usbd_cdc_core.o [1]
  .bss                zero     0x200065e0     0x4  usbd_cdc_core.o [1]
  .bss                zero     0x200065e4     0x4  usbd_cdc_core.o [1]
  .bss                zero     0x200065e8     0x4  usbd_core.o [1]
  .bss                zero     0x200065ec     0x4  usbd_req.o [1]
  .bss                zero     0x200065f0     0x4  usbd_req.o [1]
  .bss                zero     0x200065f4     0x4  usbd_req.o [1]
  .bss                zero     0x200065f8     0x4  xgetmemchunk.o [3]
  .bss                zero     0x200065fc     0x2  ff.o [1]
  .bss                zero     0x200065fe     0x1  ff.o [1]
  .bss                zero     0x200065ff     0x1  stm322xg_eval_sdio_sd.o [1]
  .bss                zero     0x20006600     0x1  usbd_cdc_core.o [1]
  .bss                zero     0x20006601     0x1  usbd_req.o [1]
                             - 0x20006602  0x63ca

"P2", part 3 of 3:                         0x4000
  CSTACK                       0x20006608  0x2000  <Block>
    CSTACK            uninit   0x20006608  0x2000  <Block tail>
  HEAP                         0x20008608  0x2000  <Block>
    HEAP              uninit   0x20008608  0x2000  <Block tail>
                             - 0x2000a608  0x4000


*******************************************************************************
*** INIT TABLE
***

          Address     Size
          -------     ----
Zero (__iar_zero_init3)
    1 destination range, total size 0x63ca:
          0x20000238  0x63ca

Copy/packbits (__iar_packbits_init3)
    1 source range, total size 0x13b (55% of destination):
          0x0800c618   0x13b
    1 destination range, total size 0x236:
          0x20000000   0x236



*******************************************************************************
*** MODULE SUMMARY
***

    Module                   ro code  ro data  rw data
    ------                   -------  -------  -------
C:\Users\dudu\BLFW\app\Debug\Obj: [1]
    adc12.o                      448        2       14
    blrtc.o                      372                20
    dac.o                        312
    dynload.o                    704                68
    ff.o                       5 850       16        7
    fifo.o                        78
    fsm.o                         80        3        4
    heap_2.o                     332        4   17 432
    ihm.o                        820                24
    ivs.o                      1 682      128    3 228
    list.o                       158
    main.o                       192        8    1 524
    misc.o                       196
    pid.o                        244
    port.o                       224        2        4
    portasm.o                    144
    queue.o                    1 412
    sdio-stm32f2.o               470
    startup_stm32f2xx.o          764
    stm322xg_eval.o              528
    stm322xg_eval_sdio_sd.o    5 764               209
    stm32f2xx_adc.o              524
    stm32f2xx_dac.o              232
    stm32f2xx_dma.o              808
    stm32f2xx_exti.o             204
    stm32f2xx_gpio.o             286
    stm32f2xx_it.o               660                 4
    stm32f2xx_pwr.o               12
    stm32f2xx_rcc.o              656        9       16
    stm32f2xx_rtc.o            1 376
    stm32f2xx_sdio.o             380
    stm32f2xx_syscfg.o            84
    stm32f2xx_tim.o              420
    stm32f2xx_usart.o            550
    system_stm32f2xx.o           292        2        4
    tasks.o                    2 704       10      256
    timer.o                      200               232
    uart.o                       620        8       28
    usb_bsp.o                    272
    usb_core.o                 2 902
    usb_dcd.o                    742
    usb_dcd_int.o              1 762
    usbd_cdc_core.o              832       65    2 261
    usbd_cdc_vcp.o               328       15       28
    usbd_core.o                  824       27       52
    usbd_desc.o                  232      180       52
    usbd_ioreq.o                 228
    usbd_req.o                 1 726               269
    usbd_usr.o                    14       16       28
    usbp.o                       584       18       84
    --------------------------------------------------
    Total:                    41 228      513   25 848

command line: [2]
    --------------------------------------------------
    Total:

dl7M_tlf.a: [3]
    abort.o                        6
    div.o                         14
    exit.o                         4
    localeconv.o                 108       75      136
    low_level_init.o               4
    setlocale.o                   20       65      116
    sprintf.o                     52
    xencoding_sb.o                96
    xgetmemchunk.o                44                 4
    xmbcurmax.o                   10
    xmbtowc.o                     32
    xprintffull.o              4 294
    xsprout.o                     10
    xtls.o                         2
    xwctomb.o                     26
    xxmemxfree.o                 128
    xxmemxmalloc.o               176                 8
    --------------------------------------------------
    Total:                     5 026      140      264

m7M_tl.a: [4]
    DblAdd.o                     212
    DblCmpGe.o                    46
    DblCmpLe.o                    46
    DblDiv.o                     582
    DblMul.o                     418
    DblSub.o                     384
    DblToI32.o                    88
    FltAdd.o                     132
    FltDiv.o                     252
    FltMul.o                     216
    FltSub.o                     214
    FltToS32.o                    68
    I32ToDbl.o                    48
    I32ToFlt.o                    50
    xdnorm.o                      66
    xdscale.o                    268
    --------------------------------------------------
    Total:                     3 090

rt7M_tl.a: [5]
    ABImemcpy.o                  118
    ABImemset.o                  102
    I64DivMod.o                  238
    I64DivZer.o                    2
    cexit.o                       10
    cmain.o                       22
    cstartup_M.o                  12
    data_init.o                   40
    memchr.o                      88
    packbits_init.o              176
    strchr.o                      22
    strlen.o                      54
    zero_init3.o                  34
    --------------------------------------------------
    Total:                       918

shb_l.a: [6]
    exit.o                        20
    --------------------------------------------------
    Total:                        20

    Gaps                          46        2
    Linker created                         44   16 384
------------------------------------------------------
    Grand Total:              50 328      699   42 496


*******************************************************************************
*** ENTRY LIST
***

Entry                      Address    Size  Type      Object
-----                      -------    ----  ----      ------
?main                   0x0800c3c9          Code  Gb  cmain.o [5]
ADC12_GetOutputBufferSample
                        0x08009a47    0x3a  Code  Gb  adc12.o [1]
ADC12_GetVref           0x08009a41     0x6  Code  Gb  adc12.o [1]
ADC12_Init              0x08009a81   0x164  Code  Gb  adc12.o [1]
ADC_Cmd                 0x0800abfb    0x1a  Code  Gb  stm32f2xx_adc.o [1]
ADC_CommonInit          0x0800abd9    0x22  Code  Gb  stm32f2xx_adc.o [1]
ADC_DMACmd              0x0800ad51    0x1a  Code  Gb  stm32f2xx_adc.o [1]
ADC_DMARequestAfterLastTransferCmd
                        0x0800ad6b    0x1a  Code  Gb  stm32f2xx_adc.o [1]
ADC_IRQHandler          0x0800c51d          Code  Wk  startup_stm32f2xx.o [1]
ADC_Init                0x0800ab89    0x50  Code  Gb  stm32f2xx_adc.o [1]
ADC_RegularChannelConfig
                        0x0800ac59    0xee  Code  Gb  stm32f2xx_adc.o [1]
ADC_SoftwareStartConv   0x0800ad47     0xa  Code  Gb  stm32f2xx_adc.o [1]
ADC_TempSensorVrefintCmd
                        0x0800ac15    0x22  Code  Gb  stm32f2xx_adc.o [1]
ADC_VBATCmd             0x0800ac37    0x22  Code  Gb  stm32f2xx_adc.o [1]
APBAHBPrescTable        0x200001f8    0x10  Data  Lc  stm32f2xx_rcc.o [1]
APP_Rx_Buffer           0x200052d4   0x800  Data  Gb  usbd_cdc_core.o [1]
APP_Rx_length           0x200065dc     0x4  Data  Gb  usbd_cdc_core.o [1]
APP_Rx_ptr_in           0x200065d4     0x4  Data  Gb  usbd_cdc_core.o [1]
APP_Rx_ptr_out          0x200065d8     0x4  Data  Gb  usbd_cdc_core.o [1]
BLRTC_GetTime           0x08009a1f    0x14  Code  Gb  blrtc.o [1]
BLRTC_Init              0x080098cd   0x12c  Code  Gb  blrtc.o [1]
BLRTC_SetTime           0x080099f9    0x26  Code  Gb  blrtc.o [1]
BusFault_Handler        0x0800b6a3     0x2  Code  Gb  stm32f2xx_it.o [1]
CAN1_RX0_IRQHandler     0x0800c525          Code  Wk  startup_stm32f2xx.o [1]
CAN1_RX1_IRQHandler     0x0800c529          Code  Wk  startup_stm32f2xx.o [1]
CAN1_SCE_IRQHandler     0x0800c52d          Code  Wk  startup_stm32f2xx.o [1]
CAN1_TX_IRQHandler      0x0800c521          Code  Wk  startup_stm32f2xx.o [1]
CAN2_RX0_IRQHandler     0x0800c5d5          Code  Wk  startup_stm32f2xx.o [1]
CAN2_RX1_IRQHandler     0x0800c5d9          Code  Wk  startup_stm32f2xx.o [1]
CAN2_SCE_IRQHandler     0x0800c5dd          Code  Wk  startup_stm32f2xx.o [1]
CAN2_TX_IRQHandler      0x0800c5d1          Code  Wk  startup_stm32f2xx.o [1]
CID_Tab                 0x20006528    0x10  Data  Lc  stm322xg_eval_sdio_sd.o [1]
CRYP_IRQHandler         0x0800c611          Code  Wk  startup_stm32f2xx.o [1]
CSD_Tab                 0x20006518    0x10  Data  Lc  stm322xg_eval_sdio_sd.o [1]
CSTACK$$Base            0x20006608           --   Gb  - Linker created -
CSTACK$$Limit           0x20008608           --   Gb  - Linker created -
CardType                0x20006580     0x4  Data  Lc  stm322xg_eval_sdio_sd.o [1]
CmdBuff                 0x20006560     0x8  Data  Gb  usbd_cdc_core.o [1]
CmdError                0x08002a09    0x38  Code  Lc  stm322xg_eval_sdio_sd.o [1]
CmdResp1Error           0x08002aad   0x112  Code  Lc  stm322xg_eval_sdio_sd.o [1]
CmdResp2Error           0x08002bfd    0x52  Code  Lc  stm322xg_eval_sdio_sd.o [1]
CmdResp3Error           0x08002bbf    0x3e  Code  Lc  stm322xg_eval_sdio_sd.o [1]
CmdResp6Error           0x08002c4f    0xa6  Code  Lc  stm322xg_eval_sdio_sd.o [1]
CmdResp7Error           0x08002a41    0x58  Code  Lc  stm322xg_eval_sdio_sd.o [1]
CurrVol                 0x200065fe     0x1  Data  Lc  ff.o [1]
DAC_Cmd                 0x0800adc7    0x26  Code  Gb  stm32f2xx_dac.o [1]
DAC_DacValToMilivolts   0x08009ed3    0x1a  Code  Gb  dac.o [1]
DAC_GetDataOutputValue  0x0800ae59    0x20  Code  Gb  stm32f2xx_dac.o [1]
DAC_HwInit              0x08009e4d    0x66  Code  Gb  dac.o [1]
DAC_Init                0x0800ad95    0x32  Code  Gb  stm32f2xx_dac.o [1]
DAC_MilivoltsToDacVal   0x08009eb9    0x1a  Code  Gb  dac.o [1]
DAC_SetBothDacsInMilivolts
                        0x08009f41    0x44  Code  Gb  dac.o [1]
DAC_SetChannel1Data     0x0800aded    0x1e  Code  Gb  stm32f2xx_dac.o [1]
DAC_SetChannel2Data     0x0800ae0b    0x1e  Code  Gb  stm32f2xx_dac.o [1]
DAC_SetDACValInMilivolts
                        0x08009eed    0x54  Code  Gb  dac.o [1]
DAC_SetDualChannelData  0x0800ae29    0x30  Code  Gb  stm32f2xx_dac.o [1]
DCD_EP_Close            0x080083f9    0x4a  Code  Gb  usb_dcd.o [1]
DCD_EP_ClrStall         0x08008557    0x50  Code  Gb  usb_dcd.o [1]
DCD_EP_Open             0x0800837d    0x7c  Code  Gb  usb_dcd.o [1]
DCD_EP_PrepareRx        0x08008443    0x66  Code  Gb  usb_dcd.o [1]
DCD_EP_SetAddress       0x080085a7    0x1a  Code  Gb  usb_dcd.o [1]
DCD_EP_Stall            0x08008507    0x50  Code  Gb  usb_dcd.o [1]
DCD_EP_Tx               0x080084a9    0x5e  Code  Gb  usb_dcd.o [1]
DCD_HandleEnumDone_ISR  0x08007a77    0x4e  Code  Lc  usb_dcd_int.o [1]
DCD_HandleInEP_ISR      0x0800767b   0x102  Code  Lc  usb_dcd_int.o [1]
DCD_HandleOutEP_ISR     0x0800777d    0xd8  Code  Lc  usb_dcd_int.o [1]
DCD_HandleResume_ISR    0x080075a9    0x4c  Code  Lc  usb_dcd_int.o [1]
DCD_HandleRxStatusQueueLevel_ISR
                        0x08007873    0x9e  Code  Lc  usb_dcd_int.o [1]
DCD_HandleSof_ISR       0x08007855    0x1e  Code  Lc  usb_dcd_int.o [1]
DCD_HandleUSBSuspend_ISR
                        0x080075f5    0x86  Code  Lc  usb_dcd_int.o [1]
DCD_HandleUsbReset_ISR  0x080079b1    0xc6  Code  Lc  usb_dcd_int.o [1]
DCD_Init                0x080082db    0xa2  Code  Gb  usb_dcd.o [1]
DCD_IsoINIncomplete_ISR
                        0x08007ac5    0x1e  Code  Lc  usb_dcd_int.o [1]
DCD_IsoOUTIncomplete_ISR
                        0x08007ae3    0x1e  Code  Lc  usb_dcd_int.o [1]
DCD_OTG_ISR             0x08007583    0x26  Code  Lc  usb_dcd_int.o [1]
DCD_ReadDevInEP         0x08007b09    0x2e  Code  Lc  usb_dcd_int.o [1]
DCD_SessionRequest_ISR  0x08007563    0x20  Code  Lc  usb_dcd_int.o [1]
DCD_WriteEmptyTxFifo    0x08007911    0xa0  Code  Lc  usb_dcd_int.o [1]
DCMI_IRQHandler         0x0800c60d          Code  Wk  startup_stm32f2xx.o [1]
DL_HAND_IDLE            0x0800a0f1    0x34  Code  Gb  dynload.o [1]
DL_HAND_PID             0x0800a125    0x52  Code  Gb  dynload.o [1]
DL_Init                 0x0800a1e3    0x44  Code  Gb  dynload.o [1]
DL_PIDProcess           0x0800a2d3    0x58  Code  Gb  dynload.o [1]
DL_Post_Event           0x0800a177    0x1e  Code  Gb  dynload.o [1]
DL_Post_EventFromISR    0x0800a195    0x30  Code  Gb  dynload.o [1]
DL_Process              0x0800a1c5    0x1e  Code  Gb  dynload.o [1]
DL_SetCurrent           0x0800a2af    0x24  Code  Gb  dynload.o [1]
DL_SetTimeout           0x0800a227    0x30  Code  Gb  dynload.o [1]
DL_StartPID             0x0800a35f    0x1a  Code  Gb  dynload.o [1]
DL_StopPID              0x0800a379    0x12  Code  Gb  dynload.o [1]
DL_TaskCreate           0x0800a32b    0x28  Code  Gb  dynload.o [1]
DL_TickFromISR          0x0800a257    0x58  Code  Gb  dynload.o [1]
DMA1_Stream0_IRQHandler
                        0x0800c501          Code  Wk  startup_stm32f2xx.o [1]
DMA1_Stream1_IRQHandler
                        0x0800c505          Code  Wk  startup_stm32f2xx.o [1]
DMA1_Stream2_IRQHandler
                        0x0800c509          Code  Wk  startup_stm32f2xx.o [1]
DMA1_Stream3_IRQHandler
                        0x0800c50d          Code  Wk  startup_stm32f2xx.o [1]
DMA1_Stream4_IRQHandler
                        0x0800c511          Code  Wk  startup_stm32f2xx.o [1]
DMA1_Stream5_IRQHandler
                        0x0800c515          Code  Wk  startup_stm32f2xx.o [1]
DMA1_Stream6_IRQHandler
                        0x0800c519          Code  Wk  startup_stm32f2xx.o [1]
DMA1_Stream7_IRQHandler
                        0x0800c591          Code  Wk  startup_stm32f2xx.o [1]
DMA2_Stream0_IRQHandler
                        0x0800b823    0x18  Code  Gb  stm32f2xx_it.o [1]
DMA2_Stream1_IRQHandler
                        0x0800c5b9          Code  Wk  startup_stm32f2xx.o [1]
DMA2_Stream2_IRQHandler
                        0x0800c5bd          Code  Wk  startup_stm32f2xx.o [1]
DMA2_Stream3_IRQHandler
                        0x0800b873     0x8  Code  Gb  stm32f2xx_it.o [1]
DMA2_Stream4_IRQHandler
                        0x0800c5c5          Code  Wk  startup_stm32f2xx.o [1]
DMA2_Stream5_IRQHandler
                        0x0800c5e5          Code  Wk  startup_stm32f2xx.o [1]
DMA2_Stream6_IRQHandler
                        0x0800c5e9          Code  Wk  startup_stm32f2xx.o [1]
DMA2_Stream7_IRQHandler
                        0x0800c5ed          Code  Wk  startup_stm32f2xx.o [1]
DMAEndOfTransfer        0x20006590     0x4  Data  Gb  stm322xg_eval_sdio_sd.o [1]
DMA_ClearFlag           0x08003769    0x24  Code  Gb  stm32f2xx_dma.o [1]
DMA_ClearITPendingBit   0x08003831    0x24  Code  Gb  stm32f2xx_dma.o [1]
DMA_Cmd                 0x08003737    0x1a  Code  Gb  stm32f2xx_dma.o [1]
DMA_DeInit              0x0800359d   0x142  Code  Gb  stm32f2xx_dma.o [1]
DMA_FlowControllerConfig
                        0x08003751    0x18  Code  Gb  stm32f2xx_dma.o [1]
DMA_GetITStatus         0x080037cf    0x62  Code  Gb  stm32f2xx_dma.o [1]
DMA_ITConfig            0x0800378d    0x42  Code  Gb  stm32f2xx_dma.o [1]
DMA_Init                0x080036df    0x58  Code  Gb  stm32f2xx_dma.o [1]
DebugMon_Handler        0x0800b6a7     0x2  Code  Gb  stm32f2xx_it.o [1]
ETH_IRQHandler          0x0800c5c9          Code  Wk  startup_stm32f2xx.o [1]
ETH_WKUP_IRQHandler     0x0800c5cd          Code  Wk  startup_stm32f2xx.o [1]
EXTI0_IRQHandler        0x0800c4ed          Code  Wk  startup_stm32f2xx.o [1]
EXTI15_10_IRQHandler    0x0800c575          Code  Wk  startup_stm32f2xx.o [1]
EXTI1_IRQHandler        0x0800c4f1          Code  Wk  startup_stm32f2xx.o [1]
EXTI2_IRQHandler        0x0800c4f5          Code  Wk  startup_stm32f2xx.o [1]
EXTI3_IRQHandler        0x0800c4f9          Code  Wk  startup_stm32f2xx.o [1]
EXTI4_IRQHandler        0x0800c4fd          Code  Wk  startup_stm32f2xx.o [1]
EXTI9_5_IRQHandler      0x0800b7bf    0x64  Code  Gb  stm32f2xx_it.o [1]
EXTI_ClearITPendingBit  0x0800a0d5     0x6  Code  Gb  stm32f2xx_exti.o [1]
EXTI_GetITStatus        0x0800a0ad    0x28  Code  Gb  stm32f2xx_exti.o [1]
EXTI_Init               0x0800a025    0x88  Code  Gb  stm32f2xx_exti.o [1]
FIFO_Init               0x08008f75     0xc  Code  Gb  fifo.o [1]
FIFO_Post               0x08008f81    0x42  Code  Gb  fifo.o [1]
FLASH_IRQHandler        0x0800c4e5          Code  Wk  startup_stm32f2xx.o [1]
FSMC_IRQHandler         0x0800c595          Code  Wk  startup_stm32f2xx.o [1]
FSM_Dispatch            0x08009893    0x2c  Code  Gb  fsm.o [1]
FSM_Init                0x0800987d    0x16  Code  Gb  fsm.o [1]
FSM_ReservedEvts        0x20000210     0x4  Data  Lc  fsm.o [1]
FatFs                   0x20006578     0x4  Data  Lc  ff.o [1]
FindSCR                 0x08002e99   0x1d4  Code  Lc  stm322xg_eval_sdio_sd.o [1]
Fsid                    0x200065fc     0x2  Data  Lc  ff.o [1]
GPIO_Init               0x08003475    0xaa  Code  Gb  stm32f2xx_gpio.o [1]
GPIO_PinAFConfig        0x08003539    0x5a  Code  Gb  stm32f2xx_gpio.o [1]
GPIO_ReadInputDataBit   0x0800351f    0x1a  Code  Gb  stm32f2xx_gpio.o [1]
HASH_RNG_IRQHandler     0x0800c615          Code  Wk  startup_stm32f2xx.o [1]
HEAP$$Base              0x20008608           --   Gb  - Linker created -
HEAP$$Limit             0x2000a608           --   Gb  - Linker created -
Handle_USBAsynchXfer    0x0800b597    0xba  Code  Lc  usbd_cdc_core.o [1]
HardFault_Handler       0x0800b69f     0x2  Code  Gb  stm32f2xx_it.o [1]
I2C1_ER_IRQHandler      0x0800c555          Code  Wk  startup_stm32f2xx.o [1]
I2C1_EV_IRQHandler      0x0800c551          Code  Wk  startup_stm32f2xx.o [1]
I2C2_ER_IRQHandler      0x0800c55d          Code  Wk  startup_stm32f2xx.o [1]
I2C2_EV_IRQHandler      0x0800c559          Code  Wk  startup_stm32f2xx.o [1]
I2C3_ER_IRQHandler      0x0800c5f9          Code  Wk  startup_stm32f2xx.o [1]
I2C3_EV_IRQHandler      0x0800c5f5          Code  Wk  startup_stm32f2xx.o [1]
IHM_GetPBQueuePointer   0x080091df     0x4  Code  Gb  ihm.o [1]
IHM_Init                0x08008fc5   0x128  Code  Gb  ihm.o [1]
IHM_SetLed              0x080090ed    0xf2  Code  Gb  ihm.o [1]
IHM_TaskCreate          0x080091e3    0x28  Code  Gb  ihm.o [1]
IVS_Curve2File          0x08008dc5   0x114  Code  Gb  ivs.o [1]
IVS_GetTimerMutex       0x08008b43     0x6  Code  Gb  ivs.o [1]
IVS_Get_Panel_Current   0x08008d73    0x1a  Code  Gb  ivs.o [1]
IVS_Get_Panel_Voltage   0x08008d3d    0x36  Code  Gb  ivs.o [1]
IVS_HAND_IDLE           0x080088f9    0x42  Code  Gb  ivs.o [1]
IVS_HAND_OPER           0x0800893d    0xce  Code  Gb  ivs.o [1]
IVS_Init                0x08008b49    0x7a  Code  Gb  ivs.o [1]
IVS_Perform_Curve       0x08008bc3    0x74  Code  Gb  ivs.o [1]
IVS_Post_Event          0x08008a0b    0x1e  Code  Gb  ivs.o [1]
IVS_Process             0x08008a29    0x22  Code  Gb  ivs.o [1]
IVS_RTCTick             0x08008c37    0xa4  Code  Gb  ivs.o [1]
IVS_Request_Point       0x08008d23    0x12  Code  Gb  ivs.o [1]
IVS_SetCurrent          0x08008d8d    0x38  Code  Gb  ivs.o [1]
IVS_StopCurve           0x08008f17    0x26  Code  Gb  ivs.o [1]
IVS_TaskCreate          0x08008a4b    0x2a  Code  Gb  ivs.o [1]
IVS_TickFromISR         0x08008abf    0x4e  Code  Gb  ivs.o [1]
IVS_TimeDifSeconds      0x08008cdb    0x48  Code  Gb  ivs.o [1]
IVS_TimerTaskCreate     0x08008a75    0x2a  Code  Gb  ivs.o [1]
InStream_Read           0x0800c1f9    0x22  Code  Lc  packbits_init.o [5]
MemManage_Handler       0x0800b6a1     0x2  Code  Gb  stm32f2xx_it.o [1]
NMI_Handler             0x0800b69d     0x2  Code  Gb  stm32f2xx_it.o [1]
NVIC_Init               0x080038cf    0x6a  Code  Gb  misc.o [1]
NVIC_PriorityGroupConfig
                        0x080038c5     0xa  Code  Gb  misc.o [1]
NVIC_SetVectorTable     0x08003939     0xc  Code  Gb  misc.o [1]
OTG_FS_IRQHandler       0x0800b8fb     0xa  Code  Gb  stm32f2xx_it.o [1]
OTG_FS_WKUP_IRQHandler  0x0800b8d1    0x2a  Code  Gb  stm32f2xx_it.o [1]
OTG_HS_EP1_IN_IRQHandler
                        0x0800c601          Code  Wk  startup_stm32f2xx.o [1]
OTG_HS_EP1_OUT_IRQHandler
                        0x0800c5fd          Code  Wk  startup_stm32f2xx.o [1]
OTG_HS_IRQHandler       0x0800c609          Code  Wk  startup_stm32f2xx.o [1]
OTG_HS_WKUP_IRQHandler  0x0800c605          Code  Wk  startup_stm32f2xx.o [1]
PID_Init                0x0800aee5    0x20  Code  Gb  pid.o [1]
PID_LockStatus          0x0800af09    0x28  Code  Gb  pid.o [1]
PID_Process             0x0800af31    0xa4  Code  Gb  pid.o [1]
PID_SetRefValue         0x0800af05     0x4  Code  Gb  pid.o [1]
PVD_IRQHandler          0x0800c4d9          Code  Wk  startup_stm32f2xx.o [1]
PWR_BackupAccessCmd     0x0800ab7d     0x8  Code  Gb  stm32f2xx_pwr.o [1]
RCA                     0x20006584     0x4  Data  Lc  stm322xg_eval_sdio_sd.o [1]
RCC_AHB1PeriphClockCmd  0x08003b6d    0x1e  Code  Gb  stm32f2xx_rcc.o [1]
RCC_AHB2PeriphClockCmd  0x08003b8b    0x1e  Code  Gb  stm32f2xx_rcc.o [1]
RCC_APB1PeriphClockCmd  0x08003ba9    0x1e  Code  Gb  stm32f2xx_rcc.o [1]
RCC_APB2PeriphClockCmd  0x08003bc7    0x1e  Code  Gb  stm32f2xx_rcc.o [1]
RCC_APB2PeriphResetCmd  0x08003be5    0x1e  Code  Gb  stm32f2xx_rcc.o [1]
RCC_GetClocksFreq       0x08003a35   0x100  Code  Gb  stm32f2xx_rcc.o [1]
RCC_GetFlagStatus       0x08003c03    0x50  Code  Gb  stm32f2xx_rcc.o [1]
RCC_IRQHandler          0x0800c4e9          Code  Wk  startup_stm32f2xx.o [1]
RCC_LSEConfig           0x08003a01    0x34  Code  Gb  stm32f2xx_rcc.o [1]
RCC_RTCCLKCmd           0x08003b65     0x8  Code  Gb  stm32f2xx_rcc.o [1]
RCC_RTCCLKConfig        0x08003b35    0x30  Code  Gb  stm32f2xx_rcc.o [1]
RTC_Alarm_IRQHandler    0x0800b83b    0x18  Code  Gb  stm32f2xx_it.o [1]
RTC_Bcd2ToByte          0x0800ab67    0x16  Code  Lc  stm32f2xx_rtc.o [1]
RTC_ByteToBcd2          0x0800ab51    0x16  Code  Lc  stm32f2xx_rtc.o [1]
RTC_ClearITPendingBit   0x0800ab11    0x1e  Code  Gb  stm32f2xx_rtc.o [1]
RTC_DateStructure       0x20006574     0x4  Data  Gb  blrtc.o [1]
RTC_EnterInitMode       0x0800a691    0x5c  Code  Gb  stm32f2xx_rtc.o [1]
RTC_ExitInitMode        0x0800a6ed    0x12  Code  Gb  stm32f2xx_rtc.o [1]
RTC_GetITStatus         0x0800aac5    0x44  Code  Gb  stm32f2xx_rtc.o [1]
RTC_GetTime             0x0800a839    0x52  Code  Gb  stm32f2xx_rtc.o [1]
RTC_ITConfig            0x0800aa6d    0x54  Code  Gb  stm32f2xx_rtc.o [1]
RTC_Init                0x0800a61d    0x74  Code  Gb  stm32f2xx_rtc.o [1]
RTC_InitStructure       0x20006544     0xc  Data  Gb  blrtc.o [1]
RTC_ReadBackupRegister  0x0800aa51    0x1c  Code  Gb  stm32f2xx_rtc.o [1]
RTC_SetDate             0x0800a88b    0xcc  Code  Gb  stm32f2xx_rtc.o [1]
RTC_SetTime             0x0800a769    0xd0  Code  Gb  stm32f2xx_rtc.o [1]
RTC_SetWakeUpCounter    0x0800a98f    0x20  Code  Gb  stm32f2xx_rtc.o [1]
RTC_TimeStructure       0x20006570     0x4  Data  Gb  blrtc.o [1]
RTC_WKUP_IRQHandler     0x0800b853    0x18  Code  Gb  stm32f2xx_it.o [1]
RTC_WaitForSynchro      0x0800a6ff    0x6a  Code  Gb  stm32f2xx_rtc.o [1]
RTC_WakeUpClockConfig   0x0800a957    0x38  Code  Gb  stm32f2xx_rtc.o [1]
RTC_WakeUpCmd           0x0800a9af    0x88  Code  Gb  stm32f2xx_rtc.o [1]
RTC_WriteBackupRegister
                        0x0800aa37    0x1a  Code  Gb  stm32f2xx_rtc.o [1]
Region$$Table$$Base     0x0800c360           --   Gb  - Linker created -
Region$$Table$$Limit    0x0800c38c           --   Gb  - Linker created -
Reset_Handler           0x0800c449          Code  Wk  startup_stm32f2xx.o [1]
SDCardInfo              0x20006340    0x58  Data  Gb  stm322xg_eval_sdio_sd.o [1]
SDEnWideBus             0x08002d01   0x198  Code  Lc  stm322xg_eval_sdio_sd.o [1]
SDIO_ClearFlag          0x0800340d     0x6  Code  Gb  stm32f2xx_sdio.o [1]
SDIO_ClearITPendingBit  0x0800342d     0x6  Code  Gb  stm32f2xx_sdio.o [1]
SDIO_ClockCmd           0x0800333b     0x8  Code  Gb  stm32f2xx_sdio.o [1]
SDIO_CmdInitStructure   0x2000648c    0x14  Data  Gb  stm322xg_eval_sdio_sd.o [1]
SDIO_DMACmd             0x080033cd     0x8  Code  Gb  stm32f2xx_sdio.o [1]
SDIO_DataConfig         0x08003399    0x2e  Code  Gb  stm32f2xx_sdio.o [1]
SDIO_DataInitStructure  0x20006474    0x18  Data  Gb  stm322xg_eval_sdio_sd.o [1]
SDIO_DeInit             0x080032f9    0x18  Code  Gb  stm32f2xx_sdio.o [1]
SDIO_GetCommandResponse
                        0x0800337b     0x8  Code  Gb  stm32f2xx_sdio.o [1]
SDIO_GetFlagStatus      0x080033f3    0x1a  Code  Gb  stm32f2xx_sdio.o [1]
SDIO_GetITStatus        0x08003413    0x1a  Code  Gb  stm32f2xx_sdio.o [1]
SDIO_GetPowerState      0x08003349     0xa  Code  Gb  stm32f2xx_sdio.o [1]
SDIO_GetResponse        0x08003383    0x16  Code  Gb  stm32f2xx_sdio.o [1]
SDIO_IRQHandler         0x0800b86b     0x8  Code  Gb  stm32f2xx_it.o [1]
SDIO_ITConfig           0x080033d5    0x1e  Code  Gb  stm32f2xx_sdio.o [1]
SDIO_Init               0x08003311    0x2a  Code  Gb  stm32f2xx_sdio.o [1]
SDIO_InitStructure      0x2000645c    0x18  Data  Gb  stm322xg_eval_sdio_sd.o [1]
SDIO_ReadData           0x080033c7     0x6  Code  Gb  stm32f2xx_sdio.o [1]
SDIO_SendCommand        0x08003353    0x28  Code  Gb  stm32f2xx_sdio.o [1]
SDIO_SetPowerState      0x08003343     0x6  Code  Gb  stm32f2xx_sdio.o [1]
SD_Detect               0x08001b41    0x24  Code  Gb  stm322xg_eval_sdio_sd.o [1]
SD_EnableWideBusOperation
                        0x08002323    0xc8  Code  Gb  stm322xg_eval_sdio_sd.o [1]
SD_GetCardInfo          0x08001f53   0x3d0  Code  Gb  stm322xg_eval_sdio_sd.o [1]
SD_GetState             0x08001b17    0x2a  Code  Gb  stm322xg_eval_sdio_sd.o [1]
SD_GetStatus            0x08001af5    0x22  Code  Gb  stm322xg_eval_sdio_sd.o [1]
SD_Init                 0x08001a41    0xb4  Code  Gb  stm322xg_eval_sdio_sd.o [1]
SD_InitializeCards      0x08001db1   0x1a2  Code  Gb  stm322xg_eval_sdio_sd.o [1]
SD_InterruptEnable      0x08003089    0x3c  Code  Gb  stm322xg_eval_sdio_sd.o [1]
SD_LowLevel_DMA_RxConfig
                        0x08003255    0x8e  Code  Gb  stm322xg_eval.o [1]
SD_LowLevel_DMA_TxConfig
                        0x080031bb    0x9a  Code  Gb  stm322xg_eval.o [1]
SD_LowLevel_Init        0x080030e9    0xd2  Code  Gb  stm322xg_eval.o [1]
SD_PowerON              0x08001b65   0x24c  Code  Gb  stm322xg_eval_sdio_sd.o [1]
SD_ProcessDMAIRQ        0x080029e5    0x22  Code  Gb  stm322xg_eval_sdio_sd.o [1]
SD_ProcessIRQSrc        0x08002937    0xae  Code  Gb  stm322xg_eval_sdio_sd.o [1]
SD_ReadMultiBlocks      0x08002423   0x138  Code  Gb  stm322xg_eval_sdio_sd.o [1]
SD_SelectDeselect       0x080023eb    0x38  Code  Gb  stm322xg_eval_sdio_sd.o [1]
SD_SendStatus           0x080028c9    0x6e  Code  Gb  stm322xg_eval_sdio_sd.o [1]
SD_StopTransfer         0x08002881    0x44  Code  Gb  stm322xg_eval_sdio_sd.o [1]
SD_WaitReadOperation    0x08002561    0x96  Code  Gb  stm322xg_eval_sdio_sd.o [1]
SD_WaitWriteOperation   0x080027e5    0x96  Code  Gb  stm322xg_eval_sdio_sd.o [1]
SD_WriteMultiBlocks     0x0800260d   0x1ce  Code  Gb  stm322xg_eval_sdio_sd.o [1]
SET_TEST_MODE           0x200065e8     0x4  Data  Gb  usbd_core.o [1]
SPI1_IRQHandler         0x0800c561          Code  Wk  startup_stm32f2xx.o [1]
SPI2_IRQHandler         0x0800c565          Code  Wk  startup_stm32f2xx.o [1]
SPI3_IRQHandler         0x0800c5a1          Code  Wk  startup_stm32f2xx.o [1]
SYSCFG_EXTILineConfig   0x08009fd1    0x50  Code  Gb  stm32f2xx_syscfg.o [1]
SetSysClock             0x0800bbe3    0xb6  Code  Lc  system_stm32f2xx.o [1]
StopCondition           0x20006588     0x4  Data  Gb  stm322xg_eval_sdio_sd.o [1]
SysTick_CLKSourceConfig
                        0x08003945    0x20  Code  Gb  misc.o [1]
SystemCoreClock         0x2000021c     0x4  Data  Gb  system_stm32f2xx.o [1]
SystemInit              0x0800bb9d    0x46  Code  Gb  system_stm32f2xx.o [1]
TAMP_STAMP_IRQHandler   0x0800c4dd          Code  Wk  startup_stm32f2xx.o [1]
TIM1_BRK_TIM9_IRQHandler
                        0x0800c535          Code  Wk  startup_stm32f2xx.o [1]
TIM1_CC_IRQHandler      0x0800b6a9    0xde  Code  Gb  stm32f2xx_it.o [1]
TIM1_TRG_COM_TIM11_IRQHandler
                        0x0800c53d          Code  Wk  startup_stm32f2xx.o [1]
TIM1_UP_TIM10_IRQHandler
                        0x0800c539          Code  Wk  startup_stm32f2xx.o [1]
TIM2_IRQHandler         0x0800c545          Code  Wk  startup_stm32f2xx.o [1]
TIM3_IRQHandler         0x0800c549          Code  Wk  startup_stm32f2xx.o [1]
TIM4_IRQHandler         0x0800c54d          Code  Wk  startup_stm32f2xx.o [1]
TIM5_IRQHandler         0x0800c59d          Code  Wk  startup_stm32f2xx.o [1]
TIM6_DAC_IRQHandler     0x0800c5ad          Code  Wk  startup_stm32f2xx.o [1]
TIM7_IRQHandler         0x0800c5b1          Code  Wk  startup_stm32f2xx.o [1]
TIM8_BRK_TIM12_IRQHandler
                        0x0800c581          Code  Wk  startup_stm32f2xx.o [1]
TIM8_CC_IRQHandler      0x0800b787    0x38  Code  Gb  stm32f2xx_it.o [1]
TIM8_TRG_COM_TIM14_IRQHandler
                        0x0800c589          Code  Wk  startup_stm32f2xx.o [1]
TIM8_UP_TIM13_IRQHandler
                        0x0800c585          Code  Wk  startup_stm32f2xx.o [1]
TIM8_tick               0x0800b9cd    0x14  Code  Gb  timer.o [1]
TIMER8_OutputcompareCh2Init
                        0x0800b939    0x94  Code  Gb  timer.o [1]
TIMER_GetCaptureCh2Struct
                        0x0800b935     0x4  Code  Gb  timer.o [1]
TIMER_GetIrGenStruct    0x0800b931     0x4  Code  Gb  timer.o [1]
TIM_ClearITPendingBit   0x0800bb95     0x8  Code  Gb  stm32f2xx_tim.o [1]
TIM_Cmd                 0x0800ba63    0x1c  Code  Gb  stm32f2xx_tim.o [1]
TIM_GetCapture2         0x0800bb45     0x4  Code  Gb  stm32f2xx_tim.o [1]
TIM_GetCapture3         0x0800bb49     0x4  Code  Gb  stm32f2xx_tim.o [1]
TIM_GetITStatus         0x0800bb63    0x32  Code  Gb  stm32f2xx_tim.o [1]
TIM_ITConfig            0x0800bb4d    0x16  Code  Gb  stm32f2xx_tim.o [1]
TIM_OC2Init             0x0800ba7f    0x8c  Code  Gb  stm32f2xx_tim.o [1]
TIM_OC2PreloadConfig    0x0800bb31    0x14  Code  Gb  stm32f2xx_tim.o [1]
TIM_SetCompare2         0x0800bb29     0x4  Code  Gb  stm32f2xx_tim.o [1]
TIM_SetCompare3         0x0800bb2d     0x4  Code  Gb  stm32f2xx_tim.o [1]
TIM_TimeBaseInit        0x0800b9f9    0x6a  Code  Gb  stm32f2xx_tim.o [1]
TransferEnd             0x2000658c     0x4  Data  Gb  stm322xg_eval_sdio_sd.o [1]
TransferError           0x200065ff     0x1  Data  Gb  stm322xg_eval_sdio_sd.o [1]
UART2_Init              0x0800a531    0xcc  Code  Gb  uart.o [1]
UART4_IRQHandler        0x0800c5a5          Code  Wk  startup_stm32f2xx.o [1]
UART5_IRQHandler        0x0800c5a9          Code  Wk  startup_stm32f2xx.o [1]
UART_Get_TxDataFromISR  0x0800a4d1    0x30  Code  Gb  uart.o [1]
UART_Init               0x0800a3b1    0x32  Code  Gb  uart.o [1]
UART_PostTxData         0x0800a4b3    0x1e  Code  Gb  uart.o [1]
UART_Post_RxDataFromISR
                        0x0800a501    0x30  Code  Gb  uart.o [1]
UART_TCDelay            0x0800a461    0x24  Code  Gb  uart.o [1]
UART_TCTimeoutFlagCheck
                        0x0800a485     0x4  Code  Gb  uart.o [1]
UART_TCTimeoutFlagClear
                        0x0800a489     0x6  Code  Gb  uart.o [1]
UART_TC_CTL_Init        0x0800a48f    0x24  Code  Gb  uart.o [1]
UART_TaskCreate         0x0800a3e3    0x28  Code  Gb  uart.o [1]
USART1_IRQHandler       0x0800c569          Code  Wk  startup_stm32f2xx.o [1]
USART2_IRQHandler       0x0800b87b    0x56  Code  Gb  stm32f2xx_it.o [1]
USART3_IRQHandler       0x0800c03f     0x2  Code  Gb  usbd_cdc_vcp.o [1]
USART6_IRQHandler       0x0800c5f1          Code  Wk  startup_stm32f2xx.o [1]
USART_Cmd               0x0800b0d5    0x1c  Code  Gb  stm32f2xx_usart.o [1]
USART_GetFlagStatus     0x0800b173    0x1e  Code  Gb  stm32f2xx_usart.o [1]
USART_GetITStatus       0x0800b191    0x6e  Code  Gb  stm32f2xx_usart.o [1]
USART_HalfDuplexCmd     0x0800b101    0x1c  Code  Gb  stm32f2xx_usart.o [1]
USART_ITConfig          0x0800b11d    0x56  Code  Gb  stm32f2xx_usart.o [1]
USART_Init              0x0800afd9    0xee  Code  Gb  stm32f2xx_usart.o [1]
USART_ReceiveData       0x0800b0f9     0x8  Code  Gb  stm32f2xx_usart.o [1]
USART_SendData          0x0800b0f1     0x8  Code  Gb  stm32f2xx_usart.o [1]
USBD_CDC_cb             0x20000140    0x2c  Data  Gb  usbd_cdc_core.o [1]
USBD_ClrCfg             0x08008885    0x18  Code  Gb  usbd_core.o [1]
USBD_ClrFeature         0x08008101    0x3a  Code  Lc  usbd_req.o [1]
USBD_CtlContinueRx      0x08008275    0x1e  Code  Gb  usbd_ioreq.o [1]
USBD_CtlContinueSendData
                        0x08008227    0x1e  Code  Gb  usbd_ioreq.o [1]
USBD_CtlError           0x0800817f    0x1e  Code  Gb  usbd_req.o [1]
USBD_CtlPrepareRx       0x08008245    0x30  Code  Gb  usbd_ioreq.o [1]
USBD_CtlReceiveStatus   0x080082b7    0x24  Code  Gb  usbd_ioreq.o [1]
USBD_CtlSendData        0x080081f7    0x30  Code  Gb  usbd_ioreq.o [1]
USBD_CtlSendStatus      0x08008293    0x24  Code  Gb  usbd_ioreq.o [1]
USBD_DCD_INT_cb         0x2000016c    0x2c  Data  Gb  usbd_core.o [1]
USBD_DCD_INT_fops       0x20000228     0x4  Data  Gb  usbd_core.o [1]
USBD_DataInStage        0x080086f7    0xd2  Code  Lc  usbd_core.o [1]
USBD_DataOutStage       0x0800865d    0x9a  Code  Lc  usbd_core.o [1]
USBD_DeInit             0x08008605     0x6  Code  Gb  usbd_core.o [1]
USBD_DevConnected       0x080088c1    0x16  Code  Lc  usbd_core.o [1]
USBD_DevDisconnected    0x080088d7    0x22  Code  Lc  usbd_core.o [1]
USBD_DeviceDesc         0x200001e4    0x14  Data  Gb  usbd_desc.o [1]
USBD_GetConfig          0x08007fd3    0x48  Code  Lc  usbd_req.o [1]
USBD_GetDescriptor      0x08007d77   0x136  Code  Lc  usbd_req.o [1]
USBD_GetLen             0x080081e3    0x14  Code  Lc  usbd_req.o [1]
USBD_GetStatus          0x0800801b    0x40  Code  Lc  usbd_req.o [1]
USBD_GetString          0x0800819d    0x46  Code  Gb  usbd_req.o [1]
USBD_Init               0x080085c1    0x44  Code  Gb  usbd_core.o [1]
USBD_IsoINIncomplete    0x0800889d    0x12  Code  Lc  usbd_core.o [1]
USBD_IsoOUTIncomplete   0x080088af    0x12  Code  Lc  usbd_core.o [1]
USBD_LangIDDesc         0x2000022c     0x4  Data  Gb  usbd_desc.o [1]
USBD_OTG_ISR_Handler    0x08007455   0x10e  Code  Gb  usb_dcd_int.o [1]
USBD_ParseSetupRequest  0x0800813b    0x44  Code  Gb  usbd_req.o [1]
USBD_Reset              0x080087dd    0x30  Code  Lc  usbd_core.o [1]
USBD_Resume             0x0800880d    0x1e  Code  Lc  usbd_core.o [1]
USBD_RunTestMode        0x080087c9     0xe  Code  Lc  usbd_core.o [1]
USBD_SOF                0x08008849    0x1c  Code  Lc  usbd_core.o [1]
USBD_SetAddress         0x08007ead    0x60  Code  Lc  usbd_req.o [1]
USBD_SetCfg             0x08008865    0x20  Code  Gb  usbd_core.o [1]
USBD_SetConfig          0x08007f0d    0xc6  Code  Lc  usbd_req.o [1]
USBD_SetFeature         0x0800805b    0x90  Code  Lc  usbd_req.o [1]
USBD_SetupStage         0x0800860b    0x52  Code  Lc  usbd_core.o [1]
USBD_StdDevReq          0x08007b39    0x7c  Code  Gb  usbd_req.o [1]
USBD_StdEPReq           0x08007c03   0x174  Code  Gb  usbd_req.o [1]
USBD_StdItfReq          0x08007bb5    0x4e  Code  Gb  usbd_req.o [1]
USBD_StrDesc            0x200060c8   0x100  Data  Gb  usbd_req.o [1]
USBD_Suspend            0x0800882b    0x1e  Code  Lc  usbd_core.o [1]
USBD_USR_ConfigStrDescriptor
                        0x0800c0c5    0x26  Code  Gb  usbd_desc.o [1]
USBD_USR_DeviceConfigured
                        0x080030df     0x2  Code  Gb  usbd_usr.o [1]
USBD_USR_DeviceConnected
                        0x080030e5     0x2  Code  Gb  usbd_usr.o [1]
USBD_USR_DeviceDescriptor
                        0x0800c051     0xa  Code  Gb  usbd_desc.o [1]
USBD_USR_DeviceDisconnected
                        0x080030e7     0x2  Code  Gb  usbd_usr.o [1]
USBD_USR_DeviceReset    0x080030dd     0x2  Code  Gb  usbd_usr.o [1]
USBD_USR_DeviceResumed  0x080030e3     0x2  Code  Gb  usbd_usr.o [1]
USBD_USR_DeviceSuspended
                        0x080030e1     0x2  Code  Gb  usbd_usr.o [1]
USBD_USR_Init           0x080030db     0x2  Code  Gb  usbd_usr.o [1]
USBD_USR_InterfaceStrDescriptor
                        0x0800c0eb    0x26  Code  Gb  usbd_desc.o [1]
USBD_USR_LangIDStrDescriptor
                        0x0800c05b     0xa  Code  Gb  usbd_desc.o [1]
USBD_USR_ManufacturerStrDescriptor
                        0x0800c08b    0x14  Code  Gb  usbd_desc.o [1]
USBD_USR_ProductStrDescriptor
                        0x0800c065    0x26  Code  Gb  usbd_desc.o [1]
USBD_USR_SerialStrDescriptor
                        0x0800c09f    0x26  Code  Gb  usbd_desc.o [1]
USBD_cdc_GetCfgDesc     0x0800b651     0xa  Code  Lc  usbd_cdc_core.o [1]
USBD_cfg_status         0x200065f4     0x4  Data  Gb  usbd_req.o [1]
USBD_default_cfg        0x200065f0     0x4  Data  Gb  usbd_req.o [1]
USBD_ep_status          0x200065ec     0x4  Data  Gb  usbd_req.o [1]
USBP_HAND_DATA_SIZE     0x0800bd35    0x50  Code  Gb  usbp.o [1]
USBP_HAND_ID            0x0800bcf5    0x40  Code  Gb  usbp.o [1]
USBP_HAND_IDLE          0x0800bcc1    0x32  Code  Gb  usbp.o [1]
USBP_HAND_VERSION       0x0800bd85    0x4c  Code  Gb  usbp.o [1]
USBP_HandleVersionRequest
                        0x0800bdd1    0x5e  Code  Gb  usbp.o [1]
USBP_Init               0x0800beb3    0x22  Code  Gb  usbp.o [1]
USBP_Post_EventFromISR  0x0800be2f    0x30  Code  Gb  usbp.o [1]
USBP_Process            0x0800be5f    0x1e  Code  Gb  usbp.o [1]
USBP_ProcessDataFromISR
                        0x0800bed5    0x1a  Code  Gb  usbp.o [1]
USBP_TaskCreate         0x0800be7d    0x28  Code  Gb  usbp.o [1]
USB_OTG_BSP_EnableInterrupt
                        0x08006611    0x2e  Code  Gb  usb_bsp.o [1]
USB_OTG_BSP_Init        0x08006559    0xb4  Code  Gb  usb_bsp.o [1]
USB_OTG_BSP_mDelay      0x08006657    0x12  Code  Gb  usb_bsp.o [1]
USB_OTG_BSP_uDelay      0x0800663f    0x18  Code  Gb  usb_bsp.o [1]
USB_OTG_CoreInit        0x08005bd9    0xca  Code  Gb  usb_core.o [1]
USB_OTG_CoreInitDev     0x08005df3   0x1b2  Code  Gb  usb_core.o [1]
USB_OTG_CoreReset       0x08005a23    0x60  Code  Lc  usb_core.o [1]
USB_OTG_DisableGlobalInt
                        0x08005cc1    0x1e  Code  Gb  usb_core.o [1]
USB_OTG_EP0Activate     0x0800603b    0x50  Code  Gb  usb_core.o [1]
USB_OTG_EP0StartXfer    0x080062e9   0x12c  Code  Gb  usb_core.o [1]
USB_OTG_EP0_OutStart    0x080064df    0x52  Code  Gb  usb_core.o [1]
USB_OTG_EPActivate      0x0800608b    0x7a  Code  Gb  usb_core.o [1]
USB_OTG_EPClearStall    0x0800645f    0x46  Code  Gb  usb_core.o [1]
USB_OTG_EPDeactivate    0x08006105    0x58  Code  Gb  usb_core.o [1]
USB_OTG_EPSetStall      0x08006415    0x4a  Code  Gb  usb_core.o [1]
USB_OTG_EPStartXfer     0x0800615d   0x18c  Code  Gb  usb_core.o [1]
USB_OTG_EnableCommonInt
                        0x08005a01    0x22  Code  Lc  usb_core.o [1]
USB_OTG_EnableDevInt    0x08005fa5    0x62  Code  Gb  usb_core.o [1]
USB_OTG_EnableGlobalInt
                        0x08005ca3    0x1e  Code  Gb  usb_core.o [1]
USB_OTG_FlushRxFifo     0x08005d27    0x40  Code  Gb  usb_core.o [1]
USB_OTG_FlushTxFifo     0x08005cdf    0x48  Code  Gb  usb_core.o [1]
USB_OTG_GetDeviceSpeed  0x08006007    0x34  Code  Gb  usb_core.o [1]
USB_OTG_GetMode         0x08005dad     0xa  Code  Gb  usb_core.o [1]
USB_OTG_InitDevSpeed    0x08005de1    0x12  Code  Gb  usb_core.o [1]
USB_OTG_IsDeviceMode    0x08005db7    0x18  Code  Gb  usb_core.o [1]
USB_OTG_ReadCoreItr     0x08005dcf    0x12  Code  Gb  usb_core.o [1]
USB_OTG_ReadDevAllInEPItr
                        0x080064cd    0x12  Code  Gb  usb_core.o [1]
USB_OTG_ReadDevAllOutEp_itr
                        0x080064a5    0x12  Code  Gb  usb_core.o [1]
USB_OTG_ReadDevOutEP_itr
                        0x080064b7    0x16  Code  Gb  usb_core.o [1]
USB_OTG_ReadPacket      0x08005acb    0x2c  Code  Gb  usb_core.o [1]
USB_OTG_SelectCore      0x08005af7    0xe2  Code  Gb  usb_core.o [1]
USB_OTG_SetCurrentMode  0x08005d71    0x3c  Code  Gb  usb_core.o [1]
USB_OTG_UngateClock     0x08006531    0x26  Code  Gb  usb_core.o [1]
USB_OTG_WritePacket     0x08005a83    0x48  Code  Gb  usb_core.o [1]
USB_OTG_dev             0x20005ad4   0x5f4  Data  Gb  main.o [1]
USB_Rx_Buffer           0x200063e8    0x40  Data  Gb  usbd_cdc_core.o [1]
USB_SendPacket          0x0800c041    0x10  Code  Gb  usbd_cdc_vcp.o [1]
USB_Tx_State            0x20006600     0x1  Data  Gb  usbd_cdc_core.o [1]
USR_cb                  0x200001b4    0x1c  Data  Gb  usbd_usr.o [1]
USR_desc                0x20000198    0x1c  Data  Gb  usbd_desc.o [1]
UsageFault_Handler      0x0800b6a5     0x2  Code  Gb  stm32f2xx_it.o [1]
VCP_COMConfig           0x0800c039     0x6  Code  Lc  usbd_cdc_vcp.o [1]
VCP_Ctrl                0x0800bf11    0xa6  Code  Lc  usbd_cdc_vcp.o [1]
VCP_DataRx              0x0800c01d    0x1c  Code  Lc  usbd_cdc_vcp.o [1]
VCP_DataTx              0x0800bfb7    0x5a  Code  Lc  usbd_cdc_vcp.o [1]
VCP_DeInit              0x0800bf0d     0x4  Code  Lc  usbd_cdc_vcp.o [1]
VCP_Init                0x0800bf09     0x4  Code  Lc  usbd_cdc_vcp.o [1]
VCP_fops                0x200001d0    0x14  Data  Gb  usbd_cdc_vcp.o [1]
WWDG_IRQHandler         0x0800c4d5          Code  Wk  startup_stm32f2xx.o [1]
_EncodingSb_Mbtowc      0x080058b3    0x30  Code  Gb  xencoding_sb.o [3]
_EncodingSb_Wctomb      0x08005899    0x1a  Code  Gb  xencoding_sb.o [3]
_GenldFull              0x08004ac5   0x248  Code  Lc  xprintffull.o [3]
_IsdstStr               0x2000008c     0x4  Data  Gb  setlocale.o [3]
_LdtobFull              0x080046fd   0x3c2  Code  Lc  xprintffull.o [3]
_LitobFull              0x0800459f   0x10c  Code  Lc  xprintffull.o [3]
_LocaleEncoding         0x08005885     0xe  Code  Gb  setlocale.o [3]
_LocaleReturnString     0x200000ac    0x50  Data  Lc  setlocale.o [3]
_Locale_Profile         0x20000090    0x1c  Data  Gb  setlocale.o [3]
_Locale_aeabi_lconv     0x20000050    0x38  Data  Gb  localeconv.o [3]
_Locale_lconv           0x20000000    0x50  Data  Gb  localeconv.o [3]
_Mbtowc                 0x08004d57    0x20  Code  Gb  xmbtowc.o [3]
_PrintfFull             0x08003c91   0x5b6  Code  Gb  xprintffull.o [3]
_PutcharsFull           0x08004d0d    0x2e  Code  Lc  xprintffull.o [3]
_PutstrFull             0x0800425d   0x33c  Code  Lc  xprintffull.o [3]
_SProut                 0x08003593     0xa  Code  Gb  xsprout.o [3]
_TzoneStr               0x20000088     0x4  Data  Gb  setlocale.o [3]
_Wctomb                 0x08004edd    0x1a  Code  Gb  xwctomb.o [3]
__aeabi_cdcmple         0x0800524d          Code  Gb  DblCmpLe.o [4]
__aeabi_cdrcmple        0x0800527d          Code  Gb  DblCmpGe.o [4]
__aeabi_d2iz            0x080053b9          Code  Gb  DblToI32.o [4]
__aeabi_d2uiz           0x080053e5          Code  Gb  DblToI32.o [4]
__aeabi_ddiv            0x080055c1          Code  Gb  DblDiv.o [4]
__aeabi_dmul            0x08005069          Code  Gb  DblMul.o [4]
__aeabi_dsub            0x08005441          Code  Gb  DblSub.o [4]
__aeabi_f2iz            0x08009d0d          Code  Gb  FltToS32.o [4]
__aeabi_fadd            0x0800b201          Code  Gb  FltAdd.o [4]
__aeabi_fdiv            0x08009d51          Code  Gb  FltDiv.o [4]
__aeabi_fmul            0x08009c35          Code  Gb  FltMul.o [4]
__aeabi_i2d             0x08005411          Code  Gb  I32ToDbl.o [4]
__aeabi_i2f             0x08009c01          Code  Gb  I32ToFlt.o [4]
__aeabi_ldiv0           0x08005925          Code  Gb  I64DivZer.o [5]
__aeabi_memcpy          0x08003989          Code  Gb  ABImemcpy.o [5]
__aeabi_memcpy4         0x080039a9          Code  Gb  ABImemcpy.o [5]
__aeabi_memcpy8         0x080039a9          Code  Gb  ABImemcpy.o [5]
__aeabi_memset          0x0800ae7d          Code  Gb  ABImemset.o [5]
__aeabi_ui2d            0x08005425          Code  Gb  I32ToDbl.o [4]
__aeabi_ui2f            0x08009c15          Code  Gb  I32ToFlt.o [4]
__aeabi_uldivmod        0x08004f79          Code  Gb  I64DivMod.o [5]
__cmain                 0x0800c3c9          Code  Gb  cmain.o [5]
__data_Aldata           0x20006568     0x8  Data  Gb  xxmemxmalloc.o [3]
__data_GetMemChunk      0x080058f9    0x2c  Code  Gb  xgetmemchunk.o [3]
__exit                  0x0800c2b1    0x14  Code  Gb  exit.o [6]
__iar_Dnorm             0x0800520b    0x42  Code  Gb  xdnorm.o [4]
__iar_Dscale            0x080052ad   0x10c  Code  Gb  xdscale.o [4]
__iar_Locale_lconv_init
                        0x08005809    0x3a  Code  Gb  localeconv.o [3]
__iar_Mbcurmax          0x08004e21     0xa  Code  Gb  xmbcurmax.o [3]
__iar_Memchr            0x08004dc9          Code  Gb  memchr.o [5]
__iar_Memset            0x0800ae7d          Code  Gb  ABImemset.o [5]
__iar_Memset_word       0x0800ae85          Code  Gb  ABImemset.o [5]
__iar_Strchr            0x08004d79          Code  Gb  strchr.o [5]
__iar_d2uiz             0x080053f1          Code  Gb  DblToI32.o [4]
__iar_dadd              0x08005929          Code  Gb  DblAdd.o [4]
__iar_data_init3        0x0800c2f1    0x28  Code  Gb  data_init.o [5]
__iar_dlib_perthread_access
                        0x080059fd     0x2  Code  Gb  xtls.o [3]
__iar_dsub              0x08005455          Code  Gb  DblSub.o [4]
__iar_dsubStart         0x08005467          Code  Gb  DblSub.o [4]
__iar_fadd              0x0800b211          Code  Gb  FltAdd.o [4]
__iar_fsub              0x0800b285          Code  Gb  FltSub.o [4]
__iar_fsubStart         0x0800b295          Code  Gb  FltSub.o [4]
__iar_packbits_init3    0x0800c21b    0x8e  Code  Gb  packbits_init.o [5]
__iar_program_start     0x0800c47d          Code  Gb  cstartup_M.o [5]
__iar_ui2d              0x08005429          Code  Gb  I32ToDbl.o [4]
__iar_ui2f              0x08009c19          Code  Gb  I32ToFlt.o [4]
__iar_zero_init3        0x0800185f    0x22  Code  Gb  zero_init3.o [5]
__low_level_init        0x0800c3df     0x4  Code  Gb  low_level_init.o [3]
__vector_table          0x08000000          Data  Gb  startup_stm32f2xx.o [1]
_call_main              0x0800c3d5          Code  Gb  cmain.o [5]
_exit                   0x0800c3e9          Code  Gb  cexit.o [5]
_main                   0x0800c3db          Code  Gb  cmain.o [5]
abort                   0x0800c2a9     0x6  Code  Gb  abort.o [3]
adc12_dma_buffer        0x20006538     0xc  Data  Lc  adc12.o [1]
adc12_vref              0x20000234     0x2  Data  Lc  adc12.o [1]
capture                 0x20006594     0x4  Data  Gb  stm32f2xx_it.o [1]
capture_ch2             0x20006504    0x14  Data  Gb  timer.o [1]
cdcCmd                  0x20000224     0x4  Data  Lc  usbd_cdc_core.o [1]
cdcLen                  0x200065e0     0x4  Data  Lc  usbd_cdc_core.o [1]
check_fs                0x08000c7d    0x7a  Code  Lc  ff.o [1]
chk_chr                 0x080001db    0x14  Code  Lc  ff.o [1]
chk_mounted             0x08000cf7   0x444  Code  Lc  ff.o [1]
clust2sect              0x0800033f    0x1a  Code  Gb  ff.o [1]
create_chain            0x0800062d    0xdc  Code  Lc  ff.o [1]
create_name             0x080009e9   0x1d6  Code  Lc  ff.o [1]
dir_find                0x080008ff    0x68  Code  Lc  ff.o [1]
dir_next                0x080007bf   0x140  Code  Lc  ff.o [1]
dir_register            0x08000967    0x82  Code  Lc  ff.o [1]
dir_sdi                 0x08000709    0xb6  Code  Lc  ff.o [1]
disk_initialize         0x08001881    0x22  Code  Gb  sdio-stm32f2.o [1]
disk_ioctl              0x08001a2f     0x6  Code  Gb  sdio-stm32f2.o [1]
disk_read               0x080018bb    0xba  Code  Gb  sdio-stm32f2.o [1]
disk_status             0x080018a3    0x18  Code  Gb  sdio-stm32f2.o [1]
disk_write              0x08001975    0xba  Code  Gb  sdio-stm32f2.o [1]
div                     0x08005875     0xe  Code  Gb  div.o [3]
dl                      0x200062fc    0x44  Data  Gb  dynload.o [1]
exit                    0x0800c3e3     0x4  Code  Gb  exit.o [3]
f_close                 0x08001651    0x1c  Code  Gb  ff.o [1]
f_lseek                 0x08001685   0x1da  Code  Gb  ff.o [1]
f_mount                 0x08001169    0x36  Code  Gb  ff.o [1]
f_open                  0x080011a5   0x1a6  Code  Gb  ff.o [1]
f_sync                  0x0800158d    0xc4  Code  Gb  ff.o [1]
f_write                 0x0800134b   0x242  Code  Gb  ff.o [1]
follow_path             0x08000bbf    0xbe  Code  Lc  ff.o [1]
free                    0x08004ef9    0x7a  Code  Gb  xxmemxfree.o [3]
fw_string               0x20000230     0x4  Data  Gb  usbp.o [1]
get_fat                 0x08000359    0xfe  Code  Gb  ff.o [1]
get_fattime             0x08001a35     0x4  Code  Gb  sdio-stm32f2.o [1]
heapSTRUCT_SIZE         0x080039fe     0x2  Data  Lc  heap_2.o [1]
ihm                     0x20006444    0x18  Data  Gb  ihm.o [1]
ir_gen                  0x200061c8    0xd0  Data  Gb  timer.o [1]
ivs_tracer              0x20004638   0xc9c  Data  Lc  ivs.o [1]
linecoding              0x20000208     0x8  Data  Gb  usbd_cdc_vcp.o [1]
localeconv              0x08005843    0x16  Code  Gb  localeconv.o [3]
main                    0x0800c139    0x74  Code  Gb  main.o [1]
malloc                  0x08004e2d    0xac  Code  Gb  xxmemxmalloc.o [3]
mem_cmp                 0x080001b7    0x24  Code  Lc  ff.o [1]
mem_cpy                 0x08000185    0x1c  Code  Lc  ff.o [1]
mem_set                 0x080001a1    0x16  Code  Lc  ff.o [1]
memchr                  0x08004dc9          Code  Gb  memchr.o [5]
memcpy                  0x080030c5    0x16  Code  Gb  sdio-stm32f2.o [1]
memset                  0x08009f85    0x16  Code  Gb  ivs.o [1]
move_window             0x080001ef    0x78  Code  Lc  ff.o [1]
prvAddCurrentTaskToDelayedList
                        0x08006f2b    0x3e  Code  Lc  tasks.o [1]
prvAllocateTCBAndStack  0x08006f71    0x38  Code  Lc  tasks.o [1]
prvCheckTasksWaitingTermination
                        0x08006ecf    0x5c  Code  Lc  tasks.o [1]
prvCopyDataFromQueue    0x080097a5    0x2c  Code  Lc  queue.o [1]
prvCopyDataToQueue      0x08009723    0x82  Code  Lc  queue.o [1]
prvDeleteTCB            0x08006fa9    0x12  Code  Lc  tasks.o [1]
prvHeapInit             0x0800740f    0x2e  Code  Lc  heap_2.o [1]
prvIdleTask             0x08006e15    0x16  Code  Lc  tasks.o [1]
prvInitialiseTCBVariables
                        0x08006e2b    0x5e  Code  Lc  tasks.o [1]
prvInitialiseTaskLists  0x08006e89    0x46  Code  Lc  tasks.o [1]
prvIsQueueEmpty         0x0800983b    0x20  Code  Lc  queue.o [1]
prvIsQueueFull          0x0800985b    0x22  Code  Lc  queue.o [1]
prvResetNextTaskUnblockTime
                        0x08006fbb    0x26  Code  Lc  tasks.o [1]
prvTaskExitError        0x08007115     0x8  Code  Lc  port.o [1]
prvTaskIsTaskSuspended  0x0800696d    0x2a  Code  Lc  tasks.o [1]
prvUnlockQueue          0x080097d1    0x6a  Code  Lc  queue.o [1]
put_fat                 0x08000457   0x164  Code  Gb  ff.o [1]
pvPortMalloc            0x08007309    0xc2  Code  Gb  heap_2.o [1]
pxCurrentTCB            0x20006598     0x4  Data  Gb  tasks.o [1]
pxDelayedTaskList       0x2000659c     0x4  Data  Lc  tasks.o [1]
pxOverflowDelayedTaskList
                        0x200065a0     0x4  Data  Lc  tasks.o [1]
pxPortInitialiseStack   0x080070f9    0x1c  Code  Gb  port.o [1]
pxReadyTasksLists       0x20006298    0x64  Data  Lc  tasks.o [1]
remove_chain            0x080005bb    0x72  Code  Lc  ff.o [1]
scale                   0x080046b1    0x46  Code  Lc  xprintffull.o [3]
sprintf                 0x08009f9d    0x34  Code  Gb  sprintf.o [3]
strchr                  0x08004d79          Code  Gb  strchr.o [5]
strlen                  0x08004d91          Code  Gb  strlen.o [5]
sync                    0x08000267    0xd8  Code  Lc  ff.o [1]
tim8_tick               0x200065cc     0x4  Data  Lc  timer.o [1]
time2string             0x08008ed9    0x3e  Code  Gb  ivs.o [1]
uart                    0x20006428    0x1c  Data  Gb  uart.o [1]
ucHeap                  0x20000238  0x4400  Data  Lc  heap_2.o [1]
ulPortSetInterruptMask  0x080072b7          Code  Gb  portasm.o [1]
usbd_cdc_AltSet         0x200065d0     0x4  Data  Lc  usbd_cdc_core.o [1]
usbd_cdc_CfgDesc        0x200000fc    0x44  Data  Gb  usbd_cdc_core.o [1]
usbd_cdc_DataIn         0x0800b4c9    0x7c  Code  Lc  usbd_cdc_core.o [1]
usbd_cdc_DataOut        0x0800b545    0x30  Code  Lc  usbd_cdc_core.o [1]
usbd_cdc_DeInit         0x0800b3a9    0x28  Code  Lc  usbd_cdc_core.o [1]
usbd_cdc_EP0_RxReady    0x0800b4a3    0x26  Code  Lc  usbd_cdc_core.o [1]
usbd_cdc_Init           0x0800b35d    0x4c  Code  Lc  usbd_cdc_core.o [1]
usbd_cdc_SOF            0x0800b575    0x22  Code  Lc  usbd_cdc_core.o [1]
usbd_cdc_Setup          0x0800b3d1    0xd2  Code  Lc  usbd_cdc_core.o [1]
usbp                    0x20006398    0x50  Data  Gb  usbp.o [1]
uxCriticalNesting       0x20000218     0x4  Data  Lc  port.o [1]
uxCurrentNumberOfTasks  0x200065a8     0x4  Data  Lc  tasks.o [1]
uxListRemove            0x0800724f    0x28  Code  Gb  list.o [1]
uxPendedTicks           0x200065b8     0x4  Data  Lc  tasks.o [1]
uxSchedulerSuspended    0x200065c8     0x4  Data  Lc  tasks.o [1]
uxTaskNumber            0x200065c4     0x4  Data  Lc  tasks.o [1]
uxTasksDeleted          0x200065a4     0x4  Data  Lc  tasks.o [1]
uxTopReadyPriority      0x200065b0     0x4  Data  Lc  tasks.o [1]
vDLTask                 0x0800a355     0xa  Code  Lc  dynload.o [1]
vIHMTask                0x0800920d    0xd4  Code  Lc  ihm.o [1]
vIVSTask                0x08008b0d    0x36  Code  Lc  ivs.o [1]
vIVSTimerTask           0x08008aa1    0x1e  Code  Lc  ivs.o [1]
vListInitialise         0x080071d9    0x1e  Code  Gb  list.o [1]
vListInitialiseItem     0x080071f7     0x6  Code  Gb  list.o [1]
vListInsert             0x08007215    0x3a  Code  Gb  list.o [1]
vListInsertEnd          0x080071fd    0x18  Code  Gb  list.o [1]
vPortClearInterruptMask
                        0x080072c5          Code  Gb  portasm.o [1]
vPortEnterCritical      0x0800715b    0x1a  Code  Gb  port.o [1]
vPortExitCritical       0x08007175    0x1c  Code  Gb  port.o [1]
vPortFree               0x080073cb    0x44  Code  Gb  heap_2.o [1]
vPortSVCHandler         0x080072cb          Code  Gb  portasm.o [1]
vPortSetupTimerInterrupt
                        0x080071b1     0xe  Code  Wk  port.o [1]
vPortStartFirstTask     0x080072eb          Code  Gb  portasm.o [1]
vPortYield              0x08007149    0x12  Code  Gb  port.o [1]
vTaskDelayUntil         0x0800678f    0x70  Code  Gb  tasks.o [1]
vTaskMissedYield        0x08006e09     0x8  Code  Gb  tasks.o [1]
vTaskPlaceOnEventList   0x08006cd7    0x4c  Code  Gb  tasks.o [1]
vTaskPriorityDisinherit
                        0x0800706d    0x4c  Code  Gb  tasks.o [1]
vTaskPriorityInherit    0x08006ff1    0x72  Code  Gb  tasks.o [1]
vTaskPrioritySet        0x080067ff    0xe4  Code  Gb  tasks.o [1]
vTaskResume             0x08006997    0x66  Code  Gb  tasks.o [1]
vTaskSetTimeOutState    0x08006d99    0x12  Code  Gb  tasks.o [1]
vTaskStartScheduler     0x080069fd    0x42  Code  Gb  tasks.o [1]
vTaskSuspend            0x080068e3    0x8a  Code  Gb  tasks.o [1]
vTaskSuspendAll         0x08006a3f    0x10  Code  Gb  tasks.o [1]
vTaskSwitchContext      0x08006c61    0x76  Code  Gb  tasks.o [1]
vTestTask               0x0800c1c1    0x38  Code  Lc  main.o [1]
vUARTTask               0x0800a40d    0x54  Code  Lc  uart.o [1]
vUSBPTask               0x0800bea9     0xa  Code  Lc  usbp.o [1]
validate                0x0800113b    0x2e  Code  Lc  ff.o [1]
xDelayedTaskList1       0x200064a0    0x14  Data  Lc  tasks.o [1]
xDelayedTaskList2       0x200064b4    0x14  Data  Lc  tasks.o [1]
xEnd                    0x20006558     0x8  Data  Lc  heap_2.o [1]
xFreeBytesRemaining     0x20000214     0x4  Data  Lc  heap_2.o [1]
xNextTaskUnblockTime    0x20000220     0x4  Data  Lc  tasks.o [1]
xNumOfOverflows         0x200065c0     0x4  Data  Lc  tasks.o [1]
xPendingReadyList       0x200064c8    0x14  Data  Lc  tasks.o [1]
xPortPendSVHandler      0x08007279          Code  Gb  portasm.o [1]
xPortStartScheduler     0x0800711d    0x2c  Code  Gb  port.o [1]
xPortSysTickHandler     0x08007191    0x20  Code  Gb  port.o [1]
xQueueCreateMutex       0x080093b7    0x58  Code  Gb  queue.o [1]
xQueueGenericCreate     0x08009367    0x50  Code  Gb  queue.o [1]
xQueueGenericReceive    0x08009573   0x13c  Code  Gb  queue.o [1]
xQueueGenericReset      0x080092f9    0x6e  Code  Gb  queue.o [1]
xQueueGenericSend       0x0800940f    0xee  Code  Gb  queue.o [1]
xQueueGenericSendFromISR
                        0x080094fd    0x76  Code  Gb  queue.o [1]
xQueueReceiveFromISR    0x080096af    0x74  Code  Gb  queue.o [1]
xSchedulerRunning       0x200065b4     0x4  Data  Lc  tasks.o [1]
xStart                  0x20006550     0x8  Data  Lc  heap_2.o [1]
xSuspendedTaskList      0x200064f0    0x14  Data  Lc  tasks.o [1]
xTaskCheckForTimeOut    0x08006dab    0x5e  Code  Gb  tasks.o [1]
xTaskGenericCreate      0x08006669   0x126  Code  Gb  tasks.o [1]
xTaskGetCurrentTaskHandle
                        0x08006fe5     0x8  Code  Gb  tasks.o [1]
xTaskGetTickCount       0x08006b29    0x16  Code  Gb  tasks.o [1]
xTaskIncrementTick      0x08006b3f   0x122  Code  Gb  tasks.o [1]
xTaskRemoveFromEventList
                        0x08006d23    0x76  Code  Gb  tasks.o [1]
xTaskResumeAll          0x08006a4f    0xda  Code  Gb  tasks.o [1]
xTasksWaitingTermination
                        0x200064dc    0x14  Data  Lc  tasks.o [1]
xTickCount              0x200065ac     0x4  Data  Lc  tasks.o [1]
xYieldPending           0x200065bc     0x4  Data  Lc  tasks.o [1]


[1] = C:\Users\dudu\BLFW\app\Debug\Obj
[2] = command line
[3] = dl7M_tlf.a
[4] = m7M_tl.a
[5] = rt7M_tl.a
[6] = shb_l.a

  50 328 bytes of readonly  code memory
     699 bytes of readonly  data memory
  42 496 bytes of readwrite data memory

Errors: none
Warnings: none
