###############################################################################
#                                                                             #
# IAR ELF Linker V6.50.3.4676/W32 for ARM               22/Aug/2014  08:36:32 #
# Copyright 2007-2013 IAR Systems AB.                                         #
#                                                                             #
#    Output file  =  C:\Users\dudu\BLFW\app\Debug\Exe\c.out                   #
#    Map file     =  C:\Users\dudu\BLFW\app\Debug\List\c.map                  #
#    Command line =  C:\Users\dudu\BLFW\app\Debug\Obj\IV.o                    #
#                    C:\Users\dudu\BLFW\app\Debug\Obj\adc12.o                 #
#                    C:\Users\dudu\BLFW\app\Debug\Obj\blrtc.o                 #
#                    C:\Users\dudu\BLFW\app\Debug\Obj\dac.o                   #
#                    C:\Users\dudu\BLFW\app\Debug\Obj\dynload.o               #
#                    C:\Users\dudu\BLFW\app\Debug\Obj\ff.o                    #
#                    C:\Users\dudu\BLFW\app\Debug\Obj\fifo.o                  #
#                    C:\Users\dudu\BLFW\app\Debug\Obj\fsm.o                   #
#                    C:\Users\dudu\BLFW\app\Debug\Obj\heap_2.o                #
#                    C:\Users\dudu\BLFW\app\Debug\Obj\ihm.o                   #
#                    C:\Users\dudu\BLFW\app\Debug\Obj\ivs.o                   #
#                    C:\Users\dudu\BLFW\app\Debug\Obj\list.o                  #
#                    C:\Users\dudu\BLFW\app\Debug\Obj\main.o                  #
#                    C:\Users\dudu\BLFW\app\Debug\Obj\misc.o                  #
#                    C:\Users\dudu\BLFW\app\Debug\Obj\pid.o                   #
#                    C:\Users\dudu\BLFW\app\Debug\Obj\port.o                  #
#                    C:\Users\dudu\BLFW\app\Debug\Obj\portasm.o               #
#                    C:\Users\dudu\BLFW\app\Debug\Obj\queue.o                 #
#                    C:\Users\dudu\BLFW\app\Debug\Obj\sdio-stm32f2.o          #
#                    C:\Users\dudu\BLFW\app\Debug\Obj\startup_stm32f2xx.o     #
#                    C:\Users\dudu\BLFW\app\Debug\Obj\stm322xg_eval.o         #
#                    C:\Users\dudu\BLFW\app\Debug\Obj\stm322xg_eval_sdio_sd.o #
#                     C:\Users\dudu\BLFW\app\Debug\Obj\stm32f2xx_adc.o        #
#                    C:\Users\dudu\BLFW\app\Debug\Obj\stm32f2xx_can.o         #
#                    C:\Users\dudu\BLFW\app\Debug\Obj\stm32f2xx_crc.o         #
#                    C:\Users\dudu\BLFW\app\Debug\Obj\stm32f2xx_cryp.o        #
#                    C:\Users\dudu\BLFW\app\Debug\Obj\stm32f2xx_cryp_aes.o    #
#                    C:\Users\dudu\BLFW\app\Debug\Obj\stm32f2xx_cryp_des.o    #
#                    C:\Users\dudu\BLFW\app\Debug\Obj\stm32f2xx_cryp_tdes.o   #
#                    C:\Users\dudu\BLFW\app\Debug\Obj\stm32f2xx_dac.o         #
#                    C:\Users\dudu\BLFW\app\Debug\Obj\stm32f2xx_dbgmcu.o      #
#                    C:\Users\dudu\BLFW\app\Debug\Obj\stm32f2xx_dcmi.o        #
#                    C:\Users\dudu\BLFW\app\Debug\Obj\stm32f2xx_dma.o         #
#                    C:\Users\dudu\BLFW\app\Debug\Obj\stm32f2xx_exti.o        #
#                    C:\Users\dudu\BLFW\app\Debug\Obj\stm32f2xx_flash.o       #
#                    C:\Users\dudu\BLFW\app\Debug\Obj\stm32f2xx_fsmc.o        #
#                    C:\Users\dudu\BLFW\app\Debug\Obj\stm32f2xx_gpio.o        #
#                    C:\Users\dudu\BLFW\app\Debug\Obj\stm32f2xx_hash.o        #
#                    C:\Users\dudu\BLFW\app\Debug\Obj\stm32f2xx_hash_md5.o    #
#                    C:\Users\dudu\BLFW\app\Debug\Obj\stm32f2xx_hash_sha1.o   #
#                    C:\Users\dudu\BLFW\app\Debug\Obj\stm32f2xx_i2c.o         #
#                    C:\Users\dudu\BLFW\app\Debug\Obj\stm32f2xx_it.o          #
#                    C:\Users\dudu\BLFW\app\Debug\Obj\stm32f2xx_iwdg.o        #
#                    C:\Users\dudu\BLFW\app\Debug\Obj\stm32f2xx_pwr.o         #
#                    C:\Users\dudu\BLFW\app\Debug\Obj\stm32f2xx_rcc.o         #
#                    C:\Users\dudu\BLFW\app\Debug\Obj\stm32f2xx_rng.o         #
#                    C:\Users\dudu\BLFW\app\Debug\Obj\stm32f2xx_rtc.o         #
#                    C:\Users\dudu\BLFW\app\Debug\Obj\stm32f2xx_sdio.o        #
#                    C:\Users\dudu\BLFW\app\Debug\Obj\stm32f2xx_spi.o         #
#                    C:\Users\dudu\BLFW\app\Debug\Obj\stm32f2xx_syscfg.o      #
#                    C:\Users\dudu\BLFW\app\Debug\Obj\stm32f2xx_tim.o         #
#                    C:\Users\dudu\BLFW\app\Debug\Obj\stm32f2xx_usart.o       #
#                    C:\Users\dudu\BLFW\app\Debug\Obj\stm32f2xx_wwdg.o        #
#                    C:\Users\dudu\BLFW\app\Debug\Obj\system_stm32f2xx.o      #
#                    C:\Users\dudu\BLFW\app\Debug\Obj\systick.o               #
#                    C:\Users\dudu\BLFW\app\Debug\Obj\tasks.o                 #
#                    C:\Users\dudu\BLFW\app\Debug\Obj\timer.o                 #
#                    C:\Users\dudu\BLFW\app\Debug\Obj\usb_bsp.o               #
#                    C:\Users\dudu\BLFW\app\Debug\Obj\usb_core.o              #
#                    C:\Users\dudu\BLFW\app\Debug\Obj\usb_dcd.o               #
#                    C:\Users\dudu\BLFW\app\Debug\Obj\usb_dcd_int.o           #
#                    C:\Users\dudu\BLFW\app\Debug\Obj\usbd_cdc_core.o         #
#                    C:\Users\dudu\BLFW\app\Debug\Obj\usbd_cdc_vcp.o          #
#                    C:\Users\dudu\BLFW\app\Debug\Obj\usbd_core.o             #
#                    C:\Users\dudu\BLFW\app\Debug\Obj\usbd_desc.o             #
#                    C:\Users\dudu\BLFW\app\Debug\Obj\usbd_ioreq.o            #
#                    C:\Users\dudu\BLFW\app\Debug\Obj\usbd_req.o              #
#                    C:\Users\dudu\BLFW\app\Debug\Obj\usbd_usr.o              #
#                    C:\Users\dudu\BLFW\app\Debug\Obj\usbp.o                  #
#                    C:\Users\dudu\BLFW\app\Debug\Obj\utils.o -o              #
#                    C:\Users\dudu\BLFW\app\Debug\Exe\c.out --redirect        #
#                    _Printf=_PrintfFull --redirect _Scanf=_ScanfFull --map   #
#                    C:\Users\dudu\BLFW\app\Debug\List\c.map --config         #
#                    "C:\Program Files (x86)\IAR Systems\Embedded Workbench   #
#                    6.5\arm\config\linker\ST\stm32f207xE.icf" --semihosting  #
#                    --entry __iar_program_start --vfe                        #
#                                                                             #
#                                                                             #
###############################################################################

*******************************************************************************
*** RUNTIME MODEL ATTRIBUTES
***

CppFlavor                     = *
__Heap_Handler                = Basic
__SystemLibrary               = DLib
__dlib_dynamic_initialization = normal


*******************************************************************************
*** PLACEMENT SUMMARY
***

"A1":  place at 0x08000000 { ro section .intvec };
"P1":  place in [from 0x08000000 to 0x0807ffff] { ro };
"P2":  place in [from 0x20000000 to 0x2001ffff] { rw, block CSTACK, block HEAP };

  Section             Kind        Address    Size  Object
  -------             ----        -------    ----  ------
"A1":                                       0x184
  .intvec             ro code  0x08000000   0x184  startup_stm32f2xx.o [1]
                             - 0x08000184   0x184

"P1":                                      0xbfa8
  .text               ro code  0x08000184  0x16da  ff.o [1]
  .text               ro code  0x0800185e    0x22  zero_init3.o [5]
  .text               ro code  0x08001880   0x1c0  sdio-stm32f2.o [1]
  .text               ro code  0x08001a40  0x1684  stm322xg_eval_sdio_sd.o [1]
  .text               ro code  0x080030c4    0x16  sdio-stm32f2.o [1]
  .text               ro code  0x080030da     0xe  usbd_usr.o [1]
  .text               ro code  0x080030e8   0x210  stm322xg_eval.o [1]
  .text               ro code  0x080032f8   0x17c  stm32f2xx_sdio.o [1]
  .text               ro code  0x08003474   0x11e  stm32f2xx_gpio.o [1]
  .text               ro code  0x08003592     0xa  xsprout.o [3]
  .text               ro code  0x0800359c   0x328  stm32f2xx_dma.o [1]
  .text               ro code  0x080038c4    0xc4  misc.o [1]
  .text               ro code  0x08003988    0x76  ABImemcpy.o [5]
  .rodata             const    0x080039fe     0x2  heap_2.o [1]
  .text               ro code  0x08003a00   0x180  stm32f2xx_rcc.o [1]
  .text               ro code  0x08003b80  0x10c6  xprintffull.o [3]
  .text               ro code  0x08004c46    0x20  xmbtowc.o [3]
  .text               ro code  0x08004c68    0x16  strchr.o [5]
  .text               ro code  0x08004c80    0x36  strlen.o [5]
  .text               ro code  0x08004cb8    0x58  memchr.o [5]
  .text               ro code  0x08004d10     0xa  xmbcurmax.o [3]
  .text               ro code  0x08004d1c    0xb0  xxmemxmalloc.o [3]
  .text               ro code  0x08004dcc    0x1a  xwctomb.o [3]
  .text               ro code  0x08004de8    0x80  xxmemxfree.o [3]
  .text               ro code  0x08004e68    0xee  I64DivMod.o [5]
  .text               ro code  0x08004f58   0x1a2  DblMul.o [4]
  .text               ro code  0x080050fa    0x42  xdnorm.o [4]
  .text               ro code  0x0800513c    0x2e  DblCmpLe.o [4]
  .text               ro code  0x0800516c    0x2e  DblCmpGe.o [4]
  .text               ro code  0x0800519c   0x10c  xdscale.o [4]
  .text               ro code  0x080052a8    0x58  DblToI32.o [4]
  .text               ro code  0x08005300    0x30  I32ToDbl.o [4]
  .text               ro code  0x08005330   0x180  DblSub.o [4]
  .text               ro code  0x080054b0   0x246  DblDiv.o [4]
  .text               ro code  0x080056f8    0x6c  localeconv.o [3]
  .text               ro code  0x08005764     0xe  div.o [3]
  .text               ro code  0x08005774    0x14  setlocale.o [3]
  .text               ro code  0x08005788    0x60  xencoding_sb.o [3]
  .text               ro code  0x080057e8    0x2c  xgetmemchunk.o [3]
  .text               ro code  0x08005814     0x2  I64DivZer.o [5]
  .text               ro code  0x08005818    0xd4  DblAdd.o [4]
  .text               ro code  0x080058ec     0x2  xtls.o [3]
  .text               ro code  0x080058f0   0xb56  usb_core.o [1]
  .text               ro code  0x08006448   0x110  usb_bsp.o [1]
  .text               ro code  0x08006558   0xa90  tasks.o [1]
  .text               ro code  0x08006fe8    0xe0  port.o [1]
  .text               ro code  0x080070c8    0x9e  list.o [1]
  CODE                ro code  0x08007168    0x90  portasm.o [1]
  .text               ro code  0x080071f8   0x14c  heap_2.o [1]
  .text               ro code  0x08007344   0x6e2  usb_dcd_int.o [1]
  .text               ro code  0x08007a28   0x6be  usbd_req.o [1]
  .text               ro code  0x080080e6    0xe4  usbd_ioreq.o [1]
  .text               ro code  0x080081ca   0x2e6  usb_dcd.o [1]
  .text               ro code  0x080084b0   0x338  usbd_core.o [1]
  .text               ro code  0x080087e8   0x67c  ivs.o [1]
  .text               ro code  0x08008e64    0x4e  fifo.o [1]
  .text               ro code  0x08008eb4   0x320  ihm.o [1]
  .text               ro code  0x080091d4   0x584  queue.o [1]
  .text               ro code  0x08009758    0x50  fsm.o [1]
  .text               ro code  0x080097a8   0x174  blrtc.o [1]
  .text               ro code  0x0800991c   0x1c0  adc12.o [1]
  .text               ro code  0x08009adc    0x32  I32ToFlt.o [4]
  .text               ro code  0x08009b10    0xd8  FltMul.o [4]
  .text               ro code  0x08009be8    0x44  FltToS32.o [4]
  .text               ro code  0x08009c2c    0xfc  FltDiv.o [4]
  .text               ro code  0x08009d28   0x138  dac.o [1]
  .text               ro code  0x08009e60    0x16  ivs.o [1]
  .text               ro code  0x08009e78    0x34  sprintf.o [3]
  .text               ro code  0x08009eac    0x54  stm32f2xx_syscfg.o [1]
  .text               ro code  0x08009f00    0xcc  stm32f2xx_exti.o [1]
  .text               ro code  0x08009fcc   0x2c0  dynload.o [1]
  .text               ro code  0x0800a28c   0x560  stm32f2xx_rtc.o [1]
  .text               ro code  0x0800a7ec     0xc  stm32f2xx_pwr.o [1]
  .text               ro code  0x0800a7f8   0x20c  stm32f2xx_adc.o [1]
  .text               ro code  0x0800aa04    0xe8  stm32f2xx_dac.o [1]
  .text               ro code  0x0800aaec    0x66  ABImemset.o [5]
  .text               ro code  0x0800ab54    0xf4  pid.o [1]
  .text               ro code  0x0800ac48    0x84  FltAdd.o [4]
  .text               ro code  0x0800accc    0xd6  FltSub.o [4]
  .text               ro code  0x0800ada4   0x340  usbd_cdc_core.o [1]
  .text               ro code  0x0800b0e4   0x248  usbp.o [1]
  .text               ro code  0x0800b32c   0x148  usbd_cdc_vcp.o [1]
  .text               ro code  0x0800b474   0x23c  stm32f2xx_it.o [1]
  .text               ro code  0x0800b6b0    0xc8  timer.o [1]
  .text               ro code  0x0800b778   0x1a4  stm32f2xx_tim.o [1]
  .text               ro code  0x0800b91c   0x124  system_stm32f2xx.o [1]
  .text               ro code  0x0800ba40    0xe8  usbd_desc.o [1]
  .text               ro code  0x0800bb28    0xbc  main.o [1]
  .text               ro code  0x0800bbe4    0xb0  packbits_init.o [5]
  .text               ro code  0x0800bc94     0x6  abort.o [3]
  .text               ro code  0x0800bc9c    0x14  exit.o [6]
  .rodata             const    0x0800bcb0    0x2c  ivs.o [1]
  .text               ro code  0x0800bcdc    0x28  data_init.o [5]
  .rodata             const    0x0800bd04    0x24  usbd_desc.o [1]
  .rodata             const    0x0800bd28    0x24  usbd_desc.o [1]
  .iar.init_table     const    0x0800bd4c    0x2c  - Linker created -
  .rodata             const    0x0800bd78    0x20  ivs.o [1]
  .rodata             const    0x0800bd98    0x1c  ivs.o [1]
  .text               ro code  0x0800bdb4    0x16  cmain.o [5]
  .text               ro code  0x0800bdca     0x4  low_level_init.o [3]
  .text               ro code  0x0800bdce     0x4  exit.o [3]
  .text               ro code  0x0800bdd4     0xa  cexit.o [5]
  .rodata             const    0x0800bde0    0x14  usbd_desc.o [1]
  .rodata             const    0x0800bdf4    0x10  ff.o [1]
  .rodata             const    0x0800be04    0x10  usbd_desc.o [1]
  .rodata             const    0x0800be14    0x10  usbd_desc.o [1]
  .rodata             const    0x0800be24    0x10  usbd_desc.o [1]
  .text               ro code  0x0800be34    0x10  startup_stm32f2xx.o [1]
  .rodata             const    0x0800be44     0xc  ivs.o [1]
  .rodata             const    0x0800be50     0xc  ivs.o [1]
  .rodata             const    0x0800be5c     0xc  usbd_desc.o [1]
  .text               ro code  0x0800be68     0xc  cstartup_M.o [5]
  .rodata             const    0x0800be74     0x8  main.o [1]
  .rodata             const    0x0800be7c     0x8  tasks.o [1]
  .rodata             const    0x0800be84     0x8  usbp.o [1]
  .rodata             const    0x0800be8c     0x8  usbp.o [1]
  .text               ro code  0x0800be94     0x4  startup_stm32f2xx.o [1]
  .text               ro code  0x0800be98     0x4  startup_stm32f2xx.o [1]
  .text               ro code  0x0800be9c     0x4  startup_stm32f2xx.o [1]
  .text               ro code  0x0800bea0     0x4  startup_stm32f2xx.o [1]
  .text               ro code  0x0800bea4     0x4  startup_stm32f2xx.o [1]
  .text               ro code  0x0800bea8     0x4  startup_stm32f2xx.o [1]
  .text               ro code  0x0800beac     0x4  startup_stm32f2xx.o [1]
  .text               ro code  0x0800beb0     0x4  startup_stm32f2xx.o [1]
  .text               ro code  0x0800beb4     0x4  startup_stm32f2xx.o [1]
  .text               ro code  0x0800beb8     0x4  startup_stm32f2xx.o [1]
  .text               ro code  0x0800bebc     0x4  startup_stm32f2xx.o [1]
  .text               ro code  0x0800bec0     0x4  startup_stm32f2xx.o [1]
  .text               ro code  0x0800bec4     0x4  startup_stm32f2xx.o [1]
  .text               ro code  0x0800bec8     0x4  startup_stm32f2xx.o [1]
  .text               ro code  0x0800becc     0x4  startup_stm32f2xx.o [1]
  .text               ro code  0x0800bed0     0x4  startup_stm32f2xx.o [1]
  .text               ro code  0x0800bed4     0x4  startup_stm32f2xx.o [1]
  .text               ro code  0x0800bed8     0x4  startup_stm32f2xx.o [1]
  .text               ro code  0x0800bedc     0x4  startup_stm32f2xx.o [1]
  .text               ro code  0x0800bee0     0x4  startup_stm32f2xx.o [1]
  .text               ro code  0x0800bee4     0x4  startup_stm32f2xx.o [1]
  .text               ro code  0x0800bee8     0x4  startup_stm32f2xx.o [1]
  .text               ro code  0x0800beec     0x4  startup_stm32f2xx.o [1]
  .text               ro code  0x0800bef0     0x4  startup_stm32f2xx.o [1]
  .text               ro code  0x0800bef4     0x4  startup_stm32f2xx.o [1]
  .text               ro code  0x0800bef8     0x4  startup_stm32f2xx.o [1]
  .text               ro code  0x0800befc     0x4  startup_stm32f2xx.o [1]
  .text               ro code  0x0800bf00     0x4  startup_stm32f2xx.o [1]
  .text               ro code  0x0800bf04     0x4  startup_stm32f2xx.o [1]
  .text               ro code  0x0800bf08     0x4  startup_stm32f2xx.o [1]
  .text               ro code  0x0800bf0c     0x4  startup_stm32f2xx.o [1]
  .text               ro code  0x0800bf10     0x4  startup_stm32f2xx.o [1]
  .text               ro code  0x0800bf14     0x4  startup_stm32f2xx.o [1]
  .text               ro code  0x0800bf18     0x4  startup_stm32f2xx.o [1]
  .text               ro code  0x0800bf1c     0x4  startup_stm32f2xx.o [1]
  .text               ro code  0x0800bf20     0x4  startup_stm32f2xx.o [1]
  .text               ro code  0x0800bf24     0x4  startup_stm32f2xx.o [1]
  .text               ro code  0x0800bf28     0x4  startup_stm32f2xx.o [1]
  .text               ro code  0x0800bf2c     0x4  startup_stm32f2xx.o [1]
  .text               ro code  0x0800bf30     0x4  startup_stm32f2xx.o [1]
  .text               ro code  0x0800bf34     0x4  startup_stm32f2xx.o [1]
  .text               ro code  0x0800bf38     0x4  startup_stm32f2xx.o [1]
  .text               ro code  0x0800bf3c     0x4  startup_stm32f2xx.o [1]
  .text               ro code  0x0800bf40     0x4  startup_stm32f2xx.o [1]
  .text               ro code  0x0800bf44     0x4  startup_stm32f2xx.o [1]
  .text               ro code  0x0800bf48     0x4  startup_stm32f2xx.o [1]
  .text               ro code  0x0800bf4c     0x4  startup_stm32f2xx.o [1]
  .text               ro code  0x0800bf50     0x4  startup_stm32f2xx.o [1]
  .text               ro code  0x0800bf54     0x4  startup_stm32f2xx.o [1]
  .text               ro code  0x0800bf58     0x4  startup_stm32f2xx.o [1]
  .text               ro code  0x0800bf5c     0x4  startup_stm32f2xx.o [1]
  .text               ro code  0x0800bf60     0x4  startup_stm32f2xx.o [1]
  .text               ro code  0x0800bf64     0x4  startup_stm32f2xx.o [1]
  .text               ro code  0x0800bf68     0x4  startup_stm32f2xx.o [1]
  .text               ro code  0x0800bf6c     0x4  startup_stm32f2xx.o [1]
  .text               ro code  0x0800bf70     0x4  startup_stm32f2xx.o [1]
  .text               ro code  0x0800bf74     0x4  startup_stm32f2xx.o [1]
  .text               ro code  0x0800bf78     0x4  startup_stm32f2xx.o [1]
  .text               ro code  0x0800bf7c     0x4  startup_stm32f2xx.o [1]
  .text               ro code  0x0800bf80     0x4  startup_stm32f2xx.o [1]
  .text               ro code  0x0800bf84     0x4  startup_stm32f2xx.o [1]
  .text               ro code  0x0800bf88     0x4  startup_stm32f2xx.o [1]
  .text               ro code  0x0800bf8c     0x4  startup_stm32f2xx.o [1]
  .text               ro code  0x0800bf90     0x4  startup_stm32f2xx.o [1]
  .text               ro code  0x0800bf94     0x4  startup_stm32f2xx.o [1]
  .text               ro code  0x0800bf98     0x4  startup_stm32f2xx.o [1]
  .text               ro code  0x0800bf9c     0x4  startup_stm32f2xx.o [1]
  .text               ro code  0x0800bfa0     0x4  startup_stm32f2xx.o [1]
  .text               ro code  0x0800bfa4     0x4  startup_stm32f2xx.o [1]
  .text               ro code  0x0800bfa8     0x4  startup_stm32f2xx.o [1]
  .text               ro code  0x0800bfac     0x4  startup_stm32f2xx.o [1]
  .text               ro code  0x0800bfb0     0x4  startup_stm32f2xx.o [1]
  .text               ro code  0x0800bfb4     0x4  startup_stm32f2xx.o [1]
  .text               ro code  0x0800bfb8     0x4  startup_stm32f2xx.o [1]
  .text               ro code  0x0800bfbc     0x4  startup_stm32f2xx.o [1]
  .text               ro code  0x0800bfc0     0x4  startup_stm32f2xx.o [1]
  .text               ro code  0x0800bfc4     0x4  startup_stm32f2xx.o [1]
  .text               ro code  0x0800bfc8     0x4  startup_stm32f2xx.o [1]
  .text               ro code  0x0800bfcc     0x4  startup_stm32f2xx.o [1]
  .text               ro code  0x0800bfd0     0x4  startup_stm32f2xx.o [1]
  .text               ro code  0x0800bfd4     0x4  startup_stm32f2xx.o [1]
  .text               ro code  0x0800bfd8     0x4  startup_stm32f2xx.o [1]
  .text               ro code  0x0800bfdc     0x4  startup_stm32f2xx.o [1]
  .text               ro code  0x0800bfe0     0x4  startup_stm32f2xx.o [1]
  .text               ro code  0x0800bfe4     0x4  startup_stm32f2xx.o [1]
  .text               ro code  0x0800bfe8     0x4  startup_stm32f2xx.o [1]
  .text               ro code  0x0800bfec     0x4  startup_stm32f2xx.o [1]
  .text               ro code  0x0800bff0     0x4  startup_stm32f2xx.o [1]
  .text               ro code  0x0800bff4     0x4  startup_stm32f2xx.o [1]
  .text               ro code  0x0800bff8     0x4  startup_stm32f2xx.o [1]
  .rodata             const    0x0800bffc     0x0  zero_init3.o [5]
  .rodata             const    0x0800bffc     0x0  packbits_init.o [5]
  Initializer bytes   ro data  0x0800bffc   0x12e  <for P2 s0>
                             - 0x0800c12a  0xbfa6

"P2", part 1 of 3:                          0x228
  P2 s0                        0x20000000   0x226  <Init block>
    __DLIB_PERTHREAD  inited   0x20000000    0x88  localeconv.o [3]
    __DLIB_PERTHREAD  inited   0x20000088    0x74  setlocale.o [3]
    .data             inited   0x200000fc    0x44  usbd_cdc_core.o [1]
    .data             inited   0x20000140    0x2c  usbd_cdc_core.o [1]
    .data             inited   0x2000016c    0x2c  usbd_core.o [1]
    .data             inited   0x20000198    0x1c  usbd_desc.o [1]
    .data             inited   0x200001b4    0x1c  usbd_usr.o [1]
    .data             inited   0x200001d0    0x14  usbd_cdc_vcp.o [1]
    .data             inited   0x200001e4    0x14  usbd_desc.o [1]
    .data             inited   0x200001f8     0x8  usbd_cdc_vcp.o [1]
    .data             inited   0x20000200     0x4  fsm.o [1]
    .data             inited   0x20000204     0x4  heap_2.o [1]
    .data             inited   0x20000208     0x4  port.o [1]
    .data             inited   0x2000020c     0x4  system_stm32f2xx.o [1]
    .data             inited   0x20000210     0x4  tasks.o [1]
    .data             inited   0x20000214     0x4  usbd_cdc_core.o [1]
    .data             inited   0x20000218     0x4  usbd_core.o [1]
    .data             inited   0x2000021c     0x4  usbd_desc.o [1]
    .data             inited   0x20000220     0x4  usbp.o [1]
    .data             inited   0x20000224     0x2  adc12.o [1]
                             - 0x20000226   0x226

"P2", part 2 of 3:                         0x63b0
  .bss                zero     0x20000228  0x4400  heap_2.o [1]
  .bss                zero     0x20004628   0xc9c  ivs.o [1]
  .bss                zero     0x200052c4   0x800  usbd_cdc_core.o [1]
  .bss                zero     0x20005ac4   0x5f4  main.o [1]
  .bss                zero     0x200060b8   0x100  usbd_req.o [1]
  .bss                zero     0x200061b8    0xd0  timer.o [1]
  .bss                zero     0x20006288    0x64  tasks.o [1]
  .bss                zero     0x200062ec    0x44  dynload.o [1]
  .bss                zero     0x20006330    0x58  stm322xg_eval_sdio_sd.o [1]
  .bss                zero     0x20006388    0x50  usbp.o [1]
  .bss                zero     0x200063d8    0x40  usbd_cdc_core.o [1]
  .bss                zero     0x20006418    0x18  ihm.o [1]
  .bss                zero     0x20006430    0x18  stm322xg_eval_sdio_sd.o [1]
  .bss                zero     0x20006448    0x18  stm322xg_eval_sdio_sd.o [1]
  .bss                zero     0x20006460    0x14  stm322xg_eval_sdio_sd.o [1]
  .bss                zero     0x20006474    0x14  tasks.o [1]
  .bss                zero     0x20006488    0x14  tasks.o [1]
  .bss                zero     0x2000649c    0x14  tasks.o [1]
  .bss                zero     0x200064b0    0x14  tasks.o [1]
  .bss                zero     0x200064c4    0x14  tasks.o [1]
  .bss                zero     0x200064d8    0x14  timer.o [1]
  .bss                zero     0x200064ec    0x10  stm322xg_eval_sdio_sd.o [1]
  .bss                zero     0x200064fc    0x10  stm322xg_eval_sdio_sd.o [1]
  .bss                zero     0x2000650c     0xc  adc12.o [1]
  .bss                zero     0x20006518     0xc  blrtc.o [1]
  .bss                zero     0x20006524     0x8  heap_2.o [1]
  .bss                zero     0x2000652c     0x8  heap_2.o [1]
  .bss                zero     0x20006534     0x8  usbd_cdc_core.o [1]
  .bss                zero     0x2000653c     0x8  xxmemxmalloc.o [3]
  .bss                zero     0x20006544     0x4  blrtc.o [1]
  .bss                zero     0x20006548     0x4  blrtc.o [1]
  .bss                zero     0x2000654c     0x4  ff.o [1]
  .bss                zero     0x20006550     0x4  heap_2.o [1]
  .bss                zero     0x20006554     0x4  stm322xg_eval_sdio_sd.o [1]
  .bss                zero     0x20006558     0x4  stm322xg_eval_sdio_sd.o [1]
  .bss                zero     0x2000655c     0x4  stm322xg_eval_sdio_sd.o [1]
  .bss                zero     0x20006560     0x4  stm322xg_eval_sdio_sd.o [1]
  .bss                zero     0x20006564     0x4  stm322xg_eval_sdio_sd.o [1]
  .bss                zero     0x20006568     0x4  stm32f2xx_it.o [1]
  .bss                zero     0x2000656c     0x4  tasks.o [1]
  .bss                zero     0x20006570     0x4  tasks.o [1]
  .bss                zero     0x20006574     0x4  tasks.o [1]
  .bss                zero     0x20006578     0x4  tasks.o [1]
  .bss                zero     0x2000657c     0x4  tasks.o [1]
  .bss                zero     0x20006580     0x4  tasks.o [1]
  .bss                zero     0x20006584     0x4  tasks.o [1]
  .bss                zero     0x20006588     0x4  tasks.o [1]
  .bss                zero     0x2000658c     0x4  tasks.o [1]
  .bss                zero     0x20006590     0x4  tasks.o [1]
  .bss                zero     0x20006594     0x4  tasks.o [1]
  .bss                zero     0x20006598     0x4  tasks.o [1]
  .bss                zero     0x2000659c     0x4  tasks.o [1]
  .bss                zero     0x200065a0     0x4  timer.o [1]
  .bss                zero     0x200065a4     0x4  usbd_cdc_core.o [1]
  .bss                zero     0x200065a8     0x4  usbd_cdc_core.o [1]
  .bss                zero     0x200065ac     0x4  usbd_cdc_core.o [1]
  .bss                zero     0x200065b0     0x4  usbd_cdc_core.o [1]
  .bss                zero     0x200065b4     0x4  usbd_cdc_core.o [1]
  .bss                zero     0x200065b8     0x4  usbd_cdc_core.o [1]
  .bss                zero     0x200065bc     0x4  usbd_core.o [1]
  .bss                zero     0x200065c0     0x4  usbd_req.o [1]
  .bss                zero     0x200065c4     0x4  usbd_req.o [1]
  .bss                zero     0x200065c8     0x4  usbd_req.o [1]
  .bss                zero     0x200065cc     0x4  xgetmemchunk.o [3]
  .bss                zero     0x200065d0     0x2  ff.o [1]
  .bss                zero     0x200065d2     0x1  ff.o [1]
  .bss                zero     0x200065d3     0x1  stm322xg_eval_sdio_sd.o [1]
  .bss                zero     0x200065d4     0x1  usbd_cdc_core.o [1]
  .bss                zero     0x200065d5     0x1  usbd_req.o [1]
                             - 0x200065d6  0x63ae

"P2", part 3 of 3:                         0x4000
  CSTACK                       0x200065d8  0x2000  <Block>
    CSTACK            uninit   0x200065d8  0x2000  <Block tail>
  HEAP                         0x200085d8  0x2000  <Block>
    HEAP              uninit   0x200085d8  0x2000  <Block tail>
                             - 0x2000a5d8  0x4000


*******************************************************************************
*** INIT TABLE
***

          Address     Size
          -------     ----
Zero (__iar_zero_init3)
    1 destination range, total size 0x63ae:
          0x20000228  0x63ae

Copy/packbits (__iar_packbits_init3)
    1 source range, total size 0x12e (54% of destination):
          0x0800bffc   0x12e
    1 destination range, total size 0x226:
          0x20000000   0x226



*******************************************************************************
*** MODULE SUMMARY
***

    Module                   ro code  ro data  rw data
    ------                   -------  -------  -------
C:\Users\dudu\BLFW\app\Debug\Obj: [1]
    adc12.o                      448        2       14
    blrtc.o                      372                20
    dac.o                        312
    dynload.o                    704                68
    ff.o                       5 850       16        7
    fifo.o                        78
    fsm.o                         80        2        4
    heap_2.o                     332        4   17 432
    ihm.o                        800                24
    ivs.o                      1 682      128    3 228
    list.o                       158
    main.o                       188        8    1 524
    misc.o                       196
    pid.o                        244
    port.o                       224        2        4
    portasm.o                    144
    queue.o                    1 412
    sdio-stm32f2.o               470
    startup_stm32f2xx.o          764
    stm322xg_eval.o              528
    stm322xg_eval_sdio_sd.o    5 764               209
    stm32f2xx_adc.o              524
    stm32f2xx_dac.o              232
    stm32f2xx_dma.o              808
    stm32f2xx_exti.o             204
    stm32f2xx_gpio.o             286
    stm32f2xx_it.o               572                 4
    stm32f2xx_pwr.o               12
    stm32f2xx_rcc.o              384
    stm32f2xx_rtc.o            1 376
    stm32f2xx_sdio.o             380
    stm32f2xx_syscfg.o            84
    stm32f2xx_tim.o              420
    system_stm32f2xx.o           292        2        4
    tasks.o                    2 704       11      256
    timer.o                      200               232
    usb_bsp.o                    272
    usb_core.o                 2 902
    usb_dcd.o                    742
    usb_dcd_int.o              1 762
    usbd_cdc_core.o              832       63    2 261
    usbd_cdc_vcp.o               328       16       28
    usbd_core.o                  824       27       52
    usbd_desc.o                  232      180       52
    usbd_ioreq.o                 228
    usbd_req.o                 1 726               269
    usbd_usr.o                    14       15       28
    usbp.o                       584       18       84
    --------------------------------------------------
    Total:                    39 674      494   25 804

command line: [2]
    --------------------------------------------------
    Total:

dl7M_tlf.a: [3]
    abort.o                        6
    div.o                         14
    exit.o                         4
    localeconv.o                 108       74      136
    low_level_init.o               4
    setlocale.o                   20       64      116
    sprintf.o                     52
    xencoding_sb.o                96
    xgetmemchunk.o                44                 4
    xmbcurmax.o                   10
    xmbtowc.o                     32
    xprintffull.o              4 294
    xsprout.o                     10
    xtls.o                         2
    xwctomb.o                     26
    xxmemxfree.o                 128
    xxmemxmalloc.o               176                 8
    --------------------------------------------------
    Total:                     5 026      138      264

m7M_tl.a: [4]
    DblAdd.o                     212
    DblCmpGe.o                    46
    DblCmpLe.o                    46
    DblDiv.o                     582
    DblMul.o                     418
    DblSub.o                     384
    DblToI32.o                    88
    FltAdd.o                     132
    FltDiv.o                     252
    FltMul.o                     216
    FltSub.o                     214
    FltToS32.o                    68
    I32ToDbl.o                    48
    I32ToFlt.o                    50
    xdnorm.o                      66
    xdscale.o                    268
    --------------------------------------------------
    Total:                     3 090

rt7M_tl.a: [5]
    ABImemcpy.o                  118
    ABImemset.o                  102
    I64DivMod.o                  238
    I64DivZer.o                    2
    cexit.o                       10
    cmain.o                       22
    cstartup_M.o                  12
    data_init.o                   40
    memchr.o                      88
    packbits_init.o              176
    strchr.o                      22
    strlen.o                      54
    zero_init3.o                  34
    --------------------------------------------------
    Total:                       918

shb_l.a: [6]
    exit.o                        20
    --------------------------------------------------
    Total:                        20

    Gaps                          44        2
    Linker created                         44   16 384
------------------------------------------------------
    Grand Total:              48 772      678   42 452


*******************************************************************************
*** ENTRY LIST
***

Entry                      Address    Size  Type      Object
-----                      -------    ----  ----      ------
?main                   0x0800bdb5          Code  Gb  cmain.o [5]
ADC12_GetOutputBufferSample
                        0x08009923    0x3a  Code  Gb  adc12.o [1]
ADC12_GetVref           0x0800991d     0x6  Code  Gb  adc12.o [1]
ADC12_Init              0x0800995d   0x164  Code  Gb  adc12.o [1]
ADC_Cmd                 0x0800a86b    0x1a  Code  Gb  stm32f2xx_adc.o [1]
ADC_CommonInit          0x0800a849    0x22  Code  Gb  stm32f2xx_adc.o [1]
ADC_DMACmd              0x0800a9c1    0x1a  Code  Gb  stm32f2xx_adc.o [1]
ADC_DMARequestAfterLastTransferCmd
                        0x0800a9db    0x1a  Code  Gb  stm32f2xx_adc.o [1]
ADC_IRQHandler          0x0800bf01          Code  Wk  startup_stm32f2xx.o [1]
ADC_Init                0x0800a7f9    0x50  Code  Gb  stm32f2xx_adc.o [1]
ADC_RegularChannelConfig
                        0x0800a8c9    0xee  Code  Gb  stm32f2xx_adc.o [1]
ADC_SoftwareStartConv   0x0800a9b7     0xa  Code  Gb  stm32f2xx_adc.o [1]
ADC_TempSensorVrefintCmd
                        0x0800a885    0x22  Code  Gb  stm32f2xx_adc.o [1]
ADC_VBATCmd             0x0800a8a7    0x22  Code  Gb  stm32f2xx_adc.o [1]
APP_Rx_Buffer           0x200052c4   0x800  Data  Gb  usbd_cdc_core.o [1]
APP_Rx_length           0x200065b0     0x4  Data  Gb  usbd_cdc_core.o [1]
APP_Rx_ptr_in           0x200065a8     0x4  Data  Gb  usbd_cdc_core.o [1]
APP_Rx_ptr_out          0x200065ac     0x4  Data  Gb  usbd_cdc_core.o [1]
BLRTC_GetTime           0x080098fb    0x14  Code  Gb  blrtc.o [1]
BLRTC_Init              0x080097a9   0x12c  Code  Gb  blrtc.o [1]
BLRTC_SetTime           0x080098d5    0x26  Code  Gb  blrtc.o [1]
BusFault_Handler        0x0800b47b     0x2  Code  Gb  stm32f2xx_it.o [1]
CAN1_RX0_IRQHandler     0x0800bf09          Code  Wk  startup_stm32f2xx.o [1]
CAN1_RX1_IRQHandler     0x0800bf0d          Code  Wk  startup_stm32f2xx.o [1]
CAN1_SCE_IRQHandler     0x0800bf11          Code  Wk  startup_stm32f2xx.o [1]
CAN1_TX_IRQHandler      0x0800bf05          Code  Wk  startup_stm32f2xx.o [1]
CAN2_RX0_IRQHandler     0x0800bfb9          Code  Wk  startup_stm32f2xx.o [1]
CAN2_RX1_IRQHandler     0x0800bfbd          Code  Wk  startup_stm32f2xx.o [1]
CAN2_SCE_IRQHandler     0x0800bfc1          Code  Wk  startup_stm32f2xx.o [1]
CAN2_TX_IRQHandler      0x0800bfb5          Code  Wk  startup_stm32f2xx.o [1]
CID_Tab                 0x200064fc    0x10  Data  Lc  stm322xg_eval_sdio_sd.o [1]
CRYP_IRQHandler         0x0800bff5          Code  Wk  startup_stm32f2xx.o [1]
CSD_Tab                 0x200064ec    0x10  Data  Lc  stm322xg_eval_sdio_sd.o [1]
CSTACK$$Base            0x200065d8           --   Gb  - Linker created -
CSTACK$$Limit           0x200085d8           --   Gb  - Linker created -
CardType                0x20006554     0x4  Data  Lc  stm322xg_eval_sdio_sd.o [1]
CmdBuff                 0x20006534     0x8  Data  Gb  usbd_cdc_core.o [1]
CmdError                0x08002a09    0x38  Code  Lc  stm322xg_eval_sdio_sd.o [1]
CmdResp1Error           0x08002aad   0x112  Code  Lc  stm322xg_eval_sdio_sd.o [1]
CmdResp2Error           0x08002bfd    0x52  Code  Lc  stm322xg_eval_sdio_sd.o [1]
CmdResp3Error           0x08002bbf    0x3e  Code  Lc  stm322xg_eval_sdio_sd.o [1]
CmdResp6Error           0x08002c4f    0xa6  Code  Lc  stm322xg_eval_sdio_sd.o [1]
CmdResp7Error           0x08002a41    0x58  Code  Lc  stm322xg_eval_sdio_sd.o [1]
CurrVol                 0x200065d2     0x1  Data  Lc  ff.o [1]
DAC_Cmd                 0x0800aa37    0x26  Code  Gb  stm32f2xx_dac.o [1]
DAC_DacValToMilivolts   0x08009daf    0x1a  Code  Gb  dac.o [1]
DAC_GetDataOutputValue  0x0800aac9    0x20  Code  Gb  stm32f2xx_dac.o [1]
DAC_HwInit              0x08009d29    0x66  Code  Gb  dac.o [1]
DAC_Init                0x0800aa05    0x32  Code  Gb  stm32f2xx_dac.o [1]
DAC_MilivoltsToDacVal   0x08009d95    0x1a  Code  Gb  dac.o [1]
DAC_SetBothDacsInMilivolts
                        0x08009e1d    0x44  Code  Gb  dac.o [1]
DAC_SetChannel1Data     0x0800aa5d    0x1e  Code  Gb  stm32f2xx_dac.o [1]
DAC_SetChannel2Data     0x0800aa7b    0x1e  Code  Gb  stm32f2xx_dac.o [1]
DAC_SetDACValInMilivolts
                        0x08009dc9    0x54  Code  Gb  dac.o [1]
DAC_SetDualChannelData  0x0800aa99    0x30  Code  Gb  stm32f2xx_dac.o [1]
DCD_EP_Close            0x080082e9    0x4a  Code  Gb  usb_dcd.o [1]
DCD_EP_ClrStall         0x08008447    0x50  Code  Gb  usb_dcd.o [1]
DCD_EP_Open             0x0800826d    0x7c  Code  Gb  usb_dcd.o [1]
DCD_EP_PrepareRx        0x08008333    0x66  Code  Gb  usb_dcd.o [1]
DCD_EP_SetAddress       0x08008497    0x1a  Code  Gb  usb_dcd.o [1]
DCD_EP_Stall            0x080083f7    0x50  Code  Gb  usb_dcd.o [1]
DCD_EP_Tx               0x08008399    0x5e  Code  Gb  usb_dcd.o [1]
DCD_HandleEnumDone_ISR  0x08007967    0x4e  Code  Lc  usb_dcd_int.o [1]
DCD_HandleInEP_ISR      0x0800756b   0x102  Code  Lc  usb_dcd_int.o [1]
DCD_HandleOutEP_ISR     0x0800766d    0xd8  Code  Lc  usb_dcd_int.o [1]
DCD_HandleResume_ISR    0x08007499    0x4c  Code  Lc  usb_dcd_int.o [1]
DCD_HandleRxStatusQueueLevel_ISR
                        0x08007763    0x9e  Code  Lc  usb_dcd_int.o [1]
DCD_HandleSof_ISR       0x08007745    0x1e  Code  Lc  usb_dcd_int.o [1]
DCD_HandleUSBSuspend_ISR
                        0x080074e5    0x86  Code  Lc  usb_dcd_int.o [1]
DCD_HandleUsbReset_ISR  0x080078a1    0xc6  Code  Lc  usb_dcd_int.o [1]
DCD_Init                0x080081cb    0xa2  Code  Gb  usb_dcd.o [1]
DCD_IsoINIncomplete_ISR
                        0x080079b5    0x1e  Code  Lc  usb_dcd_int.o [1]
DCD_IsoOUTIncomplete_ISR
                        0x080079d3    0x1e  Code  Lc  usb_dcd_int.o [1]
DCD_OTG_ISR             0x08007473    0x26  Code  Lc  usb_dcd_int.o [1]
DCD_ReadDevInEP         0x080079f9    0x2e  Code  Lc  usb_dcd_int.o [1]
DCD_SessionRequest_ISR  0x08007453    0x20  Code  Lc  usb_dcd_int.o [1]
DCD_WriteEmptyTxFifo    0x08007801    0xa0  Code  Lc  usb_dcd_int.o [1]
DCMI_IRQHandler         0x0800bff1          Code  Wk  startup_stm32f2xx.o [1]
DL_HAND_IDLE            0x08009fcd    0x34  Code  Gb  dynload.o [1]
DL_HAND_PID             0x0800a001    0x52  Code  Gb  dynload.o [1]
DL_Init                 0x0800a0bf    0x44  Code  Gb  dynload.o [1]
DL_PIDProcess           0x0800a1af    0x58  Code  Gb  dynload.o [1]
DL_Post_Event           0x0800a053    0x1e  Code  Gb  dynload.o [1]
DL_Post_EventFromISR    0x0800a071    0x30  Code  Gb  dynload.o [1]
DL_Process              0x0800a0a1    0x1e  Code  Gb  dynload.o [1]
DL_SetCurrent           0x0800a18b    0x24  Code  Gb  dynload.o [1]
DL_SetTimeout           0x0800a103    0x30  Code  Gb  dynload.o [1]
DL_StartPID             0x0800a23b    0x1a  Code  Gb  dynload.o [1]
DL_StopPID              0x0800a255    0x12  Code  Gb  dynload.o [1]
DL_TaskCreate           0x0800a207    0x28  Code  Gb  dynload.o [1]
DL_TickFromISR          0x0800a133    0x58  Code  Gb  dynload.o [1]
DMA1_Stream0_IRQHandler
                        0x0800bee5          Code  Wk  startup_stm32f2xx.o [1]
DMA1_Stream1_IRQHandler
                        0x0800bee9          Code  Wk  startup_stm32f2xx.o [1]
DMA1_Stream2_IRQHandler
                        0x0800beed          Code  Wk  startup_stm32f2xx.o [1]
DMA1_Stream3_IRQHandler
                        0x0800bef1          Code  Wk  startup_stm32f2xx.o [1]
DMA1_Stream4_IRQHandler
                        0x0800bef5          Code  Wk  startup_stm32f2xx.o [1]
DMA1_Stream5_IRQHandler
                        0x0800bef9          Code  Wk  startup_stm32f2xx.o [1]
DMA1_Stream6_IRQHandler
                        0x0800befd          Code  Wk  startup_stm32f2xx.o [1]
DMA1_Stream7_IRQHandler
                        0x0800bf75          Code  Wk  startup_stm32f2xx.o [1]
DMA2_Stream0_IRQHandler
                        0x0800b5fb    0x18  Code  Gb  stm32f2xx_it.o [1]
DMA2_Stream1_IRQHandler
                        0x0800bf9d          Code  Wk  startup_stm32f2xx.o [1]
DMA2_Stream2_IRQHandler
                        0x0800bfa1          Code  Wk  startup_stm32f2xx.o [1]
DMA2_Stream3_IRQHandler
                        0x0800b64b     0x8  Code  Gb  stm32f2xx_it.o [1]
DMA2_Stream4_IRQHandler
                        0x0800bfa9          Code  Wk  startup_stm32f2xx.o [1]
DMA2_Stream5_IRQHandler
                        0x0800bfc9          Code  Wk  startup_stm32f2xx.o [1]
DMA2_Stream6_IRQHandler
                        0x0800bfcd          Code  Wk  startup_stm32f2xx.o [1]
DMA2_Stream7_IRQHandler
                        0x0800bfd1          Code  Wk  startup_stm32f2xx.o [1]
DMAEndOfTransfer        0x20006564     0x4  Data  Gb  stm322xg_eval_sdio_sd.o [1]
DMA_ClearFlag           0x08003769    0x24  Code  Gb  stm32f2xx_dma.o [1]
DMA_ClearITPendingBit   0x08003831    0x24  Code  Gb  stm32f2xx_dma.o [1]
DMA_Cmd                 0x08003737    0x1a  Code  Gb  stm32f2xx_dma.o [1]
DMA_DeInit              0x0800359d   0x142  Code  Gb  stm32f2xx_dma.o [1]
DMA_FlowControllerConfig
                        0x08003751    0x18  Code  Gb  stm32f2xx_dma.o [1]
DMA_GetITStatus         0x080037cf    0x62  Code  Gb  stm32f2xx_dma.o [1]
DMA_ITConfig            0x0800378d    0x42  Code  Gb  stm32f2xx_dma.o [1]
DMA_Init                0x080036df    0x58  Code  Gb  stm32f2xx_dma.o [1]
DebugMon_Handler        0x0800b47f     0x2  Code  Gb  stm32f2xx_it.o [1]
ETH_IRQHandler          0x0800bfad          Code  Wk  startup_stm32f2xx.o [1]
ETH_WKUP_IRQHandler     0x0800bfb1          Code  Wk  startup_stm32f2xx.o [1]
EXTI0_IRQHandler        0x0800bed1          Code  Wk  startup_stm32f2xx.o [1]
EXTI15_10_IRQHandler    0x0800bf59          Code  Wk  startup_stm32f2xx.o [1]
EXTI1_IRQHandler        0x0800bed5          Code  Wk  startup_stm32f2xx.o [1]
EXTI2_IRQHandler        0x0800bed9          Code  Wk  startup_stm32f2xx.o [1]
EXTI3_IRQHandler        0x0800bedd          Code  Wk  startup_stm32f2xx.o [1]
EXTI4_IRQHandler        0x0800bee1          Code  Wk  startup_stm32f2xx.o [1]
EXTI9_5_IRQHandler      0x0800b597    0x64  Code  Gb  stm32f2xx_it.o [1]
EXTI_ClearITPendingBit  0x08009fb1     0x6  Code  Gb  stm32f2xx_exti.o [1]
EXTI_GetITStatus        0x08009f89    0x28  Code  Gb  stm32f2xx_exti.o [1]
EXTI_Init               0x08009f01    0x88  Code  Gb  stm32f2xx_exti.o [1]
FIFO_Init               0x08008e65     0xc  Code  Gb  fifo.o [1]
FIFO_Post               0x08008e71    0x42  Code  Gb  fifo.o [1]
FLASH_IRQHandler        0x0800bec9          Code  Wk  startup_stm32f2xx.o [1]
FSMC_IRQHandler         0x0800bf79          Code  Wk  startup_stm32f2xx.o [1]
FSM_Dispatch            0x0800976f    0x2c  Code  Gb  fsm.o [1]
FSM_Init                0x08009759    0x16  Code  Gb  fsm.o [1]
FSM_ReservedEvts        0x20000200     0x4  Data  Lc  fsm.o [1]
FatFs                   0x2000654c     0x4  Data  Lc  ff.o [1]
FindSCR                 0x08002e99   0x1d4  Code  Lc  stm322xg_eval_sdio_sd.o [1]
Fsid                    0x200065d0     0x2  Data  Lc  ff.o [1]
GPIO_Init               0x08003475    0xaa  Code  Gb  stm32f2xx_gpio.o [1]
GPIO_PinAFConfig        0x08003539    0x5a  Code  Gb  stm32f2xx_gpio.o [1]
GPIO_ReadInputDataBit   0x0800351f    0x1a  Code  Gb  stm32f2xx_gpio.o [1]
HASH_RNG_IRQHandler     0x0800bff9          Code  Wk  startup_stm32f2xx.o [1]
HEAP$$Base              0x200085d8           --   Gb  - Linker created -
HEAP$$Limit             0x2000a5d8           --   Gb  - Linker created -
Handle_USBAsynchXfer    0x0800afdf    0xba  Code  Lc  usbd_cdc_core.o [1]
HardFault_Handler       0x0800b477     0x2  Code  Gb  stm32f2xx_it.o [1]
I2C1_ER_IRQHandler      0x0800bf39          Code  Wk  startup_stm32f2xx.o [1]
I2C1_EV_IRQHandler      0x0800bf35          Code  Wk  startup_stm32f2xx.o [1]
I2C2_ER_IRQHandler      0x0800bf41          Code  Wk  startup_stm32f2xx.o [1]
I2C2_EV_IRQHandler      0x0800bf3d          Code  Wk  startup_stm32f2xx.o [1]
I2C3_ER_IRQHandler      0x0800bfdd          Code  Wk  startup_stm32f2xx.o [1]
I2C3_EV_IRQHandler      0x0800bfd9          Code  Wk  startup_stm32f2xx.o [1]
IHM_GetPBQueuePointer   0x080090cf     0x4  Code  Gb  ihm.o [1]
IHM_Init                0x08008eb5   0x128  Code  Gb  ihm.o [1]
IHM_SetLed              0x08008fdd    0xf2  Code  Gb  ihm.o [1]
IHM_TaskCreate          0x080090d3    0x28  Code  Gb  ihm.o [1]
IVS_Curve2File          0x08008cb5   0x114  Code  Gb  ivs.o [1]
IVS_GetTimerMutex       0x08008a33     0x6  Code  Gb  ivs.o [1]
IVS_Get_Panel_Current   0x08008c63    0x1a  Code  Gb  ivs.o [1]
IVS_Get_Panel_Voltage   0x08008c2d    0x36  Code  Gb  ivs.o [1]
IVS_HAND_IDLE           0x080087e9    0x42  Code  Gb  ivs.o [1]
IVS_HAND_OPER           0x0800882d    0xce  Code  Gb  ivs.o [1]
IVS_Init                0x08008a39    0x7a  Code  Gb  ivs.o [1]
IVS_Perform_Curve       0x08008ab3    0x74  Code  Gb  ivs.o [1]
IVS_Post_Event          0x080088fb    0x1e  Code  Gb  ivs.o [1]
IVS_Process             0x08008919    0x22  Code  Gb  ivs.o [1]
IVS_RTCTick             0x08008b27    0xa4  Code  Gb  ivs.o [1]
IVS_Request_Point       0x08008c13    0x12  Code  Gb  ivs.o [1]
IVS_SetCurrent          0x08008c7d    0x38  Code  Gb  ivs.o [1]
IVS_StopCurve           0x08008e07    0x26  Code  Gb  ivs.o [1]
IVS_TaskCreate          0x0800893b    0x2a  Code  Gb  ivs.o [1]
IVS_TickFromISR         0x080089af    0x4e  Code  Gb  ivs.o [1]
IVS_TimeDifSeconds      0x08008bcb    0x48  Code  Gb  ivs.o [1]
IVS_TimerTaskCreate     0x08008965    0x2a  Code  Gb  ivs.o [1]
InStream_Read           0x0800bbe5    0x22  Code  Lc  packbits_init.o [5]
MemManage_Handler       0x0800b479     0x2  Code  Gb  stm32f2xx_it.o [1]
NMI_Handler             0x0800b475     0x2  Code  Gb  stm32f2xx_it.o [1]
NVIC_Init               0x080038cf    0x6a  Code  Gb  misc.o [1]
NVIC_PriorityGroupConfig
                        0x080038c5     0xa  Code  Gb  misc.o [1]
NVIC_SetVectorTable     0x08003939     0xc  Code  Gb  misc.o [1]
OTG_FS_IRQHandler       0x0800b67d     0xa  Code  Gb  stm32f2xx_it.o [1]
OTG_FS_WKUP_IRQHandler  0x0800b653    0x2a  Code  Gb  stm32f2xx_it.o [1]
OTG_HS_EP1_IN_IRQHandler
                        0x0800bfe5          Code  Wk  startup_stm32f2xx.o [1]
OTG_HS_EP1_OUT_IRQHandler
                        0x0800bfe1          Code  Wk  startup_stm32f2xx.o [1]
OTG_HS_IRQHandler       0x0800bfed          Code  Wk  startup_stm32f2xx.o [1]
OTG_HS_WKUP_IRQHandler  0x0800bfe9          Code  Wk  startup_stm32f2xx.o [1]
PID_Init                0x0800ab55    0x20  Code  Gb  pid.o [1]
PID_LockStatus          0x0800ab79    0x28  Code  Gb  pid.o [1]
PID_Process             0x0800aba1    0xa4  Code  Gb  pid.o [1]
PID_SetRefValue         0x0800ab75     0x4  Code  Gb  pid.o [1]
PVD_IRQHandler          0x0800bebd          Code  Wk  startup_stm32f2xx.o [1]
PWR_BackupAccessCmd     0x0800a7ed     0x8  Code  Gb  stm32f2xx_pwr.o [1]
RCA                     0x20006558     0x4  Data  Lc  stm322xg_eval_sdio_sd.o [1]
RCC_AHB1PeriphClockCmd  0x08003a6d    0x1e  Code  Gb  stm32f2xx_rcc.o [1]
RCC_AHB2PeriphClockCmd  0x08003a8b    0x1e  Code  Gb  stm32f2xx_rcc.o [1]
RCC_APB1PeriphClockCmd  0x08003aa9    0x1e  Code  Gb  stm32f2xx_rcc.o [1]
RCC_APB2PeriphClockCmd  0x08003ac7    0x1e  Code  Gb  stm32f2xx_rcc.o [1]
RCC_APB2PeriphResetCmd  0x08003ae5    0x1e  Code  Gb  stm32f2xx_rcc.o [1]
RCC_GetFlagStatus       0x08003b03    0x50  Code  Gb  stm32f2xx_rcc.o [1]
RCC_IRQHandler          0x0800becd          Code  Wk  startup_stm32f2xx.o [1]
RCC_LSEConfig           0x08003a01    0x34  Code  Gb  stm32f2xx_rcc.o [1]
RCC_RTCCLKCmd           0x08003a65     0x8  Code  Gb  stm32f2xx_rcc.o [1]
RCC_RTCCLKConfig        0x08003a35    0x30  Code  Gb  stm32f2xx_rcc.o [1]
RTC_Alarm_IRQHandler    0x0800b613    0x18  Code  Gb  stm32f2xx_it.o [1]
RTC_Bcd2ToByte          0x0800a7d7    0x16  Code  Lc  stm32f2xx_rtc.o [1]
RTC_ByteToBcd2          0x0800a7c1    0x16  Code  Lc  stm32f2xx_rtc.o [1]
RTC_ClearITPendingBit   0x0800a781    0x1e  Code  Gb  stm32f2xx_rtc.o [1]
RTC_DateStructure       0x20006548     0x4  Data  Gb  blrtc.o [1]
RTC_EnterInitMode       0x0800a301    0x5c  Code  Gb  stm32f2xx_rtc.o [1]
RTC_ExitInitMode        0x0800a35d    0x12  Code  Gb  stm32f2xx_rtc.o [1]
RTC_GetITStatus         0x0800a735    0x44  Code  Gb  stm32f2xx_rtc.o [1]
RTC_GetTime             0x0800a4a9    0x52  Code  Gb  stm32f2xx_rtc.o [1]
RTC_ITConfig            0x0800a6dd    0x54  Code  Gb  stm32f2xx_rtc.o [1]
RTC_Init                0x0800a28d    0x74  Code  Gb  stm32f2xx_rtc.o [1]
RTC_InitStructure       0x20006518     0xc  Data  Gb  blrtc.o [1]
RTC_ReadBackupRegister  0x0800a6c1    0x1c  Code  Gb  stm32f2xx_rtc.o [1]
RTC_SetDate             0x0800a4fb    0xcc  Code  Gb  stm32f2xx_rtc.o [1]
RTC_SetTime             0x0800a3d9    0xd0  Code  Gb  stm32f2xx_rtc.o [1]
RTC_SetWakeUpCounter    0x0800a5ff    0x20  Code  Gb  stm32f2xx_rtc.o [1]
RTC_TimeStructure       0x20006544     0x4  Data  Gb  blrtc.o [1]
RTC_WKUP_IRQHandler     0x0800b62b    0x18  Code  Gb  stm32f2xx_it.o [1]
RTC_WaitForSynchro      0x0800a36f    0x6a  Code  Gb  stm32f2xx_rtc.o [1]
RTC_WakeUpClockConfig   0x0800a5c7    0x38  Code  Gb  stm32f2xx_rtc.o [1]
RTC_WakeUpCmd           0x0800a61f    0x88  Code  Gb  stm32f2xx_rtc.o [1]
RTC_WriteBackupRegister
                        0x0800a6a7    0x1a  Code  Gb  stm32f2xx_rtc.o [1]
Region$$Table$$Base     0x0800bd4c           --   Gb  - Linker created -
Region$$Table$$Limit    0x0800bd78           --   Gb  - Linker created -
Reset_Handler           0x0800be35          Code  Wk  startup_stm32f2xx.o [1]
SDCardInfo              0x20006330    0x58  Data  Gb  stm322xg_eval_sdio_sd.o [1]
SDEnWideBus             0x08002d01   0x198  Code  Lc  stm322xg_eval_sdio_sd.o [1]
SDIO_ClearFlag          0x0800340d     0x6  Code  Gb  stm32f2xx_sdio.o [1]
SDIO_ClearITPendingBit  0x0800342d     0x6  Code  Gb  stm32f2xx_sdio.o [1]
SDIO_ClockCmd           0x0800333b     0x8  Code  Gb  stm32f2xx_sdio.o [1]
SDIO_CmdInitStructure   0x20006460    0x14  Data  Gb  stm322xg_eval_sdio_sd.o [1]
SDIO_DMACmd             0x080033cd     0x8  Code  Gb  stm32f2xx_sdio.o [1]
SDIO_DataConfig         0x08003399    0x2e  Code  Gb  stm32f2xx_sdio.o [1]
SDIO_DataInitStructure  0x20006448    0x18  Data  Gb  stm322xg_eval_sdio_sd.o [1]
SDIO_DeInit             0x080032f9    0x18  Code  Gb  stm32f2xx_sdio.o [1]
SDIO_GetCommandResponse
                        0x0800337b     0x8  Code  Gb  stm32f2xx_sdio.o [1]
SDIO_GetFlagStatus      0x080033f3    0x1a  Code  Gb  stm32f2xx_sdio.o [1]
SDIO_GetITStatus        0x08003413    0x1a  Code  Gb  stm32f2xx_sdio.o [1]
SDIO_GetPowerState      0x08003349     0xa  Code  Gb  stm32f2xx_sdio.o [1]
SDIO_GetResponse        0x08003383    0x16  Code  Gb  stm32f2xx_sdio.o [1]
SDIO_IRQHandler         0x0800b643     0x8  Code  Gb  stm32f2xx_it.o [1]
SDIO_ITConfig           0x080033d5    0x1e  Code  Gb  stm32f2xx_sdio.o [1]
SDIO_Init               0x08003311    0x2a  Code  Gb  stm32f2xx_sdio.o [1]
SDIO_InitStructure      0x20006430    0x18  Data  Gb  stm322xg_eval_sdio_sd.o [1]
SDIO_ReadData           0x080033c7     0x6  Code  Gb  stm32f2xx_sdio.o [1]
SDIO_SendCommand        0x08003353    0x28  Code  Gb  stm32f2xx_sdio.o [1]
SDIO_SetPowerState      0x08003343     0x6  Code  Gb  stm32f2xx_sdio.o [1]
SD_Detect               0x08001b41    0x24  Code  Gb  stm322xg_eval_sdio_sd.o [1]
SD_EnableWideBusOperation
                        0x08002323    0xc8  Code  Gb  stm322xg_eval_sdio_sd.o [1]
SD_GetCardInfo          0x08001f53   0x3d0  Code  Gb  stm322xg_eval_sdio_sd.o [1]
SD_GetState             0x08001b17    0x2a  Code  Gb  stm322xg_eval_sdio_sd.o [1]
SD_GetStatus            0x08001af5    0x22  Code  Gb  stm322xg_eval_sdio_sd.o [1]
SD_Init                 0x08001a41    0xb4  Code  Gb  stm322xg_eval_sdio_sd.o [1]
SD_InitializeCards      0x08001db1   0x1a2  Code  Gb  stm322xg_eval_sdio_sd.o [1]
SD_InterruptEnable      0x08003089    0x3c  Code  Gb  stm322xg_eval_sdio_sd.o [1]
SD_LowLevel_DMA_RxConfig
                        0x08003255    0x8e  Code  Gb  stm322xg_eval.o [1]
SD_LowLevel_DMA_TxConfig
                        0x080031bb    0x9a  Code  Gb  stm322xg_eval.o [1]
SD_LowLevel_Init        0x080030e9    0xd2  Code  Gb  stm322xg_eval.o [1]
SD_PowerON              0x08001b65   0x24c  Code  Gb  stm322xg_eval_sdio_sd.o [1]
SD_ProcessDMAIRQ        0x080029e5    0x22  Code  Gb  stm322xg_eval_sdio_sd.o [1]
SD_ProcessIRQSrc        0x08002937    0xae  Code  Gb  stm322xg_eval_sdio_sd.o [1]
SD_ReadMultiBlocks      0x08002423   0x138  Code  Gb  stm322xg_eval_sdio_sd.o [1]
SD_SelectDeselect       0x080023eb    0x38  Code  Gb  stm322xg_eval_sdio_sd.o [1]
SD_SendStatus           0x080028c9    0x6e  Code  Gb  stm322xg_eval_sdio_sd.o [1]
SD_StopTransfer         0x08002881    0x44  Code  Gb  stm322xg_eval_sdio_sd.o [1]
SD_WaitReadOperation    0x08002561    0x96  Code  Gb  stm322xg_eval_sdio_sd.o [1]
SD_WaitWriteOperation   0x080027e5    0x96  Code  Gb  stm322xg_eval_sdio_sd.o [1]
SD_WriteMultiBlocks     0x0800260d   0x1ce  Code  Gb  stm322xg_eval_sdio_sd.o [1]
SET_TEST_MODE           0x200065bc     0x4  Data  Gb  usbd_core.o [1]
SPI1_IRQHandler         0x0800bf45          Code  Wk  startup_stm32f2xx.o [1]
SPI2_IRQHandler         0x0800bf49          Code  Wk  startup_stm32f2xx.o [1]
SPI3_IRQHandler         0x0800bf85          Code  Wk  startup_stm32f2xx.o [1]
SYSCFG_EXTILineConfig   0x08009ead    0x50  Code  Gb  stm32f2xx_syscfg.o [1]
SetSysClock             0x0800b963    0xb6  Code  Lc  system_stm32f2xx.o [1]
StopCondition           0x2000655c     0x4  Data  Gb  stm322xg_eval_sdio_sd.o [1]
SysTick_CLKSourceConfig
                        0x08003945    0x20  Code  Gb  misc.o [1]
SystemCoreClock         0x2000020c     0x4  Data  Gb  system_stm32f2xx.o [1]
SystemInit              0x0800b91d    0x46  Code  Gb  system_stm32f2xx.o [1]
TAMP_STAMP_IRQHandler   0x0800bec1          Code  Wk  startup_stm32f2xx.o [1]
TIM1_BRK_TIM9_IRQHandler
                        0x0800bf19          Code  Wk  startup_stm32f2xx.o [1]
TIM1_CC_IRQHandler      0x0800b481    0xde  Code  Gb  stm32f2xx_it.o [1]
TIM1_TRG_COM_TIM11_IRQHandler
                        0x0800bf21          Code  Wk  startup_stm32f2xx.o [1]
TIM1_UP_TIM10_IRQHandler
                        0x0800bf1d          Code  Wk  startup_stm32f2xx.o [1]
TIM2_IRQHandler         0x0800bf29          Code  Wk  startup_stm32f2xx.o [1]
TIM3_IRQHandler         0x0800bf2d          Code  Wk  startup_stm32f2xx.o [1]
TIM4_IRQHandler         0x0800bf31          Code  Wk  startup_stm32f2xx.o [1]
TIM5_IRQHandler         0x0800bf81          Code  Wk  startup_stm32f2xx.o [1]
TIM6_DAC_IRQHandler     0x0800bf91          Code  Wk  startup_stm32f2xx.o [1]
TIM7_IRQHandler         0x0800bf95          Code  Wk  startup_stm32f2xx.o [1]
TIM8_BRK_TIM12_IRQHandler
                        0x0800bf65          Code  Wk  startup_stm32f2xx.o [1]
TIM8_CC_IRQHandler      0x0800b55f    0x38  Code  Gb  stm32f2xx_it.o [1]
TIM8_TRG_COM_TIM14_IRQHandler
                        0x0800bf6d          Code  Wk  startup_stm32f2xx.o [1]
TIM8_UP_TIM13_IRQHandler
                        0x0800bf69          Code  Wk  startup_stm32f2xx.o [1]
TIM8_tick               0x0800b74d    0x14  Code  Gb  timer.o [1]
TIMER8_OutputcompareCh2Init
                        0x0800b6b9    0x94  Code  Gb  timer.o [1]
TIMER_GetCaptureCh2Struct
                        0x0800b6b5     0x4  Code  Gb  timer.o [1]
TIMER_GetIrGenStruct    0x0800b6b1     0x4  Code  Gb  timer.o [1]
TIM_ClearITPendingBit   0x0800b915     0x8  Code  Gb  stm32f2xx_tim.o [1]
TIM_Cmd                 0x0800b7e3    0x1c  Code  Gb  stm32f2xx_tim.o [1]
TIM_GetCapture2         0x0800b8c5     0x4  Code  Gb  stm32f2xx_tim.o [1]
TIM_GetCapture3         0x0800b8c9     0x4  Code  Gb  stm32f2xx_tim.o [1]
TIM_GetITStatus         0x0800b8e3    0x32  Code  Gb  stm32f2xx_tim.o [1]
TIM_ITConfig            0x0800b8cd    0x16  Code  Gb  stm32f2xx_tim.o [1]
TIM_OC2Init             0x0800b7ff    0x8c  Code  Gb  stm32f2xx_tim.o [1]
TIM_OC2PreloadConfig    0x0800b8b1    0x14  Code  Gb  stm32f2xx_tim.o [1]
TIM_SetCompare2         0x0800b8a9     0x4  Code  Gb  stm32f2xx_tim.o [1]
TIM_SetCompare3         0x0800b8ad     0x4  Code  Gb  stm32f2xx_tim.o [1]
TIM_TimeBaseInit        0x0800b779    0x6a  Code  Gb  stm32f2xx_tim.o [1]
TransferEnd             0x20006560     0x4  Data  Gb  stm322xg_eval_sdio_sd.o [1]
TransferError           0x200065d3     0x1  Data  Gb  stm322xg_eval_sdio_sd.o [1]
UART4_IRQHandler        0x0800bf89          Code  Wk  startup_stm32f2xx.o [1]
UART5_IRQHandler        0x0800bf8d          Code  Wk  startup_stm32f2xx.o [1]
USART1_IRQHandler       0x0800bf4d          Code  Wk  startup_stm32f2xx.o [1]
USART2_IRQHandler       0x0800bf51          Code  Wk  startup_stm32f2xx.o [1]
USART3_IRQHandler       0x0800b463     0x2  Code  Gb  usbd_cdc_vcp.o [1]
USART6_IRQHandler       0x0800bfd5          Code  Wk  startup_stm32f2xx.o [1]
USBD_CDC_cb             0x20000140    0x2c  Data  Gb  usbd_cdc_core.o [1]
USBD_ClrCfg             0x08008775    0x18  Code  Gb  usbd_core.o [1]
USBD_ClrFeature         0x08007ff1    0x3a  Code  Lc  usbd_req.o [1]
USBD_CtlContinueRx      0x08008165    0x1e  Code  Gb  usbd_ioreq.o [1]
USBD_CtlContinueSendData
                        0x08008117    0x1e  Code  Gb  usbd_ioreq.o [1]
USBD_CtlError           0x0800806f    0x1e  Code  Gb  usbd_req.o [1]
USBD_CtlPrepareRx       0x08008135    0x30  Code  Gb  usbd_ioreq.o [1]
USBD_CtlReceiveStatus   0x080081a7    0x24  Code  Gb  usbd_ioreq.o [1]
USBD_CtlSendData        0x080080e7    0x30  Code  Gb  usbd_ioreq.o [1]
USBD_CtlSendStatus      0x08008183    0x24  Code  Gb  usbd_ioreq.o [1]
USBD_DCD_INT_cb         0x2000016c    0x2c  Data  Gb  usbd_core.o [1]
USBD_DCD_INT_fops       0x20000218     0x4  Data  Gb  usbd_core.o [1]
USBD_DataInStage        0x080085e7    0xd2  Code  Lc  usbd_core.o [1]
USBD_DataOutStage       0x0800854d    0x9a  Code  Lc  usbd_core.o [1]
USBD_DeInit             0x080084f5     0x6  Code  Gb  usbd_core.o [1]
USBD_DevConnected       0x080087b1    0x16  Code  Lc  usbd_core.o [1]
USBD_DevDisconnected    0x080087c7    0x22  Code  Lc  usbd_core.o [1]
USBD_DeviceDesc         0x200001e4    0x14  Data  Gb  usbd_desc.o [1]
USBD_GetConfig          0x08007ec3    0x48  Code  Lc  usbd_req.o [1]
USBD_GetDescriptor      0x08007c67   0x136  Code  Lc  usbd_req.o [1]
USBD_GetLen             0x080080d3    0x14  Code  Lc  usbd_req.o [1]
USBD_GetStatus          0x08007f0b    0x40  Code  Lc  usbd_req.o [1]
USBD_GetString          0x0800808d    0x46  Code  Gb  usbd_req.o [1]
USBD_Init               0x080084b1    0x44  Code  Gb  usbd_core.o [1]
USBD_IsoINIncomplete    0x0800878d    0x12  Code  Lc  usbd_core.o [1]
USBD_IsoOUTIncomplete   0x0800879f    0x12  Code  Lc  usbd_core.o [1]
USBD_LangIDDesc         0x2000021c     0x4  Data  Gb  usbd_desc.o [1]
USBD_OTG_ISR_Handler    0x08007345   0x10e  Code  Gb  usb_dcd_int.o [1]
USBD_ParseSetupRequest  0x0800802b    0x44  Code  Gb  usbd_req.o [1]
USBD_Reset              0x080086cd    0x30  Code  Lc  usbd_core.o [1]
USBD_Resume             0x080086fd    0x1e  Code  Lc  usbd_core.o [1]
USBD_RunTestMode        0x080086b9     0xe  Code  Lc  usbd_core.o [1]
USBD_SOF                0x08008739    0x1c  Code  Lc  usbd_core.o [1]
USBD_SetAddress         0x08007d9d    0x60  Code  Lc  usbd_req.o [1]
USBD_SetCfg             0x08008755    0x20  Code  Gb  usbd_core.o [1]
USBD_SetConfig          0x08007dfd    0xc6  Code  Lc  usbd_req.o [1]
USBD_SetFeature         0x08007f4b    0x90  Code  Lc  usbd_req.o [1]
USBD_SetupStage         0x080084fb    0x52  Code  Lc  usbd_core.o [1]
USBD_StdDevReq          0x08007a29    0x7c  Code  Gb  usbd_req.o [1]
USBD_StdEPReq           0x08007af3   0x174  Code  Gb  usbd_req.o [1]
USBD_StdItfReq          0x08007aa5    0x4e  Code  Gb  usbd_req.o [1]
USBD_StrDesc            0x200060b8   0x100  Data  Gb  usbd_req.o [1]
USBD_Suspend            0x0800871b    0x1e  Code  Lc  usbd_core.o [1]
USBD_USR_ConfigStrDescriptor
                        0x0800bab5    0x26  Code  Gb  usbd_desc.o [1]
USBD_USR_DeviceConfigured
                        0x080030df     0x2  Code  Gb  usbd_usr.o [1]
USBD_USR_DeviceConnected
                        0x080030e5     0x2  Code  Gb  usbd_usr.o [1]
USBD_USR_DeviceDescriptor
                        0x0800ba41     0xa  Code  Gb  usbd_desc.o [1]
USBD_USR_DeviceDisconnected
                        0x080030e7     0x2  Code  Gb  usbd_usr.o [1]
USBD_USR_DeviceReset    0x080030dd     0x2  Code  Gb  usbd_usr.o [1]
USBD_USR_DeviceResumed  0x080030e3     0x2  Code  Gb  usbd_usr.o [1]
USBD_USR_DeviceSuspended
                        0x080030e1     0x2  Code  Gb  usbd_usr.o [1]
USBD_USR_Init           0x080030db     0x2  Code  Gb  usbd_usr.o [1]
USBD_USR_InterfaceStrDescriptor
                        0x0800badb    0x26  Code  Gb  usbd_desc.o [1]
USBD_USR_LangIDStrDescriptor
                        0x0800ba4b     0xa  Code  Gb  usbd_desc.o [1]
USBD_USR_ManufacturerStrDescriptor
                        0x0800ba7b    0x14  Code  Gb  usbd_desc.o [1]
USBD_USR_ProductStrDescriptor
                        0x0800ba55    0x26  Code  Gb  usbd_desc.o [1]
USBD_USR_SerialStrDescriptor
                        0x0800ba8f    0x26  Code  Gb  usbd_desc.o [1]
USBD_cdc_GetCfgDesc     0x0800b099     0xa  Code  Lc  usbd_cdc_core.o [1]
USBD_cfg_status         0x200065c8     0x4  Data  Gb  usbd_req.o [1]
USBD_default_cfg        0x200065c4     0x4  Data  Gb  usbd_req.o [1]
USBD_ep_status          0x200065c0     0x4  Data  Gb  usbd_req.o [1]
USBP_HAND_DATA_SIZE     0x0800b159    0x50  Code  Gb  usbp.o [1]
USBP_HAND_ID            0x0800b119    0x40  Code  Gb  usbp.o [1]
USBP_HAND_IDLE          0x0800b0e5    0x32  Code  Gb  usbp.o [1]
USBP_HAND_VERSION       0x0800b1a9    0x4c  Code  Gb  usbp.o [1]
USBP_HandleVersionRequest
                        0x0800b1f5    0x5e  Code  Gb  usbp.o [1]
USBP_Init               0x0800b2d7    0x22  Code  Gb  usbp.o [1]
USBP_Post_EventFromISR  0x0800b253    0x30  Code  Gb  usbp.o [1]
USBP_Process            0x0800b283    0x1e  Code  Gb  usbp.o [1]
USBP_ProcessDataFromISR
                        0x0800b2f9    0x1a  Code  Gb  usbp.o [1]
USBP_TaskCreate         0x0800b2a1    0x28  Code  Gb  usbp.o [1]
USB_OTG_BSP_EnableInterrupt
                        0x08006501    0x2e  Code  Gb  usb_bsp.o [1]
USB_OTG_BSP_Init        0x08006449    0xb4  Code  Gb  usb_bsp.o [1]
USB_OTG_BSP_mDelay      0x08006547    0x12  Code  Gb  usb_bsp.o [1]
USB_OTG_BSP_uDelay      0x0800652f    0x18  Code  Gb  usb_bsp.o [1]
USB_OTG_CoreInit        0x08005ac9    0xca  Code  Gb  usb_core.o [1]
USB_OTG_CoreInitDev     0x08005ce3   0x1b2  Code  Gb  usb_core.o [1]
USB_OTG_CoreReset       0x08005913    0x60  Code  Lc  usb_core.o [1]
USB_OTG_DisableGlobalInt
                        0x08005bb1    0x1e  Code  Gb  usb_core.o [1]
USB_OTG_EP0Activate     0x08005f2b    0x50  Code  Gb  usb_core.o [1]
USB_OTG_EP0StartXfer    0x080061d9   0x12c  Code  Gb  usb_core.o [1]
USB_OTG_EP0_OutStart    0x080063cf    0x52  Code  Gb  usb_core.o [1]
USB_OTG_EPActivate      0x08005f7b    0x7a  Code  Gb  usb_core.o [1]
USB_OTG_EPClearStall    0x0800634f    0x46  Code  Gb  usb_core.o [1]
USB_OTG_EPDeactivate    0x08005ff5    0x58  Code  Gb  usb_core.o [1]
USB_OTG_EPSetStall      0x08006305    0x4a  Code  Gb  usb_core.o [1]
USB_OTG_EPStartXfer     0x0800604d   0x18c  Code  Gb  usb_core.o [1]
USB_OTG_EnableCommonInt
                        0x080058f1    0x22  Code  Lc  usb_core.o [1]
USB_OTG_EnableDevInt    0x08005e95    0x62  Code  Gb  usb_core.o [1]
USB_OTG_EnableGlobalInt
                        0x08005b93    0x1e  Code  Gb  usb_core.o [1]
USB_OTG_FlushRxFifo     0x08005c17    0x40  Code  Gb  usb_core.o [1]
USB_OTG_FlushTxFifo     0x08005bcf    0x48  Code  Gb  usb_core.o [1]
USB_OTG_GetDeviceSpeed  0x08005ef7    0x34  Code  Gb  usb_core.o [1]
USB_OTG_GetMode         0x08005c9d     0xa  Code  Gb  usb_core.o [1]
USB_OTG_InitDevSpeed    0x08005cd1    0x12  Code  Gb  usb_core.o [1]
USB_OTG_IsDeviceMode    0x08005ca7    0x18  Code  Gb  usb_core.o [1]
USB_OTG_ReadCoreItr     0x08005cbf    0x12  Code  Gb  usb_core.o [1]
USB_OTG_ReadDevAllInEPItr
                        0x080063bd    0x12  Code  Gb  usb_core.o [1]
USB_OTG_ReadDevAllOutEp_itr
                        0x08006395    0x12  Code  Gb  usb_core.o [1]
USB_OTG_ReadDevOutEP_itr
                        0x080063a7    0x16  Code  Gb  usb_core.o [1]
USB_OTG_ReadPacket      0x080059bb    0x2c  Code  Gb  usb_core.o [1]
USB_OTG_SelectCore      0x080059e7    0xe2  Code  Gb  usb_core.o [1]
USB_OTG_SetCurrentMode  0x08005c61    0x3c  Code  Gb  usb_core.o [1]
USB_OTG_UngateClock     0x08006421    0x26  Code  Gb  usb_core.o [1]
USB_OTG_WritePacket     0x08005973    0x48  Code  Gb  usb_core.o [1]
USB_OTG_dev             0x20005ac4   0x5f4  Data  Gb  main.o [1]
USB_Rx_Buffer           0x200063d8    0x40  Data  Gb  usbd_cdc_core.o [1]
USB_SendPacket          0x0800b465    0x10  Code  Gb  usbd_cdc_vcp.o [1]
USB_Tx_State            0x200065d4     0x1  Data  Gb  usbd_cdc_core.o [1]
USR_cb                  0x200001b4    0x1c  Data  Gb  usbd_usr.o [1]
USR_desc                0x20000198    0x1c  Data  Gb  usbd_desc.o [1]
UsageFault_Handler      0x0800b47d     0x2  Code  Gb  stm32f2xx_it.o [1]
VCP_COMConfig           0x0800b45d     0x6  Code  Lc  usbd_cdc_vcp.o [1]
VCP_Ctrl                0x0800b335    0xa6  Code  Lc  usbd_cdc_vcp.o [1]
VCP_DataRx              0x0800b441    0x1c  Code  Lc  usbd_cdc_vcp.o [1]
VCP_DataTx              0x0800b3db    0x5a  Code  Lc  usbd_cdc_vcp.o [1]
VCP_DeInit              0x0800b331     0x4  Code  Lc  usbd_cdc_vcp.o [1]
VCP_Init                0x0800b32d     0x4  Code  Lc  usbd_cdc_vcp.o [1]
VCP_fops                0x200001d0    0x14  Data  Gb  usbd_cdc_vcp.o [1]
WWDG_IRQHandler         0x0800beb9          Code  Wk  startup_stm32f2xx.o [1]
_EncodingSb_Mbtowc      0x080057a3    0x30  Code  Gb  xencoding_sb.o [3]
_EncodingSb_Wctomb      0x08005789    0x1a  Code  Gb  xencoding_sb.o [3]
_GenldFull              0x080049b5   0x248  Code  Lc  xprintffull.o [3]
_IsdstStr               0x2000008c     0x4  Data  Gb  setlocale.o [3]
_LdtobFull              0x080045ed   0x3c2  Code  Lc  xprintffull.o [3]
_LitobFull              0x0800448f   0x10c  Code  Lc  xprintffull.o [3]
_LocaleEncoding         0x08005775     0xe  Code  Gb  setlocale.o [3]
_LocaleReturnString     0x200000ac    0x50  Data  Lc  setlocale.o [3]
_Locale_Profile         0x20000090    0x1c  Data  Gb  setlocale.o [3]
_Locale_aeabi_lconv     0x20000050    0x38  Data  Gb  localeconv.o [3]
_Locale_lconv           0x20000000    0x50  Data  Gb  localeconv.o [3]
_Mbtowc                 0x08004c47    0x20  Code  Gb  xmbtowc.o [3]
_PrintfFull             0x08003b81   0x5b6  Code  Gb  xprintffull.o [3]
_PutcharsFull           0x08004bfd    0x2e  Code  Lc  xprintffull.o [3]
_PutstrFull             0x0800414d   0x33c  Code  Lc  xprintffull.o [3]
_SProut                 0x08003593     0xa  Code  Gb  xsprout.o [3]
_TzoneStr               0x20000088     0x4  Data  Gb  setlocale.o [3]
_Wctomb                 0x08004dcd    0x1a  Code  Gb  xwctomb.o [3]
__aeabi_cdcmple         0x0800513d          Code  Gb  DblCmpLe.o [4]
__aeabi_cdrcmple        0x0800516d          Code  Gb  DblCmpGe.o [4]
__aeabi_d2iz            0x080052a9          Code  Gb  DblToI32.o [4]
__aeabi_d2uiz           0x080052d5          Code  Gb  DblToI32.o [4]
__aeabi_ddiv            0x080054b1          Code  Gb  DblDiv.o [4]
__aeabi_dmul            0x08004f59          Code  Gb  DblMul.o [4]
__aeabi_dsub            0x08005331          Code  Gb  DblSub.o [4]
__aeabi_f2iz            0x08009be9          Code  Gb  FltToS32.o [4]
__aeabi_fadd            0x0800ac49          Code  Gb  FltAdd.o [4]
__aeabi_fdiv            0x08009c2d          Code  Gb  FltDiv.o [4]
__aeabi_fmul            0x08009b11          Code  Gb  FltMul.o [4]
__aeabi_i2d             0x08005301          Code  Gb  I32ToDbl.o [4]
__aeabi_i2f             0x08009add          Code  Gb  I32ToFlt.o [4]
__aeabi_ldiv0           0x08005815          Code  Gb  I64DivZer.o [5]
__aeabi_memcpy          0x08003989          Code  Gb  ABImemcpy.o [5]
__aeabi_memcpy4         0x080039a9          Code  Gb  ABImemcpy.o [5]
__aeabi_memcpy8         0x080039a9          Code  Gb  ABImemcpy.o [5]
__aeabi_memset          0x0800aaed          Code  Gb  ABImemset.o [5]
__aeabi_ui2d            0x08005315          Code  Gb  I32ToDbl.o [4]
__aeabi_ui2f            0x08009af1          Code  Gb  I32ToFlt.o [4]
__aeabi_uldivmod        0x08004e69          Code  Gb  I64DivMod.o [5]
__cmain                 0x0800bdb5          Code  Gb  cmain.o [5]
__data_Aldata           0x2000653c     0x8  Data  Gb  xxmemxmalloc.o [3]
__data_GetMemChunk      0x080057e9    0x2c  Code  Gb  xgetmemchunk.o [3]
__exit                  0x0800bc9d    0x14  Code  Gb  exit.o [6]
__iar_Dnorm             0x080050fb    0x42  Code  Gb  xdnorm.o [4]
__iar_Dscale            0x0800519d   0x10c  Code  Gb  xdscale.o [4]
__iar_Locale_lconv_init
                        0x080056f9    0x3a  Code  Gb  localeconv.o [3]
__iar_Mbcurmax          0x08004d11     0xa  Code  Gb  xmbcurmax.o [3]
__iar_Memchr            0x08004cb9          Code  Gb  memchr.o [5]
__iar_Memset            0x0800aaed          Code  Gb  ABImemset.o [5]
__iar_Memset_word       0x0800aaf5          Code  Gb  ABImemset.o [5]
__iar_Strchr            0x08004c69          Code  Gb  strchr.o [5]
__iar_d2uiz             0x080052e1          Code  Gb  DblToI32.o [4]
__iar_dadd              0x08005819          Code  Gb  DblAdd.o [4]
__iar_data_init3        0x0800bcdd    0x28  Code  Gb  data_init.o [5]
__iar_dlib_perthread_access
                        0x080058ed     0x2  Code  Gb  xtls.o [3]
__iar_dsub              0x08005345          Code  Gb  DblSub.o [4]
__iar_dsubStart         0x08005357          Code  Gb  DblSub.o [4]
__iar_fadd              0x0800ac59          Code  Gb  FltAdd.o [4]
__iar_fsub              0x0800accd          Code  Gb  FltSub.o [4]
__iar_fsubStart         0x0800acdd          Code  Gb  FltSub.o [4]
__iar_packbits_init3    0x0800bc07    0x8e  Code  Gb  packbits_init.o [5]
__iar_program_start     0x0800be69          Code  Gb  cstartup_M.o [5]
__iar_ui2d              0x08005319          Code  Gb  I32ToDbl.o [4]
__iar_ui2f              0x08009af5          Code  Gb  I32ToFlt.o [4]
__iar_zero_init3        0x0800185f    0x22  Code  Gb  zero_init3.o [5]
__low_level_init        0x0800bdcb     0x4  Code  Gb  low_level_init.o [3]
__vector_table          0x08000000          Data  Gb  startup_stm32f2xx.o [1]
_call_main              0x0800bdc1          Code  Gb  cmain.o [5]
_exit                   0x0800bdd5          Code  Gb  cexit.o [5]
_main                   0x0800bdc7          Code  Gb  cmain.o [5]
abort                   0x0800bc95     0x6  Code  Gb  abort.o [3]
adc12_dma_buffer        0x2000650c     0xc  Data  Lc  adc12.o [1]
adc12_vref              0x20000224     0x2  Data  Lc  adc12.o [1]
capture                 0x20006568     0x4  Data  Gb  stm32f2xx_it.o [1]
capture_ch2             0x200064d8    0x14  Data  Gb  timer.o [1]
cdcCmd                  0x20000214     0x4  Data  Lc  usbd_cdc_core.o [1]
cdcLen                  0x200065b4     0x4  Data  Lc  usbd_cdc_core.o [1]
check_fs                0x08000c7d    0x7a  Code  Lc  ff.o [1]
chk_chr                 0x080001db    0x14  Code  Lc  ff.o [1]
chk_mounted             0x08000cf7   0x444  Code  Lc  ff.o [1]
clust2sect              0x0800033f    0x1a  Code  Gb  ff.o [1]
create_chain            0x0800062d    0xdc  Code  Lc  ff.o [1]
create_name             0x080009e9   0x1d6  Code  Lc  ff.o [1]
dir_find                0x080008ff    0x68  Code  Lc  ff.o [1]
dir_next                0x080007bf   0x140  Code  Lc  ff.o [1]
dir_register            0x08000967    0x82  Code  Lc  ff.o [1]
dir_sdi                 0x08000709    0xb6  Code  Lc  ff.o [1]
disk_initialize         0x08001881    0x22  Code  Gb  sdio-stm32f2.o [1]
disk_ioctl              0x08001a2f     0x6  Code  Gb  sdio-stm32f2.o [1]
disk_read               0x080018bb    0xba  Code  Gb  sdio-stm32f2.o [1]
disk_status             0x080018a3    0x18  Code  Gb  sdio-stm32f2.o [1]
disk_write              0x08001975    0xba  Code  Gb  sdio-stm32f2.o [1]
div                     0x08005765     0xe  Code  Gb  div.o [3]
dl                      0x200062ec    0x44  Data  Gb  dynload.o [1]
exit                    0x0800bdcf     0x4  Code  Gb  exit.o [3]
f_close                 0x08001651    0x1c  Code  Gb  ff.o [1]
f_lseek                 0x08001685   0x1da  Code  Gb  ff.o [1]
f_mount                 0x08001169    0x36  Code  Gb  ff.o [1]
f_open                  0x080011a5   0x1a6  Code  Gb  ff.o [1]
f_sync                  0x0800158d    0xc4  Code  Gb  ff.o [1]
f_write                 0x0800134b   0x242  Code  Gb  ff.o [1]
follow_path             0x08000bbf    0xbe  Code  Lc  ff.o [1]
free                    0x08004de9    0x7a  Code  Gb  xxmemxfree.o [3]
fw_string               0x20000220     0x4  Data  Gb  usbp.o [1]
get_fat                 0x08000359    0xfe  Code  Gb  ff.o [1]
get_fattime             0x08001a35     0x4  Code  Gb  sdio-stm32f2.o [1]
heapSTRUCT_SIZE         0x080039fe     0x2  Data  Lc  heap_2.o [1]
ihm                     0x20006418    0x18  Data  Gb  ihm.o [1]
ir_gen                  0x200061b8    0xd0  Data  Gb  timer.o [1]
ivs_tracer              0x20004628   0xc9c  Data  Lc  ivs.o [1]
linecoding              0x200001f8     0x8  Data  Gb  usbd_cdc_vcp.o [1]
localeconv              0x08005733    0x16  Code  Gb  localeconv.o [3]
main                    0x0800bb29    0x70  Code  Gb  main.o [1]
malloc                  0x08004d1d    0xac  Code  Gb  xxmemxmalloc.o [3]
mem_cmp                 0x080001b7    0x24  Code  Lc  ff.o [1]
mem_cpy                 0x08000185    0x1c  Code  Lc  ff.o [1]
mem_set                 0x080001a1    0x16  Code  Lc  ff.o [1]
memchr                  0x08004cb9          Code  Gb  memchr.o [5]
memcpy                  0x080030c5    0x16  Code  Gb  sdio-stm32f2.o [1]
memset                  0x08009e61    0x16  Code  Gb  ivs.o [1]
move_window             0x080001ef    0x78  Code  Lc  ff.o [1]
prvAddCurrentTaskToDelayedList
                        0x08006e1b    0x3e  Code  Lc  tasks.o [1]
prvAllocateTCBAndStack  0x08006e61    0x38  Code  Lc  tasks.o [1]
prvCheckTasksWaitingTermination
                        0x08006dbf    0x5c  Code  Lc  tasks.o [1]
prvCopyDataFromQueue    0x08009681    0x2c  Code  Lc  queue.o [1]
prvCopyDataToQueue      0x080095ff    0x82  Code  Lc  queue.o [1]
prvDeleteTCB            0x08006e99    0x12  Code  Lc  tasks.o [1]
prvHeapInit             0x080072ff    0x2e  Code  Lc  heap_2.o [1]
prvIdleTask             0x08006d05    0x16  Code  Lc  tasks.o [1]
prvInitialiseTCBVariables
                        0x08006d1b    0x5e  Code  Lc  tasks.o [1]
prvInitialiseTaskLists  0x08006d79    0x46  Code  Lc  tasks.o [1]
prvIsQueueEmpty         0x08009717    0x20  Code  Lc  queue.o [1]
prvIsQueueFull          0x08009737    0x22  Code  Lc  queue.o [1]
prvResetNextTaskUnblockTime
                        0x08006eab    0x26  Code  Lc  tasks.o [1]
prvTaskExitError        0x08007005     0x8  Code  Lc  port.o [1]
prvTaskIsTaskSuspended  0x0800685d    0x2a  Code  Lc  tasks.o [1]
prvUnlockQueue          0x080096ad    0x6a  Code  Lc  queue.o [1]
put_fat                 0x08000457   0x164  Code  Gb  ff.o [1]
pvPortMalloc            0x080071f9    0xc2  Code  Gb  heap_2.o [1]
pxCurrentTCB            0x2000656c     0x4  Data  Gb  tasks.o [1]
pxDelayedTaskList       0x20006570     0x4  Data  Lc  tasks.o [1]
pxOverflowDelayedTaskList
                        0x20006574     0x4  Data  Lc  tasks.o [1]
pxPortInitialiseStack   0x08006fe9    0x1c  Code  Gb  port.o [1]
pxReadyTasksLists       0x20006288    0x64  Data  Lc  tasks.o [1]
remove_chain            0x080005bb    0x72  Code  Lc  ff.o [1]
scale                   0x080045a1    0x46  Code  Lc  xprintffull.o [3]
sprintf                 0x08009e79    0x34  Code  Gb  sprintf.o [3]
strchr                  0x08004c69          Code  Gb  strchr.o [5]
strlen                  0x08004c81          Code  Gb  strlen.o [5]
sync                    0x08000267    0xd8  Code  Lc  ff.o [1]
tim8_tick               0x200065a0     0x4  Data  Lc  timer.o [1]
time2string             0x08008dc9    0x3e  Code  Gb  ivs.o [1]
ucHeap                  0x20000228  0x4400  Data  Lc  heap_2.o [1]
ulPortSetInterruptMask  0x080071a7          Code  Gb  portasm.o [1]
usbd_cdc_AltSet         0x200065a4     0x4  Data  Lc  usbd_cdc_core.o [1]
usbd_cdc_CfgDesc        0x200000fc    0x44  Data  Gb  usbd_cdc_core.o [1]
usbd_cdc_DataIn         0x0800af11    0x7c  Code  Lc  usbd_cdc_core.o [1]
usbd_cdc_DataOut        0x0800af8d    0x30  Code  Lc  usbd_cdc_core.o [1]
usbd_cdc_DeInit         0x0800adf1    0x28  Code  Lc  usbd_cdc_core.o [1]
usbd_cdc_EP0_RxReady    0x0800aeeb    0x26  Code  Lc  usbd_cdc_core.o [1]
usbd_cdc_Init           0x0800ada5    0x4c  Code  Lc  usbd_cdc_core.o [1]
usbd_cdc_SOF            0x0800afbd    0x22  Code  Lc  usbd_cdc_core.o [1]
usbd_cdc_Setup          0x0800ae19    0xd2  Code  Lc  usbd_cdc_core.o [1]
usbp                    0x20006388    0x50  Data  Gb  usbp.o [1]
uxCriticalNesting       0x20000208     0x4  Data  Lc  port.o [1]
uxCurrentNumberOfTasks  0x2000657c     0x4  Data  Lc  tasks.o [1]
uxListRemove            0x0800713f    0x28  Code  Gb  list.o [1]
uxPendedTicks           0x2000658c     0x4  Data  Lc  tasks.o [1]
uxSchedulerSuspended    0x2000659c     0x4  Data  Lc  tasks.o [1]
uxTaskNumber            0x20006598     0x4  Data  Lc  tasks.o [1]
uxTasksDeleted          0x20006578     0x4  Data  Lc  tasks.o [1]
uxTopReadyPriority      0x20006584     0x4  Data  Lc  tasks.o [1]
vDLTask                 0x0800a231     0xa  Code  Lc  dynload.o [1]
vIHMTask                0x080090fd    0xc0  Code  Lc  ihm.o [1]
vIVSTask                0x080089fd    0x36  Code  Lc  ivs.o [1]
vIVSTimerTask           0x08008991    0x1e  Code  Lc  ivs.o [1]
vListInitialise         0x080070c9    0x1e  Code  Gb  list.o [1]
vListInitialiseItem     0x080070e7     0x6  Code  Gb  list.o [1]
vListInsert             0x08007105    0x3a  Code  Gb  list.o [1]
vListInsertEnd          0x080070ed    0x18  Code  Gb  list.o [1]
vPortClearInterruptMask
                        0x080071b5          Code  Gb  portasm.o [1]
vPortEnterCritical      0x0800704b    0x1a  Code  Gb  port.o [1]
vPortExitCritical       0x08007065    0x1c  Code  Gb  port.o [1]
vPortFree               0x080072bb    0x44  Code  Gb  heap_2.o [1]
vPortSVCHandler         0x080071bb          Code  Gb  portasm.o [1]
vPortSetupTimerInterrupt
                        0x080070a1     0xe  Code  Wk  port.o [1]
vPortStartFirstTask     0x080071db          Code  Gb  portasm.o [1]
vPortYield              0x08007039    0x12  Code  Gb  port.o [1]
vTaskDelayUntil         0x0800667f    0x70  Code  Gb  tasks.o [1]
vTaskMissedYield        0x08006cf9     0x8  Code  Gb  tasks.o [1]
vTaskPlaceOnEventList   0x08006bc7    0x4c  Code  Gb  tasks.o [1]
vTaskPriorityDisinherit
                        0x08006f5d    0x4c  Code  Gb  tasks.o [1]
vTaskPriorityInherit    0x08006ee1    0x72  Code  Gb  tasks.o [1]
vTaskPrioritySet        0x080066ef    0xe4  Code  Gb  tasks.o [1]
vTaskResume             0x08006887    0x66  Code  Gb  tasks.o [1]
vTaskSetTimeOutState    0x08006c89    0x12  Code  Gb  tasks.o [1]
vTaskStartScheduler     0x080068ed    0x42  Code  Gb  tasks.o [1]
vTaskSuspend            0x080067d3    0x8a  Code  Gb  tasks.o [1]
vTaskSuspendAll         0x0800692f    0x10  Code  Gb  tasks.o [1]
vTaskSwitchContext      0x08006b51    0x76  Code  Gb  tasks.o [1]
vTestTask               0x0800bbad    0x38  Code  Lc  main.o [1]
vUSBPTask               0x0800b2cd     0xa  Code  Lc  usbp.o [1]
validate                0x0800113b    0x2e  Code  Lc  ff.o [1]
xDelayedTaskList1       0x20006474    0x14  Data  Lc  tasks.o [1]
xDelayedTaskList2       0x20006488    0x14  Data  Lc  tasks.o [1]
xEnd                    0x2000652c     0x8  Data  Lc  heap_2.o [1]
xFreeBytesRemaining     0x20000204     0x4  Data  Lc  heap_2.o [1]
xNextTaskUnblockTime    0x20000210     0x4  Data  Lc  tasks.o [1]
xNumOfOverflows         0x20006594     0x4  Data  Lc  tasks.o [1]
xPendingReadyList       0x2000649c    0x14  Data  Lc  tasks.o [1]
xPortPendSVHandler      0x08007169          Code  Gb  portasm.o [1]
xPortStartScheduler     0x0800700d    0x2c  Code  Gb  port.o [1]
xPortSysTickHandler     0x08007081    0x20  Code  Gb  port.o [1]
xQueueCreateMutex       0x08009293    0x58  Code  Gb  queue.o [1]
xQueueGenericCreate     0x08009243    0x50  Code  Gb  queue.o [1]
xQueueGenericReceive    0x0800944f   0x13c  Code  Gb  queue.o [1]
xQueueGenericReset      0x080091d5    0x6e  Code  Gb  queue.o [1]
xQueueGenericSend       0x080092eb    0xee  Code  Gb  queue.o [1]
xQueueGenericSendFromISR
                        0x080093d9    0x76  Code  Gb  queue.o [1]
xQueueReceiveFromISR    0x0800958b    0x74  Code  Gb  queue.o [1]
xSchedulerRunning       0x20006588     0x4  Data  Lc  tasks.o [1]
xStart                  0x20006524     0x8  Data  Lc  heap_2.o [1]
xSuspendedTaskList      0x200064c4    0x14  Data  Lc  tasks.o [1]
xTaskCheckForTimeOut    0x08006c9b    0x5e  Code  Gb  tasks.o [1]
xTaskGenericCreate      0x08006559   0x126  Code  Gb  tasks.o [1]
xTaskGetCurrentTaskHandle
                        0x08006ed5     0x8  Code  Gb  tasks.o [1]
xTaskGetTickCount       0x08006a19    0x16  Code  Gb  tasks.o [1]
xTaskIncrementTick      0x08006a2f   0x122  Code  Gb  tasks.o [1]
xTaskRemoveFromEventList
                        0x08006c13    0x76  Code  Gb  tasks.o [1]
xTaskResumeAll          0x0800693f    0xda  Code  Gb  tasks.o [1]
xTasksWaitingTermination
                        0x200064b0    0x14  Data  Lc  tasks.o [1]
xTickCount              0x20006580     0x4  Data  Lc  tasks.o [1]
xYieldPending           0x20006590     0x4  Data  Lc  tasks.o [1]


[1] = C:\Users\dudu\BLFW\app\Debug\Obj
[2] = command line
[3] = dl7M_tlf.a
[4] = m7M_tl.a
[5] = rt7M_tl.a
[6] = shb_l.a

  48 772 bytes of readonly  code memory
     678 bytes of readonly  data memory
  42 452 bytes of readwrite data memory

Errors: none
Warnings: none
